I1009 23:16:56.920830 262942720 consensus_meta.cc:361] T 60dd6403c44b41109fa083272368d0d0 P 6b460ba950654300b6c50d93f25aea31: Updating active role from FOLLOWER to FOLLOWER. Consensus state: current_term: 0 leader_uuid: "" config { opid_index: -1 peers { permanent_uuid: "23d881032c1249bd803e401a539be0e2" member_type: VOTER last_known_private_addr { host: "127.0.0.3" port: 9100 } cloud_info { placement_cloud: "cloud1" placement_region: "datacenter1" placement_zone: "rack1" } } peers { permanent_uuid: "6b460ba950654300b6c50d93f25aea31" member_type: VOTER last_known_private_addr { host: "127.0.0.2" port: 9100 } cloud_info { placement_cloud: "cloud1" placement_region: "datacenter1" placement_zone: "rack1" } } peers { permanent_uuid: "d5c37cb1777946179e6692ee5e504715" member_type: VOTER last_known_private_addr { host: "127.0.0.1" port: 9100 } cloud_info { placement_cloud: "cloud1" placement_region: "datacenter1" placement_zone: "rack1" } } }, has_pending_config = 0
I1009 23:16:56.921005 261869568 consensus_meta.cc:361] T 9cd834df5c9f41b091ffb845bd6122ec P 6b460ba950654300b6c50d93f25aea31: Updating active role from FOLLOWER to FOLLOWER. Consensus state: current_term: 0 leader_uuid: "" config { opid_index: -1 peers { permanent_uuid: "23d881032c1249bd803e401a539be0e2" member_type: VOTER last_known_private_addr { host: "127.0.0.3" port: 9100 } cloud_info { placement_cloud: "cloud1" placement_region: "datacenter1" placement_zone: "rack1" } } peers { permanent_uuid: "6b460ba950654300b6c50d93f25aea31" member_type: VOTER last_known_private_addr { host: "127.0.0.2" port: 9100 } cloud_info { placement_cloud: "cloud1" placement_region: "datacenter1" placement_zone: "rack1" } } peers { permanent_uuid: "d5c37cb1777946179e6692ee5e504715" member_type: VOTER last_known_private_addr { host: "127.0.0.1" port: 9100 } cloud_info { placement_cloud: "cloud1" placement_region: "datacenter1" placement_zone: "rack1" } } }, has_pending_config = 0
I1009 23:16:56.921092 266698752 raft_consensus.cc:2421] T db3b3178db1849c4b3ebbe53840c6b02 P 6b460ba950654300b6c50d93f25aea31 [term 0 FOLLOWER]: Pre-election. Granting vote for candidate 23d881032c1249bd803e401a539be0e2 in term 1
I1009 23:16:56.921196 262406144 consensus_queue.cc:270] T a46de9d55d6845f1baaa95baceeadfe7 P 6b460ba950654300b6c50d93f25aea31 [NON_LEADER]: Queue going to NON_LEADER mode. State: All replicated op: 0.0, Majority replicated op: 0.0, Committed index: 0.0, Last applied: 0.0, Last appended: 0.0, Current term: 0, Majority size: -1, State: QUEUE_OPEN, Mode: NON_LEADER
I1009 23:16:56.921244 263479296 raft_consensus.cc:527] T 541698385c044c6ab901cf03bad66398 P 6b460ba950654300b6c50d93f25aea31 [term 0 FOLLOWER]: Consensus starting up: Expiring fail detector timer to make a prompt election more likely
I1009 23:16:56.921268 272601088 raft_consensus.cc:3634] T 1b3f2a4877404ba898e6ff9448cf4740 P 6b460ba950654300b6c50d93f25aea31 [term 0 FOLLOWER]: Advancing to term 1
I1009 23:16:56.921341 272064512 raft_consensus.cc:3466] T 46569f1a6c8746acb9da222b34f086b5 P 6b460ba950654300b6c50d93f25aea31 [term 0 FOLLOWER]: Leader pre-election won for term 1
I1009 23:16:56.921411 261332992 ts_tablet_manager.cc:3478] Deleted transition in progress creating tablet for tablet 5aab7c3da55c4174a9735369225d0c54
I1009 23:16:56.921474 271527936 raft_consensus.cc:1076] T f27eef4b471b4c3c800523a8cd4a34f7 P 6b460ba950654300b6c50d93f25aea31 [term 1 LEADER]: Becoming Leader. State: Replica: 6b460ba950654300b6c50d93f25aea31, State: 1, Role: LEADER, Watermarks: {Received: 0.0 Committed: 0.0} Leader: 0.0
I1009 23:16:56.921500 212504576 raft_consensus.cc:3573] T 1e9c042ca80e4c66a6117c85d04f6168 P 6b460ba950654300b6c50d93f25aea31 [term 0 FOLLOWER]: Snoozing leader timeout detection for 3.080s
I1009 23:16:56.921655 264015872 raft_consensus.cc:1135] T a818e973b4b04213a257872ca0183570 P 6b460ba950654300b6c50d93f25aea31 [term 0 FOLLOWER]: Becoming Follower/Learner. State: Replica: 6b460ba950654300b6c50d93f25aea31, State: 1, Role: FOLLOWER, Watermarks: {Received: 0.0 Committed: 0.0} Leader: 0.0, new leader: , initial_fd_wait: <uninitialized>
I1009 23:16:56.921790 260796416 consensus_meta.cc:361] T 30fedb9fed834e6d975c43711c3f6fd9 P 6b460ba950654300b6c50d93f25aea31: Updating active role from FOLLOWER to FOLLOWER. Consensus state: current_term: 0 leader_uuid: "" config { opid_index: -1 peers { permanent_uuid: "23d881032c1249bd803e401a539be0e2" member_type: VOTER last_known_private_addr { host: "127.0.0.3" port: 9100 } cloud_info { placement_cloud: "cloud1" placement_region: "datacenter1" placement_zone: "rack1" } } peers { permanent_uuid: "6b460ba950654300b6c50d93f25aea31" member_type: VOTER last_known_private_addr { host: "127.0.0.2" port: 9100 } cloud_info { placement_cloud: "cloud1" placement_region: "datacenter1" placement_zone: "rack1" } } peers { permanent_uuid: "d5c37cb1777946179e6692ee5e504715" member_type: VOTER last_known_private_addr { host: "127.0.0.1" port: 9100 } cloud_info { placement_cloud: "cloud1" placement_region: "datacenter1" placement_zone: "rack1" } } }, has_pending_config = 0
I1009 23:16:56.921862 265625600 leader_election.cc:240] T bf1529417d2a441c9c33fa183a226bd3 P 6b460ba950654300b6c50d93f25aea31 [CANDIDATE]: Term 1 pre-election: Election decided. Result: candidate won.
I1009 23:16:56.922072 262942720 consensus_queue.cc:270] T 60dd6403c44b41109fa083272368d0d0 P 6b460ba950654300b6c50d93f25aea31 [NON_LEADER]: Queue going to NON_LEADER mode. State: All replicated op: 0.0, Majority replicated op: 0.0, Committed index: 0.0, Last applied: 0.0, Last appended: 0.0, Current term: 0, Majority size: -1, State: QUEUE_OPEN, Mode: NON_LEADER
I1009 23:16:56.922194 261869568 consensus_queue.cc:270] T 9cd834df5c9f41b091ffb845bd6122ec P 6b460ba950654300b6c50d93f25aea31 [NON_LEADER]: Queue going to NON_LEADER mode. State: All replicated op: 0.0, Majority replicated op: 0.0, Committed index: 0.0, Last applied: 0.0, Last appended: 0.0, Current term: 0, Majority size: -1, State: QUEUE_OPEN, Mode: NON_LEADER
I1009 23:16:56.922374 262406144 raft_consensus.cc:3519] T a46de9d55d6845f1baaa95baceeadfe7 P 6b460ba950654300b6c50d93f25aea31 [term 0 FOLLOWER]: Calling mark dirty synchronously for reason code CONSENSUS_STARTED
I1009 23:16:56.922495 263479296 raft_consensus.cc:1135] T 541698385c044c6ab901cf03bad66398 P 6b460ba950654300b6c50d93f25aea31 [term 0 FOLLOWER]: Becoming Follower/Learner. State: Replica: 6b460ba950654300b6c50d93f25aea31, State: 1, Role: FOLLOWER, Watermarks: {Received: 0.0 Committed: 0.0} Leader: 0.0, new leader: , initial_fd_wait: <uninitialized>
I1009 23:16:56.922608 272601088 consensus_meta.cc:361] T 1b3f2a4877404ba898e6ff9448cf4740 P 6b460ba950654300b6c50d93f25aea31: Updating active role from FOLLOWER to FOLLOWER. Consensus state: current_term: 1 leader_uuid: "" config { opid_index: -1 peers { permanent_uuid: "23d881032c1249bd803e401a539be0e2" member_type: VOTER last_known_private_addr { host: "127.0.0.3" port: 9100 } cloud_info { placement_cloud: "cloud1" placement_region: "datacenter1" placement_zone: "rack1" } } peers { permanent_uuid: "6b460ba950654300b6c50d93f25aea31" member_type: VOTER last_known_private_addr { host: "127.0.0.2" port: 9100 } cloud_info { placement_cloud: "cloud1" placement_region: "datacenter1" placement_zone: "rack1" } } peers { permanent_uuid: "d5c37cb1777946179e6692ee5e504715" member_type: VOTER last_known_private_addr { host: "127.0.0.1" port: 9100 } cloud_info { placement_cloud: "cloud1" placement_region: "datacenter1" placement_zone: "rack1" } } }, has_pending_config = 0
I1009 23:16:56.922730 272064512 raft_consensus.cc:644] T 46569f1a6c8746acb9da222b34f086b5 P 6b460ba950654300b6c50d93f25aea31 [term 0 FOLLOWER]: Triggering leader election, mode=ELECT_EVEN_IF_LEADER_IS_ALIVE
I1009 23:16:56.922809 261332992 ts_tablet_manager.cc:1936] T 54eeee0960454077a8ed85a75d38bc29 P 6b460ba950654300b6c50d93f25aea31: Bootstrapping tablet
I1009 23:16:56.922947 271527936 consensus_queue.cc:252] T f27eef4b471b4c3c800523a8cd4a34f7 P 6b460ba950654300b6c50d93f25aea31 [LEADER]: Queue going to LEADER mode. State: All replicated op: 0.0, Majority replicated op: 0.0, Committed index: 0.0, Last applied: 0.0, Last appended: 0.0, Current term: 1, Majority size: 2, State: QUEUE_OPEN, Mode: LEADER, active raft config: opid_index: -1 peers { permanent_uuid: "23d881032c1249bd803e401a539be0e2" member_type: VOTER last_known_private_addr { host: "127.0.0.3" port: 9100 } cloud_info { placement_cloud: "cloud1" placement_region: "datacenter1" placement_zone: "rack1" } } peers { permanent_uuid: "6b460ba950654300b6c50d93f25aea31" member_type: VOTER last_known_private_addr { host: "127.0.0.2" port: 9100 } cloud_info { placement_cloud: "cloud1" placement_region: "datacenter1" placement_zone: "rack1" } } peers { permanent_uuid: "d5c37cb1777946179e6692ee5e504715" member_type: VOTER last_known_private_addr { host: "127.0.0.1" port: 9100 } cloud_info { placement_cloud: "cloud1" placement_region: "datacenter1" placement_zone: "rack1" } }
I1009 23:16:56.923032 212504576 raft_consensus.cc:3634] T 1e9c042ca80e4c66a6117c85d04f6168 P 6b460ba950654300b6c50d93f25aea31 [term 0 FOLLOWER]: Advancing to term 1
I1009 23:16:56.923120 264015872 consensus_meta.cc:361] T a818e973b4b04213a257872ca0183570 P 6b460ba950654300b6c50d93f25aea31: Updating active role from FOLLOWER to FOLLOWER. Consensus state: current_term: 0 leader_uuid: "" config { opid_index: -1 peers { permanent_uuid: "23d881032c1249bd803e401a539be0e2" member_type: VOTER last_known_private_addr { host: "127.0.0.3" port: 9100 } cloud_info { placement_cloud: "cloud1" placement_region: "datacenter1" placement_zone: "rack1" } } peers { permanent_uuid: "6b460ba950654300b6c50d93f25aea31" member_type: VOTER last_known_private_addr { host: "127.0.0.2" port: 9100 } cloud_info { placement_cloud: "cloud1" placement_region: "datacenter1" placement_zone: "rack1" } } peers { permanent_uuid: "d5c37cb1777946179e6692ee5e504715" member_type: VOTER last_known_private_addr { host: "127.0.0.1" port: 9100 } cloud_info { placement_cloud: "cloud1" placement_region: "datacenter1" placement_zone: "rack1" } } }, has_pending_config = 0
I1009 23:16:56.923314 260796416 consensus_queue.cc:270] T 30fedb9fed834e6d975c43711c3f6fd9 P 6b460ba950654300b6c50d93f25aea31 [NON_LEADER]: Queue going to NON_LEADER mode. State: All replicated op: 0.0, Majority replicated op: 0.0, Committed index: 0.0, Last applied: 0.0, Last appended: 0.0, Current term: 0, Majority size: -1, State: QUEUE_OPEN, Mode: NON_LEADER
I1009 23:16:56.923514 262942720 raft_consensus.cc:3519] T 60dd6403c44b41109fa083272368d0d0 P 6b460ba950654300b6c50d93f25aea31 [term 0 FOLLOWER]: Calling mark dirty synchronously for reason code CONSENSUS_STARTED
I1009 23:16:56.923655 261869568 raft_consensus.cc:3519] T 9cd834df5c9f41b091ffb845bd6122ec P 6b460ba950654300b6c50d93f25aea31 [term 0 FOLLOWER]: Calling mark dirty synchronously for reason code CONSENSUS_STARTED
I1009 23:16:56.923795 262406144 tablet_peer.cc:1643] T a46de9d55d6845f1baaa95baceeadfe7 P 6b460ba950654300b6c50d93f25aea31 [state=RUNNING]: Changed state from BOOTSTRAPPING to RUNNING
I1009 23:16:56.923822 273674240 raft_consensus.cc:3573] T bf1529417d2a441c9c33fa183a226bd3 P 6b460ba950654300b6c50d93f25aea31 [term 0 FOLLOWER]: Snoozing leader timeout detection for 3.252s
I1009 23:16:56.923899 263479296 consensus_meta.cc:361] T 541698385c044c6ab901cf03bad66398 P 6b460ba950654300b6c50d93f25aea31: Updating active role from FOLLOWER to FOLLOWER. Consensus state: current_term: 0 leader_uuid: "" config { opid_index: -1 peers { permanent_uuid: "23d881032c1249bd803e401a539be0e2" member_type: VOTER last_known_private_addr { host: "127.0.0.3" port: 9100 } cloud_info { placement_cloud: "cloud1" placement_region: "datacenter1" placement_zone: "rack1" } } peers { permanent_uuid: "6b460ba950654300b6c50d93f25aea31" member_type: VOTER last_known_private_addr { host: "127.0.0.2" port: 9100 } cloud_info { placement_cloud: "cloud1" placement_region: "datacenter1" placement_zone: "rack1" } } peers { permanent_uuid: "d5c37cb1777946179e6692ee5e504715" member_type: VOTER last_known_private_addr { host: "127.0.0.1" port: 9100 } cloud_info { placement_cloud: "cloud1" placement_region: "datacenter1" placement_zone: "rack1" } } }, has_pending_config = 0
I1009 23:16:56.924168 272064512 raft_consensus.cc:3573] T 46569f1a6c8746acb9da222b34f086b5 P 6b460ba950654300b6c50d93f25aea31 [term 0 FOLLOWER]: Snoozing leader timeout detection for 3.213s
I1009 23:16:56.924506 261332992 consensus_meta.cc:361] T 54eeee0960454077a8ed85a75d38bc29 P 6b460ba950654300b6c50d93f25aea31: Updating active role from UNKNOWN_ROLE to FOLLOWER. Consensus state: current_term: 0 leader_uuid: "" config { opid_index: -1 peers { permanent_uuid: "23d881032c1249bd803e401a539be0e2" member_type: VOTER last_known_private_addr { host: "127.0.0.3" port: 9100 } cloud_info { placement_cloud: "cloud1" placement_region: "datacenter1" placement_zone: "rack1" } } peers { permanent_uuid: "6b460ba950654300b6c50d93f25aea31" member_type: VOTER last_known_private_addr { host: "127.0.0.2" port: 9100 } cloud_info { placement_cloud: "cloud1" placement_region: "datacenter1" placement_zone: "rack1" } } peers { permanent_uuid: "d5c37cb1777946179e6692ee5e504715" member_type: VOTER last_known_private_addr { host: "127.0.0.1" port: 9100 } cloud_info { placement_cloud: "cloud1" placement_region: "datacenter1" placement_zone: "rack1" } } }, has_pending_config = 0
I1009 23:16:56.924664 212504576 consensus_meta.cc:361] T 1e9c042ca80e4c66a6117c85d04f6168 P 6b460ba950654300b6c50d93f25aea31: Updating active role from FOLLOWER to FOLLOWER. Consensus state: current_term: 1 leader_uuid: "" config { opid_index: -1 peers { permanent_uuid: "23d881032c1249bd803e401a539be0e2" member_type: VOTER last_known_private_addr { host: "127.0.0.3" port: 9100 } cloud_info { placement_cloud: "cloud1" placement_region: "datacenter1" placement_zone: "rack1" } } peers { permanent_uuid: "6b460ba950654300b6c50d93f25aea31" member_type: VOTER last_known_private_addr { host: "127.0.0.2" port: 9100 } cloud_info { placement_cloud: "cloud1" placement_region: "datacenter1" placement_zone: "rack1" } } peers { permanent_uuid: "d5c37cb1777946179e6692ee5e504715" member_type: VOTER last_known_private_addr { host: "127.0.0.1" port: 9100 } cloud_info { placement_cloud: "cloud1" placement_region: "datacenter1" placement_zone: "rack1" } } }, has_pending_config = 0
I1009 23:16:56.924715 271527936 raft_consensus.cc:1094] Sending NO_OP at op 0.0
I1009 23:16:56.924782 264015872 consensus_queue.cc:270] T a818e973b4b04213a257872ca0183570 P 6b460ba950654300b6c50d93f25aea31 [NON_LEADER]: Queue going to NON_LEADER mode. State: All replicated op: 0.0, Majority replicated op: 0.0, Committed index: 0.0, Last applied: 0.0, Last appended: 0.0, Current term: 0, Majority size: -1, State: QUEUE_OPEN, Mode: NON_LEADER
I1009 23:16:56.924839 260796416 raft_consensus.cc:3519] T 30fedb9fed834e6d975c43711c3f6fd9 P 6b460ba950654300b6c50d93f25aea31 [term 0 FOLLOWER]: Calling mark dirty synchronously for reason code CONSENSUS_STARTED
I1009 23:16:56.924871 272601088 raft_consensus.cc:3573] T 1b3f2a4877404ba898e6ff9448cf4740 P 6b460ba950654300b6c50d93f25aea31 [term 1 FOLLOWER]: Snoozing leader timeout detection for 3.263s
I1009 23:16:56.924885 262942720 tablet_peer.cc:1643] T 60dd6403c44b41109fa083272368d0d0 P 6b460ba950654300b6c50d93f25aea31 [state=RUNNING]: Changed state from BOOTSTRAPPING to RUNNING
I1009 23:16:56.924993 261869568 tablet_peer.cc:1643] T 9cd834df5c9f41b091ffb845bd6122ec P 6b460ba950654300b6c50d93f25aea31 [state=RUNNING]: Changed state from BOOTSTRAPPING to RUNNING
I1009 23:16:56.925004 262406144 tablet_peer.cc:1516] T a46de9d55d6845f1baaa95baceeadfe7 P 6b460ba950654300b6c50d93f25aea31 [state=RUNNING]: Registered log gc
I1009 23:16:56.925045 273674240 raft_consensus.cc:3466] T bf1529417d2a441c9c33fa183a226bd3 P 6b460ba950654300b6c50d93f25aea31 [term 0 FOLLOWER]: Leader pre-election won for term 1
I1009 23:16:56.925173 263479296 consensus_queue.cc:270] T 541698385c044c6ab901cf03bad66398 P 6b460ba950654300b6c50d93f25aea31 [NON_LEADER]: Queue going to NON_LEADER mode. State: All replicated op: 0.0, Majority replicated op: 0.0, Committed index: 0.0, Last applied: 0.0, Last appended: 0.0, Current term: 0, Majority size: -1, State: QUEUE_OPEN, Mode: NON_LEADER
I1009 23:16:56.925231 272064512 raft_consensus.cc:3634] T 46569f1a6c8746acb9da222b34f086b5 P 6b460ba950654300b6c50d93f25aea31 [term 0 FOLLOWER]: Advancing to term 1
I1009 23:16:56.925366 261332992 tablet_bootstrap_state_manager.cc:61] Wal dir is not created, skip initializing TabletBootstrapStateManager for 54eeee0960454077a8ed85a75d38bc29
I1009 23:16:56.925638 264015872 raft_consensus.cc:3519] T a818e973b4b04213a257872ca0183570 P 6b460ba950654300b6c50d93f25aea31 [term 0 FOLLOWER]: Calling mark dirty synchronously for reason code CONSENSUS_STARTED
I1009 23:16:56.925710 260796416 tablet_peer.cc:1643] T 30fedb9fed834e6d975c43711c3f6fd9 P 6b460ba950654300b6c50d93f25aea31 [state=RUNNING]: Changed state from BOOTSTRAPPING to RUNNING
I1009 23:16:56.926079 262942720 tablet_peer.cc:1516] T 60dd6403c44b41109fa083272368d0d0 P 6b460ba950654300b6c50d93f25aea31 [state=RUNNING]: Registered log gc
I1009 23:16:56.926389 261869568 tablet_peer.cc:1516] T 9cd834df5c9f41b091ffb845bd6122ec P 6b460ba950654300b6c50d93f25aea31 [state=RUNNING]: Registered log gc
I1009 23:16:56.926657 262406144 ts_tablet_manager.cc:2063] T a46de9d55d6845f1baaa95baceeadfe7 P 6b460ba950654300b6c50d93f25aea31: Time spent starting tablet: real 0.013s	user 0.001s	sys 0.001s
I1009 23:16:56.926718 212504576 raft_consensus.cc:684] T 1e9c042ca80e4c66a6117c85d04f6168 P 6b460ba950654300b6c50d93f25aea31 [term 1 FOLLOWER]: Starting election with config: opid_index: -1 peers { permanent_uuid: "23d881032c1249bd803e401a539be0e2" member_type: VOTER last_known_private_addr { host: "127.0.0.3" port: 9100 } cloud_info { placement_cloud: "cloud1" placement_region: "datacenter1" placement_zone: "rack1" } } peers { permanent_uuid: "6b460ba950654300b6c50d93f25aea31" member_type: VOTER last_known_private_addr { host: "127.0.0.2" port: 9100 } cloud_info { placement_cloud: "cloud1" placement_region: "datacenter1" placement_zone: "rack1" } } peers { permanent_uuid: "d5c37cb1777946179e6692ee5e504715" member_type: VOTER last_known_private_addr { host: "127.0.0.1" port: 9100 } cloud_info { placement_cloud: "cloud1" placement_region: "datacenter1" placement_zone: "rack1" } }
W1009 23:16:56.926782 273137664 raft_consensus.cc:1397] Leader lease expiration was not set: Illegal state (yb/consensus/replica_state.cc:1413): NoOp of current term is not committed (majority_replicated_lease_expiration_ = -inf, majority_replicated_ht_lease_expiration_ = 0)
I1009 23:16:56.926839 273674240 raft_consensus.cc:644] T bf1529417d2a441c9c33fa183a226bd3 P 6b460ba950654300b6c50d93f25aea31 [term 0 FOLLOWER]: Triggering leader election, mode=ELECT_EVEN_IF_LEADER_IS_ALIVE
I1009 23:16:56.926908 272601088 raft_consensus.cc:3123] T 1b3f2a4877404ba898e6ff9448cf4740 P 6b460ba950654300b6c50d93f25aea31 [term 1 FOLLOWER]:  Leader election vote request: Granting yes vote for candidate 23d881032c1249bd803e401a539be0e2 in term 1.
I1009 23:16:56.926983 263479296 raft_consensus.cc:3519] T 541698385c044c6ab901cf03bad66398 P 6b460ba950654300b6c50d93f25aea31 [term 0 FOLLOWER]: Calling mark dirty synchronously for reason code CONSENSUS_STARTED
I1009 23:16:56.927177 272064512 consensus_meta.cc:361] T 46569f1a6c8746acb9da222b34f086b5 P 6b460ba950654300b6c50d93f25aea31: Updating active role from FOLLOWER to FOLLOWER. Consensus state: current_term: 1 leader_uuid: "" config { opid_index: -1 peers { permanent_uuid: "23d881032c1249bd803e401a539be0e2" member_type: VOTER last_known_private_addr { host: "127.0.0.3" port: 9100 } cloud_info { placement_cloud: "cloud1" placement_region: "datacenter1" placement_zone: "rack1" } } peers { permanent_uuid: "6b460ba950654300b6c50d93f25aea31" member_type: VOTER last_known_private_addr { host: "127.0.0.2" port: 9100 } cloud_info { placement_cloud: "cloud1" placement_region: "datacenter1" placement_zone: "rack1" } } peers { permanent_uuid: "d5c37cb1777946179e6692ee5e504715" member_type: VOTER last_known_private_addr { host: "127.0.0.1" port: 9100 } cloud_info { placement_cloud: "cloud1" placement_region: "datacenter1" placement_zone: "rack1" } } }, has_pending_config = 0
I1009 23:16:56.927421 261332992 tablet_peer.cc:1643] T 54eeee0960454077a8ed85a75d38bc29 P 6b460ba950654300b6c50d93f25aea31 [state=BOOTSTRAPPING]: Changed state from NOT_STARTED to BOOTSTRAPPING
I1009 23:16:56.927485 264015872 tablet_peer.cc:1643] T a818e973b4b04213a257872ca0183570 P 6b460ba950654300b6c50d93f25aea31 [state=RUNNING]: Changed state from BOOTSTRAPPING to RUNNING
I1009 23:16:56.927788 260796416 tablet_peer.cc:1516] T 30fedb9fed834e6d975c43711c3f6fd9 P 6b460ba950654300b6c50d93f25aea31 [state=RUNNING]: Registered log gc
I1009 23:16:56.927927 262942720 ts_tablet_manager.cc:2063] T 60dd6403c44b41109fa083272368d0d0 P 6b460ba950654300b6c50d93f25aea31: Time spent starting tablet: real 0.013s	user 0.001s	sys 0.001s
I1009 23:16:56.928385 261869568 ts_tablet_manager.cc:2063] T 9cd834df5c9f41b091ffb845bd6122ec P 6b460ba950654300b6c50d93f25aea31: Time spent starting tablet: real 0.014s	user 0.001s	sys 0.001s
I1009 23:16:56.928543 262406144 ts_tablet_manager.cc:3478] Deleted transition in progress creating tablet for tablet a46de9d55d6845f1baaa95baceeadfe7
I1009 23:16:56.928659 266698752 consensus_queue.cc:1307] T f27eef4b471b4c3c800523a8cd4a34f7 P 6b460ba950654300b6c50d93f25aea31 [LEADER]: Connected to new peer: { peer: 23d881032c1249bd803e401a539be0e2 is_new: 0 last_received: 0.0 next_index: 1 last_known_committed_idx: 0 is_last_exchange_successful: 0 needs_remote_bootstrap: 0 member_type: VOTER num_sst_files: 0 last_applied: 0.0 last_successful_communication_time: 0ms ago}
I1009 23:16:56.929036 265625600 raft_consensus.cc:644] T 8078024ab93e4400a14d8399046d9f99 P 6b460ba950654300b6c50d93f25aea31 [term 0 FOLLOWER]: Triggering leader pre-election, mode=ELECT_EVEN_IF_LEADER_IS_ALIVE
I1009 23:16:56.929719 273674240 raft_consensus.cc:3573] T bf1529417d2a441c9c33fa183a226bd3 P 6b460ba950654300b6c50d93f25aea31 [term 0 FOLLOWER]: Snoozing leader timeout detection for 3.298s
I1009 23:16:56.929785 212504576 leader_election.cc:214] T 1e9c042ca80e4c66a6117c85d04f6168 P 6b460ba950654300b6c50d93f25aea31 [CANDIDATE]: Term 1 election: Requesting vote from peer 23d881032c1249bd803e401a539be0e2
I1009 23:16:56.929873 270454784 raft_consensus.cc:3634] T db3b3178db1849c4b3ebbe53840c6b02 P 6b460ba950654300b6c50d93f25aea31 [term 0 FOLLOWER]: Advancing to term 1
I1009 23:16:56.930127 263479296 tablet_peer.cc:1643] T 541698385c044c6ab901cf03bad66398 P 6b460ba950654300b6c50d93f25aea31 [state=RUNNING]: Changed state from BOOTSTRAPPING to RUNNING
I1009 23:16:56.930456 261332992 tablet_bootstrap_if.cc:96] T 54eeee0960454077a8ed85a75d38bc29 P 6b460ba950654300b6c50d93f25aea31: Bootstrap starting.
I1009 23:16:56.930610 264015872 tablet_peer.cc:1516] T a818e973b4b04213a257872ca0183570 P 6b460ba950654300b6c50d93f25aea31 [state=RUNNING]: Registered log gc
I1009 23:16:56.930742 260796416 ts_tablet_manager.cc:2063] T 30fedb9fed834e6d975c43711c3f6fd9 P 6b460ba950654300b6c50d93f25aea31: Time spent starting tablet: real 0.015s	user 0.001s	sys 0.001s
I1009 23:16:56.930826 262942720 ts_tablet_manager.cc:3478] Deleted transition in progress creating tablet for tablet 60dd6403c44b41109fa083272368d0d0
I1009 23:16:56.930867 261869568 ts_tablet_manager.cc:3478] Deleted transition in progress creating tablet for tablet 9cd834df5c9f41b091ffb845bd6122ec
I1009 23:16:56.930938 262406144 ts_tablet_manager.cc:1936] T 9b45d3f9024e43b58a591ec35594430e P 6b460ba950654300b6c50d93f25aea31: Bootstrapping tablet
I1009 23:16:56.930989 272601088 raft_consensus.cc:3634] T 30fedb9fed834e6d975c43711c3f6fd9 P 6b460ba950654300b6c50d93f25aea31 [term 0 FOLLOWER]: Advancing to term 1
I1009 23:16:56.931103 265625600 raft_consensus.cc:3573] T 8078024ab93e4400a14d8399046d9f99 P 6b460ba950654300b6c50d93f25aea31 [term 0 FOLLOWER]: Snoozing leader timeout detection for 3.258s
I1009 23:16:56.931185 273674240 raft_consensus.cc:3634] T bf1529417d2a441c9c33fa183a226bd3 P 6b460ba950654300b6c50d93f25aea31 [term 0 FOLLOWER]: Advancing to term 1
I1009 23:16:56.931211 266698752 consensus_queue.cc:1307] T f27eef4b471b4c3c800523a8cd4a34f7 P 6b460ba950654300b6c50d93f25aea31 [LEADER]: Connected to new peer: { peer: d5c37cb1777946179e6692ee5e504715 is_new: 0 last_received: 0.0 next_index: 1 last_known_committed_idx: 0 is_last_exchange_successful: 0 needs_remote_bootstrap: 0 member_type: VOTER num_sst_files: 0 last_applied: 0.0 last_successful_communication_time: 0ms ago}
I1009 23:16:56.931210 272064512 raft_consensus.cc:684] T 46569f1a6c8746acb9da222b34f086b5 P 6b460ba950654300b6c50d93f25aea31 [term 1 FOLLOWER]: Starting election with config: opid_index: -1 peers { permanent_uuid: "23d881032c1249bd803e401a539be0e2" member_type: VOTER last_known_private_addr { host: "127.0.0.3" port: 9100 } cloud_info { placement_cloud: "cloud1" placement_region: "datacenter1" placement_zone: "rack1" } } peers { permanent_uuid: "6b460ba950654300b6c50d93f25aea31" member_type: VOTER last_known_private_addr { host: "127.0.0.2" port: 9100 } cloud_info { placement_cloud: "cloud1" placement_region: "datacenter1" placement_zone: "rack1" } } peers { permanent_uuid: "d5c37cb1777946179e6692ee5e504715" member_type: VOTER last_known_private_addr { host: "127.0.0.1" port: 9100 } cloud_info { placement_cloud: "cloud1" placement_region: "datacenter1" placement_zone: "rack1" } }
I1009 23:16:56.931281 212504576 leader_election.cc:214] T 1e9c042ca80e4c66a6117c85d04f6168 P 6b460ba950654300b6c50d93f25aea31 [CANDIDATE]: Term 1 election: Requesting vote from peer d5c37cb1777946179e6692ee5e504715
I1009 23:16:56.931336 270454784 consensus_meta.cc:361] T db3b3178db1849c4b3ebbe53840c6b02 P 6b460ba950654300b6c50d93f25aea31: Updating active role from FOLLOWER to FOLLOWER. Consensus state: current_term: 1 leader_uuid: "" config { opid_index: -1 peers { permanent_uuid: "23d881032c1249bd803e401a539be0e2" member_type: VOTER last_known_private_addr { host: "127.0.0.3" port: 9100 } cloud_info { placement_cloud: "cloud1" placement_region: "datacenter1" placement_zone: "rack1" } } peers { permanent_uuid: "6b460ba950654300b6c50d93f25aea31" member_type: VOTER last_known_private_addr { host: "127.0.0.2" port: 9100 } cloud_info { placement_cloud: "cloud1" placement_region: "datacenter1" placement_zone: "rack1" } } peers { permanent_uuid: "d5c37cb1777946179e6692ee5e504715" member_type: VOTER last_known_private_addr { host: "127.0.0.1" port: 9100 } cloud_info { placement_cloud: "cloud1" placement_region: "datacenter1" placement_zone: "rack1" } } }, has_pending_config = 0
I1009 23:16:56.931448 263479296 tablet_peer.cc:1516] T 541698385c044c6ab901cf03bad66398 P 6b460ba950654300b6c50d93f25aea31 [state=RUNNING]: Registered log gc
I1009 23:16:56.931624 261332992 tablet.cc:637] T 54eeee0960454077a8ed85a75d38bc29 P 6b460ba950654300b6c50d93f25aea31: Schema version for transactions is 0
I1009 23:16:56.931671 264015872 ts_tablet_manager.cc:2063] T a818e973b4b04213a257872ca0183570 P 6b460ba950654300b6c50d93f25aea31: Time spent starting tablet: real 0.015s	user 0.001s	sys 0.001s
I1009 23:16:56.931767 260796416 ts_tablet_manager.cc:3478] Deleted transition in progress creating tablet for tablet 30fedb9fed834e6d975c43711c3f6fd9
I1009 23:16:56.931799 262942720 ts_tablet_manager.cc:1936] T f5bd6014d733492eac6dd2cfba061381 P 6b460ba950654300b6c50d93f25aea31: Bootstrapping tablet
I1009 23:16:56.932314 262406144 consensus_meta.cc:361] T 9b45d3f9024e43b58a591ec35594430e P 6b460ba950654300b6c50d93f25aea31: Updating active role from UNKNOWN_ROLE to FOLLOWER. Consensus state: current_term: 0 leader_uuid: "" config { opid_index: -1 peers { permanent_uuid: "23d881032c1249bd803e401a539be0e2" member_type: VOTER last_known_private_addr { host: "127.0.0.3" port: 9100 } cloud_info { placement_cloud: "cloud1" placement_region: "datacenter1" placement_zone: "rack1" } } peers { permanent_uuid: "6b460ba950654300b6c50d93f25aea31" member_type: VOTER last_known_private_addr { host: "127.0.0.2" port: 9100 } cloud_info { placement_cloud: "cloud1" placement_region: "datacenter1" placement_zone: "rack1" } } peers { permanent_uuid: "d5c37cb1777946179e6692ee5e504715" member_type: VOTER last_known_private_addr { host: "127.0.0.1" port: 9100 } cloud_info { placement_cloud: "cloud1" placement_region: "datacenter1" placement_zone: "rack1" } } }, has_pending_config = 0
I1009 23:16:56.932348 272601088 consensus_meta.cc:361] T 30fedb9fed834e6d975c43711c3f6fd9 P 6b460ba950654300b6c50d93f25aea31: Updating active role from FOLLOWER to FOLLOWER. Consensus state: current_term: 1 leader_uuid: "" config { opid_index: -1 peers { permanent_uuid: "23d881032c1249bd803e401a539be0e2" member_type: VOTER last_known_private_addr { host: "127.0.0.3" port: 9100 } cloud_info { placement_cloud: "cloud1" placement_region: "datacenter1" placement_zone: "rack1" } } peers { permanent_uuid: "6b460ba950654300b6c50d93f25aea31" member_type: VOTER last_known_private_addr { host: "127.0.0.2" port: 9100 } cloud_info { placement_cloud: "cloud1" placement_region: "datacenter1" placement_zone: "rack1" } } peers { permanent_uuid: "d5c37cb1777946179e6692ee5e504715" member_type: VOTER last_known_private_addr { host: "127.0.0.1" port: 9100 } cloud_info { placement_cloud: "cloud1" placement_region: "datacenter1" placement_zone: "rack1" } } }, has_pending_config = 0
I1009 23:16:56.932509 265625600 raft_consensus.cc:684] T 8078024ab93e4400a14d8399046d9f99 P 6b460ba950654300b6c50d93f25aea31 [term 0 FOLLOWER]: Starting pre-election with config: opid_index: -1 peers { permanent_uuid: "23d881032c1249bd803e401a539be0e2" member_type: VOTER last_known_private_addr { host: "127.0.0.3" port: 9100 } cloud_info { placement_cloud: "cloud1" placement_region: "datacenter1" placement_zone: "rack1" } } peers { permanent_uuid: "6b460ba950654300b6c50d93f25aea31" member_type: VOTER last_known_private_addr { host: "127.0.0.2" port: 9100 } cloud_info { placement_cloud: "cloud1" placement_region: "datacenter1" placement_zone: "rack1" } } peers { permanent_uuid: "d5c37cb1777946179e6692ee5e504715" member_type: VOTER last_known_private_addr { host: "127.0.0.1" port: 9100 } cloud_info { placement_cloud: "cloud1" placement_region: "datacenter1" placement_zone: "rack1" } }
I1009 23:16:56.932657 273674240 consensus_meta.cc:361] T bf1529417d2a441c9c33fa183a226bd3 P 6b460ba950654300b6c50d93f25aea31: Updating active role from FOLLOWER to FOLLOWER. Consensus state: current_term: 1 leader_uuid: "" config { opid_index: -1 peers { permanent_uuid: "23d881032c1249bd803e401a539be0e2" member_type: VOTER last_known_private_addr { host: "127.0.0.3" port: 9100 } cloud_info { placement_cloud: "cloud1" placement_region: "datacenter1" placement_zone: "rack1" } } peers { permanent_uuid: "6b460ba950654300b6c50d93f25aea31" member_type: VOTER last_known_private_addr { host: "127.0.0.2" port: 9100 } cloud_info { placement_cloud: "cloud1" placement_region: "datacenter1" placement_zone: "rack1" } } peers { permanent_uuid: "d5c37cb1777946179e6692ee5e504715" member_type: VOTER last_known_private_addr { host: "127.0.0.1" port: 9100 } cloud_info { placement_cloud: "cloud1" placement_region: "datacenter1" placement_zone: "rack1" } } }, has_pending_config = 0
I1009 23:16:56.933792 263479296 ts_tablet_manager.cc:2063] T 541698385c044c6ab901cf03bad66398 P 6b460ba950654300b6c50d93f25aea31: Time spent starting tablet: real 0.017s	user 0.001s	sys 0.001s
I1009 23:16:56.934378 270454784 raft_consensus.cc:3573] T db3b3178db1849c4b3ebbe53840c6b02 P 6b460ba950654300b6c50d93f25aea31 [term 1 FOLLOWER]: Snoozing leader timeout detection for 3.048s
I1009 23:16:56.934470 266698752 raft_consensus.cc:1754] T 1b3f2a4877404ba898e6ff9448cf4740 P 6b460ba950654300b6c50d93f25aea31 [term 1 FOLLOWER]: Refusing update from remote peer 23d881032c1249bd803e401a539be0e2: Log matching property violated. Preceding OpId in replica: 0.0. Preceding OpId from leader: 1.1. (index mismatch)
I1009 23:16:56.934523 272064512 leader_election.cc:214] T 46569f1a6c8746acb9da222b34f086b5 P 6b460ba950654300b6c50d93f25aea31 [CANDIDATE]: Term 1 election: Requesting vote from peer 23d881032c1249bd803e401a539be0e2
I1009 23:16:56.934576 264015872 ts_tablet_manager.cc:3478] Deleted transition in progress creating tablet for tablet a818e973b4b04213a257872ca0183570
I1009 23:16:56.934548 261332992 tablet_bootstrap.cc:644] T 54eeee0960454077a8ed85a75d38bc29 P 6b460ba950654300b6c50d93f25aea31: Time spent opening tablet: real 0.000s	user 0.000s	sys 0.000s
I1009 23:16:56.935012 262942720 consensus_meta.cc:361] T f5bd6014d733492eac6dd2cfba061381 P 6b460ba950654300b6c50d93f25aea31: Updating active role from UNKNOWN_ROLE to FOLLOWER. Consensus state: current_term: 0 leader_uuid: "" config { opid_index: -1 peers { permanent_uuid: "23d881032c1249bd803e401a539be0e2" member_type: VOTER last_known_private_addr { host: "127.0.0.3" port: 9100 } cloud_info { placement_cloud: "cloud1" placement_region: "datacenter1" placement_zone: "rack1" } } peers { permanent_uuid: "6b460ba950654300b6c50d93f25aea31" member_type: VOTER last_known_private_addr { host: "127.0.0.2" port: 9100 } cloud_info { placement_cloud: "cloud1" placement_region: "datacenter1" placement_zone: "rack1" } } peers { permanent_uuid: "d5c37cb1777946179e6692ee5e504715" member_type: VOTER last_known_private_addr { host: "127.0.0.1" port: 9100 } cloud_info { placement_cloud: "cloud1" placement_region: "datacenter1" placement_zone: "rack1" } } }, has_pending_config = 0
I1009 23:16:56.935039 262406144 tablet_bootstrap_state_manager.cc:61] Wal dir is not created, skip initializing TabletBootstrapStateManager for 9b45d3f9024e43b58a591ec35594430e
I1009 23:16:56.935211 265625600 leader_election.cc:214] T 8078024ab93e4400a14d8399046d9f99 P 6b460ba950654300b6c50d93f25aea31 [CANDIDATE]: Term 1 pre-election: Requesting vote from peer 23d881032c1249bd803e401a539be0e2
I1009 23:16:56.935283 275820544 leader_election.cc:365] T 1e9c042ca80e4c66a6117c85d04f6168 P 6b460ba950654300b6c50d93f25aea31 [CANDIDATE]: Term 1 election: Vote granted by peer 23d881032c1249bd803e401a539be0e2
I1009 23:16:56.935535 263479296 ts_tablet_manager.cc:3478] Deleted transition in progress creating tablet for tablet 541698385c044c6ab901cf03bad66398
I1009 23:16:56.935902 266698752 raft_consensus.cc:1970] T 1b3f2a4877404ba898e6ff9448cf4740 P 6b460ba950654300b6c50d93f25aea31 [term 1 FOLLOWER]: Returning from UpdateConsensus because of error: error { code: PRECEDING_ENTRY_DIDNT_MATCH status { code: ILLEGAL_STATE message: "Log matching property violated. Preceding OpId in replica: 0.0. Preceding OpId from leader: 1.1. (index mismatch)" source_file: "../../src/yb/consensus/raft_consensus.cc" source_line: 1752 errors: "00" } }
I1009 23:16:56.936295 276357120 raft_consensus.cc:3634] T a818e973b4b04213a257872ca0183570 P 6b460ba950654300b6c50d93f25aea31 [term 0 FOLLOWER]: Advancing to term 1
I1009 23:16:56.936509 272064512 leader_election.cc:214] T 46569f1a6c8746acb9da222b34f086b5 P 6b460ba950654300b6c50d93f25aea31 [CANDIDATE]: Term 1 election: Requesting vote from peer d5c37cb1777946179e6692ee5e504715
I1009 23:16:56.936621 272601088 replica_state.cc:1356] T 30fedb9fed834e6d975c43711c3f6fd9 P 6b460ba950654300b6c50d93f25aea31 [term 1 FOLLOWER]: Reset our lease: 161871.358s
I1009 23:16:56.936983 273674240 raft_consensus.cc:684] T bf1529417d2a441c9c33fa183a226bd3 P 6b460ba950654300b6c50d93f25aea31 [term 1 FOLLOWER]: Starting election with config: opid_index: -1 peers { permanent_uuid: "23d881032c1249bd803e401a539be0e2" member_type: VOTER last_known_private_addr { host: "127.0.0.3" port: 9100 } cloud_info { placement_cloud: "cloud1" placement_region: "datacenter1" placement_zone: "rack1" } } peers { permanent_uuid: "6b460ba950654300b6c50d93f25aea31" member_type: VOTER last_known_private_addr { host: "127.0.0.2" port: 9100 } cloud_info { placement_cloud: "cloud1" placement_region: "datacenter1" placement_zone: "rack1" } } peers { permanent_uuid: "d5c37cb1777946179e6692ee5e504715" member_type: VOTER last_known_private_addr { host: "127.0.0.1" port: 9100 } cloud_info { placement_cloud: "cloud1" placement_region: "datacenter1" placement_zone: "rack1" } }
I1009 23:16:56.937119 270454784 raft_consensus.cc:3123] T db3b3178db1849c4b3ebbe53840c6b02 P 6b460ba950654300b6c50d93f25aea31 [term 1 FOLLOWER]:  Leader election vote request: Granting yes vote for candidate 23d881032c1249bd803e401a539be0e2 in term 1.
I1009 23:16:56.937537 261332992 tablet_bootstrap.cc:551] T 54eeee0960454077a8ed85a75d38bc29 P 6b460ba950654300b6c50d93f25aea31: No blocks or log segments found. Creating new log.
I1009 23:16:56.937556 262942720 tablet_bootstrap_state_manager.cc:61] Wal dir is not created, skip initializing TabletBootstrapStateManager for f5bd6014d733492eac6dd2cfba061381
I1009 23:16:56.937781 262406144 tablet_peer.cc:1643] T 9b45d3f9024e43b58a591ec35594430e P 6b460ba950654300b6c50d93f25aea31 [state=BOOTSTRAPPING]: Changed state from NOT_STARTED to BOOTSTRAPPING
I1009 23:16:56.937844 276893696 raft_consensus.cc:3634] T 769c8b8690e648df93f41c693d55ebc3 P 6b460ba950654300b6c50d93f25aea31 [term 0 FOLLOWER]: Advancing to term 1
I1009 23:16:56.937947 265625600 leader_election.cc:214] T 8078024ab93e4400a14d8399046d9f99 P 6b460ba950654300b6c50d93f25aea31 [CANDIDATE]: Term 1 pre-election: Requesting vote from peer d5c37cb1777946179e6692ee5e504715
I1009 23:16:56.938059 275820544 leader_election.cc:240] T 1e9c042ca80e4c66a6117c85d04f6168 P 6b460ba950654300b6c50d93f25aea31 [CANDIDATE]: Term 1 election: Election decided. Result: candidate won.
I1009 23:16:56.938452 266698752 replica_state.cc:1356] T 7c7b0e8f396b4659b1f29a4dd140c822 P 6b460ba950654300b6c50d93f25aea31 [term 0 FOLLOWER]: Reset our lease: 161871.360s
I1009 23:16:56.938565 276357120 consensus_meta.cc:361] T a818e973b4b04213a257872ca0183570 P 6b460ba950654300b6c50d93f25aea31: Updating active role from FOLLOWER to FOLLOWER. Consensus state: current_term: 1 leader_uuid: "" config { opid_index: -1 peers { permanent_uuid: "23d881032c1249bd803e401a539be0e2" member_type: VOTER last_known_private_addr { host: "127.0.0.3" port: 9100 } cloud_info { placement_cloud: "cloud1" placement_region: "datacenter1" placement_zone: "rack1" } } peers { permanent_uuid: "6b460ba950654300b6c50d93f25aea31" member_type: VOTER last_known_private_addr { host: "127.0.0.2" port: 9100 } cloud_info { placement_cloud: "cloud1" placement_region: "datacenter1" placement_zone: "rack1" } } peers { permanent_uuid: "d5c37cb1777946179e6692ee5e504715" member_type: VOTER last_known_private_addr { host: "127.0.0.1" port: 9100 } cloud_info { placement_cloud: "cloud1" placement_region: "datacenter1" placement_zone: "rack1" } } }, has_pending_config = 0
I1009 23:16:56.938792 272601088 raft_consensus.cc:3573] T 30fedb9fed834e6d975c43711c3f6fd9 P 6b460ba950654300b6c50d93f25aea31 [term 1 FOLLOWER]: Snoozing leader timeout detection for 3.057s
I1009 23:16:56.939121 277430272 leader_election.cc:365] T 8078024ab93e4400a14d8399046d9f99 P 6b460ba950654300b6c50d93f25aea31 [CANDIDATE]: Term 1 pre-election: Vote granted by peer 23d881032c1249bd803e401a539be0e2
I1009 23:16:56.939361 261332992 log.cc:1461] T 54eeee0960454077a8ed85a75d38bc29 P 6b460ba950654300b6c50d93f25aea31: Setting log wal retention time to 0 seconds
I1009 23:16:56.939505 262406144 tablet_bootstrap_if.cc:96] T 9b45d3f9024e43b58a591ec35594430e P 6b460ba950654300b6c50d93f25aea31: Bootstrap starting.
I1009 23:16:56.939512 262942720 tablet_peer.cc:1643] T f5bd6014d733492eac6dd2cfba061381 P 6b460ba950654300b6c50d93f25aea31 [state=BOOTSTRAPPING]: Changed state from NOT_STARTED to BOOTSTRAPPING
W1009 23:16:56.939539 273137664 raft_consensus.cc:1397] Leader lease expiration was not set: Illegal state (yb/consensus/replica_state.cc:1413): NoOp of current term is not committed (majority_replicated_lease_expiration_ = -inf, majority_replicated_ht_lease_expiration_ = 0)
I1009 23:16:56.939695 276893696 consensus_meta.cc:361] T 769c8b8690e648df93f41c693d55ebc3 P 6b460ba950654300b6c50d93f25aea31: Updating active role from FOLLOWER to FOLLOWER. Consensus state: current_term: 1 leader_uuid: "" config { opid_index: -1 peers { permanent_uuid: "23d881032c1249bd803e401a539be0e2" member_type: VOTER last_known_private_addr { host: "127.0.0.3" port: 9100 } cloud_info { placement_cloud: "cloud1" placement_region: "datacenter1" placement_zone: "rack1" } } peers { permanent_uuid: "6b460ba950654300b6c50d93f25aea31" member_type: VOTER last_known_private_addr { host: "127.0.0.2" port: 9100 } cloud_info { placement_cloud: "cloud1" placement_region: "datacenter1" placement_zone: "rack1" } } peers { permanent_uuid: "d5c37cb1777946179e6692ee5e504715" member_type: VOTER last_known_private_addr { host: "127.0.0.1" port: 9100 } cloud_info { placement_cloud: "cloud1" placement_region: "datacenter1" placement_zone: "rack1" } } }, has_pending_config = 0
I1009 23:16:56.939728 270454784 consensus_meta.cc:361] T 1b3f2a4877404ba898e6ff9448cf4740 P 6b460ba950654300b6c50d93f25aea31: Updating active role from FOLLOWER to FOLLOWER. Consensus state: current_term: 1 leader_uuid: "23d881032c1249bd803e401a539be0e2" config { opid_index: -1 peers { permanent_uuid: "23d881032c1249bd803e401a539be0e2" member_type: VOTER last_known_private_addr { host: "127.0.0.3" port: 9100 } cloud_info { placement_cloud: "cloud1" placement_region: "datacenter1" placement_zone: "rack1" } } peers { permanent_uuid: "6b460ba950654300b6c50d93f25aea31" member_type: VOTER last_known_private_addr { host: "127.0.0.2" port: 9100 } cloud_info { placement_cloud: "cloud1" placement_region: "datacenter1" placement_zone: "rack1" } } peers { permanent_uuid: "d5c37cb1777946179e6692ee5e504715" member_type: VOTER last_known_private_addr { host: "127.0.0.1" port: 9100 } cloud_info { placement_cloud: "cloud1" placement_region: "datacenter1" placement_zone: "rack1" } } }, has_pending_config = 0
I1009 23:16:56.939913 273674240 leader_election.cc:214] T bf1529417d2a441c9c33fa183a226bd3 P 6b460ba950654300b6c50d93f25aea31 [CANDIDATE]: Term 1 election: Requesting vote from peer 23d881032c1249bd803e401a539be0e2
I1009 23:16:56.939993 271527936 raft_consensus.cc:3573] T 1e9c042ca80e4c66a6117c85d04f6168 P 6b460ba950654300b6c50d93f25aea31 [term 1 FOLLOWER]: Snoozing leader timeout detection for 3.258s
I1009 23:16:56.940016 266698752 raft_consensus.cc:2421] T 7c7b0e8f396b4659b1f29a4dd140c822 P 6b460ba950654300b6c50d93f25aea31 [term 0 FOLLOWER]: Pre-election. Granting vote for candidate 23d881032c1249bd803e401a539be0e2 in term 1
I1009 23:16:56.940289 265625600 leader_election.cc:365] T 46569f1a6c8746acb9da222b34f086b5 P 6b460ba950654300b6c50d93f25aea31 [CANDIDATE]: Term 1 election: Vote granted by peer 23d881032c1249bd803e401a539be0e2
I1009 23:16:56.940444 277430272 leader_election.cc:240] T 8078024ab93e4400a14d8399046d9f99 P 6b460ba950654300b6c50d93f25aea31 [CANDIDATE]: Term 1 pre-election: Election decided. Result: candidate won.
I1009 23:16:56.940688 262942720 tablet_bootstrap_if.cc:96] T f5bd6014d733492eac6dd2cfba061381 P 6b460ba950654300b6c50d93f25aea31: Bootstrap starting.
I1009 23:16:56.940690 262406144 tablet.cc:637] T 9b45d3f9024e43b58a591ec35594430e P 6b460ba950654300b6c50d93f25aea31: Schema version for transactions is 0
I1009 23:16:56.940752 273137664 replica_state.cc:1484] T f27eef4b471b4c3c800523a8cd4a34f7 P 6b460ba950654300b6c50d93f25aea31 [term 1 LEADER]: SetLeaderNoOpCommittedUnlocked(1), committed: 0.0, received: 1.1
I1009 23:16:56.940945 270454784 raft_consensus.cc:3519] T 1b3f2a4877404ba898e6ff9448cf4740 P 6b460ba950654300b6c50d93f25aea31 [term 1 FOLLOWER]: Calling mark dirty synchronously for reason code NEW_LEADER_ELECTED
I1009 23:16:56.941133 273674240 leader_election.cc:214] T bf1529417d2a441c9c33fa183a226bd3 P 6b460ba950654300b6c50d93f25aea31 [CANDIDATE]: Term 1 election: Requesting vote from peer d5c37cb1777946179e6692ee5e504715
I1009 23:16:56.941205 271527936 raft_consensus.cc:3480] T 1e9c042ca80e4c66a6117c85d04f6168 P 6b460ba950654300b6c50d93f25aea31 [term 1 FOLLOWER]: Leader election won for term 1
I1009 23:16:56.941483 265625600 leader_election.cc:240] T 46569f1a6c8746acb9da222b34f086b5 P 6b460ba950654300b6c50d93f25aea31 [CANDIDATE]: Term 1 election: Election decided. Result: candidate won.
I1009 23:16:56.941763 272601088 raft_consensus.cc:3123] T 30fedb9fed834e6d975c43711c3f6fd9 P 6b460ba950654300b6c50d93f25aea31 [term 1 FOLLOWER]:  Leader election vote request: Granting yes vote for candidate 23d881032c1249bd803e401a539be0e2 in term 1.
I1009 23:16:56.941887 276893696 raft_consensus.cc:3573] T 769c8b8690e648df93f41c693d55ebc3 P 6b460ba950654300b6c50d93f25aea31 [term 1 FOLLOWER]: Snoozing leader timeout detection for 3.170s
I1009 23:16:56.941920 274747392 raft_consensus.cc:3573] T 8078024ab93e4400a14d8399046d9f99 P 6b460ba950654300b6c50d93f25aea31 [term 0 FOLLOWER]: Snoozing leader timeout detection for 3.241s
I1009 23:16:56.941939 276357120 replica_state.cc:1356] T a818e973b4b04213a257872ca0183570 P 6b460ba950654300b6c50d93f25aea31 [term 1 FOLLOWER]: Reset our lease: 161871.364s
I1009 23:16:56.941954 262942720 tablet.cc:637] T f5bd6014d733492eac6dd2cfba061381 P 6b460ba950654300b6c50d93f25aea31: Schema version for transactions is 0
I1009 23:16:56.942104 261332992 tablet_bootstrap_if.cc:96] T 54eeee0960454077a8ed85a75d38bc29 P 6b460ba950654300b6c50d93f25aea31: No bootstrap required, opened a new log
I1009 23:16:56.942312 273137664 replica_state.cc:796] T f27eef4b471b4c3c800523a8cd4a34f7 P 6b460ba950654300b6c50d93f25aea31 [term 1 LEADER]: Advanced the committed_op_id across terms. Last committed operation was: 0.0 New committed index is: 1.1
I1009 23:16:56.942463 262406144 tablet_bootstrap.cc:644] T 9b45d3f9024e43b58a591ec35594430e P 6b460ba950654300b6c50d93f25aea31: Time spent opening tablet: real 0.000s	user 0.000s	sys 0.000s
I1009 23:16:56.942598 271527936 replica_state.cc:1176] T 1e9c042ca80e4c66a6117c85d04f6168 P 6b460ba950654300b6c50d93f25aea31 [term 1 FOLLOWER]: Reset our lease: 161871.364s
I1009 23:16:56.942821 275283968 raft_consensus.cc:3573] T 46569f1a6c8746acb9da222b34f086b5 P 6b460ba950654300b6c50d93f25aea31 [term 1 FOLLOWER]: Snoozing leader timeout detection for 3.273s
I1009 23:16:56.943120 274747392 raft_consensus.cc:3466] T 8078024ab93e4400a14d8399046d9f99 P 6b460ba950654300b6c50d93f25aea31 [term 0 FOLLOWER]: Leader pre-election won for term 1
I1009 23:16:56.943230 276357120 raft_consensus.cc:3573] T a818e973b4b04213a257872ca0183570 P 6b460ba950654300b6c50d93f25aea31 [term 1 FOLLOWER]: Snoozing leader timeout detection for 3.193s
I1009 23:16:56.944109 276893696 raft_consensus.cc:3123] T 769c8b8690e648df93f41c693d55ebc3 P 6b460ba950654300b6c50d93f25aea31 [term 1 FOLLOWER]:  Leader election vote request: Granting yes vote for candidate d5c37cb1777946179e6692ee5e504715 in term 1.
I1009 23:16:56.944456 266698752 raft_consensus.cc:1754] T db3b3178db1849c4b3ebbe53840c6b02 P 6b460ba950654300b6c50d93f25aea31 [term 1 FOLLOWER]: Refusing update from remote peer 23d881032c1249bd803e401a539be0e2: Log matching property violated. Preceding OpId in replica: 0.0. Preceding OpId from leader: 1.1. (index mismatch)
I1009 23:16:56.944885 277430272 raft_consensus.cc:1754] T 30fedb9fed834e6d975c43711c3f6fd9 P 6b460ba950654300b6c50d93f25aea31 [term 1 FOLLOWER]: Refusing update from remote peer 23d881032c1249bd803e401a539be0e2: Log matching property violated. Preceding OpId in replica: 0.0. Preceding OpId from leader: 1.1. (index mismatch)
I1009 23:16:56.944906 265625600 raft_consensus.cc:3519] T 1b3f2a4877404ba898e6ff9448cf4740 P 6b460ba950654300b6c50d93f25aea31 [term 1 FOLLOWER]: Calling mark dirty synchronously for reason code FOLLOWER_NO_OP_COMPLETE
I1009 23:16:56.945416 262942720 tablet_bootstrap.cc:644] T f5bd6014d733492eac6dd2cfba061381 P 6b460ba950654300b6c50d93f25aea31: Time spent opening tablet: real 0.000s	user 0.000s	sys 0.000s
I1009 23:16:56.945452 261332992 log.cc:1461] T 54eeee0960454077a8ed85a75d38bc29 P 6b460ba950654300b6c50d93f25aea31: Setting log wal retention time to 0 seconds
I1009 23:16:56.945523 271527936 replica_state.cc:1484] T 1e9c042ca80e4c66a6117c85d04f6168 P 6b460ba950654300b6c50d93f25aea31 [term 1 FOLLOWER]: SetLeaderNoOpCommittedUnlocked(0), committed: 0.0, received: 0.0
I1009 23:16:56.945569 275283968 raft_consensus.cc:3480] T 46569f1a6c8746acb9da222b34f086b5 P 6b460ba950654300b6c50d93f25aea31 [term 1 FOLLOWER]: Leader election won for term 1
I1009 23:16:56.945600 274747392 raft_consensus.cc:644] T 8078024ab93e4400a14d8399046d9f99 P 6b460ba950654300b6c50d93f25aea31 [term 0 FOLLOWER]: Triggering leader election, mode=ELECT_EVEN_IF_LEADER_IS_ALIVE
I1009 23:16:56.945611 272601088 leader_election.cc:365] T bf1529417d2a441c9c33fa183a226bd3 P 6b460ba950654300b6c50d93f25aea31 [CANDIDATE]: Term 1 election: Vote granted by peer 23d881032c1249bd803e401a539be0e2
I1009 23:16:56.945724 266698752 raft_consensus.cc:1970] T db3b3178db1849c4b3ebbe53840c6b02 P 6b460ba950654300b6c50d93f25aea31 [term 1 FOLLOWER]: Returning from UpdateConsensus because of error: error { code: PRECEDING_ENTRY_DIDNT_MATCH status { code: ILLEGAL_STATE message: "Log matching property violated. Preceding OpId in replica: 0.0. Preceding OpId from leader: 1.1. (index mismatch)" source_file: "../../src/yb/consensus/raft_consensus.cc" source_line: 1752 errors: "00" } }
I1009 23:16:56.945771 277430272 raft_consensus.cc:1970] T 30fedb9fed834e6d975c43711c3f6fd9 P 6b460ba950654300b6c50d93f25aea31 [term 1 FOLLOWER]: Returning from UpdateConsensus because of error: error { code: PRECEDING_ENTRY_DIDNT_MATCH status { code: ILLEGAL_STATE message: "Log matching property violated. Preceding OpId in replica: 0.0. Preceding OpId from leader: 1.1. (index mismatch)" source_file: "../../src/yb/consensus/raft_consensus.cc" source_line: 1752 errors: "00" } }
