I1009 23:16:56.860036 261332992 consensus_meta.cc:361] T 7584006b2fba41cd828ac06782afeb03 P 6b460ba950654300b6c50d93f25aea31: Updating active role from FOLLOWER to FOLLOWER. Consensus state: current_term: 0 leader_uuid: "" config { opid_index: -1 peers { permanent_uuid: "23d881032c1249bd803e401a539be0e2" member_type: VOTER last_known_private_addr { host: "127.0.0.3" port: 9100 } cloud_info { placement_cloud: "cloud1" placement_region: "datacenter1" placement_zone: "rack1" } } peers { permanent_uuid: "6b460ba950654300b6c50d93f25aea31" member_type: VOTER last_known_private_addr { host: "127.0.0.2" port: 9100 } cloud_info { placement_cloud: "cloud1" placement_region: "datacenter1" placement_zone: "rack1" } } peers { permanent_uuid: "d5c37cb1777946179e6692ee5e504715" member_type: VOTER last_known_private_addr { host: "127.0.0.1" port: 9100 } cloud_info { placement_cloud: "cloud1" placement_region: "datacenter1" placement_zone: "rack1" } } }, has_pending_config = 0
I1009 23:16:56.860129 262942720 raft_consensus.cc:527] T f27eef4b471b4c3c800523a8cd4a34f7 P 6b460ba950654300b6c50d93f25aea31 [term 0 FOLLOWER]: Consensus starting up: Expiring fail detector timer to make a prompt election more likely
I1009 23:16:56.860232 262406144 raft_consensus.cc:527] T 825df89ca459463f921e4a6d8e68a90d P 6b460ba950654300b6c50d93f25aea31 [term 0 FOLLOWER]: Consensus starting up: Expiring fail detector timer to make a prompt election more likely
I1009 23:16:56.860330 264015872 tablet_peer.cc:1643] T c09c8a2af076408b8083ae6bfc2a671e P 6b460ba950654300b6c50d93f25aea31 [state=BOOTSTRAPPING]: Changed state from NOT_STARTED to BOOTSTRAPPING
I1009 23:16:56.860376 261869568 raft_consensus.cc:527] T 2a30e7b2effb4ab888e1f5a8af3fb03b P 6b460ba950654300b6c50d93f25aea31 [term 0 FOLLOWER]: Consensus starting up: Expiring fail detector timer to make a prompt election more likely
I1009 23:16:56.860510 261332992 consensus_queue.cc:270] T 7584006b2fba41cd828ac06782afeb03 P 6b460ba950654300b6c50d93f25aea31 [NON_LEADER]: Queue going to NON_LEADER mode. State: All replicated op: 0.0, Majority replicated op: 0.0, Committed index: 0.0, Last applied: 0.0, Last appended: 0.0, Current term: 0, Majority size: -1, State: QUEUE_OPEN, Mode: NON_LEADER
I1009 23:16:56.860561 262942720 raft_consensus.cc:1135] T f27eef4b471b4c3c800523a8cd4a34f7 P 6b460ba950654300b6c50d93f25aea31 [term 0 FOLLOWER]: Becoming Follower/Learner. State: Replica: 6b460ba950654300b6c50d93f25aea31, State: 1, Role: FOLLOWER, Watermarks: {Received: 0.0 Committed: 0.0} Leader: 0.0, new leader: , initial_fd_wait: <uninitialized>
I1009 23:16:56.860663 262406144 raft_consensus.cc:1135] T 825df89ca459463f921e4a6d8e68a90d P 6b460ba950654300b6c50d93f25aea31 [term 0 FOLLOWER]: Becoming Follower/Learner. State: Replica: 6b460ba950654300b6c50d93f25aea31, State: 1, Role: FOLLOWER, Watermarks: {Received: 0.0 Committed: 0.0} Leader: 0.0, new leader: , initial_fd_wait: <uninitialized>
I1009 23:16:56.860759 264015872 tablet_bootstrap_if.cc:96] T c09c8a2af076408b8083ae6bfc2a671e P 6b460ba950654300b6c50d93f25aea31: Bootstrap starting.
I1009 23:16:56.860854 261869568 raft_consensus.cc:1135] T 2a30e7b2effb4ab888e1f5a8af3fb03b P 6b460ba950654300b6c50d93f25aea31 [term 0 FOLLOWER]: Becoming Follower/Learner. State: Replica: 6b460ba950654300b6c50d93f25aea31, State: 1, Role: FOLLOWER, Watermarks: {Received: 0.0 Committed: 0.0} Leader: 0.0, new leader: , initial_fd_wait: <uninitialized>
I1009 23:16:56.860881 263479296 tablet_bootstrap_if.cc:96] T db3b3178db1849c4b3ebbe53840c6b02 P 6b460ba950654300b6c50d93f25aea31: No bootstrap required, opened a new log
I1009 23:16:56.860945 261332992 raft_consensus.cc:3519] T 7584006b2fba41cd828ac06782afeb03 P 6b460ba950654300b6c50d93f25aea31 [term 0 FOLLOWER]: Calling mark dirty synchronously for reason code CONSENSUS_STARTED
I1009 23:16:56.861001 262942720 consensus_meta.cc:361] T f27eef4b471b4c3c800523a8cd4a34f7 P 6b460ba950654300b6c50d93f25aea31: Updating active role from FOLLOWER to FOLLOWER. Consensus state: current_term: 0 leader_uuid: "" config { opid_index: -1 peers { permanent_uuid: "23d881032c1249bd803e401a539be0e2" member_type: VOTER last_known_private_addr { host: "127.0.0.3" port: 9100 } cloud_info { placement_cloud: "cloud1" placement_region: "datacenter1" placement_zone: "rack1" } } peers { permanent_uuid: "6b460ba950654300b6c50d93f25aea31" member_type: VOTER last_known_private_addr { host: "127.0.0.2" port: 9100 } cloud_info { placement_cloud: "cloud1" placement_region: "datacenter1" placement_zone: "rack1" } } peers { permanent_uuid: "d5c37cb1777946179e6692ee5e504715" member_type: VOTER last_known_private_addr { host: "127.0.0.1" port: 9100 } cloud_info { placement_cloud: "cloud1" placement_region: "datacenter1" placement_zone: "rack1" } } }, has_pending_config = 0
I1009 23:16:56.861079 262406144 consensus_meta.cc:361] T 825df89ca459463f921e4a6d8e68a90d P 6b460ba950654300b6c50d93f25aea31: Updating active role from FOLLOWER to FOLLOWER. Consensus state: current_term: 0 leader_uuid: "" config { opid_index: -1 peers { permanent_uuid: "23d881032c1249bd803e401a539be0e2" member_type: VOTER last_known_private_addr { host: "127.0.0.3" port: 9100 } cloud_info { placement_cloud: "cloud1" placement_region: "datacenter1" placement_zone: "rack1" } } peers { permanent_uuid: "6b460ba950654300b6c50d93f25aea31" member_type: VOTER last_known_private_addr { host: "127.0.0.2" port: 9100 } cloud_info { placement_cloud: "cloud1" placement_region: "datacenter1" placement_zone: "rack1" } } peers { permanent_uuid: "d5c37cb1777946179e6692ee5e504715" member_type: VOTER last_known_private_addr { host: "127.0.0.1" port: 9100 } cloud_info { placement_cloud: "cloud1" placement_region: "datacenter1" placement_zone: "rack1" } } }, has_pending_config = 0
I1009 23:16:56.861200 264015872 tablet.cc:637] T c09c8a2af076408b8083ae6bfc2a671e P 6b460ba950654300b6c50d93f25aea31: Schema version for transactions is 0
I1009 23:16:56.861335 261869568 consensus_meta.cc:361] T 2a30e7b2effb4ab888e1f5a8af3fb03b P 6b460ba950654300b6c50d93f25aea31: Updating active role from FOLLOWER to FOLLOWER. Consensus state: current_term: 0 leader_uuid: "" config { opid_index: -1 peers { permanent_uuid: "23d881032c1249bd803e401a539be0e2" member_type: VOTER last_known_private_addr { host: "127.0.0.3" port: 9100 } cloud_info { placement_cloud: "cloud1" placement_region: "datacenter1" placement_zone: "rack1" } } peers { permanent_uuid: "6b460ba950654300b6c50d93f25aea31" member_type: VOTER last_known_private_addr { host: "127.0.0.2" port: 9100 } cloud_info { placement_cloud: "cloud1" placement_region: "datacenter1" placement_zone: "rack1" } } peers { permanent_uuid: "d5c37cb1777946179e6692ee5e504715" member_type: VOTER last_known_private_addr { host: "127.0.0.1" port: 9100 } cloud_info { placement_cloud: "cloud1" placement_region: "datacenter1" placement_zone: "rack1" } } }, has_pending_config = 0
I1009 23:16:56.861503 263479296 log.cc:1461] T db3b3178db1849c4b3ebbe53840c6b02 P 6b460ba950654300b6c50d93f25aea31: Setting log wal retention time to 0 seconds
I1009 23:16:56.861800 262942720 consensus_queue.cc:270] T f27eef4b471b4c3c800523a8cd4a34f7 P 6b460ba950654300b6c50d93f25aea31 [NON_LEADER]: Queue going to NON_LEADER mode. State: All replicated op: 0.0, Majority replicated op: 0.0, Committed index: 0.0, Last applied: 0.0, Last appended: 0.0, Current term: 0, Majority size: -1, State: QUEUE_OPEN, Mode: NON_LEADER
I1009 23:16:56.861879 262406144 consensus_queue.cc:270] T 825df89ca459463f921e4a6d8e68a90d P 6b460ba950654300b6c50d93f25aea31 [NON_LEADER]: Queue going to NON_LEADER mode. State: All replicated op: 0.0, Majority replicated op: 0.0, Committed index: 0.0, Last applied: 0.0, Last appended: 0.0, Current term: 0, Majority size: -1, State: QUEUE_OPEN, Mode: NON_LEADER
I1009 23:16:56.862022 261332992 tablet_peer.cc:1643] T 7584006b2fba41cd828ac06782afeb03 P 6b460ba950654300b6c50d93f25aea31 [state=RUNNING]: Changed state from BOOTSTRAPPING to RUNNING
I1009 23:16:56.862360 261869568 consensus_queue.cc:270] T 2a30e7b2effb4ab888e1f5a8af3fb03b P 6b460ba950654300b6c50d93f25aea31 [NON_LEADER]: Queue going to NON_LEADER mode. State: All replicated op: 0.0, Majority replicated op: 0.0, Committed index: 0.0, Last applied: 0.0, Last appended: 0.0, Current term: 0, Majority size: -1, State: QUEUE_OPEN, Mode: NON_LEADER
I1009 23:16:56.862709 263479296 ts_tablet_manager.cc:1982] T db3b3178db1849c4b3ebbe53840c6b02 P 6b460ba950654300b6c50d93f25aea31: Time spent bootstrapping tablet: real 0.008s	user 0.001s	sys 0.002s
I1009 23:16:56.862910 262942720 raft_consensus.cc:3519] T f27eef4b471b4c3c800523a8cd4a34f7 P 6b460ba950654300b6c50d93f25aea31 [term 0 FOLLOWER]: Calling mark dirty synchronously for reason code CONSENSUS_STARTED
I1009 23:16:56.863029 262406144 raft_consensus.cc:3519] T 825df89ca459463f921e4a6d8e68a90d P 6b460ba950654300b6c50d93f25aea31 [term 0 FOLLOWER]: Calling mark dirty synchronously for reason code CONSENSUS_STARTED
I1009 23:16:56.863260 261332992 tablet_peer.cc:1516] T 7584006b2fba41cd828ac06782afeb03 P 6b460ba950654300b6c50d93f25aea31 [state=RUNNING]: Registered log gc
I1009 23:16:56.863437 261869568 raft_consensus.cc:3519] T 2a30e7b2effb4ab888e1f5a8af3fb03b P 6b460ba950654300b6c50d93f25aea31 [term 0 FOLLOWER]: Calling mark dirty synchronously for reason code CONSENSUS_STARTED
I1009 23:16:56.863962 264015872 tablet_bootstrap.cc:644] T c09c8a2af076408b8083ae6bfc2a671e P 6b460ba950654300b6c50d93f25aea31: Time spent opening tablet: real 0.000s	user 0.000s	sys 0.000s
I1009 23:16:56.864063 262942720 tablet_peer.cc:1643] T f27eef4b471b4c3c800523a8cd4a34f7 P 6b460ba950654300b6c50d93f25aea31 [state=RUNNING]: Changed state from BOOTSTRAPPING to RUNNING
I1009 23:16:56.864300 262406144 tablet_peer.cc:1643] T 825df89ca459463f921e4a6d8e68a90d P 6b460ba950654300b6c50d93f25aea31 [state=RUNNING]: Changed state from BOOTSTRAPPING to RUNNING
I1009 23:16:56.864298 261332992 ts_tablet_manager.cc:2063] T 7584006b2fba41cd828ac06782afeb03 P 6b460ba950654300b6c50d93f25aea31: Time spent starting tablet: real 0.010s	user 0.001s	sys 0.001s
I1009 23:16:56.864398 261869568 tablet_peer.cc:1643] T 2a30e7b2effb4ab888e1f5a8af3fb03b P 6b460ba950654300b6c50d93f25aea31 [state=RUNNING]: Changed state from BOOTSTRAPPING to RUNNING
I1009 23:16:56.864678 264015872 tablet_bootstrap.cc:551] T c09c8a2af076408b8083ae6bfc2a671e P 6b460ba950654300b6c50d93f25aea31: No blocks or log segments found. Creating new log.
I1009 23:16:56.864780 262942720 tablet_peer.cc:1516] T f27eef4b471b4c3c800523a8cd4a34f7 P 6b460ba950654300b6c50d93f25aea31 [state=RUNNING]: Registered log gc
I1009 23:16:56.864894 262406144 tablet_peer.cc:1516] T 825df89ca459463f921e4a6d8e68a90d P 6b460ba950654300b6c50d93f25aea31 [state=RUNNING]: Registered log gc
I1009 23:16:56.864948 261332992 ts_tablet_manager.cc:3478] Deleted transition in progress creating tablet for tablet 7584006b2fba41cd828ac06782afeb03
I1009 23:16:56.865069 261869568 tablet_peer.cc:1516] T 2a30e7b2effb4ab888e1f5a8af3fb03b P 6b460ba950654300b6c50d93f25aea31 [state=RUNNING]: Registered log gc
I1009 23:16:56.865119 264015872 log.cc:1461] T c09c8a2af076408b8083ae6bfc2a671e P 6b460ba950654300b6c50d93f25aea31: Setting log wal retention time to 0 seconds
I1009 23:16:56.865317 262942720 ts_tablet_manager.cc:2063] T f27eef4b471b4c3c800523a8cd4a34f7 P 6b460ba950654300b6c50d93f25aea31: Time spent starting tablet: real 0.009s	user 0.001s	sys 0.001s
I1009 23:16:56.865490 262406144 ts_tablet_manager.cc:2063] T 825df89ca459463f921e4a6d8e68a90d P 6b460ba950654300b6c50d93f25aea31: Time spent starting tablet: real 0.008s	user 0.001s	sys 0.001s
I1009 23:16:56.865583 261332992 ts_tablet_manager.cc:1936] T 1b3f2a4877404ba898e6ff9448cf4740 P 6b460ba950654300b6c50d93f25aea31: Bootstrapping tablet
I1009 23:16:56.865540 263479296 consensus_meta.cc:361] T db3b3178db1849c4b3ebbe53840c6b02 P 6b460ba950654300b6c50d93f25aea31: Updating active role from FOLLOWER to FOLLOWER. Consensus state: current_term: 0 leader_uuid: "" config { opid_index: -1 peers { permanent_uuid: "23d881032c1249bd803e401a539be0e2" member_type: VOTER last_known_private_addr { host: "127.0.0.3" port: 9100 } cloud_info { placement_cloud: "cloud1" placement_region: "datacenter1" placement_zone: "rack1" } } peers { permanent_uuid: "6b460ba950654300b6c50d93f25aea31" member_type: VOTER last_known_private_addr { host: "127.0.0.2" port: 9100 } cloud_info { placement_cloud: "cloud1" placement_region: "datacenter1" placement_zone: "rack1" } } peers { permanent_uuid: "d5c37cb1777946179e6692ee5e504715" member_type: VOTER last_known_private_addr { host: "127.0.0.1" port: 9100 } cloud_info { placement_cloud: "cloud1" placement_region: "datacenter1" placement_zone: "rack1" } } }, has_pending_config = 0
I1009 23:16:56.865638 261869568 ts_tablet_manager.cc:2063] T 2a30e7b2effb4ab888e1f5a8af3fb03b P 6b460ba950654300b6c50d93f25aea31: Time spent starting tablet: real 0.008s	user 0.001s	sys 0.001s
I1009 23:16:56.865909 262942720 ts_tablet_manager.cc:3478] Deleted transition in progress creating tablet for tablet f27eef4b471b4c3c800523a8cd4a34f7
I1009 23:16:56.865895 260796416 consensus_meta.cc:361] T 8078024ab93e4400a14d8399046d9f99 P 6b460ba950654300b6c50d93f25aea31: Updating active role from FOLLOWER to FOLLOWER. Consensus state: current_term: 0 leader_uuid: "" config { opid_index: -1 peers { permanent_uuid: "23d881032c1249bd803e401a539be0e2" member_type: VOTER last_known_private_addr { host: "127.0.0.3" port: 9100 } cloud_info { placement_cloud: "cloud1" placement_region: "datacenter1" placement_zone: "rack1" } } peers { permanent_uuid: "6b460ba950654300b6c50d93f25aea31" member_type: VOTER last_known_private_addr { host: "127.0.0.2" port: 9100 } cloud_info { placement_cloud: "cloud1" placement_region: "datacenter1" placement_zone: "rack1" } } peers { permanent_uuid: "d5c37cb1777946179e6692ee5e504715" member_type: VOTER last_known_private_addr { host: "127.0.0.1" port: 9100 } cloud_info { placement_cloud: "cloud1" placement_region: "datacenter1" placement_zone: "rack1" } } }, has_pending_config = 0
I1009 23:16:56.866011 262406144 ts_tablet_manager.cc:3478] Deleted transition in progress creating tablet for tablet 825df89ca459463f921e4a6d8e68a90d
I1009 23:16:56.866369 261332992 consensus_meta.cc:361] T 1b3f2a4877404ba898e6ff9448cf4740 P 6b460ba950654300b6c50d93f25aea31: Updating active role from UNKNOWN_ROLE to FOLLOWER. Consensus state: current_term: 0 leader_uuid: "" config { opid_index: -1 peers { permanent_uuid: "23d881032c1249bd803e401a539be0e2" member_type: VOTER last_known_private_addr { host: "127.0.0.3" port: 9100 } cloud_info { placement_cloud: "cloud1" placement_region: "datacenter1" placement_zone: "rack1" } } peers { permanent_uuid: "6b460ba950654300b6c50d93f25aea31" member_type: VOTER last_known_private_addr { host: "127.0.0.2" port: 9100 } cloud_info { placement_cloud: "cloud1" placement_region: "datacenter1" placement_zone: "rack1" } } peers { permanent_uuid: "d5c37cb1777946179e6692ee5e504715" member_type: VOTER last_known_private_addr { host: "127.0.0.1" port: 9100 } cloud_info { placement_cloud: "cloud1" placement_region: "datacenter1" placement_zone: "rack1" } } }, has_pending_config = 0
I1009 23:16:56.866425 263479296 raft_consensus.cc:498] T db3b3178db1849c4b3ebbe53840c6b02 P 6b460ba950654300b6c50d93f25aea31 [term 0 FOLLOWER]: Replica starting. Triggering 0 pending operations. Active config: opid_index: -1 peers { permanent_uuid: "23d881032c1249bd803e401a539be0e2" member_type: VOTER last_known_private_addr { host: "127.0.0.3" port: 9100 } cloud_info { placement_cloud: "cloud1" placement_region: "datacenter1" placement_zone: "rack1" } } peers { permanent_uuid: "6b460ba950654300b6c50d93f25aea31" member_type: VOTER last_known_private_addr { host: "127.0.0.2" port: 9100 } cloud_info { placement_cloud: "cloud1" placement_region: "datacenter1" placement_zone: "rack1" } } peers { permanent_uuid: "d5c37cb1777946179e6692ee5e504715" member_type: VOTER last_known_private_addr { host: "127.0.0.1" port: 9100 } cloud_info { placement_cloud: "cloud1" placement_region: "datacenter1" placement_zone: "rack1" } }
I1009 23:16:56.866580 261869568 ts_tablet_manager.cc:3478] Deleted transition in progress creating tablet for tablet 2a30e7b2effb4ab888e1f5a8af3fb03b
I1009 23:16:56.866832 262942720 ts_tablet_manager.cc:1936] T 4c1e255cf37d4de58ed9d6a6f32e7473 P 6b460ba950654300b6c50d93f25aea31: Bootstrapping tablet
I1009 23:16:56.866911 265625600 raft_consensus.cc:644] T 7584006b2fba41cd828ac06782afeb03 P 6b460ba950654300b6c50d93f25aea31 [term 0 FOLLOWER]: Triggering leader pre-election, mode=ELECT_EVEN_IF_LEADER_IS_ALIVE
I1009 23:16:56.867058 260796416 raft_consensus.cc:498] T 8078024ab93e4400a14d8399046d9f99 P 6b460ba950654300b6c50d93f25aea31 [term 0 FOLLOWER]: Replica starting. Triggering 0 pending operations. Active config: opid_index: -1 peers { permanent_uuid: "23d881032c1249bd803e401a539be0e2" member_type: VOTER last_known_private_addr { host: "127.0.0.3" port: 9100 } cloud_info { placement_cloud: "cloud1" placement_region: "datacenter1" placement_zone: "rack1" } } peers { permanent_uuid: "6b460ba950654300b6c50d93f25aea31" member_type: VOTER last_known_private_addr { host: "127.0.0.2" port: 9100 } cloud_info { placement_cloud: "cloud1" placement_region: "datacenter1" placement_zone: "rack1" } } peers { permanent_uuid: "d5c37cb1777946179e6692ee5e504715" member_type: VOTER last_known_private_addr { host: "127.0.0.1" port: 9100 } cloud_info { placement_cloud: "cloud1" placement_region: "datacenter1" placement_zone: "rack1" } }
I1009 23:16:56.867218 262406144 ts_tablet_manager.cc:1936] T 1e9c042ca80e4c66a6117c85d04f6168 P 6b460ba950654300b6c50d93f25aea31: Bootstrapping tablet
I1009 23:16:56.867481 264015872 tablet_bootstrap_if.cc:96] T c09c8a2af076408b8083ae6bfc2a671e P 6b460ba950654300b6c50d93f25aea31: No bootstrap required, opened a new log
I1009 23:16:56.867489 261332992 tablet_bootstrap_state_manager.cc:61] Wal dir is not created, skip initializing TabletBootstrapStateManager for 1b3f2a4877404ba898e6ff9448cf4740
I1009 23:16:56.867765 263479296 raft_consensus.cc:527] T db3b3178db1849c4b3ebbe53840c6b02 P 6b460ba950654300b6c50d93f25aea31 [term 0 FOLLOWER]: Consensus starting up: Expiring fail detector timer to make a prompt election more likely
I1009 23:16:56.868150 261869568 ts_tablet_manager.cc:1936] T 46569f1a6c8746acb9da222b34f086b5 P 6b460ba950654300b6c50d93f25aea31: Bootstrapping tablet
I1009 23:16:56.868413 265625600 raft_consensus.cc:3573] T 7584006b2fba41cd828ac06782afeb03 P 6b460ba950654300b6c50d93f25aea31 [term 0 FOLLOWER]: Snoozing leader timeout detection for 3.092s
I1009 23:16:56.868466 262942720 consensus_meta.cc:361] T 4c1e255cf37d4de58ed9d6a6f32e7473 P 6b460ba950654300b6c50d93f25aea31: Updating active role from UNKNOWN_ROLE to FOLLOWER. Consensus state: current_term: 0 leader_uuid: "" config { opid_index: -1 peers { permanent_uuid: "23d881032c1249bd803e401a539be0e2" member_type: VOTER last_known_private_addr { host: "127.0.0.3" port: 9100 } cloud_info { placement_cloud: "cloud1" placement_region: "datacenter1" placement_zone: "rack1" } } peers { permanent_uuid: "6b460ba950654300b6c50d93f25aea31" member_type: VOTER last_known_private_addr { host: "127.0.0.2" port: 9100 } cloud_info { placement_cloud: "cloud1" placement_region: "datacenter1" placement_zone: "rack1" } } peers { permanent_uuid: "d5c37cb1777946179e6692ee5e504715" member_type: VOTER last_known_private_addr { host: "127.0.0.1" port: 9100 } cloud_info { placement_cloud: "cloud1" placement_region: "datacenter1" placement_zone: "rack1" } } }, has_pending_config = 0
I1009 23:16:56.868561 260796416 raft_consensus.cc:527] T 8078024ab93e4400a14d8399046d9f99 P 6b460ba950654300b6c50d93f25aea31 [term 0 FOLLOWER]: Consensus starting up: Expiring fail detector timer to make a prompt election more likely
I1009 23:16:56.868815 262406144 consensus_meta.cc:361] T 1e9c042ca80e4c66a6117c85d04f6168 P 6b460ba950654300b6c50d93f25aea31: Updating active role from UNKNOWN_ROLE to FOLLOWER. Consensus state: current_term: 0 leader_uuid: "" config { opid_index: -1 peers { permanent_uuid: "23d881032c1249bd803e401a539be0e2" member_type: VOTER last_known_private_addr { host: "127.0.0.3" port: 9100 } cloud_info { placement_cloud: "cloud1" placement_region: "datacenter1" placement_zone: "rack1" } } peers { permanent_uuid: "6b460ba950654300b6c50d93f25aea31" member_type: VOTER last_known_private_addr { host: "127.0.0.2" port: 9100 } cloud_info { placement_cloud: "cloud1" placement_region: "datacenter1" placement_zone: "rack1" } } peers { permanent_uuid: "d5c37cb1777946179e6692ee5e504715" member_type: VOTER last_known_private_addr { host: "127.0.0.1" port: 9100 } cloud_info { placement_cloud: "cloud1" placement_region: "datacenter1" placement_zone: "rack1" } } }, has_pending_config = 0
I1009 23:16:56.868863 264015872 log.cc:1461] T c09c8a2af076408b8083ae6bfc2a671e P 6b460ba950654300b6c50d93f25aea31: Setting log wal retention time to 0 seconds
I1009 23:16:56.868968 261332992 tablet_peer.cc:1643] T 1b3f2a4877404ba898e6ff9448cf4740 P 6b460ba950654300b6c50d93f25aea31 [state=BOOTSTRAPPING]: Changed state from NOT_STARTED to BOOTSTRAPPING
I1009 23:16:56.869072 263479296 raft_consensus.cc:1135] T db3b3178db1849c4b3ebbe53840c6b02 P 6b460ba950654300b6c50d93f25aea31 [term 0 FOLLOWER]: Becoming Follower/Learner. State: Replica: 6b460ba950654300b6c50d93f25aea31, State: 1, Role: FOLLOWER, Watermarks: {Received: 0.0 Committed: 0.0} Leader: 0.0, new leader: , initial_fd_wait: <uninitialized>
I1009 23:16:56.869426 261869568 consensus_meta.cc:361] T 46569f1a6c8746acb9da222b34f086b5 P 6b460ba950654300b6c50d93f25aea31: Updating active role from UNKNOWN_ROLE to FOLLOWER. Consensus state: current_term: 0 leader_uuid: "" config { opid_index: -1 peers { permanent_uuid: "23d881032c1249bd803e401a539be0e2" member_type: VOTER last_known_private_addr { host: "127.0.0.3" port: 9100 } cloud_info { placement_cloud: "cloud1" placement_region: "datacenter1" placement_zone: "rack1" } } peers { permanent_uuid: "6b460ba950654300b6c50d93f25aea31" member_type: VOTER last_known_private_addr { host: "127.0.0.2" port: 9100 } cloud_info { placement_cloud: "cloud1" placement_region: "datacenter1" placement_zone: "rack1" } } peers { permanent_uuid: "d5c37cb1777946179e6692ee5e504715" member_type: VOTER last_known_private_addr { host: "127.0.0.1" port: 9100 } cloud_info { placement_cloud: "cloud1" placement_region: "datacenter1" placement_zone: "rack1" } } }, has_pending_config = 0
I1009 23:16:56.869534 265625600 raft_consensus.cc:684] T 7584006b2fba41cd828ac06782afeb03 P 6b460ba950654300b6c50d93f25aea31 [term 0 FOLLOWER]: Starting pre-election with config: opid_index: -1 peers { permanent_uuid: "23d881032c1249bd803e401a539be0e2" member_type: VOTER last_known_private_addr { host: "127.0.0.3" port: 9100 } cloud_info { placement_cloud: "cloud1" placement_region: "datacenter1" placement_zone: "rack1" } } peers { permanent_uuid: "6b460ba950654300b6c50d93f25aea31" member_type: VOTER last_known_private_addr { host: "127.0.0.2" port: 9100 } cloud_info { placement_cloud: "cloud1" placement_region: "datacenter1" placement_zone: "rack1" } } peers { permanent_uuid: "d5c37cb1777946179e6692ee5e504715" member_type: VOTER last_known_private_addr { host: "127.0.0.1" port: 9100 } cloud_info { placement_cloud: "cloud1" placement_region: "datacenter1" placement_zone: "rack1" } }
I1009 23:16:56.869740 262942720 tablet_bootstrap_state_manager.cc:61] Wal dir is not created, skip initializing TabletBootstrapStateManager for 4c1e255cf37d4de58ed9d6a6f32e7473
I1009 23:16:56.869755 260796416 raft_consensus.cc:1135] T 8078024ab93e4400a14d8399046d9f99 P 6b460ba950654300b6c50d93f25aea31 [term 0 FOLLOWER]: Becoming Follower/Learner. State: Replica: 6b460ba950654300b6c50d93f25aea31, State: 1, Role: FOLLOWER, Watermarks: {Received: 0.0 Committed: 0.0} Leader: 0.0, new leader: , initial_fd_wait: <uninitialized>
I1009 23:16:56.869840 262406144 tablet_bootstrap_state_manager.cc:61] Wal dir is not created, skip initializing TabletBootstrapStateManager for 1e9c042ca80e4c66a6117c85d04f6168
I1009 23:16:56.869920 261332992 tablet_bootstrap_if.cc:96] T 1b3f2a4877404ba898e6ff9448cf4740 P 6b460ba950654300b6c50d93f25aea31: Bootstrap starting.
I1009 23:16:56.869928 264015872 ts_tablet_manager.cc:1982] T c09c8a2af076408b8083ae6bfc2a671e P 6b460ba950654300b6c50d93f25aea31: Time spent bootstrapping tablet: real 0.010s	user 0.001s	sys 0.002s
I1009 23:16:56.869980 263479296 consensus_meta.cc:361] T db3b3178db1849c4b3ebbe53840c6b02 P 6b460ba950654300b6c50d93f25aea31: Updating active role from FOLLOWER to FOLLOWER. Consensus state: current_term: 0 leader_uuid: "" config { opid_index: -1 peers { permanent_uuid: "23d881032c1249bd803e401a539be0e2" member_type: VOTER last_known_private_addr { host: "127.0.0.3" port: 9100 } cloud_info { placement_cloud: "cloud1" placement_region: "datacenter1" placement_zone: "rack1" } } peers { permanent_uuid: "6b460ba950654300b6c50d93f25aea31" member_type: VOTER last_known_private_addr { host: "127.0.0.2" port: 9100 } cloud_info { placement_cloud: "cloud1" placement_region: "datacenter1" placement_zone: "rack1" } } peers { permanent_uuid: "d5c37cb1777946179e6692ee5e504715" member_type: VOTER last_known_private_addr { host: "127.0.0.1" port: 9100 } cloud_info { placement_cloud: "cloud1" placement_region: "datacenter1" placement_zone: "rack1" } } }, has_pending_config = 0
I1009 23:16:56.870088 261869568 tablet_bootstrap_state_manager.cc:61] Wal dir is not created, skip initializing TabletBootstrapStateManager for 46569f1a6c8746acb9da222b34f086b5
I1009 23:16:56.870190 262942720 tablet_peer.cc:1643] T 4c1e255cf37d4de58ed9d6a6f32e7473 P 6b460ba950654300b6c50d93f25aea31 [state=BOOTSTRAPPING]: Changed state from NOT_STARTED to BOOTSTRAPPING
I1009 23:16:56.870213 265625600 leader_election.cc:214] T 7584006b2fba41cd828ac06782afeb03 P 6b460ba950654300b6c50d93f25aea31 [CANDIDATE]: Term 1 pre-election: Requesting vote from peer 23d881032c1249bd803e401a539be0e2
I1009 23:16:56.870270 260796416 consensus_meta.cc:361] T 8078024ab93e4400a14d8399046d9f99 P 6b460ba950654300b6c50d93f25aea31: Updating active role from FOLLOWER to FOLLOWER. Consensus state: current_term: 0 leader_uuid: "" config { opid_index: -1 peers { permanent_uuid: "23d881032c1249bd803e401a539be0e2" member_type: VOTER last_known_private_addr { host: "127.0.0.3" port: 9100 } cloud_info { placement_cloud: "cloud1" placement_region: "datacenter1" placement_zone: "rack1" } } peers { permanent_uuid: "6b460ba950654300b6c50d93f25aea31" member_type: VOTER last_known_private_addr { host: "127.0.0.2" port: 9100 } cloud_info { placement_cloud: "cloud1" placement_region: "datacenter1" placement_zone: "rack1" } } peers { permanent_uuid: "d5c37cb1777946179e6692ee5e504715" member_type: VOTER last_known_private_addr { host: "127.0.0.1" port: 9100 } cloud_info { placement_cloud: "cloud1" placement_region: "datacenter1" placement_zone: "rack1" } } }, has_pending_config = 0
I1009 23:16:56.870373 262406144 tablet_peer.cc:1643] T 1e9c042ca80e4c66a6117c85d04f6168 P 6b460ba950654300b6c50d93f25aea31 [state=BOOTSTRAPPING]: Changed state from NOT_STARTED to BOOTSTRAPPING
I1009 23:16:56.870478 261332992 tablet.cc:637] T 1b3f2a4877404ba898e6ff9448cf4740 P 6b460ba950654300b6c50d93f25aea31: Schema version for transactions is 0
I1009 23:16:56.870747 263479296 consensus_queue.cc:270] T db3b3178db1849c4b3ebbe53840c6b02 P 6b460ba950654300b6c50d93f25aea31 [NON_LEADER]: Queue going to NON_LEADER mode. State: All replicated op: 0.0, Majority replicated op: 0.0, Committed index: 0.0, Last applied: 0.0, Last appended: 0.0, Current term: 0, Majority size: -1, State: QUEUE_OPEN, Mode: NON_LEADER
I1009 23:16:56.870898 261869568 tablet_peer.cc:1643] T 46569f1a6c8746acb9da222b34f086b5 P 6b460ba950654300b6c50d93f25aea31 [state=BOOTSTRAPPING]: Changed state from NOT_STARTED to BOOTSTRAPPING
I1009 23:16:56.870960 262942720 tablet_bootstrap_if.cc:96] T 4c1e255cf37d4de58ed9d6a6f32e7473 P 6b460ba950654300b6c50d93f25aea31: Bootstrap starting.
I1009 23:16:56.871088 265625600 leader_election.cc:214] T 7584006b2fba41cd828ac06782afeb03 P 6b460ba950654300b6c50d93f25aea31 [CANDIDATE]: Term 1 pre-election: Requesting vote from peer d5c37cb1777946179e6692ee5e504715
I1009 23:16:56.871217 260796416 consensus_queue.cc:270] T 8078024ab93e4400a14d8399046d9f99 P 6b460ba950654300b6c50d93f25aea31 [NON_LEADER]: Queue going to NON_LEADER mode. State: All replicated op: 0.0, Majority replicated op: 0.0, Committed index: 0.0, Last applied: 0.0, Last appended: 0.0, Current term: 0, Majority size: -1, State: QUEUE_OPEN, Mode: NON_LEADER
I1009 23:16:56.871415 262406144 tablet_bootstrap_if.cc:96] T 1e9c042ca80e4c66a6117c85d04f6168 P 6b460ba950654300b6c50d93f25aea31: Bootstrap starting.
I1009 23:16:56.871671 263479296 raft_consensus.cc:3519] T db3b3178db1849c4b3ebbe53840c6b02 P 6b460ba950654300b6c50d93f25aea31 [term 0 FOLLOWER]: Calling mark dirty synchronously for reason code CONSENSUS_STARTED
I1009 23:16:56.871858 261869568 tablet_bootstrap_if.cc:96] T 46569f1a6c8746acb9da222b34f086b5 P 6b460ba950654300b6c50d93f25aea31: Bootstrap starting.
I1009 23:16:56.871845 261332992 tablet_bootstrap.cc:644] T 1b3f2a4877404ba898e6ff9448cf4740 P 6b460ba950654300b6c50d93f25aea31: Time spent opening tablet: real 0.000s	user 0.000s	sys 0.000s
I1009 23:16:56.871929 262942720 tablet.cc:637] T 4c1e255cf37d4de58ed9d6a6f32e7473 P 6b460ba950654300b6c50d93f25aea31: Schema version for transactions is 0
I1009 23:16:56.872069 260796416 raft_consensus.cc:3519] T 8078024ab93e4400a14d8399046d9f99 P 6b460ba950654300b6c50d93f25aea31 [term 0 FOLLOWER]: Calling mark dirty synchronously for reason code CONSENSUS_STARTED
I1009 23:16:56.872196 262406144 tablet.cc:637] T 1e9c042ca80e4c66a6117c85d04f6168 P 6b460ba950654300b6c50d93f25aea31: Schema version for transactions is 0
I1009 23:16:56.872246 263479296 tablet_peer.cc:1643] T db3b3178db1849c4b3ebbe53840c6b02 P 6b460ba950654300b6c50d93f25aea31 [state=RUNNING]: Changed state from BOOTSTRAPPING to RUNNING
I1009 23:16:56.872341 261869568 tablet.cc:637] T 46569f1a6c8746acb9da222b34f086b5 P 6b460ba950654300b6c50d93f25aea31: Schema version for transactions is 0
I1009 23:16:56.872643 261332992 tablet_bootstrap.cc:551] T 1b3f2a4877404ba898e6ff9448cf4740 P 6b460ba950654300b6c50d93f25aea31: No blocks or log segments found. Creating new log.
I1009 23:16:56.872700 260796416 tablet_peer.cc:1643] T 8078024ab93e4400a14d8399046d9f99 P 6b460ba950654300b6c50d93f25aea31 [state=RUNNING]: Changed state from BOOTSTRAPPING to RUNNING
I1009 23:16:56.873025 262942720 tablet_bootstrap.cc:644] T 4c1e255cf37d4de58ed9d6a6f32e7473 P 6b460ba950654300b6c50d93f25aea31: Time spent opening tablet: real 0.000s	user 0.000s	sys 0.000s
I1009 23:16:56.873112 262406144 tablet_bootstrap.cc:644] T 1e9c042ca80e4c66a6117c85d04f6168 P 6b460ba950654300b6c50d93f25aea31: Time spent opening tablet: real 0.000s	user 0.000s	sys 0.000s
I1009 23:16:56.873181 263479296 tablet_peer.cc:1516] T db3b3178db1849c4b3ebbe53840c6b02 P 6b460ba950654300b6c50d93f25aea31 [state=RUNNING]: Registered log gc
I1009 23:16:56.873230 264015872 consensus_meta.cc:361] T c09c8a2af076408b8083ae6bfc2a671e P 6b460ba950654300b6c50d93f25aea31: Updating active role from FOLLOWER to FOLLOWER. Consensus state: current_term: 0 leader_uuid: "" config { opid_index: -1 peers { permanent_uuid: "23d881032c1249bd803e401a539be0e2" member_type: VOTER last_known_private_addr { host: "127.0.0.3" port: 9100 } cloud_info { placement_cloud: "cloud1" placement_region: "datacenter1" placement_zone: "rack1" } } peers { permanent_uuid: "6b460ba950654300b6c50d93f25aea31" member_type: VOTER last_known_private_addr { host: "127.0.0.2" port: 9100 } cloud_info { placement_cloud: "cloud1" placement_region: "datacenter1" placement_zone: "rack1" } } peers { permanent_uuid: "d5c37cb1777946179e6692ee5e504715" member_type: VOTER last_known_private_addr { host: "127.0.0.1" port: 9100 } cloud_info { placement_cloud: "cloud1" placement_region: "datacenter1" placement_zone: "rack1" } } }, has_pending_config = 0
I1009 23:16:56.873689 261869568 tablet_bootstrap.cc:644] T 46569f1a6c8746acb9da222b34f086b5 P 6b460ba950654300b6c50d93f25aea31: Time spent opening tablet: real 0.000s	user 0.000s	sys 0.000s
I1009 23:16:56.873759 261332992 log.cc:1461] T 1b3f2a4877404ba898e6ff9448cf4740 P 6b460ba950654300b6c50d93f25aea31: Setting log wal retention time to 0 seconds
I1009 23:16:56.874049 260796416 tablet_peer.cc:1516] T 8078024ab93e4400a14d8399046d9f99 P 6b460ba950654300b6c50d93f25aea31 [state=RUNNING]: Registered log gc
I1009 23:16:56.874436 262942720 tablet_bootstrap.cc:551] T 4c1e255cf37d4de58ed9d6a6f32e7473 P 6b460ba950654300b6c50d93f25aea31: No blocks or log segments found. Creating new log.
I1009 23:16:56.874559 263479296 ts_tablet_manager.cc:2063] T db3b3178db1849c4b3ebbe53840c6b02 P 6b460ba950654300b6c50d93f25aea31: Time spent starting tablet: real 0.011s	user 0.001s	sys 0.001s
I1009 23:16:56.874725 264015872 raft_consensus.cc:498] T c09c8a2af076408b8083ae6bfc2a671e P 6b460ba950654300b6c50d93f25aea31 [term 0 FOLLOWER]: Replica starting. Triggering 0 pending operations. Active config: opid_index: -1 peers { permanent_uuid: "23d881032c1249bd803e401a539be0e2" member_type: VOTER last_known_private_addr { host: "127.0.0.3" port: 9100 } cloud_info { placement_cloud: "cloud1" placement_region: "datacenter1" placement_zone: "rack1" } } peers { permanent_uuid: "6b460ba950654300b6c50d93f25aea31" member_type: VOTER last_known_private_addr { host: "127.0.0.2" port: 9100 } cloud_info { placement_cloud: "cloud1" placement_region: "datacenter1" placement_zone: "rack1" } } peers { permanent_uuid: "d5c37cb1777946179e6692ee5e504715" member_type: VOTER last_known_private_addr { host: "127.0.0.1" port: 9100 } cloud_info { placement_cloud: "cloud1" placement_region: "datacenter1" placement_zone: "rack1" } }
I1009 23:16:56.874861 262406144 tablet_bootstrap.cc:551] T 1e9c042ca80e4c66a6117c85d04f6168 P 6b460ba950654300b6c50d93f25aea31: No blocks or log segments found. Creating new log.
I1009 23:16:56.875070 261869568 tablet_bootstrap.cc:551] T 46569f1a6c8746acb9da222b34f086b5 P 6b460ba950654300b6c50d93f25aea31: No blocks or log segments found. Creating new log.
I1009 23:16:56.875130 260796416 ts_tablet_manager.cc:2063] T 8078024ab93e4400a14d8399046d9f99 P 6b460ba950654300b6c50d93f25aea31: Time spent starting tablet: real 0.022s	user 0.001s	sys 0.001s
I1009 23:16:56.875293 262942720 log.cc:1461] T 4c1e255cf37d4de58ed9d6a6f32e7473 P 6b460ba950654300b6c50d93f25aea31: Setting log wal retention time to 0 seconds
I1009 23:16:56.875442 265625600 leader_election.cc:365] T 7584006b2fba41cd828ac06782afeb03 P 6b460ba950654300b6c50d93f25aea31 [CANDIDATE]: Term 1 pre-election: Vote granted by peer 23d881032c1249bd803e401a539be0e2
I1009 23:16:56.875530 263479296 ts_tablet_manager.cc:3478] Deleted transition in progress creating tablet for tablet db3b3178db1849c4b3ebbe53840c6b02
I1009 23:16:56.875574 264015872 raft_consensus.cc:527] T c09c8a2af076408b8083ae6bfc2a671e P 6b460ba950654300b6c50d93f25aea31 [term 0 FOLLOWER]: Consensus starting up: Expiring fail detector timer to make a prompt election more likely
I1009 23:16:56.875725 262406144 log.cc:1461] T 1e9c042ca80e4c66a6117c85d04f6168 P 6b460ba950654300b6c50d93f25aea31: Setting log wal retention time to 0 seconds
I1009 23:16:56.875819 261869568 log.cc:1461] T 46569f1a6c8746acb9da222b34f086b5 P 6b460ba950654300b6c50d93f25aea31: Setting log wal retention time to 0 seconds
I1009 23:16:56.875870 260796416 ts_tablet_manager.cc:3478] Deleted transition in progress creating tablet for tablet 8078024ab93e4400a14d8399046d9f99
I1009 23:16:56.876210 265625600 leader_election.cc:240] T 7584006b2fba41cd828ac06782afeb03 P 6b460ba950654300b6c50d93f25aea31 [CANDIDATE]: Term 1 pre-election: Election decided. Result: candidate won.
I1009 23:16:56.876302 263479296 ts_tablet_manager.cc:1936] T 769c8b8690e648df93f41c693d55ebc3 P 6b460ba950654300b6c50d93f25aea31: Bootstrapping tablet
I1009 23:16:56.876386 264015872 raft_consensus.cc:1135] T c09c8a2af076408b8083ae6bfc2a671e P 6b460ba950654300b6c50d93f25aea31 [term 0 FOLLOWER]: Becoming Follower/Learner. State: Replica: 6b460ba950654300b6c50d93f25aea31, State: 1, Role: FOLLOWER, Watermarks: {Received: 0.0 Committed: 0.0} Leader: 0.0, new leader: , initial_fd_wait: <uninitialized>
I1009 23:16:56.876583 261332992 tablet_bootstrap_if.cc:96] T 1b3f2a4877404ba898e6ff9448cf4740 P 6b460ba950654300b6c50d93f25aea31: No bootstrap required, opened a new log
I1009 23:16:56.876983 260796416 ts_tablet_manager.cc:1936] T 7c7b0e8f396b4659b1f29a4dd140c822 P 6b460ba950654300b6c50d93f25aea31: Bootstrapping tablet
I1009 23:16:56.877182 212504576 raft_consensus.cc:3573] T 7584006b2fba41cd828ac06782afeb03 P 6b460ba950654300b6c50d93f25aea31 [term 0 FOLLOWER]: Snoozing leader timeout detection for 3.225s
I1009 23:16:56.877233 264015872 consensus_meta.cc:361] T c09c8a2af076408b8083ae6bfc2a671e P 6b460ba950654300b6c50d93f25aea31: Updating active role from FOLLOWER to FOLLOWER. Consensus state: current_term: 0 leader_uuid: "" config { opid_index: -1 peers { permanent_uuid: "23d881032c1249bd803e401a539be0e2" member_type: VOTER last_known_private_addr { host: "127.0.0.3" port: 9100 } cloud_info { placement_cloud: "cloud1" placement_region: "datacenter1" placement_zone: "rack1" } } peers { permanent_uuid: "6b460ba950654300b6c50d93f25aea31" member_type: VOTER last_known_private_addr { host: "127.0.0.2" port: 9100 } cloud_info { placement_cloud: "cloud1" placement_region: "datacenter1" placement_zone: "rack1" } } peers { permanent_uuid: "d5c37cb1777946179e6692ee5e504715" member_type: VOTER last_known_private_addr { host: "127.0.0.1" port: 9100 } cloud_info { placement_cloud: "cloud1" placement_region: "datacenter1" placement_zone: "rack1" } } }, has_pending_config = 0
I1009 23:16:56.877342 263479296 consensus_meta.cc:361] T 769c8b8690e648df93f41c693d55ebc3 P 6b460ba950654300b6c50d93f25aea31: Updating active role from UNKNOWN_ROLE to FOLLOWER. Consensus state: current_term: 0 leader_uuid: "" config { opid_index: -1 peers { permanent_uuid: "23d881032c1249bd803e401a539be0e2" member_type: VOTER last_known_private_addr { host: "127.0.0.3" port: 9100 } cloud_info { placement_cloud: "cloud1" placement_region: "datacenter1" placement_zone: "rack1" } } peers { permanent_uuid: "6b460ba950654300b6c50d93f25aea31" member_type: VOTER last_known_private_addr { host: "127.0.0.2" port: 9100 } cloud_info { placement_cloud: "cloud1" placement_region: "datacenter1" placement_zone: "rack1" } } peers { permanent_uuid: "d5c37cb1777946179e6692ee5e504715" member_type: VOTER last_known_private_addr { host: "127.0.0.1" port: 9100 } cloud_info { placement_cloud: "cloud1" placement_region: "datacenter1" placement_zone: "rack1" } } }, has_pending_config = 0
I1009 23:16:56.877466 261332992 log.cc:1461] T 1b3f2a4877404ba898e6ff9448cf4740 P 6b460ba950654300b6c50d93f25aea31: Setting log wal retention time to 0 seconds
I1009 23:16:56.877732 260796416 consensus_meta.cc:361] T 7c7b0e8f396b4659b1f29a4dd140c822 P 6b460ba950654300b6c50d93f25aea31: Updating active role from UNKNOWN_ROLE to FOLLOWER. Consensus state: current_term: 0 leader_uuid: "" config { opid_index: -1 peers { permanent_uuid: "23d881032c1249bd803e401a539be0e2" member_type: VOTER last_known_private_addr { host: "127.0.0.3" port: 9100 } cloud_info { placement_cloud: "cloud1" placement_region: "datacenter1" placement_zone: "rack1" } } peers { permanent_uuid: "6b460ba950654300b6c50d93f25aea31" member_type: VOTER last_known_private_addr { host: "127.0.0.2" port: 9100 } cloud_info { placement_cloud: "cloud1" placement_region: "datacenter1" placement_zone: "rack1" } } peers { permanent_uuid: "d5c37cb1777946179e6692ee5e504715" member_type: VOTER last_known_private_addr { host: "127.0.0.1" port: 9100 } cloud_info { placement_cloud: "cloud1" placement_region: "datacenter1" placement_zone: "rack1" } } }, has_pending_config = 0
I1009 23:16:56.877861 212504576 raft_consensus.cc:3466] T 7584006b2fba41cd828ac06782afeb03 P 6b460ba950654300b6c50d93f25aea31 [term 0 FOLLOWER]: Leader pre-election won for term 1
I1009 23:16:56.878183 262406144 tablet_bootstrap_if.cc:96] T 1e9c042ca80e4c66a6117c85d04f6168 P 6b460ba950654300b6c50d93f25aea31: No bootstrap required, opened a new log
I1009 23:16:56.878559 261869568 tablet_bootstrap_if.cc:96] T 46569f1a6c8746acb9da222b34f086b5 P 6b460ba950654300b6c50d93f25aea31: No bootstrap required, opened a new log
I1009 23:16:56.878597 264015872 consensus_queue.cc:270] T c09c8a2af076408b8083ae6bfc2a671e P 6b460ba950654300b6c50d93f25aea31 [NON_LEADER]: Queue going to NON_LEADER mode. State: All replicated op: 0.0, Majority replicated op: 0.0, Committed index: 0.0, Last applied: 0.0, Last appended: 0.0, Current term: 0, Majority size: -1, State: QUEUE_OPEN, Mode: NON_LEADER
I1009 23:16:56.878713 262942720 tablet_bootstrap_if.cc:96] T 4c1e255cf37d4de58ed9d6a6f32e7473 P 6b460ba950654300b6c50d93f25aea31: No bootstrap required, opened a new log
I1009 23:16:56.878818 263479296 tablet_bootstrap_state_manager.cc:61] Wal dir is not created, skip initializing TabletBootstrapStateManager for 769c8b8690e648df93f41c693d55ebc3
I1009 23:16:56.878890 261332992 ts_tablet_manager.cc:1982] T 1b3f2a4877404ba898e6ff9448cf4740 P 6b460ba950654300b6c50d93f25aea31: Time spent bootstrapping tablet: real 0.010s	user 0.001s	sys 0.001s
I1009 23:16:56.878978 260796416 tablet_bootstrap_state_manager.cc:61] Wal dir is not created, skip initializing TabletBootstrapStateManager for 7c7b0e8f396b4659b1f29a4dd140c822
I1009 23:16:56.879101 212504576 raft_consensus.cc:644] T 7584006b2fba41cd828ac06782afeb03 P 6b460ba950654300b6c50d93f25aea31 [term 0 FOLLOWER]: Triggering leader election, mode=ELECT_EVEN_IF_LEADER_IS_ALIVE
I1009 23:16:56.879245 262406144 log.cc:1461] T 1e9c042ca80e4c66a6117c85d04f6168 P 6b460ba950654300b6c50d93f25aea31: Setting log wal retention time to 0 seconds
I1009 23:16:56.879339 261869568 log.cc:1461] T 46569f1a6c8746acb9da222b34f086b5 P 6b460ba950654300b6c50d93f25aea31: Setting log wal retention time to 0 seconds
I1009 23:16:56.879339 264015872 raft_consensus.cc:3519] T c09c8a2af076408b8083ae6bfc2a671e P 6b460ba950654300b6c50d93f25aea31 [term 0 FOLLOWER]: Calling mark dirty synchronously for reason code CONSENSUS_STARTED
I1009 23:16:56.879380 262942720 log.cc:1461] T 4c1e255cf37d4de58ed9d6a6f32e7473 P 6b460ba950654300b6c50d93f25aea31: Setting log wal retention time to 0 seconds
I1009 23:16:56.879487 263479296 tablet_peer.cc:1643] T 769c8b8690e648df93f41c693d55ebc3 P 6b460ba950654300b6c50d93f25aea31 [state=BOOTSTRAPPING]: Changed state from NOT_STARTED to BOOTSTRAPPING
I1009 23:16:56.879606 260796416 tablet_peer.cc:1643] T 7c7b0e8f396b4659b1f29a4dd140c822 P 6b460ba950654300b6c50d93f25aea31 [state=BOOTSTRAPPING]: Changed state from NOT_STARTED to BOOTSTRAPPING
I1009 23:16:56.879647 212504576 raft_consensus.cc:3573] T 7584006b2fba41cd828ac06782afeb03 P 6b460ba950654300b6c50d93f25aea31 [term 0 FOLLOWER]: Snoozing leader timeout detection for 3.117s
I1009 23:16:56.879755 262406144 ts_tablet_manager.cc:1982] T 1e9c042ca80e4c66a6117c85d04f6168 P 6b460ba950654300b6c50d93f25aea31: Time spent bootstrapping tablet: real 0.009s	user 0.001s	sys 0.001s
I1009 23:16:56.879858 261869568 ts_tablet_manager.cc:1982] T 46569f1a6c8746acb9da222b34f086b5 P 6b460ba950654300b6c50d93f25aea31: Time spent bootstrapping tablet: real 0.009s	user 0.001s	sys 0.001s
I1009 23:16:56.879983 264015872 tablet_peer.cc:1643] T c09c8a2af076408b8083ae6bfc2a671e P 6b460ba950654300b6c50d93f25aea31 [state=RUNNING]: Changed state from BOOTSTRAPPING to RUNNING
I1009 23:16:56.880092 262942720 ts_tablet_manager.cc:1982] T 4c1e255cf37d4de58ed9d6a6f32e7473 P 6b460ba950654300b6c50d93f25aea31: Time spent bootstrapping tablet: real 0.010s	user 0.001s	sys 0.001s
I1009 23:16:56.880262 263479296 tablet_bootstrap_if.cc:96] T 769c8b8690e648df93f41c693d55ebc3 P 6b460ba950654300b6c50d93f25aea31: Bootstrap starting.
I1009 23:16:56.880411 260796416 tablet_bootstrap_if.cc:96] T 7c7b0e8f396b4659b1f29a4dd140c822 P 6b460ba950654300b6c50d93f25aea31: Bootstrap starting.
I1009 23:16:56.880542 212504576 raft_consensus.cc:3634] T 7584006b2fba41cd828ac06782afeb03 P 6b460ba950654300b6c50d93f25aea31 [term 0 FOLLOWER]: Advancing to term 1
I1009 23:16:56.880996 264015872 tablet_peer.cc:1516] T c09c8a2af076408b8083ae6bfc2a671e P 6b460ba950654300b6c50d93f25aea31 [state=RUNNING]: Registered log gc
I1009 23:16:56.881328 265625600 raft_consensus.cc:644] T f27eef4b471b4c3c800523a8cd4a34f7 P 6b460ba950654300b6c50d93f25aea31 [term 0 FOLLOWER]: Triggering leader pre-election, mode=ELECT_EVEN_IF_LEADER_IS_ALIVE
I1009 23:16:56.881415 260796416 tablet.cc:637] T 7c7b0e8f396b4659b1f29a4dd140c822 P 6b460ba950654300b6c50d93f25aea31: Schema version for transactions is 0
I1009 23:16:56.881393 261332992 consensus_meta.cc:361] T 1b3f2a4877404ba898e6ff9448cf4740 P 6b460ba950654300b6c50d93f25aea31: Updating active role from FOLLOWER to FOLLOWER. Consensus state: current_term: 0 leader_uuid: "" config { opid_index: -1 peers { permanent_uuid: "23d881032c1249bd803e401a539be0e2" member_type: VOTER last_known_private_addr { host: "127.0.0.3" port: 9100 } cloud_info { placement_cloud: "cloud1" placement_region: "datacenter1" placement_zone: "rack1" } } peers { permanent_uuid: "6b460ba950654300b6c50d93f25aea31" member_type: VOTER last_known_private_addr { host: "127.0.0.2" port: 9100 } cloud_info { placement_cloud: "cloud1" placement_region: "datacenter1" placement_zone: "rack1" } } peers { permanent_uuid: "d5c37cb1777946179e6692ee5e504715" member_type: VOTER last_known_private_addr { host: "127.0.0.1" port: 9100 } cloud_info { placement_cloud: "cloud1" placement_region: "datacenter1" placement_zone: "rack1" } } }, has_pending_config = 0
I1009 23:16:56.881479 263479296 tablet.cc:637] T 769c8b8690e648df93f41c693d55ebc3 P 6b460ba950654300b6c50d93f25aea31: Schema version for transactions is 0
I1009 23:16:56.881629 264015872 ts_tablet_manager.cc:2063] T c09c8a2af076408b8083ae6bfc2a671e P 6b460ba950654300b6c50d93f25aea31: Time spent starting tablet: real 0.011s	user 0.001s	sys 0.001s
I1009 23:16:56.881561 212504576 consensus_meta.cc:361] T 7584006b2fba41cd828ac06782afeb03 P 6b460ba950654300b6c50d93f25aea31: Updating active role from FOLLOWER to FOLLOWER. Consensus state: current_term: 1 leader_uuid: "" config { opid_index: -1 peers { permanent_uuid: "23d881032c1249bd803e401a539be0e2" member_type: VOTER last_known_private_addr { host: "127.0.0.3" port: 9100 } cloud_info { placement_cloud: "cloud1" placement_region: "datacenter1" placement_zone: "rack1" } } peers { permanent_uuid: "6b460ba950654300b6c50d93f25aea31" member_type: VOTER last_known_private_addr { host: "127.0.0.2" port: 9100 } cloud_info { placement_cloud: "cloud1" placement_region: "datacenter1" placement_zone: "rack1" } } peers { permanent_uuid: "d5c37cb1777946179e6692ee5e504715" member_type: VOTER last_known_private_addr { host: "127.0.0.1" port: 9100 } cloud_info { placement_cloud: "cloud1" placement_region: "datacenter1" placement_zone: "rack1" } } }, has_pending_config = 0
I1009 23:16:56.881773 265625600 raft_consensus.cc:3573] T f27eef4b471b4c3c800523a8cd4a34f7 P 6b460ba950654300b6c50d93f25aea31 [term 0 FOLLOWER]: Snoozing leader timeout detection for 3.171s
I1009 23:16:56.881969 261332992 raft_consensus.cc:498] T 1b3f2a4877404ba898e6ff9448cf4740 P 6b460ba950654300b6c50d93f25aea31 [term 0 FOLLOWER]: Replica starting. Triggering 0 pending operations. Active config: opid_index: -1 peers { permanent_uuid: "23d881032c1249bd803e401a539be0e2" member_type: VOTER last_known_private_addr { host: "127.0.0.3" port: 9100 } cloud_info { placement_cloud: "cloud1" placement_region: "datacenter1" placement_zone: "rack1" } } peers { permanent_uuid: "6b460ba950654300b6c50d93f25aea31" member_type: VOTER last_known_private_addr { host: "127.0.0.2" port: 9100 } cloud_info { placement_cloud: "cloud1" placement_region: "datacenter1" placement_zone: "rack1" } } peers { permanent_uuid: "d5c37cb1777946179e6692ee5e504715" member_type: VOTER last_known_private_addr { host: "127.0.0.1" port: 9100 } cloud_info { placement_cloud: "cloud1" placement_region: "datacenter1" placement_zone: "rack1" } }
I1009 23:16:56.882205 260796416 tablet_bootstrap.cc:644] T 7c7b0e8f396b4659b1f29a4dd140c822 P 6b460ba950654300b6c50d93f25aea31: Time spent opening tablet: real 0.000s	user 0.000s	sys 0.000s
I1009 23:16:56.882361 262406144 consensus_meta.cc:361] T 1e9c042ca80e4c66a6117c85d04f6168 P 6b460ba950654300b6c50d93f25aea31: Updating active role from FOLLOWER to FOLLOWER. Consensus state: current_term: 0 leader_uuid: "" config { opid_index: -1 peers { permanent_uuid: "23d881032c1249bd803e401a539be0e2" member_type: VOTER last_known_private_addr { host: "127.0.0.3" port: 9100 } cloud_info { placement_cloud: "cloud1" placement_region: "datacenter1" placement_zone: "rack1" } } peers { permanent_uuid: "6b460ba950654300b6c50d93f25aea31" member_type: VOTER last_known_private_addr { host: "127.0.0.2" port: 9100 } cloud_info { placement_cloud: "cloud1" placement_region: "datacenter1" placement_zone: "rack1" } } peers { permanent_uuid: "d5c37cb1777946179e6692ee5e504715" member_type: VOTER last_known_private_addr { host: "127.0.0.1" port: 9100 } cloud_info { placement_cloud: "cloud1" placement_region: "datacenter1" placement_zone: "rack1" } } }, has_pending_config = 0
I1009 23:16:56.882503 263479296 tablet_bootstrap.cc:644] T 769c8b8690e648df93f41c693d55ebc3 P 6b460ba950654300b6c50d93f25aea31: Time spent opening tablet: real 0.000s	user 0.000s	sys 0.000s
I1009 23:16:56.882755 264015872 ts_tablet_manager.cc:3478] Deleted transition in progress creating tablet for tablet c09c8a2af076408b8083ae6bfc2a671e
