I1010 10:35:58.526764 17817600 raft_consensus.cc:1135] T a818e973b4b04213a257872ca0183570 P 6b460ba950654300b6c50d93f25aea31 [term 1 FOLLOWER]: Becoming Follower/Learner. State: Replica: 6b460ba950654300b6c50d93f25aea31, State: 1, Role: FOLLOWER, Watermarks: {Received: 1.4 Committed: 1.4} Leader: 0.0, new leader: , initial_fd_wait: <uninitialized>
I1010 10:35:58.526976 19963904 log.cc:1461] T 541698385c044c6ab901cf03bad66398 P 6b460ba950654300b6c50d93f25aea31: Setting log wal retention time to 0 seconds
I1010 10:35:58.526816 17817600 consensus_meta.cc:361] T a818e973b4b04213a257872ca0183570 P 6b460ba950654300b6c50d93f25aea31: Updating active role from FOLLOWER to FOLLOWER. Consensus state: current_term: 1 leader_uuid: "" config { opid_index: 4 peers { permanent_uuid: "23d881032c1249bd803e401a539be0e2" member_type: VOTER last_known_private_addr { host: "127.0.0.3" port: 9100 } cloud_info { placement_cloud: "cloud1" placement_region: "datacenter1" placement_zone: "rack1" } } peers { permanent_uuid: "d5c37cb1777946179e6692ee5e504715" member_type: VOTER last_known_private_addr { host: "127.0.0.1" port: 9100 } cloud_info { placement_cloud: "cloud1" placement_region: "datacenter1" placement_zone: "rack1" } } peers { permanent_uuid: "6b460ba950654300b6c50d93f25aea31" member_type: VOTER last_known_private_addr { host: "127.0.0.2" port: 9100 } cloud_info { placement_cloud: "cloud1" placement_region: "datacenter1" placement_zone: "rack1" } } }, has_pending_config = 0
I1010 10:35:58.527253 17817600 consensus_queue.cc:270] T a818e973b4b04213a257872ca0183570 P 6b460ba950654300b6c50d93f25aea31 [NON_LEADER]: Queue going to NON_LEADER mode. State: All replicated op: 0.0, Majority replicated op: 0.0, Committed index: 0.0, Last applied: 0.0, Last appended: 1.4, Current term: 0, Majority size: -1, State: QUEUE_OPEN, Mode: NON_LEADER
I1010 10:35:58.527302 16207872 log_util.cc:841] Found no log entry headers
I1010 10:35:58.527315 17281024 tablet_bootstrap_if.cc:96] T 7584006b2fba41cd828ac06782afeb03 P 6b460ba950654300b6c50d93f25aea31: Bootstrap complete.
I1010 10:35:58.527344 16207872 log_util.cc:702] Ignoring partially flushed segment in write ahead log /Users/nag/yb/yugabyte-data/node2/yb-data/tserver/wals/table-f80c17935cc9489ab3c6c05dceb25976/tablet-9b45d3f9024e43b58a591ec35594430e/wal-000000001 because there are no log entries following this one. The server probably crashed in the middle of writing an entry to the write-ahead log or downloaded an active log via remote bootstrap. Error detail: Corruption (yb/consensus/log_util.cc:912): Invalid checksum in log entry head header: found=0, computed=2351477386: Failed trying to read batch #8 at offset 1904 for log segment /Users/nag/yb/yugabyte-data/node2/yb-data/tserver/wals/table-f80c17935cc9489ab3c6c05dceb25976/tablet-9b45d3f9024e43b58a591ec35594430e/wal-000000001: Prior batch offsets: 1246 1272 1878 1904; Last log entries read: [REPLICATE (1.1)] [REPLICATE (1.2)] [REPLICATE (1.3)] [REPLICATE (1.4)]
I1010 10:35:58.527302 17817600 raft_consensus.cc:3519] T a818e973b4b04213a257872ca0183570 P 6b460ba950654300b6c50d93f25aea31 [term 1 FOLLOWER]: Calling mark dirty synchronously for reason code CONSENSUS_STARTED
I1010 10:35:58.527534 17281024 log_util.cc:797] Scanning /Users/nag/yb/yugabyte-data/node2/yb-data/tserver/wals/table-f80c17935cc9489ab3c6c05dceb25976/tablet-7584006b2fba41cd828ac06782afeb03/wal-000000001 for valid entry headers following offset 2008...
I1010 10:35:58.527648 18890752 log_util.cc:841] Found no log entry headers
I1010 10:35:58.527717 17817600 tablet_peer.cc:1643] T a818e973b4b04213a257872ca0183570 P 6b460ba950654300b6c50d93f25aea31 [state=RUNNING]: Changed state from BOOTSTRAPPING to RUNNING
I1010 10:35:58.527889 16207872 tablet_bootstrap_if.cc:96] T 9b45d3f9024e43b58a591ec35594430e P 6b460ba950654300b6c50d93f25aea31: Bootstrap replayed 1/1 log segments. Read operations: 4, overwritten operations: 0. Pending: 1 replicates. Last read committed op id: 1.4, last entry metadata: { entry_time: 187121.621s offset: 1272 active_segment_sequence_number: 1 }, last read entry op id: 1.4
I1010 10:35:58.528020 22646784 heartbeater.cc:379] P 6b460ba950654300b6c50d93f25aea31: Registering TS with master...
I1010 10:35:58.528091 18890752 log_util.cc:702] Ignoring partially flushed segment in write ahead log /Users/nag/yb/yugabyte-data/node2/yb-data/tserver/wals/table-f80c17935cc9489ab3c6c05dceb25976/tablet-2a30e7b2effb4ab888e1f5a8af3fb03b/wal-000000001 because there are no log entries following this one. The server probably crashed in the middle of writing an entry to the write-ahead log or downloaded an active log via remote bootstrap. Error detail: Corruption (yb/consensus/log_util.cc:912): Invalid checksum in log entry head header: found=0, computed=2351477386: Failed trying to read batch #31 at offset 3396 for log segment /Users/nag/yb/yugabyte-data/node2/yb-data/tserver/wals/table-f80c17935cc9489ab3c6c05dceb25976/tablet-2a30e7b2effb4ab888e1f5a8af3fb03b/wal-000000001: Prior batch offsets: 3286 3312 3370 3396; Last log entries read: [REPLICATE (1.12)] [REPLICATE (1.13)] [REPLICATE (1.14)] [REPLICATE (2.15)]
I1010 10:35:58.528357 17281024 log_util.cc:841] Found no log entry headers
I1010 10:35:58.528414 17817600 tablet_peer.cc:1516] T a818e973b4b04213a257872ca0183570 P 6b460ba950654300b6c50d93f25aea31 [state=RUNNING]: Registered log gc
W1010 10:35:58.528465 19963904 log_util.cc:241] Could not read footer for segment: /Users/nag/yb/yugabyte-data/node2/yb-data/tserver/wals/table-f80c17935cc9489ab3c6c05dceb25976/tablet-541698385c044c6ab901cf03bad66398/wal-000000001: Not found (yb/consensus/log_util.cc:581): Footer not found. Footer magic doesn't match
I1010 10:35:58.528606 16207872 tablet_bootstrap.cc:1654] T 9b45d3f9024e43b58a591ec35594430e P 6b460ba950654300b6c50d93f25aea31: Dumping replay state to log at the end of PlaySegments
I1010 10:35:58.528709 22646784 server_base.cc:598] Using private rpc address 127.0.0.2
I1010 10:35:58.528751 19427328 consensus_meta.cc:361] T 46569f1a6c8746acb9da222b34f086b5 P 6b460ba950654300b6c50d93f25aea31: Updating active role from FOLLOWER to FOLLOWER. Consensus state: current_term: 3 leader_uuid: "" config { opid_index: 4 peers { permanent_uuid: "23d881032c1249bd803e401a539be0e2" member_type: VOTER last_known_private_addr { host: "127.0.0.3" port: 9100 } cloud_info { placement_cloud: "cloud1" placement_region: "datacenter1" placement_zone: "rack1" } } peers { permanent_uuid: "6b460ba950654300b6c50d93f25aea31" member_type: VOTER last_known_private_addr { host: "127.0.0.2" port: 9100 } cloud_info { placement_cloud: "cloud1" placement_region: "datacenter1" placement_zone: "rack1" } } peers { permanent_uuid: "d5c37cb1777946179e6692ee5e504715" member_type: VOTER last_known_private_addr { host: "127.0.0.1" port: 9100 } cloud_info { placement_cloud: "cloud1" placement_region: "datacenter1" placement_zone: "rack1" } } }, has_pending_config = 0
I1010 10:35:58.528927 17281024 log_util.cc:702] Ignoring partially flushed segment in write ahead log /Users/nag/yb/yugabyte-data/node2/yb-data/tserver/wals/table-f80c17935cc9489ab3c6c05dceb25976/tablet-7584006b2fba41cd828ac06782afeb03/wal-000000001 because there are no log entries following this one. The server probably crashed in the middle of writing an entry to the write-ahead log or downloaded an active log via remote bootstrap. Error detail: Corruption (yb/consensus/log_util.cc:912): Invalid checksum in log entry head header: found=0, computed=2351477386: Failed trying to read batch #11 at offset 2008 for log segment /Users/nag/yb/yugabyte-data/node2/yb-data/tserver/wals/table-f80c17935cc9489ab3c6c05dceb25976/tablet-7584006b2fba41cd828ac06782afeb03/wal-000000001: Prior batch offsets: 1350 1376 1982 2008; Last log entries read: [REPLICATE (1.2)] [REPLICATE (3.3)] [REPLICATE (3.4)] [REPLICATE (3.5)]
I1010 10:35:58.529001 17817600 ts_tablet_manager.cc:2063] T a818e973b4b04213a257872ca0183570 P 6b460ba950654300b6c50d93f25aea31: Time spent starting tablet: real 0.005s	user 0.001s	sys 0.001s
W1010 10:35:58.529114 19963904 log_reader.cc:217] T 541698385c044c6ab901cf03bad66398 P 6b460ba950654300b6c50d93f25aea31: Log segment /Users/nag/yb/yugabyte-data/node2/yb-data/tserver/wals/table-f80c17935cc9489ab3c6c05dceb25976/tablet-541698385c044c6ab901cf03bad66398/wal-000000001 was likely left in-progressafter a previous crash. Will try to reuse this segment as writable active segment
I1010 10:35:58.529181 22646784 server_base.cc:620] Using http address 127.0.0.2
I1010 10:35:58.529196 16207872 tablet_bootstrap.cc:1212] T 9b45d3f9024e43b58a591ec35594430e P 6b460ba950654300b6c50d93f25aea31: ReplayState: Previous OpId: 1.4, Committed OpId: 1.4, Pending Replicates: 0, Flushed Regular: -1.-1, Flushed Intents: -1.-1
I1010 10:35:58.529250 19427328 raft_consensus.cc:498] T 46569f1a6c8746acb9da222b34f086b5 P 6b460ba950654300b6c50d93f25aea31 [term 3 FOLLOWER]: Replica starting. Triggering 0 pending operations. Active config: opid_index: 4 peers { permanent_uuid: "23d881032c1249bd803e401a539be0e2" member_type: VOTER last_known_private_addr { host: "127.0.0.3" port: 9100 } cloud_info { placement_cloud: "cloud1" placement_region: "datacenter1" placement_zone: "rack1" } } peers { permanent_uuid: "6b460ba950654300b6c50d93f25aea31" member_type: VOTER last_known_private_addr { host: "127.0.0.2" port: 9100 } cloud_info { placement_cloud: "cloud1" placement_region: "datacenter1" placement_zone: "rack1" } } peers { permanent_uuid: "d5c37cb1777946179e6692ee5e504715" member_type: VOTER last_known_private_addr { host: "127.0.0.1" port: 9100 } cloud_info { placement_cloud: "cloud1" placement_region: "datacenter1" placement_zone: "rack1" } }
I1010 10:35:58.529368 17281024 log.cc:1112] Successfully restored footer_builder_ and log_index_ for segment: /Users/nag/yb/yugabyte-data/node2/yb-data/tserver/wals/table-f80c17935cc9489ab3c6c05dceb25976/tablet-7584006b2fba41cd828ac06782afeb03/wal-000000001. Reopen the file for write with starting offset: 2008
I1010 10:35:58.529379 18890752 tablet_bootstrap_if.cc:96] T 2a30e7b2effb4ab888e1f5a8af3fb03b P 6b460ba950654300b6c50d93f25aea31: Bootstrap replayed 1/1 log segments. Read operations: 15, overwritten operations: 0. Pending: 1 replicates. Last read committed op id: 2.15, last entry metadata: { entry_time: 191540.921s offset: 3312 active_segment_sequence_number: 1 }, last read entry op id: 2.15
I1010 10:35:58.529434 17817600 ts_tablet_manager.cc:3478] Deleted transition in progress opening tablet for tablet a818e973b4b04213a257872ca0183570
I1010 10:35:58.529482 19963904 log.cc:722] T 541698385c044c6ab901cf03bad66398 P 6b460ba950654300b6c50d93f25aea31: Opened existing logs. Last segment is /Users/nag/yb/yugabyte-data/node2/yb-data/tserver/wals/table-f80c17935cc9489ab3c6c05dceb25976/tablet-541698385c044c6ab901cf03bad66398/wal-000000001
I1010 10:35:58.529588 16207872 tablet_bootstrap.cc:1212] T 9b45d3f9024e43b58a591ec35594430e P 6b460ba950654300b6c50d93f25aea31: Log entries applied to RocksDB: 4
I1010 10:35:58.529740 19427328 raft_consensus.cc:1135] T 46569f1a6c8746acb9da222b34f086b5 P 6b460ba950654300b6c50d93f25aea31 [term 3 FOLLOWER]: Becoming Follower/Learner. State: Replica: 6b460ba950654300b6c50d93f25aea31, State: 1, Role: FOLLOWER, Watermarks: {Received: 3.6 Committed: 3.6} Leader: 0.0, new leader: , initial_fd_wait: <uninitialized>
I1010 10:35:58.529774 17281024 log.cc:1461] T 7584006b2fba41cd828ac06782afeb03 P 6b460ba950654300b6c50d93f25aea31: Setting log wal retention time to 0 seconds
I1010 10:35:58.529801 18890752 tablet_bootstrap.cc:1654] T 2a30e7b2effb4ab888e1f5a8af3fb03b P 6b460ba950654300b6c50d93f25aea31: Dumping replay state to log at the end of PlaySegments
I1010 10:35:58.529842 17817600 ts_tablet_manager.cc:1936] T 4c1e255cf37d4de58ed9d6a6f32e7473 P 6b460ba950654300b6c50d93f25aea31: Bootstrapping tablet
I1010 10:35:58.529914 19963904 tablet_bootstrap.cc:396] T 541698385c044c6ab901cf03bad66398 P 6b460ba950654300b6c50d93f25aea31: Bootstrap optimizer (skip_flushed_entries): op_id_replay_lowest=-1.-1 (regular_op_id=-1.-1, intents_op_id=-1.-1, has_intents_db=0)
I1010 10:35:58.529958 16207872 tablet_bootstrap.cc:1666] T 9b45d3f9024e43b58a591ec35594430e P 6b460ba950654300b6c50d93f25aea31: Number of orphaned replicates: 0, last id: 1.4, committed id: 1.4
I1010 10:35:58.530007 19427328 consensus_meta.cc:361] T 46569f1a6c8746acb9da222b34f086b5 P 6b460ba950654300b6c50d93f25aea31: Updating active role from FOLLOWER to FOLLOWER. Consensus state: current_term: 3 leader_uuid: "" config { opid_index: 4 peers { permanent_uuid: "23d881032c1249bd803e401a539be0e2" member_type: VOTER last_known_private_addr { host: "127.0.0.3" port: 9100 } cloud_info { placement_cloud: "cloud1" placement_region: "datacenter1" placement_zone: "rack1" } } peers { permanent_uuid: "6b460ba950654300b6c50d93f25aea31" member_type: VOTER last_known_private_addr { host: "127.0.0.2" port: 9100 } cloud_info { placement_cloud: "cloud1" placement_region: "datacenter1" placement_zone: "rack1" } } peers { permanent_uuid: "d5c37cb1777946179e6692ee5e504715" member_type: VOTER last_known_private_addr { host: "127.0.0.1" port: 9100 } cloud_info { placement_cloud: "cloud1" placement_region: "datacenter1" placement_zone: "rack1" } } }, has_pending_config = 0
I1010 10:35:58.530074 17281024 ts_tablet_manager.cc:1982] T 7584006b2fba41cd828ac06782afeb03 P 6b460ba950654300b6c50d93f25aea31: Time spent bootstrapping tablet: real 0.012s	user 0.002s	sys 0.004s
I1010 10:35:58.530097 18890752 tablet_bootstrap.cc:1212] T 2a30e7b2effb4ab888e1f5a8af3fb03b P 6b460ba950654300b6c50d93f25aea31: ReplayState: Previous OpId: 2.15, Committed OpId: 2.15, Pending Replicates: 0, Flushed Regular: -1.-1, Flushed Intents: -1.-1
I1010 10:35:58.530220 19963904 tablet_bootstrap.cc:1461] T 541698385c044c6ab901cf03bad66398 P 6b460ba950654300b6c50d93f25aea31: Segment /Users/nag/yb/yugabyte-data/node2/yb-data/tserver/wals/table-f80c17935cc9489ab3c6c05dceb25976/tablet-541698385c044c6ab901cf03bad66398/wal-000000001 cannot be used as the first segment to start replay with according to our OpId and retention criteria. However, this is already the earliest segment so we have to start replay here. We should probably investigate how we got into this situation. op_id=1.1, op_id_replay_lowest=-1.-1, last_op_id_in_retryable_requests=0.0, first_op_time=161871.379s, retryable_requests_retain_interval=60.000s, *retryable_requests_replay_from_this_or_earlier_time=161811.379s, is_first_op_id_low_enough_for_retryable_requests=0, is_first_op_time_early_enough_for_retryable_requests=0, is_first_op_id_low_enough=0
I1010 10:35:58.530305 19427328 consensus_queue.cc:270] T 46569f1a6c8746acb9da222b34f086b5 P 6b460ba950654300b6c50d93f25aea31 [NON_LEADER]: Queue going to NON_LEADER mode. State: All replicated op: 0.0, Majority replicated op: 0.0, Committed index: 0.0, Last applied: 0.0, Last appended: 3.6, Current term: 0, Majority size: -1, State: QUEUE_OPEN, Mode: NON_LEADER
I1010 10:35:58.530612 18890752 tablet_bootstrap.cc:1212] T 2a30e7b2effb4ab888e1f5a8af3fb03b P 6b460ba950654300b6c50d93f25aea31: Log entries applied to RocksDB: 15
I1010 10:35:58.530961 17817600 consensus_meta.cc:361] T 4c1e255cf37d4de58ed9d6a6f32e7473 P 6b460ba950654300b6c50d93f25aea31: Updating active role from UNKNOWN_ROLE to FOLLOWER. Consensus state: current_term: 2 leader_uuid: "" config { opid_index: 4 peers { permanent_uuid: "6b460ba950654300b6c50d93f25aea31" member_type: VOTER last_known_private_addr { host: "127.0.0.2" port: 9100 } cloud_info { placement_cloud: "cloud1" placement_region: "datacenter1" placement_zone: "rack1" } } peers { permanent_uuid: "d5c37cb1777946179e6692ee5e504715" member_type: VOTER last_known_private_addr { host: "127.0.0.1" port: 9100 } cloud_info { placement_cloud: "cloud1" placement_region: "datacenter1" placement_zone: "rack1" } } peers { permanent_uuid: "23d881032c1249bd803e401a539be0e2" member_type: VOTER last_known_private_addr { host: "127.0.0.3" port: 9100 } cloud_info { placement_cloud: "cloud1" placement_region: "datacenter1" placement_zone: "rack1" } } }, has_pending_config = 0
I1010 10:35:58.531078 16207872 tablet_bootstrap_if.cc:96] T 9b45d3f9024e43b58a591ec35594430e P 6b460ba950654300b6c50d93f25aea31: Bootstrap complete.
I1010 10:35:58.531077 19963904 tablet_bootstrap.cc:1476] T 541698385c044c6ab901cf03bad66398 P 6b460ba950654300b6c50d93f25aea31: Bootstrap optimizer (skip_flushed_entries): will replay all segments starting from the very first one.
W1010 10:35:58.531177 22646784 heartbeater.cc:671] P 6b460ba950654300b6c50d93f25aea31: Failed to heartbeat to 127.0.0.3:7100: Remote error (yb/rpc/outbound_call.cc:561): Failed to send heartbeat: Invalid argument (yb/master/master_heartbeat_service.cc:251): Received wrong universe_uuid 21b2e3d0-495a-4149-9f2a-913ddeb95eff, expected 7252bc1a-cf22-48a4-9dd6-459a6f24aa4e (rpc error 1) tries=9, num=3, masters=0x000000010d6628b8 -> [[127.0.0.1:7100], [127.0.0.2:7100], [127.0.0.3:7100]], code=Remote error
I1010 10:35:58.531220 19427328 raft_consensus.cc:3519] T 46569f1a6c8746acb9da222b34f086b5 P 6b460ba950654300b6c50d93f25aea31 [term 3 FOLLOWER]: Calling mark dirty synchronously for reason code CONSENSUS_STARTED
I1010 10:35:58.531355 18890752 tablet_bootstrap.cc:1666] T 2a30e7b2effb4ab888e1f5a8af3fb03b P 6b460ba950654300b6c50d93f25aea31: Number of orphaned replicates: 0, last id: 2.15, committed id: 2.15
I1010 10:35:58.531569 17817600 tablet_bootstrap_state_manager.cc:68] Initialized TabletBootstrapStateManager, found a file ? no, wal dir=/Users/nag/yb/yugabyte-data/node2/yb-data/tserver/wals/table-f80c17935cc9489ab3c6c05dceb25976/tablet-4c1e255cf37d4de58ed9d6a6f32e7473
I1010 10:35:58.531684 16207872 log_util.cc:797] Scanning /Users/nag/yb/yugabyte-data/node2/yb-data/tserver/wals/table-f80c17935cc9489ab3c6c05dceb25976/tablet-9b45d3f9024e43b58a591ec35594430e/wal-000000001 for valid entry headers following offset 1904...
I1010 10:35:58.531759 19963904 log_util.cc:797] Scanning /Users/nag/yb/yugabyte-data/node2/yb-data/tserver/wals/table-f80c17935cc9489ab3c6c05dceb25976/tablet-541698385c044c6ab901cf03bad66398/wal-000000001 for valid entry headers following offset 2008...
I1010 10:35:58.531766 22646784 heartbeater.cc:379] P 6b460ba950654300b6c50d93f25aea31: Registering TS with master...
I1010 10:35:58.531898 19427328 tablet_peer.cc:1643] T 46569f1a6c8746acb9da222b34f086b5 P 6b460ba950654300b6c50d93f25aea31 [state=RUNNING]: Changed state from BOOTSTRAPPING to RUNNING
I1010 10:35:58.532195 17817600 tablet_peer.cc:1643] T 4c1e255cf37d4de58ed9d6a6f32e7473 P 6b460ba950654300b6c50d93f25aea31 [state=BOOTSTRAPPING]: Changed state from NOT_STARTED to BOOTSTRAPPING
I1010 10:35:58.533618 22646784 server_base.cc:598] Using private rpc address 127.0.0.2
I1010 10:35:58.533854 19427328 tablet_peer.cc:1516] T 46569f1a6c8746acb9da222b34f086b5 P 6b460ba950654300b6c50d93f25aea31 [state=RUNNING]: Registered log gc
I1010 10:35:58.534090 17817600 tablet_bootstrap_if.cc:96] T 4c1e255cf37d4de58ed9d6a6f32e7473 P 6b460ba950654300b6c50d93f25aea31: Bootstrap starting.
I1010 10:35:58.534550 22646784 server_base.cc:620] Using http address 127.0.0.2
I1010 10:35:58.534689 16207872 log_util.cc:841] Found no log entry headers
I1010 10:35:58.534860 19427328 ts_tablet_manager.cc:2063] T 46569f1a6c8746acb9da222b34f086b5 P 6b460ba950654300b6c50d93f25aea31: Time spent starting tablet: real 0.008s	user 0.001s	sys 0.001s
I1010 10:35:58.534737 17281024 consensus_meta.cc:361] T 7584006b2fba41cd828ac06782afeb03 P 6b460ba950654300b6c50d93f25aea31: Updating active role from FOLLOWER to FOLLOWER. Consensus state: current_term: 3 leader_uuid: "" config { opid_index: 5 peers { permanent_uuid: "23d881032c1249bd803e401a539be0e2" member_type: VOTER last_known_private_addr { host: "127.0.0.3" port: 9100 } cloud_info { placement_cloud: "cloud1" placement_region: "datacenter1" placement_zone: "rack1" } } peers { permanent_uuid: "6b460ba950654300b6c50d93f25aea31" member_type: VOTER last_known_private_addr { host: "127.0.0.2" port: 9100 } cloud_info { placement_cloud: "cloud1" placement_region: "datacenter1" placement_zone: "rack1" } } peers { permanent_uuid: "d5c37cb1777946179e6692ee5e504715" member_type: VOTER last_known_private_addr { host: "127.0.0.1" port: 9100 } cloud_info { placement_cloud: "cloud1" placement_region: "datacenter1" placement_zone: "rack1" } } }, has_pending_config = 0
I1010 10:35:58.534986 18890752 tablet_bootstrap_if.cc:96] T 2a30e7b2effb4ab888e1f5a8af3fb03b P 6b460ba950654300b6c50d93f25aea31: Bootstrap complete.
I1010 10:35:58.535058 17817600 tablet.cc:637] T 4c1e255cf37d4de58ed9d6a6f32e7473 P 6b460ba950654300b6c50d93f25aea31: Schema version for transactions is 0
I1010 10:35:58.535207 16207872 log_util.cc:702] Ignoring partially flushed segment in write ahead log /Users/nag/yb/yugabyte-data/node2/yb-data/tserver/wals/table-f80c17935cc9489ab3c6c05dceb25976/tablet-9b45d3f9024e43b58a591ec35594430e/wal-000000001 because there are no log entries following this one. The server probably crashed in the middle of writing an entry to the write-ahead log or downloaded an active log via remote bootstrap. Error detail: Corruption (yb/consensus/log_util.cc:912): Invalid checksum in log entry head header: found=0, computed=2351477386: Failed trying to read batch #8 at offset 1904 for log segment /Users/nag/yb/yugabyte-data/node2/yb-data/tserver/wals/table-f80c17935cc9489ab3c6c05dceb25976/tablet-9b45d3f9024e43b58a591ec35594430e/wal-000000001: Prior batch offsets: 1246 1272 1878 1904; Last log entries read: [REPLICATE (1.1)] [REPLICATE (1.2)] [REPLICATE (1.3)] [REPLICATE (1.4)]
I1010 10:35:58.535288 19427328 ts_tablet_manager.cc:3478] Deleted transition in progress opening tablet for tablet 46569f1a6c8746acb9da222b34f086b5
I1010 10:35:58.535353 19963904 log_util.cc:841] Found no log entry headers
I1010 10:35:58.535462 17281024 raft_consensus.cc:498] T 7584006b2fba41cd828ac06782afeb03 P 6b460ba950654300b6c50d93f25aea31 [term 3 FOLLOWER]: Replica starting. Triggering 0 pending operations. Active config: opid_index: 5 peers { permanent_uuid: "23d881032c1249bd803e401a539be0e2" member_type: VOTER last_known_private_addr { host: "127.0.0.3" port: 9100 } cloud_info { placement_cloud: "cloud1" placement_region: "datacenter1" placement_zone: "rack1" } } peers { permanent_uuid: "6b460ba950654300b6c50d93f25aea31" member_type: VOTER last_known_private_addr { host: "127.0.0.2" port: 9100 } cloud_info { placement_cloud: "cloud1" placement_region: "datacenter1" placement_zone: "rack1" } } peers { permanent_uuid: "d5c37cb1777946179e6692ee5e504715" member_type: VOTER last_known_private_addr { host: "127.0.0.1" port: 9100 } cloud_info { placement_cloud: "cloud1" placement_region: "datacenter1" placement_zone: "rack1" } }
I1010 10:35:58.535957 18890752 log_util.cc:797] Scanning /Users/nag/yb/yugabyte-data/node2/yb-data/tserver/wals/table-f80c17935cc9489ab3c6c05dceb25976/tablet-2a30e7b2effb4ab888e1f5a8af3fb03b/wal-000000001 for valid entry headers following offset 3396...
I1010 10:35:58.536140 17817600 tablet_bootstrap.cc:644] T 4c1e255cf37d4de58ed9d6a6f32e7473 P 6b460ba950654300b6c50d93f25aea31: Time spent opening tablet: real 0.000s	user 0.000s	sys 0.000s
I1010 10:35:58.536296 16207872 log.cc:1112] Successfully restored footer_builder_ and log_index_ for segment: /Users/nag/yb/yugabyte-data/node2/yb-data/tserver/wals/table-f80c17935cc9489ab3c6c05dceb25976/tablet-9b45d3f9024e43b58a591ec35594430e/wal-000000001. Reopen the file for write with starting offset: 1904
I1010 10:35:58.536316 19427328 ts_tablet_manager.cc:1936] T 30fedb9fed834e6d975c43711c3f6fd9 P 6b460ba950654300b6c50d93f25aea31: Bootstrapping tablet
I1010 10:35:58.536528 19963904 log_util.cc:702] Ignoring partially flushed segment in write ahead log /Users/nag/yb/yugabyte-data/node2/yb-data/tserver/wals/table-f80c17935cc9489ab3c6c05dceb25976/tablet-541698385c044c6ab901cf03bad66398/wal-000000001 because there are no log entries following this one. The server probably crashed in the middle of writing an entry to the write-ahead log or downloaded an active log via remote bootstrap. Error detail: Corruption (yb/consensus/log_util.cc:912): Invalid checksum in log entry head header: found=0, computed=2351477386: Failed trying to read batch #11 at offset 2008 for log segment /Users/nag/yb/yugabyte-data/node2/yb-data/tserver/wals/table-f80c17935cc9489ab3c6c05dceb25976/tablet-541698385c044c6ab901cf03bad66398/wal-000000001: Prior batch offsets: 1350 1376 1982 2008; Last log entries read: [REPLICATE (1.2)] [REPLICATE (2.3)] [REPLICATE (2.4)] [REPLICATE (2.5)]
I1010 10:35:58.536593 17281024 raft_consensus.cc:1135] T 7584006b2fba41cd828ac06782afeb03 P 6b460ba950654300b6c50d93f25aea31 [term 3 FOLLOWER]: Becoming Follower/Learner. State: Replica: 6b460ba950654300b6c50d93f25aea31, State: 1, Role: FOLLOWER, Watermarks: {Received: 3.5 Committed: 3.5} Leader: 0.0, new leader: , initial_fd_wait: <uninitialized>
I1010 10:35:58.536993 18354176 log_util.cc:841] Found no log entry headers
I1010 10:35:58.537061 16207872 log.cc:1461] T 9b45d3f9024e43b58a591ec35594430e P 6b460ba950654300b6c50d93f25aea31: Setting log wal retention time to 0 seconds
I1010 10:35:58.537226 17817600 tablet_bootstrap.cc:740] T 4c1e255cf37d4de58ed9d6a6f32e7473 P 6b460ba950654300b6c50d93f25aea31: Will attempt to recover log segment /Users/nag/yb/yugabyte-data/node2/yb-data/tserver/wals/table-f80c17935cc9489ab3c6c05dceb25976/tablet-4c1e255cf37d4de58ed9d6a6f32e7473/wal-000000001
I1010 10:35:58.537701 17281024 consensus_meta.cc:361] T 7584006b2fba41cd828ac06782afeb03 P 6b460ba950654300b6c50d93f25aea31: Updating active role from FOLLOWER to FOLLOWER. Consensus state: current_term: 3 leader_uuid: "" config { opid_index: 5 peers { permanent_uuid: "23d881032c1249bd803e401a539be0e2" member_type: VOTER last_known_private_addr { host: "127.0.0.3" port: 9100 } cloud_info { placement_cloud: "cloud1" placement_region: "datacenter1" placement_zone: "rack1" } } peers { permanent_uuid: "6b460ba950654300b6c50d93f25aea31" member_type: VOTER last_known_private_addr { host: "127.0.0.2" port: 9100 } cloud_info { placement_cloud: "cloud1" placement_region: "datacenter1" placement_zone: "rack1" } } peers { permanent_uuid: "d5c37cb1777946179e6692ee5e504715" member_type: VOTER last_known_private_addr { host: "127.0.0.1" port: 9100 } cloud_info { placement_cloud: "cloud1" placement_region: "datacenter1" placement_zone: "rack1" } } }, has_pending_config = 0
I1010 10:35:58.537865 19963904 tablet_bootstrap_if.cc:96] T 541698385c044c6ab901cf03bad66398 P 6b460ba950654300b6c50d93f25aea31: Bootstrap replayed 1/1 log segments. Read operations: 5, overwritten operations: 0. Pending: 1 replicates. Last read committed op id: 2.5, last entry metadata: { entry_time: 187108.116s offset: 1376 active_segment_sequence_number: 1 }, last read entry op id: 2.5
I1010 10:35:58.537894 18354176 log_util.cc:702] Ignoring partially flushed segment in write ahead log /Users/nag/yb/yugabyte-data/node2/yb-data/tserver/wals/table-f80c17935cc9489ab3c6c05dceb25976/tablet-54eeee0960454077a8ed85a75d38bc29/wal-000000001 because there are no log entries following this one. The server probably crashed in the middle of writing an entry to the write-ahead log or downloaded an active log via remote bootstrap. Error detail: Corruption (yb/consensus/log_util.cc:912): Invalid checksum in log entry head header: found=0, computed=2351477386: Failed trying to read batch #13 at offset 2092 for log segment /Users/nag/yb/yugabyte-data/node2/yb-data/tserver/wals/table-f80c17935cc9489ab3c6c05dceb25976/tablet-54eeee0960454077a8ed85a75d38bc29/wal-000000001: Prior batch offsets: 1434 1460 2066 2092; Last log entries read: [REPLICATE (3.3)] [REPLICATE (4.4)] [REPLICATE (4.5)] [REPLICATE (4.6)]
I1010 10:35:58.537899 18890752 log_util.cc:841] Found no log entry headers
I1010 10:35:58.537886 19427328 consensus_meta.cc:361] T 30fedb9fed834e6d975c43711c3f6fd9 P 6b460ba950654300b6c50d93f25aea31: Updating active role from UNKNOWN_ROLE to FOLLOWER. Consensus state: current_term: 4 leader_uuid: "" config { opid_index: 5 peers { permanent_uuid: "23d881032c1249bd803e401a539be0e2" member_type: VOTER last_known_private_addr { host: "127.0.0.3" port: 9100 } cloud_info { placement_cloud: "cloud1" placement_region: "datacenter1" placement_zone: "rack1" } } peers { permanent_uuid: "d5c37cb1777946179e6692ee5e504715" member_type: VOTER last_known_private_addr { host: "127.0.0.1" port: 9100 } cloud_info { placement_cloud: "cloud1" placement_region: "datacenter1" placement_zone: "rack1" } } peers { permanent_uuid: "6b460ba950654300b6c50d93f25aea31" member_type: VOTER last_known_private_addr { host: "127.0.0.2" port: 9100 } cloud_info { placement_cloud: "cloud1" placement_region: "datacenter1" placement_zone: "rack1" } } }, has_pending_config = 0
I1010 10:35:58.537956 16207872 ts_tablet_manager.cc:1982] T 9b45d3f9024e43b58a591ec35594430e P 6b460ba950654300b6c50d93f25aea31: Time spent bootstrapping tablet: real 0.020s	user 0.002s	sys 0.006s
I1010 10:35:58.537977 17817600 tablet_bootstrap.cc:1238] T 4c1e255cf37d4de58ed9d6a6f32e7473 P 6b460ba950654300b6c50d93f25aea31: Flushed DocDB OpIds: { regular: -1.-1 intents: -1.-1 }
W1010 10:35:58.537963 22646784 heartbeater.cc:671] P 6b460ba950654300b6c50d93f25aea31: Failed to heartbeat to 127.0.0.3:7100: Remote error (yb/rpc/outbound_call.cc:561): Failed to send heartbeat: Invalid argument (yb/master/master_heartbeat_service.cc:251): Received wrong universe_uuid 21b2e3d0-495a-4149-9f2a-913ddeb95eff, expected 7252bc1a-cf22-48a4-9dd6-459a6f24aa4e (rpc error 1) tries=10, num=3, masters=0x000000010d6628b8 -> [[127.0.0.1:7100], [127.0.0.2:7100], [127.0.0.3:7100]], code=Remote error
I1010 10:35:58.538136 17281024 consensus_queue.cc:270] T 7584006b2fba41cd828ac06782afeb03 P 6b460ba950654300b6c50d93f25aea31 [NON_LEADER]: Queue going to NON_LEADER mode. State: All replicated op: 0.0, Majority replicated op: 0.0, Committed index: 0.0, Last applied: 0.0, Last appended: 3.5, Current term: 0, Majority size: -1, State: QUEUE_OPEN, Mode: NON_LEADER
I1010 10:35:58.538161 19963904 tablet_bootstrap.cc:1654] T 541698385c044c6ab901cf03bad66398 P 6b460ba950654300b6c50d93f25aea31: Dumping replay state to log at the end of PlaySegments
I1010 10:35:58.538244 18890752 log_util.cc:702] Ignoring partially flushed segment in write ahead log /Users/nag/yb/yugabyte-data/node2/yb-data/tserver/wals/table-f80c17935cc9489ab3c6c05dceb25976/tablet-2a30e7b2effb4ab888e1f5a8af3fb03b/wal-000000001 because there are no log entries following this one. The server probably crashed in the middle of writing an entry to the write-ahead log or downloaded an active log via remote bootstrap. Error detail: Corruption (yb/consensus/log_util.cc:912): Invalid checksum in log entry head header: found=0, computed=2351477386: Failed trying to read batch #31 at offset 3396 for log segment /Users/nag/yb/yugabyte-data/node2/yb-data/tserver/wals/table-f80c17935cc9489ab3c6c05dceb25976/tablet-2a30e7b2effb4ab888e1f5a8af3fb03b/wal-000000001: Prior batch offsets: 3286 3312 3370 3396; Last log entries read: [REPLICATE (1.12)] [REPLICATE (1.13)] [REPLICATE (1.14)] [REPLICATE (2.15)]
I1010 10:35:58.538336 18354176 log.cc:1112] Successfully restored footer_builder_ and log_index_ for segment: /Users/nag/yb/yugabyte-data/node2/yb-data/tserver/wals/table-f80c17935cc9489ab3c6c05dceb25976/tablet-54eeee0960454077a8ed85a75d38bc29/wal-000000001. Reopen the file for write with starting offset: 2092
I1010 10:35:58.538374 17817600 tablet_bootstrap.cc:1514] T 4c1e255cf37d4de58ed9d6a6f32e7473 P 6b460ba950654300b6c50d93f25aea31: Max persistent index in RocksDB's SSTables before bootstrap: regular RocksDB: -1.-1; intents RocksDB: -1.-1
I1010 10:35:58.538450 19427328 tablet_bootstrap_state_manager.cc:68] Initialized TabletBootstrapStateManager, found a file ? no, wal dir=/Users/nag/yb/yugabyte-data/node2/yb-data/tserver/wals/table-f80c17935cc9489ab3c6c05dceb25976/tablet-30fedb9fed834e6d975c43711c3f6fd9
I1010 10:35:58.538498 22646784 heartbeater.cc:379] P 6b460ba950654300b6c50d93f25aea31: Registering TS with master...
I1010 10:35:58.538692 17281024 raft_consensus.cc:3519] T 7584006b2fba41cd828ac06782afeb03 P 6b460ba950654300b6c50d93f25aea31 [term 3 FOLLOWER]: Calling mark dirty synchronously for reason code CONSENSUS_STARTED
I1010 10:35:58.538738 19963904 tablet_bootstrap.cc:1212] T 541698385c044c6ab901cf03bad66398 P 6b460ba950654300b6c50d93f25aea31: ReplayState: Previous OpId: 2.5, Committed OpId: 2.5, Pending Replicates: 0, Flushed Regular: -1.-1, Flushed Intents: -1.-1
I1010 10:35:58.538914 18354176 log.cc:1461] T 54eeee0960454077a8ed85a75d38bc29 P 6b460ba950654300b6c50d93f25aea31: Setting log wal retention time to 0 seconds
I1010 10:35:58.538929 18890752 log.cc:1112] Successfully restored footer_builder_ and log_index_ for segment: /Users/nag/yb/yugabyte-data/node2/yb-data/tserver/wals/table-f80c17935cc9489ab3c6c05dceb25976/tablet-2a30e7b2effb4ab888e1f5a8af3fb03b/wal-000000001. Reopen the file for write with starting offset: 3396
I1010 10:35:58.539007 22646784 server_base.cc:598] Using private rpc address 127.0.0.2
I1010 10:35:58.539053 17817600 log.cc:1461] T 4c1e255cf37d4de58ed9d6a6f32e7473 P 6b460ba950654300b6c50d93f25aea31: Setting log wal retention time to 0 seconds
I1010 10:35:58.539050 19427328 tablet_peer.cc:1643] T 30fedb9fed834e6d975c43711c3f6fd9 P 6b460ba950654300b6c50d93f25aea31 [state=BOOTSTRAPPING]: Changed state from NOT_STARTED to BOOTSTRAPPING
I1010 10:35:58.539059 17281024 tablet_peer.cc:1643] T 7584006b2fba41cd828ac06782afeb03 P 6b460ba950654300b6c50d93f25aea31 [state=RUNNING]: Changed state from BOOTSTRAPPING to RUNNING
I1010 10:35:58.539081 19963904 tablet_bootstrap.cc:1212] T 541698385c044c6ab901cf03bad66398 P 6b460ba950654300b6c50d93f25aea31: Log entries applied to RocksDB: 5
I1010 10:35:58.539146 18354176 ts_tablet_manager.cc:1982] T 54eeee0960454077a8ed85a75d38bc29 P 6b460ba950654300b6c50d93f25aea31: Time spent bootstrapping tablet: real 0.028s	user 0.002s	sys 0.006s
I1010 10:35:58.539199 22646784 server_base.cc:620] Using http address 127.0.0.2
I1010 10:35:58.539186 18890752 log.cc:1461] T 2a30e7b2effb4ab888e1f5a8af3fb03b P 6b460ba950654300b6c50d93f25aea31: Setting log wal retention time to 0 seconds
I1010 10:35:58.539300 19427328 tablet_bootstrap_if.cc:96] T 30fedb9fed834e6d975c43711c3f6fd9 P 6b460ba950654300b6c50d93f25aea31: Bootstrap starting.
I1010 10:35:58.539358 17281024 tablet_peer.cc:1516] T 7584006b2fba41cd828ac06782afeb03 P 6b460ba950654300b6c50d93f25aea31 [state=RUNNING]: Registered log gc
I1010 10:35:58.539362 19963904 tablet_bootstrap.cc:1666] T 541698385c044c6ab901cf03bad66398 P 6b460ba950654300b6c50d93f25aea31: Number of orphaned replicates: 0, last id: 2.5, committed id: 2.5
I1010 10:35:58.539566 18890752 ts_tablet_manager.cc:1982] T 2a30e7b2effb4ab888e1f5a8af3fb03b P 6b460ba950654300b6c50d93f25aea31: Time spent bootstrapping tablet: real 0.019s	user 0.002s	sys 0.005s
I1010 10:35:58.539657 17281024 ts_tablet_manager.cc:2063] T 7584006b2fba41cd828ac06782afeb03 P 6b460ba950654300b6c50d93f25aea31: Time spent starting tablet: real 0.009s	user 0.002s	sys 0.002s
I1010 10:35:58.539711 19427328 tablet.cc:637] T 30fedb9fed834e6d975c43711c3f6fd9 P 6b460ba950654300b6c50d93f25aea31: Schema version for transactions is 0
I1010 10:35:58.540017 17281024 ts_tablet_manager.cc:3478] Deleted transition in progress opening tablet for tablet 7584006b2fba41cd828ac06782afeb03
I1010 10:35:58.540653 19427328 tablet_bootstrap.cc:644] T 30fedb9fed834e6d975c43711c3f6fd9 P 6b460ba950654300b6c50d93f25aea31: Time spent opening tablet: real 0.000s	user 0.000s	sys 0.000s
I1010 10:35:58.540757 17281024 ts_tablet_manager.cc:1936] T f5bd6014d733492eac6dd2cfba061381 P 6b460ba950654300b6c50d93f25aea31: Bootstrapping tablet
I1010 10:35:58.541102 19427328 tablet_bootstrap.cc:740] T 30fedb9fed834e6d975c43711c3f6fd9 P 6b460ba950654300b6c50d93f25aea31: Will attempt to recover log segment /Users/nag/yb/yugabyte-data/node2/yb-data/tserver/wals/table-f80c17935cc9489ab3c6c05dceb25976/tablet-30fedb9fed834e6d975c43711c3f6fd9/wal-000000001
I1010 10:35:58.541158 16207872 consensus_meta.cc:361] T 9b45d3f9024e43b58a591ec35594430e P 6b460ba950654300b6c50d93f25aea31: Updating active role from FOLLOWER to FOLLOWER. Consensus state: current_term: 1 leader_uuid: "" config { opid_index: 4 peers { permanent_uuid: "23d881032c1249bd803e401a539be0e2" member_type: VOTER last_known_private_addr { host: "127.0.0.3" port: 9100 } cloud_info { placement_cloud: "cloud1" placement_region: "datacenter1" placement_zone: "rack1" } } peers { permanent_uuid: "6b460ba950654300b6c50d93f25aea31" member_type: VOTER last_known_private_addr { host: "127.0.0.2" port: 9100 } cloud_info { placement_cloud: "cloud1" placement_region: "datacenter1" placement_zone: "rack1" } } peers { permanent_uuid: "d5c37cb1777946179e6692ee5e504715" member_type: VOTER last_known_private_addr { host: "127.0.0.1" port: 9100 } cloud_info { placement_cloud: "cloud1" placement_region: "datacenter1" placement_zone: "rack1" } } }, has_pending_config = 0
I1010 10:35:58.541553 19963904 tablet_bootstrap_if.cc:96] T 541698385c044c6ab901cf03bad66398 P 6b460ba950654300b6c50d93f25aea31: Bootstrap complete.
I1010 10:35:58.541849 17281024 consensus_meta.cc:361] T f5bd6014d733492eac6dd2cfba061381 P 6b460ba950654300b6c50d93f25aea31: Updating active role from UNKNOWN_ROLE to FOLLOWER. Consensus state: current_term: 4 leader_uuid: "" config { opid_index: 4 peers { permanent_uuid: "6b460ba950654300b6c50d93f25aea31" member_type: VOTER last_known_private_addr { host: "127.0.0.2" port: 9100 } cloud_info { placement_cloud: "cloud1" placement_region: "datacenter1" placement_zone: "rack1" } } peers { permanent_uuid: "d5c37cb1777946179e6692ee5e504715" member_type: VOTER last_known_private_addr { host: "127.0.0.1" port: 9100 } cloud_info { placement_cloud: "cloud1" placement_region: "datacenter1" placement_zone: "rack1" } } peers { permanent_uuid: "23d881032c1249bd803e401a539be0e2" member_type: VOTER last_known_private_addr { host: "127.0.0.3" port: 9100 } cloud_info { placement_cloud: "cloud1" placement_region: "datacenter1" placement_zone: "rack1" } } }, has_pending_config = 0
W1010 10:35:58.541904 17817600 log_util.cc:241] Could not read footer for segment: /Users/nag/yb/yugabyte-data/node2/yb-data/tserver/wals/table-f80c17935cc9489ab3c6c05dceb25976/tablet-4c1e255cf37d4de58ed9d6a6f32e7473/wal-000000001: Not found (yb/consensus/log_util.cc:581): Footer not found. Footer magic doesn't match
I1010 10:35:58.541929 19427328 tablet_bootstrap.cc:740] T 30fedb9fed834e6d975c43711c3f6fd9 P 6b460ba950654300b6c50d93f25aea31: Will attempt to recover log segment /Users/nag/yb/yugabyte-data/node2/yb-data/tserver/wals/table-f80c17935cc9489ab3c6c05dceb25976/tablet-30fedb9fed834e6d975c43711c3f6fd9/wal-000000002
I1010 10:35:58.541997 18354176 consensus_meta.cc:361] T 54eeee0960454077a8ed85a75d38bc29 P 6b460ba950654300b6c50d93f25aea31: Updating active role from FOLLOWER to FOLLOWER. Consensus state: current_term: 4 leader_uuid: "" config { opid_index: 6 peers { permanent_uuid: "23d881032c1249bd803e401a539be0e2" member_type: VOTER last_known_private_addr { host: "127.0.0.3" port: 9100 } cloud_info { placement_cloud: "cloud1" placement_region: "datacenter1" placement_zone: "rack1" } } peers { permanent_uuid: "6b460ba950654300b6c50d93f25aea31" member_type: VOTER last_known_private_addr { host: "127.0.0.2" port: 9100 } cloud_info { placement_cloud: "cloud1" placement_region: "datacenter1" placement_zone: "rack1" } } peers { permanent_uuid: "d5c37cb1777946179e6692ee5e504715" member_type: VOTER last_known_private_addr { host: "127.0.0.1" port: 9100 } cloud_info { placement_cloud: "cloud1" placement_region: "datacenter1" placement_zone: "rack1" } } }, has_pending_config = 0
W1010 10:35:58.542148 22646784 heartbeater.cc:671] P 6b460ba950654300b6c50d93f25aea31: Failed to heartbeat to 127.0.0.3:7100: Remote error (yb/rpc/outbound_call.cc:561): Failed to send heartbeat: Invalid argument (yb/master/master_heartbeat_service.cc:251): Received wrong universe_uuid 21b2e3d0-495a-4149-9f2a-913ddeb95eff, expected 7252bc1a-cf22-48a4-9dd6-459a6f24aa4e (rpc error 1) tries=11, num=3, masters=0x000000010d6628b8 -> [[127.0.0.1:7100], [127.0.0.2:7100], [127.0.0.3:7100]], code=Remote error
I1010 10:35:58.542165 16207872 raft_consensus.cc:498] T 9b45d3f9024e43b58a591ec35594430e P 6b460ba950654300b6c50d93f25aea31 [term 1 FOLLOWER]: Replica starting. Triggering 0 pending operations. Active config: opid_index: 4 peers { permanent_uuid: "23d881032c1249bd803e401a539be0e2" member_type: VOTER last_known_private_addr { host: "127.0.0.3" port: 9100 } cloud_info { placement_cloud: "cloud1" placement_region: "datacenter1" placement_zone: "rack1" } } peers { permanent_uuid: "6b460ba950654300b6c50d93f25aea31" member_type: VOTER last_known_private_addr { host: "127.0.0.2" port: 9100 } cloud_info { placement_cloud: "cloud1" placement_region: "datacenter1" placement_zone: "rack1" } } peers { permanent_uuid: "d5c37cb1777946179e6692ee5e504715" member_type: VOTER last_known_private_addr { host: "127.0.0.1" port: 9100 } cloud_info { placement_cloud: "cloud1" placement_region: "datacenter1" placement_zone: "rack1" } }
W1010 10:35:58.542290 17817600 log_reader.cc:217] T 4c1e255cf37d4de58ed9d6a6f32e7473 P 6b460ba950654300b6c50d93f25aea31: Log segment /Users/nag/yb/yugabyte-data/node2/yb-data/tserver/wals/table-f80c17935cc9489ab3c6c05dceb25976/tablet-4c1e255cf37d4de58ed9d6a6f32e7473/wal-000000001 was likely left in-progressafter a previous crash. Will try to reuse this segment as writable active segment
I1010 10:35:58.542296 19963904 log_util.cc:797] Scanning /Users/nag/yb/yugabyte-data/node2/yb-data/tserver/wals/table-f80c17935cc9489ab3c6c05dceb25976/tablet-541698385c044c6ab901cf03bad66398/wal-000000001 for valid entry headers following offset 2008...
I1010 10:35:58.542309 18890752 consensus_meta.cc:361] T 2a30e7b2effb4ab888e1f5a8af3fb03b P 6b460ba950654300b6c50d93f25aea31: Updating active role from FOLLOWER to FOLLOWER. Consensus state: current_term: 2 leader_uuid: "" config { opid_index: 4 peers { permanent_uuid: "6b460ba950654300b6c50d93f25aea31" member_type: VOTER last_known_private_addr { host: "127.0.0.2" port: 9100 } cloud_info { placement_cloud: "cloud1" placement_region: "datacenter1" placement_zone: "rack1" } } peers { permanent_uuid: "d5c37cb1777946179e6692ee5e504715" member_type: VOTER last_known_private_addr { host: "127.0.0.1" port: 9100 } cloud_info { placement_cloud: "cloud1" placement_region: "datacenter1" placement_zone: "rack1" } } peers { permanent_uuid: "23d881032c1249bd803e401a539be0e2" member_type: VOTER last_known_private_addr { host: "127.0.0.3" port: 9100 } cloud_info { placement_cloud: "cloud1" placement_region: "datacenter1" placement_zone: "rack1" } } }, has_pending_config = 0
I1010 10:35:58.542335 19427328 tablet_bootstrap.cc:1238] T 30fedb9fed834e6d975c43711c3f6fd9 P 6b460ba950654300b6c50d93f25aea31: Flushed DocDB OpIds: { regular: -1.-1 intents: -1.-1 }
I1010 10:35:58.542347 17281024 tablet_bootstrap_state_manager.cc:68] Initialized TabletBootstrapStateManager, found a file ? no, wal dir=/Users/nag/yb/yugabyte-data/node2/yb-data/tserver/wals/table-f80c17935cc9489ab3c6c05dceb25976/tablet-f5bd6014d733492eac6dd2cfba061381
I1010 10:35:58.542394 18354176 raft_consensus.cc:498] T 54eeee0960454077a8ed85a75d38bc29 P 6b460ba950654300b6c50d93f25aea31 [term 4 FOLLOWER]: Replica starting. Triggering 0 pending operations. Active config: opid_index: 6 peers { permanent_uuid: "23d881032c1249bd803e401a539be0e2" member_type: VOTER last_known_private_addr { host: "127.0.0.3" port: 9100 } cloud_info { placement_cloud: "cloud1" placement_region: "datacenter1" placement_zone: "rack1" } } peers { permanent_uuid: "6b460ba950654300b6c50d93f25aea31" member_type: VOTER last_known_private_addr { host: "127.0.0.2" port: 9100 } cloud_info { placement_cloud: "cloud1" placement_region: "datacenter1" placement_zone: "rack1" } } peers { permanent_uuid: "d5c37cb1777946179e6692ee5e504715" member_type: VOTER last_known_private_addr { host: "127.0.0.1" port: 9100 } cloud_info { placement_cloud: "cloud1" placement_region: "datacenter1" placement_zone: "rack1" } }
I1010 10:35:58.542424 22646784 heartbeater.cc:379] P 6b460ba950654300b6c50d93f25aea31: Registering TS with master...
I1010 10:35:58.542516 16207872 raft_consensus.cc:1135] T 9b45d3f9024e43b58a591ec35594430e P 6b460ba950654300b6c50d93f25aea31 [term 1 FOLLOWER]: Becoming Follower/Learner. State: Replica: 6b460ba950654300b6c50d93f25aea31, State: 1, Role: FOLLOWER, Watermarks: {Received: 1.4 Committed: 1.4} Leader: 0.0, new leader: , initial_fd_wait: <uninitialized>
I1010 10:35:58.542557 17817600 log.cc:722] T 4c1e255cf37d4de58ed9d6a6f32e7473 P 6b460ba950654300b6c50d93f25aea31: Opened existing logs. Last segment is /Users/nag/yb/yugabyte-data/node2/yb-data/tserver/wals/table-f80c17935cc9489ab3c6c05dceb25976/tablet-4c1e255cf37d4de58ed9d6a6f32e7473/wal-000000001
I1010 10:35:58.542869 18890752 raft_consensus.cc:498] T 2a30e7b2effb4ab888e1f5a8af3fb03b P 6b460ba950654300b6c50d93f25aea31 [term 2 FOLLOWER]: Replica starting. Triggering 0 pending operations. Active config: opid_index: 4 peers { permanent_uuid: "6b460ba950654300b6c50d93f25aea31" member_type: VOTER last_known_private_addr { host: "127.0.0.2" port: 9100 } cloud_info { placement_cloud: "cloud1" placement_region: "datacenter1" placement_zone: "rack1" } } peers { permanent_uuid: "d5c37cb1777946179e6692ee5e504715" member_type: VOTER last_known_private_addr { host: "127.0.0.1" port: 9100 } cloud_info { placement_cloud: "cloud1" placement_region: "datacenter1" placement_zone: "rack1" } } peers { permanent_uuid: "23d881032c1249bd803e401a539be0e2" member_type: VOTER last_known_private_addr { host: "127.0.0.3" port: 9100 } cloud_info { placement_cloud: "cloud1" placement_region: "datacenter1" placement_zone: "rack1" } }
I1010 10:35:58.542970 19427328 tablet_bootstrap.cc:1514] T 30fedb9fed834e6d975c43711c3f6fd9 P 6b460ba950654300b6c50d93f25aea31: Max persistent index in RocksDB's SSTables before bootstrap: regular RocksDB: -1.-1; intents RocksDB: -1.-1
I1010 10:35:58.543008 19963904 log_util.cc:841] Found no log entry headers
I1010 10:35:58.543047 17281024 tablet_peer.cc:1643] T f5bd6014d733492eac6dd2cfba061381 P 6b460ba950654300b6c50d93f25aea31 [state=BOOTSTRAPPING]: Changed state from NOT_STARTED to BOOTSTRAPPING
I1010 10:35:58.543058 18354176 raft_consensus.cc:1135] T 54eeee0960454077a8ed85a75d38bc29 P 6b460ba950654300b6c50d93f25aea31 [term 4 FOLLOWER]: Becoming Follower/Learner. State: Replica: 6b460ba950654300b6c50d93f25aea31, State: 1, Role: FOLLOWER, Watermarks: {Received: 4.6 Committed: 4.6} Leader: 0.0, new leader: , initial_fd_wait: <uninitialized>
I1010 10:35:58.543102 22646784 server_base.cc:598] Using private rpc address 127.0.0.2
I1010 10:35:58.543143 16207872 consensus_meta.cc:361] T 9b45d3f9024e43b58a591ec35594430e P 6b460ba950654300b6c50d93f25aea31: Updating active role from FOLLOWER to FOLLOWER. Consensus state: current_term: 1 leader_uuid: "" config { opid_index: 4 peers { permanent_uuid: "23d881032c1249bd803e401a539be0e2" member_type: VOTER last_known_private_addr { host: "127.0.0.3" port: 9100 } cloud_info { placement_cloud: "cloud1" placement_region: "datacenter1" placement_zone: "rack1" } } peers { permanent_uuid: "6b460ba950654300b6c50d93f25aea31" member_type: VOTER last_known_private_addr { host: "127.0.0.2" port: 9100 } cloud_info { placement_cloud: "cloud1" placement_region: "datacenter1" placement_zone: "rack1" } } peers { permanent_uuid: "d5c37cb1777946179e6692ee5e504715" member_type: VOTER last_known_private_addr { host: "127.0.0.1" port: 9100 } cloud_info { placement_cloud: "cloud1" placement_region: "datacenter1" placement_zone: "rack1" } } }, has_pending_config = 0
I1010 10:35:58.543200 17817600 tablet_bootstrap.cc:396] T 4c1e255cf37d4de58ed9d6a6f32e7473 P 6b460ba950654300b6c50d93f25aea31: Bootstrap optimizer (skip_flushed_entries): op_id_replay_lowest=-1.-1 (regular_op_id=-1.-1, intents_op_id=-1.-1, has_intents_db=0)
I1010 10:35:58.543233 18890752 raft_consensus.cc:1135] T 2a30e7b2effb4ab888e1f5a8af3fb03b P 6b460ba950654300b6c50d93f25aea31 [term 2 FOLLOWER]: Becoming Follower/Learner. State: Replica: 6b460ba950654300b6c50d93f25aea31, State: 1, Role: FOLLOWER, Watermarks: {Received: 2.15 Committed: 2.15} Leader: 0.0, new leader: , initial_fd_wait: <uninitialized>
I1010 10:35:58.543354 19427328 log.cc:1461] T 30fedb9fed834e6d975c43711c3f6fd9 P 6b460ba950654300b6c50d93f25aea31: Setting log wal retention time to 0 seconds
I1010 10:35:58.543370 19963904 log_util.cc:702] Ignoring partially flushed segment in write ahead log /Users/nag/yb/yugabyte-data/node2/yb-data/tserver/wals/table-f80c17935cc9489ab3c6c05dceb25976/tablet-541698385c044c6ab901cf03bad66398/wal-000000001 because there are no log entries following this one. The server probably crashed in the middle of writing an entry to the write-ahead log or downloaded an active log via remote bootstrap. Error detail: Corruption (yb/consensus/log_util.cc:912): Invalid checksum in log entry head header: found=0, computed=2351477386: Failed trying to read batch #11 at offset 2008 for log segment /Users/nag/yb/yugabyte-data/node2/yb-data/tserver/wals/table-f80c17935cc9489ab3c6c05dceb25976/tablet-541698385c044c6ab901cf03bad66398/wal-000000001: Prior batch offsets: 1350 1376 1982 2008; Last log entries read: [REPLICATE (1.2)] [REPLICATE (2.3)] [REPLICATE (2.4)] [REPLICATE (2.5)]
I1010 10:35:58.543426 17281024 tablet_bootstrap_if.cc:96] T f5bd6014d733492eac6dd2cfba061381 P 6b460ba950654300b6c50d93f25aea31: Bootstrap starting.
