I1010 10:35:58.591395 16207872 event_logger.cc:66] T 58e6490841794dbeb8a8ffeaeaa9d87d P 6b460ba950654300b6c50d93f25aea31 [R]: EVENT_LOG_v1 {"time_micros": 1728536758591385, "job": 1, "event": "recovery_started", "log_files": [3]}
I1010 10:35:58.591392 19963904 tablet.cc:637] T dc9df9c5ad3649a4b4a0ef5b914a4f22 P 6b460ba950654300b6c50d93f25aea31: Schema version for cdc_state is 0
I1010 10:35:58.591820 19427328 log_util.cc:797] Scanning /Users/nag/yb/yugabyte-data/node2/yb-data/tserver/wals/table-f80c17935cc9489ab3c6c05dceb25976/tablet-1e9c042ca80e4c66a6117c85d04f6168/wal-000000001 for valid entry headers following offset 2008...
I1010 10:35:58.591840 18890752 event_logger.cc:66] T 8e0f68212e424483898ada80f57d111e P 6b460ba950654300b6c50d93f25aea31 [R]: EVENT_LOG_v1 {"time_micros": 1728536758591804, "job": 1, "event": "recovery_started", "log_files": [3]}
I1010 10:35:58.592526 16207872 db_impl.cc:1622] T 58e6490841794dbeb8a8ffeaeaa9d87d P 6b460ba950654300b6c50d93f25aea31 [R]: Recovering log #3 mode 0 skip-recovery 0
I1010 10:35:58.592583 17817600 consensus_meta.cc:361] T 1b3f2a4877404ba898e6ff9448cf4740 P 6b460ba950654300b6c50d93f25aea31: Updating active role from FOLLOWER to FOLLOWER. Consensus state: current_term: 3 leader_uuid: "" config { opid_index: 4 peers { permanent_uuid: "23d881032c1249bd803e401a539be0e2" member_type: VOTER last_known_private_addr { host: "127.0.0.3" port: 9100 } cloud_info { placement_cloud: "cloud1" placement_region: "datacenter1" placement_zone: "rack1" } } peers { permanent_uuid: "d5c37cb1777946179e6692ee5e504715" member_type: VOTER last_known_private_addr { host: "127.0.0.1" port: 9100 } cloud_info { placement_cloud: "cloud1" placement_region: "datacenter1" placement_zone: "rack1" } } peers { permanent_uuid: "6b460ba950654300b6c50d93f25aea31" member_type: VOTER last_known_private_addr { host: "127.0.0.2" port: 9100 } cloud_info { placement_cloud: "cloud1" placement_region: "datacenter1" placement_zone: "rack1" } } }, has_pending_config = 0
I1010 10:35:58.592789 19963904 docdb_rocksdb_util.cc:659] T dc9df9c5ad3649a4b4a0ef5b914a4f22 P 6b460ba950654300b6c50d93f25aea31 [R]: Write buffer size: 134217728
I1010 10:35:58.592941 19427328 log_util.cc:841] Found no log entry headers
I1010 10:35:58.593088 18890752 db_impl.cc:1622] T 8e0f68212e424483898ada80f57d111e P 6b460ba950654300b6c50d93f25aea31 [R]: Recovering log #3 mode 0 skip-recovery 0
I1010 10:35:58.593096 16207872 version_set.cc:2407] T 58e6490841794dbeb8a8ffeaeaa9d87d P 6b460ba950654300b6c50d93f25aea31 [R]: Creating manifest 5
I1010 10:35:58.593199 18354176 version_set.cc:2966] T 8b3b2a6029b04e9caafd3d0ecee41251 P 6b460ba950654300b6c50d93f25aea31 [R]: Recovered from manifest file:/Users/nag/yb/yugabyte-data/node2/yb-data/tserver/data/rocksdb/table-0000400000003000800000000000400e/tablet-8b3b2a6029b04e9caafd3d0ecee41251/MANIFEST-000001 succeeded,manifest_file_number is 1, next_file_number is 3, last_sequence is 1125899906842624, log_number is 0,prev_log_number is 0,max_column_family is 0, flushed_values is <NULL>
I1010 10:35:58.593199 17817600 raft_consensus.cc:498] T 1b3f2a4877404ba898e6ff9448cf4740 P 6b460ba950654300b6c50d93f25aea31 [term 3 FOLLOWER]: Replica starting. Triggering 0 pending operations. Active config: opid_index: 4 peers { permanent_uuid: "23d881032c1249bd803e401a539be0e2" member_type: VOTER last_known_private_addr { host: "127.0.0.3" port: 9100 } cloud_info { placement_cloud: "cloud1" placement_region: "datacenter1" placement_zone: "rack1" } } peers { permanent_uuid: "d5c37cb1777946179e6692ee5e504715" member_type: VOTER last_known_private_addr { host: "127.0.0.1" port: 9100 } cloud_info { placement_cloud: "cloud1" placement_region: "datacenter1" placement_zone: "rack1" } } peers { permanent_uuid: "6b460ba950654300b6c50d93f25aea31" member_type: VOTER last_known_private_addr { host: "127.0.0.2" port: 9100 } cloud_info { placement_cloud: "cloud1" placement_region: "datacenter1" placement_zone: "rack1" } }
I1010 10:35:58.593252 19427328 log_util.cc:702] Ignoring partially flushed segment in write ahead log /Users/nag/yb/yugabyte-data/node2/yb-data/tserver/wals/table-f80c17935cc9489ab3c6c05dceb25976/tablet-1e9c042ca80e4c66a6117c85d04f6168/wal-000000001 because there are no log entries following this one. The server probably crashed in the middle of writing an entry to the write-ahead log or downloaded an active log via remote bootstrap. Error detail: Corruption (yb/consensus/log_util.cc:912): Invalid checksum in log entry head header: found=0, computed=2351477386: Failed trying to read batch #11 at offset 2008 for log segment /Users/nag/yb/yugabyte-data/node2/yb-data/tserver/wals/table-f80c17935cc9489ab3c6c05dceb25976/tablet-1e9c042ca80e4c66a6117c85d04f6168/wal-000000001: Prior batch offsets: 1350 1376 1982 2008; Last log entries read: [REPLICATE (1.2)] [REPLICATE (3.3)] [REPLICATE (3.4)] [REPLICATE (3.5)]
I1010 10:35:58.593255 19963904 tablet.cc:764] T dc9df9c5ad3649a4b4a0ef5b914a4f22 P 6b460ba950654300b6c50d93f25aea31: Creating RocksDB database in dir /Users/nag/yb/yugabyte-data/node2/yb-data/tserver/data/rocksdb/table-b9a0b9d79c3a45f4842ed441df7c3e59/tablet-dc9df9c5ad3649a4b4a0ef5b914a4f22
I1010 10:35:58.593386 18890752 version_set.cc:2407] T 8e0f68212e424483898ada80f57d111e P 6b460ba950654300b6c50d93f25aea31 [R]: Creating manifest 5
I1010 10:35:58.593540 18354176 version_set.cc:2974] T 8b3b2a6029b04e9caafd3d0ecee41251 P 6b460ba950654300b6c50d93f25aea31 [R]: Column family [default] (ID 0), log number is 0
I1010 10:35:58.593667 17817600 raft_consensus.cc:1135] T 1b3f2a4877404ba898e6ff9448cf4740 P 6b460ba950654300b6c50d93f25aea31 [term 3 FOLLOWER]: Becoming Follower/Learner. State: Replica: 6b460ba950654300b6c50d93f25aea31, State: 1, Role: FOLLOWER, Watermarks: {Received: 3.22 Committed: 3.22} Leader: 0.0, new leader: , initial_fd_wait: <uninitialized>
I1010 10:35:58.593858 19427328 log.cc:1112] Successfully restored footer_builder_ and log_index_ for segment: /Users/nag/yb/yugabyte-data/node2/yb-data/tserver/wals/table-f80c17935cc9489ab3c6c05dceb25976/tablet-1e9c042ca80e4c66a6117c85d04f6168/wal-000000001. Reopen the file for write with starting offset: 2008
I1010 10:35:58.593885 19963904 tablet.cc:980] Opening RocksDB at: /Users/nag/yb/yugabyte-data/node2/yb-data/tserver/data/rocksdb/table-b9a0b9d79c3a45f4842ed441df7c3e59/tablet-dc9df9c5ad3649a4b4a0ef5b914a4f22
I1010 10:35:58.594027 18354176 event_logger.cc:66] T 8b3b2a6029b04e9caafd3d0ecee41251 P 6b460ba950654300b6c50d93f25aea31 [R]: EVENT_LOG_v1 {"time_micros": 1728536758594020, "job": 1, "event": "recovery_started", "log_files": [3]}
I1010 10:35:58.594074 17817600 consensus_meta.cc:361] T 1b3f2a4877404ba898e6ff9448cf4740 P 6b460ba950654300b6c50d93f25aea31: Updating active role from FOLLOWER to FOLLOWER. Consensus state: current_term: 3 leader_uuid: "" config { opid_index: 4 peers { permanent_uuid: "23d881032c1249bd803e401a539be0e2" member_type: VOTER last_known_private_addr { host: "127.0.0.3" port: 9100 } cloud_info { placement_cloud: "cloud1" placement_region: "datacenter1" placement_zone: "rack1" } } peers { permanent_uuid: "d5c37cb1777946179e6692ee5e504715" member_type: VOTER last_known_private_addr { host: "127.0.0.1" port: 9100 } cloud_info { placement_cloud: "cloud1" placement_region: "datacenter1" placement_zone: "rack1" } } peers { permanent_uuid: "6b460ba950654300b6c50d93f25aea31" member_type: VOTER last_known_private_addr { host: "127.0.0.2" port: 9100 } cloud_info { placement_cloud: "cloud1" placement_region: "datacenter1" placement_zone: "rack1" } } }, has_pending_config = 0
I1010 10:35:58.594300 19427328 log.cc:1461] T 1e9c042ca80e4c66a6117c85d04f6168 P 6b460ba950654300b6c50d93f25aea31: Setting log wal retention time to 0 seconds
I1010 10:35:58.594662 18354176 db_impl.cc:1622] T 8b3b2a6029b04e9caafd3d0ecee41251 P 6b460ba950654300b6c50d93f25aea31 [R]: Recovering log #3 mode 0 skip-recovery 0
I1010 10:35:58.595009 17817600 consensus_queue.cc:270] T 1b3f2a4877404ba898e6ff9448cf4740 P 6b460ba950654300b6c50d93f25aea31 [NON_LEADER]: Queue going to NON_LEADER mode. State: All replicated op: 0.0, Majority replicated op: 0.0, Committed index: 0.0, Last applied: 0.0, Last appended: 3.22, Current term: 0, Majority size: -1, State: QUEUE_OPEN, Mode: NON_LEADER
I1010 10:35:58.595644 19427328 ts_tablet_manager.cc:1982] T 1e9c042ca80e4c66a6117c85d04f6168 P 6b460ba950654300b6c50d93f25aea31: Time spent bootstrapping tablet: real 0.021s	user 0.002s	sys 0.003s
I1010 10:35:58.596127 19963904 version_set.cc:2966] T dc9df9c5ad3649a4b4a0ef5b914a4f22 P 6b460ba950654300b6c50d93f25aea31 [R]: Recovered from manifest file:/Users/nag/yb/yugabyte-data/node2/yb-data/tserver/data/rocksdb/table-b9a0b9d79c3a45f4842ed441df7c3e59/tablet-dc9df9c5ad3649a4b4a0ef5b914a4f22/MANIFEST-000001 succeeded,manifest_file_number is 1, next_file_number is 3, last_sequence is 1125899906842624, log_number is 0,prev_log_number is 0,max_column_family is 0, flushed_values is <NULL>
I1010 10:35:58.596568 18354176 version_set.cc:2407] T 8b3b2a6029b04e9caafd3d0ecee41251 P 6b460ba950654300b6c50d93f25aea31 [R]: Creating manifest 5
I1010 10:35:58.596647 16207872 event_logger.cc:66] T 58e6490841794dbeb8a8ffeaeaa9d87d P 6b460ba950654300b6c50d93f25aea31 [R]: EVENT_LOG_v1 {"time_micros": 1728536758596635, "job": 1, "event": "recovery_finished"}
I1010 10:35:58.597255 17817600 raft_consensus.cc:3519] T 1b3f2a4877404ba898e6ff9448cf4740 P 6b460ba950654300b6c50d93f25aea31 [term 3 FOLLOWER]: Calling mark dirty synchronously for reason code CONSENSUS_STARTED
I1010 10:35:58.597882 19963904 version_set.cc:2974] T dc9df9c5ad3649a4b4a0ef5b914a4f22 P 6b460ba950654300b6c50d93f25aea31 [R]: Column family [default] (ID 0), log number is 0
I1010 10:35:58.600956 18890752 event_logger.cc:66] T 8e0f68212e424483898ada80f57d111e P 6b460ba950654300b6c50d93f25aea31 [R]: EVENT_LOG_v1 {"time_micros": 1728536758600948, "job": 1, "event": "recovery_finished"}
I1010 10:35:58.601421 17817600 tablet_peer.cc:1643] T 1b3f2a4877404ba898e6ff9448cf4740 P 6b460ba950654300b6c50d93f25aea31 [state=RUNNING]: Changed state from BOOTSTRAPPING to RUNNING
I1010 10:35:58.601478 22646784 heartbeater.cc:379] P 6b460ba950654300b6c50d93f25aea31: Registering TS with master...
I1010 10:35:58.601629 19963904 event_logger.cc:66] T dc9df9c5ad3649a4b4a0ef5b914a4f22 P 6b460ba950654300b6c50d93f25aea31 [R]: EVENT_LOG_v1 {"time_micros": 1728536758601620, "job": 1, "event": "recovery_started", "log_files": [3]}
I1010 10:35:58.601851 22646784 server_base.cc:598] Using private rpc address 127.0.0.2
I1010 10:35:58.601872 17817600 tablet_peer.cc:1516] T 1b3f2a4877404ba898e6ff9448cf4740 P 6b460ba950654300b6c50d93f25aea31 [state=RUNNING]: Registered log gc
I1010 10:35:58.602016 22646784 server_base.cc:620] Using http address 127.0.0.2
I1010 10:35:58.602088 19963904 db_impl.cc:1622] T dc9df9c5ad3649a4b4a0ef5b914a4f22 P 6b460ba950654300b6c50d93f25aea31 [R]: Recovering log #3 mode 0 skip-recovery 0
I1010 10:35:58.602099 17817600 ts_tablet_manager.cc:2063] T 1b3f2a4877404ba898e6ff9448cf4740 P 6b460ba950654300b6c50d93f25aea31: Time spent starting tablet: real 0.011s	user 0.001s	sys 0.001s
I1010 10:35:58.602212 19963904 version_set.cc:2407] T dc9df9c5ad3649a4b4a0ef5b914a4f22 P 6b460ba950654300b6c50d93f25aea31 [R]: Creating manifest 5
I1010 10:35:58.602314 16207872 db_impl.cc:1277] T 58e6490841794dbeb8a8ffeaeaa9d87d P 6b460ba950654300b6c50d93f25aea31 [R]: [JOB 2] Delete /Users/nag/yb/yugabyte-data/node2/yb-data/tserver/data/rocksdb/table-00004000000030008000000000004007/tablet-58e6490841794dbeb8a8ffeaeaa9d87d//MANIFEST-000001 type=4 #1 -- OK
I1010 10:35:58.602325 18890752 db_impl.cc:1277] T 8e0f68212e424483898ada80f57d111e P 6b460ba950654300b6c50d93f25aea31 [R]: [JOB 2] Delete /Users/nag/yb/yugabyte-data/node2/yb-data/tserver/data/rocksdb/table-b9a0b9d79c3a45f4842ed441df7c3e59/tablet-8e0f68212e424483898ada80f57d111e//MANIFEST-000001 type=4 #1 -- OK
I1010 10:35:58.602310 19427328 consensus_meta.cc:361] T 1e9c042ca80e4c66a6117c85d04f6168 P 6b460ba950654300b6c50d93f25aea31: Updating active role from FOLLOWER to FOLLOWER. Consensus state: current_term: 3 leader_uuid: "" config { opid_index: 5 peers { permanent_uuid: "6b460ba950654300b6c50d93f25aea31" member_type: VOTER last_known_private_addr { host: "127.0.0.2" port: 9100 } cloud_info { placement_cloud: "cloud1" placement_region: "datacenter1" placement_zone: "rack1" } } peers { permanent_uuid: "d5c37cb1777946179e6692ee5e504715" member_type: VOTER last_known_private_addr { host: "127.0.0.1" port: 9100 } cloud_info { placement_cloud: "cloud1" placement_region: "datacenter1" placement_zone: "rack1" } } peers { permanent_uuid: "23d881032c1249bd803e401a539be0e2" member_type: VOTER last_known_private_addr { host: "127.0.0.3" port: 9100 } cloud_info { placement_cloud: "cloud1" placement_region: "datacenter1" placement_zone: "rack1" } } }, has_pending_config = 0
I1010 10:35:58.602491 17817600 ts_tablet_manager.cc:3478] Deleted transition in progress opening tablet for tablet 1b3f2a4877404ba898e6ff9448cf4740
I1010 10:35:58.602697 16207872 db_impl.cc:1277] T 58e6490841794dbeb8a8ffeaeaa9d87d P 6b460ba950654300b6c50d93f25aea31 [R]: [JOB 2] Delete /Users/nag/yb/yugabyte-data/node2/yb-data/tserver/data/rocksdb/table-00004000000030008000000000004007/tablet-58e6490841794dbeb8a8ffeaeaa9d87d//000003.log type=0 #3 -- OK
I1010 10:35:58.602945 18890752 db_impl.cc:1277] T 8e0f68212e424483898ada80f57d111e P 6b460ba950654300b6c50d93f25aea31 [R]: [JOB 2] Delete /Users/nag/yb/yugabyte-data/node2/yb-data/tserver/data/rocksdb/table-b9a0b9d79c3a45f4842ed441df7c3e59/tablet-8e0f68212e424483898ada80f57d111e//000003.log type=0 #3 -- OK
I1010 10:35:58.603001 18354176 event_logger.cc:66] T 8b3b2a6029b04e9caafd3d0ecee41251 P 6b460ba950654300b6c50d93f25aea31 [R]: EVENT_LOG_v1 {"time_micros": 1728536758602995, "job": 1, "event": "recovery_finished"}
I1010 10:35:58.603163 19427328 raft_consensus.cc:498] T 1e9c042ca80e4c66a6117c85d04f6168 P 6b460ba950654300b6c50d93f25aea31 [term 3 FOLLOWER]: Replica starting. Triggering 0 pending operations. Active config: opid_index: 5 peers { permanent_uuid: "6b460ba950654300b6c50d93f25aea31" member_type: VOTER last_known_private_addr { host: "127.0.0.2" port: 9100 } cloud_info { placement_cloud: "cloud1" placement_region: "datacenter1" placement_zone: "rack1" } } peers { permanent_uuid: "d5c37cb1777946179e6692ee5e504715" member_type: VOTER last_known_private_addr { host: "127.0.0.1" port: 9100 } cloud_info { placement_cloud: "cloud1" placement_region: "datacenter1" placement_zone: "rack1" } } peers { permanent_uuid: "23d881032c1249bd803e401a539be0e2" member_type: VOTER last_known_private_addr { host: "127.0.0.3" port: 9100 } cloud_info { placement_cloud: "cloud1" placement_region: "datacenter1" placement_zone: "rack1" } }
I1010 10:35:58.603241 17817600 ts_tablet_manager.cc:1936] T 1b590108fd474e13a02c154dfedc3952 P 6b460ba950654300b6c50d93f25aea31: Bootstrapping tablet
I1010 10:35:58.603765 19427328 raft_consensus.cc:1135] T 1e9c042ca80e4c66a6117c85d04f6168 P 6b460ba950654300b6c50d93f25aea31 [term 3 FOLLOWER]: Becoming Follower/Learner. State: Replica: 6b460ba950654300b6c50d93f25aea31, State: 1, Role: FOLLOWER, Watermarks: {Received: 3.5 Committed: 3.5} Leader: 0.0, new leader: , initial_fd_wait: <uninitialized>
I1010 10:35:58.603842 19963904 event_logger.cc:66] T dc9df9c5ad3649a4b4a0ef5b914a4f22 P 6b460ba950654300b6c50d93f25aea31 [R]: EVENT_LOG_v1 {"time_micros": 1728536758603835, "job": 1, "event": "recovery_finished"}
W1010 10:35:58.603837 22646784 heartbeater.cc:671] P 6b460ba950654300b6c50d93f25aea31: Failed to heartbeat to 127.0.0.3:7100: Remote error (yb/rpc/outbound_call.cc:561): Failed to send heartbeat: Invalid argument (yb/master/master_heartbeat_service.cc:251): Received wrong universe_uuid 21b2e3d0-495a-4149-9f2a-913ddeb95eff, expected 7252bc1a-cf22-48a4-9dd6-459a6f24aa4e (rpc error 1) tries=24, num=3, masters=0x000000010d6628b8 -> [[127.0.0.1:7100], [127.0.0.2:7100], [127.0.0.3:7100]], code=Remote error
I1010 10:35:58.603986 18354176 db_impl.cc:1277] T 8b3b2a6029b04e9caafd3d0ecee41251 P 6b460ba950654300b6c50d93f25aea31 [R]: [JOB 2] Delete /Users/nag/yb/yugabyte-data/node2/yb-data/tserver/data/rocksdb/table-0000400000003000800000000000400e/tablet-8b3b2a6029b04e9caafd3d0ecee41251//MANIFEST-000001 type=4 #1 -- OK
I1010 10:35:58.604264 19427328 consensus_meta.cc:361] T 1e9c042ca80e4c66a6117c85d04f6168 P 6b460ba950654300b6c50d93f25aea31: Updating active role from FOLLOWER to FOLLOWER. Consensus state: current_term: 3 leader_uuid: "" config { opid_index: 5 peers { permanent_uuid: "6b460ba950654300b6c50d93f25aea31" member_type: VOTER last_known_private_addr { host: "127.0.0.2" port: 9100 } cloud_info { placement_cloud: "cloud1" placement_region: "datacenter1" placement_zone: "rack1" } } peers { permanent_uuid: "d5c37cb1777946179e6692ee5e504715" member_type: VOTER last_known_private_addr { host: "127.0.0.1" port: 9100 } cloud_info { placement_cloud: "cloud1" placement_region: "datacenter1" placement_zone: "rack1" } } peers { permanent_uuid: "23d881032c1249bd803e401a539be0e2" member_type: VOTER last_known_private_addr { host: "127.0.0.3" port: 9100 } cloud_info { placement_cloud: "cloud1" placement_region: "datacenter1" placement_zone: "rack1" } } }, has_pending_config = 0
I1010 10:35:58.604278 17817600 consensus_meta.cc:361] T 1b590108fd474e13a02c154dfedc3952 P 6b460ba950654300b6c50d93f25aea31: Updating active role from UNKNOWN_ROLE to FOLLOWER. Consensus state: current_term: 1 leader_uuid: "" config { opid_index: -1 peers { permanent_uuid: "23d881032c1249bd803e401a539be0e2" member_type: VOTER last_known_private_addr { host: "127.0.0.3" port: 9100 } cloud_info { placement_cloud: "cloud1" placement_region: "datacenter1" placement_zone: "rack1" } } peers { permanent_uuid: "6b460ba950654300b6c50d93f25aea31" member_type: VOTER last_known_private_addr { host: "127.0.0.2" port: 9100 } cloud_info { placement_cloud: "cloud1" placement_region: "datacenter1" placement_zone: "rack1" } } peers { permanent_uuid: "d5c37cb1777946179e6692ee5e504715" member_type: VOTER last_known_private_addr { host: "127.0.0.1" port: 9100 } cloud_info { placement_cloud: "cloud1" placement_region: "datacenter1" placement_zone: "rack1" } } }, has_pending_config = 0
I1010 10:35:58.604382 22646784 heartbeater.cc:379] P 6b460ba950654300b6c50d93f25aea31: Registering TS with master...
I1010 10:35:58.604607 18354176 db_impl.cc:1277] T 8b3b2a6029b04e9caafd3d0ecee41251 P 6b460ba950654300b6c50d93f25aea31 [R]: [JOB 2] Delete /Users/nag/yb/yugabyte-data/node2/yb-data/tserver/data/rocksdb/table-0000400000003000800000000000400e/tablet-8b3b2a6029b04e9caafd3d0ecee41251//000003.log type=0 #3 -- OK
I1010 10:35:58.604748 19963904 db_impl.cc:1277] T dc9df9c5ad3649a4b4a0ef5b914a4f22 P 6b460ba950654300b6c50d93f25aea31 [R]: [JOB 2] Delete /Users/nag/yb/yugabyte-data/node2/yb-data/tserver/data/rocksdb/table-b9a0b9d79c3a45f4842ed441df7c3e59/tablet-dc9df9c5ad3649a4b4a0ef5b914a4f22//MANIFEST-000001 type=4 #1 -- OK
I1010 10:35:58.604846 19427328 consensus_queue.cc:270] T 1e9c042ca80e4c66a6117c85d04f6168 P 6b460ba950654300b6c50d93f25aea31 [NON_LEADER]: Queue going to NON_LEADER mode. State: All replicated op: 0.0, Majority replicated op: 0.0, Committed index: 0.0, Last applied: 0.0, Last appended: 3.5, Current term: 0, Majority size: -1, State: QUEUE_OPEN, Mode: NON_LEADER
I1010 10:35:58.604929 22646784 server_base.cc:598] Using private rpc address 127.0.0.2
I1010 10:35:58.604964 17817600 tablet_bootstrap_state_manager.cc:68] Initialized TabletBootstrapStateManager, found a file ? no, wal dir=/Users/nag/yb/yugabyte-data/node2/yb-data/tserver/wals/table-0000400000003000800000000000400e/tablet-1b590108fd474e13a02c154dfedc3952
I1010 10:35:58.605173 19963904 db_impl.cc:1277] T dc9df9c5ad3649a4b4a0ef5b914a4f22 P 6b460ba950654300b6c50d93f25aea31 [R]: [JOB 2] Delete /Users/nag/yb/yugabyte-data/node2/yb-data/tserver/data/rocksdb/table-b9a0b9d79c3a45f4842ed441df7c3e59/tablet-dc9df9c5ad3649a4b4a0ef5b914a4f22//000003.log type=0 #3 -- OK
I1010 10:35:58.605233 19427328 raft_consensus.cc:3519] T 1e9c042ca80e4c66a6117c85d04f6168 P 6b460ba950654300b6c50d93f25aea31 [term 3 FOLLOWER]: Calling mark dirty synchronously for reason code CONSENSUS_STARTED
I1010 10:35:58.605283 22646784 server_base.cc:620] Using http address 127.0.0.2
I1010 10:35:58.605587 17281024 log_util.cc:841] Found no log entry headers
I1010 10:35:58.605635 17817600 tablet_peer.cc:1643] T 1b590108fd474e13a02c154dfedc3952 P 6b460ba950654300b6c50d93f25aea31 [state=BOOTSTRAPPING]: Changed state from NOT_STARTED to BOOTSTRAPPING
I1010 10:35:58.605784 18890752 tablet.cc:1051] T 8e0f68212e424483898ada80f57d111e P 6b460ba950654300b6c50d93f25aea31: Successfully opened a RocksDB database at /Users/nag/yb/yugabyte-data/node2/yb-data/tserver/data/rocksdb/table-b9a0b9d79c3a45f4842ed441df7c3e59/tablet-8e0f68212e424483898ada80f57d111e, obj: 0x10ff99e00
I1010 10:35:58.606233 16207872 tablet.cc:995] T 58e6490841794dbeb8a8ffeaeaa9d87d P 6b460ba950654300b6c50d93f25aea31: Opening intents DB at: /Users/nag/yb/yugabyte-data/node2/yb-data/tserver/data/rocksdb/table-00004000000030008000000000004007/tablet-58e6490841794dbeb8a8ffeaeaa9d87d.intents
I1010 10:35:58.606281 19427328 tablet_peer.cc:1643] T 1e9c042ca80e4c66a6117c85d04f6168 P 6b460ba950654300b6c50d93f25aea31 [state=RUNNING]: Changed state from BOOTSTRAPPING to RUNNING
W1010 10:35:58.607329 22646784 heartbeater.cc:671] P 6b460ba950654300b6c50d93f25aea31: Failed to heartbeat to 127.0.0.3:7100: Remote error (yb/rpc/outbound_call.cc:561): Failed to send heartbeat: Invalid argument (yb/master/master_heartbeat_service.cc:251): Received wrong universe_uuid 21b2e3d0-495a-4149-9f2a-913ddeb95eff, expected 7252bc1a-cf22-48a4-9dd6-459a6f24aa4e (rpc error 1) tries=25, num=3, masters=0x000000010d6628b8 -> [[127.0.0.1:7100], [127.0.0.2:7100], [127.0.0.3:7100]], code=Remote error
I1010 10:35:58.607419 17281024 log_util.cc:702] Ignoring partially flushed segment in write ahead log /Users/nag/yb/yugabyte-data/node2/yb-data/tserver/wals/table-f80c17935cc9489ab3c6c05dceb25976/tablet-bf1529417d2a441c9c33fa183a226bd3/wal-000000001 because there are no log entries following this one. The server probably crashed in the middle of writing an entry to the write-ahead log or downloaded an active log via remote bootstrap. Error detail: Corruption (yb/consensus/log_util.cc:912): Invalid checksum in log entry head header: found=0, computed=2351477386: Failed trying to read batch #11 at offset 2008 for log segment /Users/nag/yb/yugabyte-data/node2/yb-data/tserver/wals/table-f80c17935cc9489ab3c6c05dceb25976/tablet-bf1529417d2a441c9c33fa183a226bd3/wal-000000001: Prior batch offsets: 1350 1376 1982 2008; Last log entries read: [REPLICATE (1.2)] [REPLICATE (3.3)] [REPLICATE (3.4)] [REPLICATE (3.5)]
I1010 10:35:58.607455 17817600 tablet_bootstrap_if.cc:96] T 1b590108fd474e13a02c154dfedc3952 P 6b460ba950654300b6c50d93f25aea31: Bootstrap starting.
I1010 10:35:58.607542 18890752 tablet_bootstrap.cc:644] T 8e0f68212e424483898ada80f57d111e P 6b460ba950654300b6c50d93f25aea31: Time spent opening tablet: real 0.020s	user 0.001s	sys 0.005s
I1010 10:35:58.607802 19963904 tablet.cc:1051] T dc9df9c5ad3649a4b4a0ef5b914a4f22 P 6b460ba950654300b6c50d93f25aea31: Successfully opened a RocksDB database at /Users/nag/yb/yugabyte-data/node2/yb-data/tserver/data/rocksdb/table-b9a0b9d79c3a45f4842ed441df7c3e59/tablet-dc9df9c5ad3649a4b4a0ef5b914a4f22, obj: 0x11035c800
I1010 10:35:58.607991 22646784 heartbeater.cc:379] P 6b460ba950654300b6c50d93f25aea31: Registering TS with master...
I1010 10:35:58.608021 19427328 tablet_peer.cc:1516] T 1e9c042ca80e4c66a6117c85d04f6168 P 6b460ba950654300b6c50d93f25aea31 [state=RUNNING]: Registered log gc
I1010 10:35:58.608305 18354176 tablet.cc:995] T 8b3b2a6029b04e9caafd3d0ecee41251 P 6b460ba950654300b6c50d93f25aea31: Opening intents DB at: /Users/nag/yb/yugabyte-data/node2/yb-data/tserver/data/rocksdb/table-0000400000003000800000000000400e/tablet-8b3b2a6029b04e9caafd3d0ecee41251.intents
I1010 10:35:58.608394 19963904 tablet_bootstrap.cc:644] T dc9df9c5ad3649a4b4a0ef5b914a4f22 P 6b460ba950654300b6c50d93f25aea31: Time spent opening tablet: real 0.016s	user 0.001s	sys 0.005s
I1010 10:35:58.608419 18890752 tablet_bootstrap.cc:740] T 8e0f68212e424483898ada80f57d111e P 6b460ba950654300b6c50d93f25aea31: Will attempt to recover log segment /Users/nag/yb/yugabyte-data/node2/yb-data/tserver/wals/table-b9a0b9d79c3a45f4842ed441df7c3e59/tablet-8e0f68212e424483898ada80f57d111e/wal-000000001
I1010 10:35:58.608438 22646784 server_base.cc:598] Using private rpc address 127.0.0.2
I1010 10:35:58.608458 17281024 tablet_bootstrap_if.cc:96] T bf1529417d2a441c9c33fa183a226bd3 P 6b460ba950654300b6c50d93f25aea31: Bootstrap replayed 1/1 log segments. Read operations: 5, overwritten operations: 0. Pending: 1 replicates. Last read committed op id: 3.5, last entry metadata: { entry_time: 187125.643s offset: 1376 active_segment_sequence_number: 1 }, last read entry op id: 3.5
I1010 10:35:58.608520 19427328 ts_tablet_manager.cc:2063] T 1e9c042ca80e4c66a6117c85d04f6168 P 6b460ba950654300b6c50d93f25aea31: Time spent starting tablet: real 0.011s	user 0.003s	sys 0.002s
I1010 10:35:58.608533 17817600 tablet.cc:637] T 1b590108fd474e13a02c154dfedc3952 P 6b460ba950654300b6c50d93f25aea31: Schema version for user_info_email_key is 0
I1010 10:35:58.608690 18890752 tablet_bootstrap.cc:1238] T 8e0f68212e424483898ada80f57d111e P 6b460ba950654300b6c50d93f25aea31: Flushed DocDB OpIds: { regular: 0.0 intents: -1.-1 }
I1010 10:35:58.608732 19963904 tablet_bootstrap.cc:740] T dc9df9c5ad3649a4b4a0ef5b914a4f22 P 6b460ba950654300b6c50d93f25aea31: Will attempt to recover log segment /Users/nag/yb/yugabyte-data/node2/yb-data/tserver/wals/table-b9a0b9d79c3a45f4842ed441df7c3e59/tablet-dc9df9c5ad3649a4b4a0ef5b914a4f22/wal-000000001
I1010 10:35:58.608741 22646784 server_base.cc:620] Using http address 127.0.0.2
I1010 10:35:58.608794 16207872 version_set.cc:2966] T 58e6490841794dbeb8a8ffeaeaa9d87d P 6b460ba950654300b6c50d93f25aea31 [I]: Recovered from manifest file:/Users/nag/yb/yugabyte-data/node2/yb-data/tserver/data/rocksdb/table-00004000000030008000000000004007/tablet-58e6490841794dbeb8a8ffeaeaa9d87d.intents/MANIFEST-000001 succeeded,manifest_file_number is 1, next_file_number is 3, last_sequence is 1125899906842624, log_number is 0,prev_log_number is 0,max_column_family is 0, flushed_values is <NULL>
I1010 10:35:58.608844 17281024 tablet_bootstrap.cc:1654] T bf1529417d2a441c9c33fa183a226bd3 P 6b460ba950654300b6c50d93f25aea31: Dumping replay state to log at the end of PlaySegments
I1010 10:35:58.608888 19427328 ts_tablet_manager.cc:3478] Deleted transition in progress opening tablet for tablet 1e9c042ca80e4c66a6117c85d04f6168
I1010 10:35:58.608949 18890752 tablet_bootstrap.cc:1514] T 8e0f68212e424483898ada80f57d111e P 6b460ba950654300b6c50d93f25aea31: Max persistent index in RocksDB's SSTables before bootstrap: regular RocksDB: 0.0; intents RocksDB: -1.-1
I1010 10:35:58.608990 19963904 tablet_bootstrap.cc:1238] T dc9df9c5ad3649a4b4a0ef5b914a4f22 P 6b460ba950654300b6c50d93f25aea31: Flushed DocDB OpIds: { regular: 0.0 intents: -1.-1 }
I1010 10:35:58.609189 17817600 transaction_participant.cc:193] T 1b590108fd474e13a02c154dfedc3952 P 6b460ba950654300b6c50d93f25aea31: Create
I1010 10:35:58.609191 16207872 version_set.cc:2974] T 58e6490841794dbeb8a8ffeaeaa9d87d P 6b460ba950654300b6c50d93f25aea31 [I]: Column family [default] (ID 0), log number is 0
I1010 10:35:58.609323 18354176 version_set.cc:2966] T 8b3b2a6029b04e9caafd3d0ecee41251 P 6b460ba950654300b6c50d93f25aea31 [I]: Recovered from manifest file:/Users/nag/yb/yugabyte-data/node2/yb-data/tserver/data/rocksdb/table-0000400000003000800000000000400e/tablet-8b3b2a6029b04e9caafd3d0ecee41251.intents/MANIFEST-000001 succeeded,manifest_file_number is 1, next_file_number is 3, last_sequence is 1125899906842624, log_number is 0,prev_log_number is 0,max_column_family is 0, flushed_values is <NULL>
I1010 10:35:58.609483 17281024 tablet_bootstrap.cc:1212] T bf1529417d2a441c9c33fa183a226bd3 P 6b460ba950654300b6c50d93f25aea31: ReplayState: Previous OpId: 3.5, Committed OpId: 3.5, Pending Replicates: 0, Flushed Regular: -1.-1, Flushed Intents: -1.-1
I1010 10:35:58.609527 19427328 ts_tablet_manager.cc:1936] T e1f4e53199844455a5eebccf2866688d P 6b460ba950654300b6c50d93f25aea31: Bootstrapping tablet
I1010 10:35:58.609637 18890752 log.cc:1461] T 8e0f68212e424483898ada80f57d111e P 6b460ba950654300b6c50d93f25aea31: Setting log wal retention time to 0 seconds
I1010 10:35:58.609660 19963904 tablet_bootstrap.cc:1514] T dc9df9c5ad3649a4b4a0ef5b914a4f22 P 6b460ba950654300b6c50d93f25aea31: Max persistent index in RocksDB's SSTables before bootstrap: regular RocksDB: 0.0; intents RocksDB: -1.-1
I1010 10:35:58.609784 17817600 docdb_rocksdb_util.cc:659] T 1b590108fd474e13a02c154dfedc3952 P 6b460ba950654300b6c50d93f25aea31 [R]: Write buffer size: 134217728
I1010 10:35:58.609905 16207872 event_logger.cc:66] T 58e6490841794dbeb8a8ffeaeaa9d87d P 6b460ba950654300b6c50d93f25aea31 [I]: EVENT_LOG_v1 {"time_micros": 1728536758609869, "job": 1, "event": "recovery_started", "log_files": [3]}
I1010 10:35:58.609926 18354176 version_set.cc:2974] T 8b3b2a6029b04e9caafd3d0ecee41251 P 6b460ba950654300b6c50d93f25aea31 [I]: Column family [default] (ID 0), log number is 0
I1010 10:35:58.609957 17281024 tablet_bootstrap.cc:1212] T bf1529417d2a441c9c33fa183a226bd3 P 6b460ba950654300b6c50d93f25aea31: Log entries applied to RocksDB: 5
W1010 10:35:58.610129 22646784 heartbeater.cc:671] P 6b460ba950654300b6c50d93f25aea31: Failed to heartbeat to 127.0.0.3:7100: Remote error (yb/rpc/outbound_call.cc:561): Failed to send heartbeat: Invalid argument (yb/master/master_heartbeat_service.cc:251): Received wrong universe_uuid 21b2e3d0-495a-4149-9f2a-913ddeb95eff, expected 7252bc1a-cf22-48a4-9dd6-459a6f24aa4e (rpc error 1) tries=26, num=3, masters=0x000000010d6628b8 -> [[127.0.0.1:7100], [127.0.0.2:7100], [127.0.0.3:7100]], code=Remote error
I1010 10:35:58.610188 19963904 log.cc:1461] T dc9df9c5ad3649a4b4a0ef5b914a4f22 P 6b460ba950654300b6c50d93f25aea31: Setting log wal retention time to 0 seconds
I1010 10:35:58.610268 17817600 tablet.cc:764] T 1b590108fd474e13a02c154dfedc3952 P 6b460ba950654300b6c50d93f25aea31: Creating RocksDB database in dir /Users/nag/yb/yugabyte-data/node2/yb-data/tserver/data/rocksdb/table-0000400000003000800000000000400e/tablet-1b590108fd474e13a02c154dfedc3952
I1010 10:35:58.610363 16207872 db_impl.cc:1622] T 58e6490841794dbeb8a8ffeaeaa9d87d P 6b460ba950654300b6c50d93f25aea31 [I]: Recovering log #3 mode 0 skip-recovery 0
I1010 10:35:58.610338 19427328 consensus_meta.cc:361] T e1f4e53199844455a5eebccf2866688d P 6b460ba950654300b6c50d93f25aea31: Updating active role from UNKNOWN_ROLE to FOLLOWER. Consensus state: current_term: 2 leader_uuid: "" config { opid_index: -1 peers { permanent_uuid: "23d881032c1249bd803e401a539be0e2" member_type: VOTER last_known_private_addr { host: "127.0.0.3" port: 9100 } cloud_info { placement_cloud: "cloud1" placement_region: "datacenter1" placement_zone: "rack1" } } peers { permanent_uuid: "6b460ba950654300b6c50d93f25aea31" member_type: VOTER last_known_private_addr { host: "127.0.0.2" port: 9100 } cloud_info { placement_cloud: "cloud1" placement_region: "datacenter1" placement_zone: "rack1" } } peers { permanent_uuid: "d5c37cb1777946179e6692ee5e504715" member_type: VOTER last_known_private_addr { host: "127.0.0.1" port: 9100 } cloud_info { placement_cloud: "cloud1" placement_region: "datacenter1" placement_zone: "rack1" } } }, has_pending_config = 0
I1010 10:35:58.610390 18354176 event_logger.cc:66] T 8b3b2a6029b04e9caafd3d0ecee41251 P 6b460ba950654300b6c50d93f25aea31 [I]: EVENT_LOG_v1 {"time_micros": 1728536758610385, "job": 1, "event": "recovery_started", "log_files": [3]}
I1010 10:35:58.610411 17281024 tablet_bootstrap.cc:1666] T bf1529417d2a441c9c33fa183a226bd3 P 6b460ba950654300b6c50d93f25aea31: Number of orphaned replicates: 0, last id: 3.5, committed id: 3.5
I1010 10:35:58.610462 22646784 heartbeater.cc:379] P 6b460ba950654300b6c50d93f25aea31: Registering TS with master...
I1010 10:35:58.610576 17817600 tablet.cc:980] Opening RocksDB at: /Users/nag/yb/yugabyte-data/node2/yb-data/tserver/data/rocksdb/table-0000400000003000800000000000400e/tablet-1b590108fd474e13a02c154dfedc3952
I1010 10:35:58.610728 16207872 version_set.cc:2407] T 58e6490841794dbeb8a8ffeaeaa9d87d P 6b460ba950654300b6c50d93f25aea31 [I]: Creating manifest 5
I1010 10:35:58.610857 18354176 db_impl.cc:1622] T 8b3b2a6029b04e9caafd3d0ecee41251 P 6b460ba950654300b6c50d93f25aea31 [I]: Recovering log #3 mode 0 skip-recovery 0
I1010 10:35:58.610894 19427328 tablet_bootstrap_state_manager.cc:68] Initialized TabletBootstrapStateManager, found a file ? no, wal dir=/Users/nag/yb/yugabyte-data/node2/yb-data/tserver/wals/table-00004000000030008000000000004007/tablet-e1f4e53199844455a5eebccf2866688d
I1010 10:35:58.611186 22646784 server_base.cc:598] Using private rpc address 127.0.0.2
W1010 10:35:58.611258 18890752 log_util.cc:241] Could not read footer for segment: /Users/nag/yb/yugabyte-data/node2/yb-data/tserver/wals/table-b9a0b9d79c3a45f4842ed441df7c3e59/tablet-8e0f68212e424483898ada80f57d111e/wal-000000001: Not found (yb/consensus/log_util.cc:581): Footer not found. Footer magic doesn't match
I1010 10:35:58.611419 18354176 version_set.cc:2407] T 8b3b2a6029b04e9caafd3d0ecee41251 P 6b460ba950654300b6c50d93f25aea31 [I]: Creating manifest 5
W1010 10:35:58.611449 19963904 log_util.cc:241] Could not read footer for segment: /Users/nag/yb/yugabyte-data/node2/yb-data/tserver/wals/table-b9a0b9d79c3a45f4842ed441df7c3e59/tablet-dc9df9c5ad3649a4b4a0ef5b914a4f22/wal-000000001: Not found (yb/consensus/log_util.cc:581): Footer not found. Footer magic doesn't match
I1010 10:35:58.611508 19427328 tablet_peer.cc:1643] T e1f4e53199844455a5eebccf2866688d P 6b460ba950654300b6c50d93f25aea31 [state=BOOTSTRAPPING]: Changed state from NOT_STARTED to BOOTSTRAPPING
I1010 10:35:58.611527 22646784 server_base.cc:620] Using http address 127.0.0.2
W1010 10:35:58.611765 19963904 log_reader.cc:217] T dc9df9c5ad3649a4b4a0ef5b914a4f22 P 6b460ba950654300b6c50d93f25aea31: Log segment /Users/nag/yb/yugabyte-data/node2/yb-data/tserver/wals/table-b9a0b9d79c3a45f4842ed441df7c3e59/tablet-dc9df9c5ad3649a4b4a0ef5b914a4f22/wal-000000001 was likely left in-progressafter a previous crash. Will try to reuse this segment as writable active segment
W1010 10:35:58.611577 18890752 log_reader.cc:217] T 8e0f68212e424483898ada80f57d111e P 6b460ba950654300b6c50d93f25aea31: Log segment /Users/nag/yb/yugabyte-data/node2/yb-data/tserver/wals/table-b9a0b9d79c3a45f4842ed441df7c3e59/tablet-8e0f68212e424483898ada80f57d111e/wal-000000001 was likely left in-progressafter a previous crash. Will try to reuse this segment as writable active segment
I1010 10:35:58.611820 19427328 tablet_bootstrap_if.cc:96] T e1f4e53199844455a5eebccf2866688d P 6b460ba950654300b6c50d93f25aea31: Bootstrap starting.
I1010 10:35:58.611922 17281024 tablet_bootstrap_if.cc:96] T bf1529417d2a441c9c33fa183a226bd3 P 6b460ba950654300b6c50d93f25aea31: Bootstrap complete.
I1010 10:35:58.611989 19963904 log.cc:722] T dc9df9c5ad3649a4b4a0ef5b914a4f22 P 6b460ba950654300b6c50d93f25aea31: Opened existing logs. Last segment is /Users/nag/yb/yugabyte-data/node2/yb-data/tserver/wals/table-b9a0b9d79c3a45f4842ed441df7c3e59/tablet-dc9df9c5ad3649a4b4a0ef5b914a4f22/wal-000000001
I1010 10:35:58.612249 18890752 log.cc:722] T 8e0f68212e424483898ada80f57d111e P 6b460ba950654300b6c50d93f25aea31: Opened existing logs. Last segment is /Users/nag/yb/yugabyte-data/node2/yb-data/tserver/wals/table-b9a0b9d79c3a45f4842ed441df7c3e59/tablet-8e0f68212e424483898ada80f57d111e/wal-000000001
I1010 10:35:58.612450 19427328 tablet.cc:637] T e1f4e53199844455a5eebccf2866688d P 6b460ba950654300b6c50d93f25aea31: Schema version for user_info is 1
I1010 10:35:58.612515 16207872 event_logger.cc:66] T 58e6490841794dbeb8a8ffeaeaa9d87d P 6b460ba950654300b6c50d93f25aea31 [I]: EVENT_LOG_v1 {"time_micros": 1728536758612510, "job": 1, "event": "recovery_finished"}
I1010 10:35:58.612572 17817600 version_set.cc:2966] T 1b590108fd474e13a02c154dfedc3952 P 6b460ba950654300b6c50d93f25aea31 [R]: Recovered from manifest file:/Users/nag/yb/yugabyte-data/node2/yb-data/tserver/data/rocksdb/table-0000400000003000800000000000400e/tablet-1b590108fd474e13a02c154dfedc3952/MANIFEST-000001 succeeded,manifest_file_number is 1, next_file_number is 3, last_sequence is 1125899906842624, log_number is 0,prev_log_number is 0,max_column_family is 0, flushed_values is <NULL>
W1010 10:35:58.612715 22646784 heartbeater.cc:671] P 6b460ba950654300b6c50d93f25aea31: Failed to heartbeat to 127.0.0.3:7100: Remote error (yb/rpc/outbound_call.cc:561): Failed to send heartbeat: Invalid argument (yb/master/master_heartbeat_service.cc:251): Received wrong universe_uuid 21b2e3d0-495a-4149-9f2a-913ddeb95eff, expected 7252bc1a-cf22-48a4-9dd6-459a6f24aa4e (rpc error 1) tries=27, num=3, masters=0x000000010d6628b8 -> [[127.0.0.1:7100], [127.0.0.2:7100], [127.0.0.3:7100]], code=Remote error
I1010 10:35:58.612818 19963904 tablet_bootstrap.cc:396] T dc9df9c5ad3649a4b4a0ef5b914a4f22 P 6b460ba950654300b6c50d93f25aea31: Bootstrap optimizer (skip_flushed_entries): op_id_replay_lowest=0.0 (regular_op_id=0.0, intents_op_id=-1.-1, has_intents_db=0)
I1010 10:35:58.612856 18890752 tablet_bootstrap.cc:396] T 8e0f68212e424483898ada80f57d111e P 6b460ba950654300b6c50d93f25aea31: Bootstrap optimizer (skip_flushed_entries): op_id_replay_lowest=0.0 (regular_op_id=0.0, intents_op_id=-1.-1, has_intents_db=0)
I1010 10:35:58.613119 18354176 event_logger.cc:66] T 8b3b2a6029b04e9caafd3d0ecee41251 P 6b460ba950654300b6c50d93f25aea31 [I]: EVENT_LOG_v1 {"time_micros": 1728536758613114, "job": 1, "event": "recovery_finished"}
I1010 10:35:58.613127 17817600 version_set.cc:2974] T 1b590108fd474e13a02c154dfedc3952 P 6b460ba950654300b6c50d93f25aea31 [R]: Column family [default] (ID 0), log number is 0
I1010 10:35:58.613236 19963904 tablet_bootstrap.cc:1461] T dc9df9c5ad3649a4b4a0ef5b914a4f22 P 6b460ba950654300b6c50d93f25aea31: Segment /Users/nag/yb/yugabyte-data/node2/yb-data/tserver/wals/table-b9a0b9d79c3a45f4842ed441df7c3e59/tablet-dc9df9c5ad3649a4b4a0ef5b914a4f22/wal-000000001 cannot be used as the first segment to start replay with according to our OpId and retention criteria. However, this is already the earliest segment so we have to start replay here. We should probably investigate how we got into this situation. op_id=1.1, op_id_replay_lowest=0.0, last_op_id_in_retryable_requests=0.0, first_op_time=191078.597s, retryable_requests_retain_interval=60.000s, *retryable_requests_replay_from_this_or_earlier_time=191018.597s, is_first_op_id_low_enough_for_retryable_requests=0, is_first_op_time_early_enough_for_retryable_requests=0, is_first_op_id_low_enough=0
I1010 10:35:58.613291 18890752 tablet_bootstrap.cc:1461] T 8e0f68212e424483898ada80f57d111e P 6b460ba950654300b6c50d93f25aea31: Segment /Users/nag/yb/yugabyte-data/node2/yb-data/tserver/wals/table-b9a0b9d79c3a45f4842ed441df7c3e59/tablet-8e0f68212e424483898ada80f57d111e/wal-000000001 cannot be used as the first segment to start replay with according to our OpId and retention criteria. However, this is already the earliest segment so we have to start replay here. We should probably investigate how we got into this situation. op_id=1.1, op_id_replay_lowest=0.0, last_op_id_in_retryable_requests=0.0, first_op_time=191078.667s, retryable_requests_retain_interval=60.000s, *retryable_requests_replay_from_this_or_earlier_time=191018.667s, is_first_op_id_low_enough_for_retryable_requests=0, is_first_op_time_early_enough_for_retryable_requests=0, is_first_op_id_low_enough=0
I1010 10:35:58.613345 19427328 transaction_participant.cc:193] T e1f4e53199844455a5eebccf2866688d P 6b460ba950654300b6c50d93f25aea31: Create
I1010 10:35:58.613461 19963904 tablet_bootstrap.cc:1476] T dc9df9c5ad3649a4b4a0ef5b914a4f22 P 6b460ba950654300b6c50d93f25aea31: Bootstrap optimizer (skip_flushed_entries): will replay all segments starting from the very first one.
I1010 10:35:58.613456 17817600 event_logger.cc:66] T 1b590108fd474e13a02c154dfedc3952 P 6b460ba950654300b6c50d93f25aea31 [R]: EVENT_LOG_v1 {"time_micros": 1728536758613451, "job": 1, "event": "recovery_started", "log_files": [3]}
I1010 10:35:58.613477 16207872 db_impl.cc:1277] T 58e6490841794dbeb8a8ffeaeaa9d87d P 6b460ba950654300b6c50d93f25aea31 [I]: [JOB 2] Delete /Users/nag/yb/yugabyte-data/node2/yb-data/tserver/data/rocksdb/table-00004000000030008000000000004007/tablet-58e6490841794dbeb8a8ffeaeaa9d87d.intents//MANIFEST-000001 type=4 #1 -- OK
I1010 10:35:58.613492 18890752 tablet_bootstrap.cc:1476] T 8e0f68212e424483898ada80f57d111e P 6b460ba950654300b6c50d93f25aea31: Bootstrap optimizer (skip_flushed_entries): will replay all segments starting from the very first one.
I1010 10:35:58.613548 17281024 log_util.cc:797] Scanning /Users/nag/yb/yugabyte-data/node2/yb-data/tserver/wals/table-f80c17935cc9489ab3c6c05dceb25976/tablet-bf1529417d2a441c9c33fa183a226bd3/wal-000000001 for valid entry headers following offset 2008...
I1010 10:35:58.613595 19427328 docdb_rocksdb_util.cc:659] T e1f4e53199844455a5eebccf2866688d P 6b460ba950654300b6c50d93f25aea31 [R]: Write buffer size: 134217728
I1010 10:35:58.613646 19963904 log_util.cc:797] Scanning /Users/nag/yb/yugabyte-data/node2/yb-data/tserver/wals/table-b9a0b9d79c3a45f4842ed441df7c3e59/tablet-dc9df9c5ad3649a4b4a0ef5b914a4f22/wal-000000001 for valid entry headers following offset 1981...
I1010 10:35:58.613684 17817600 db_impl.cc:1622] T 1b590108fd474e13a02c154dfedc3952 P 6b460ba950654300b6c50d93f25aea31 [R]: Recovering log #3 mode 0 skip-recovery 0
I1010 10:35:58.613690 18354176 db_impl.cc:1277] T 8b3b2a6029b04e9caafd3d0ecee41251 P 6b460ba950654300b6c50d93f25aea31 [I]: [JOB 2] Delete /Users/nag/yb/yugabyte-data/node2/yb-data/tserver/data/rocksdb/table-0000400000003000800000000000400e/tablet-8b3b2a6029b04e9caafd3d0ecee41251.intents//MANIFEST-000001 type=4 #1 -- OK
I1010 10:35:58.613713 16207872 db_impl.cc:1277] T 58e6490841794dbeb8a8ffeaeaa9d87d P 6b460ba950654300b6c50d93f25aea31 [I]: [JOB 2] Delete /Users/nag/yb/yugabyte-data/node2/yb-data/tserver/data/rocksdb/table-00004000000030008000000000004007/tablet-58e6490841794dbeb8a8ffeaeaa9d87d.intents//000003.log type=0 #3 -- OK
I1010 10:35:58.613785 18890752 log_util.cc:797] Scanning /Users/nag/yb/yugabyte-data/node2/yb-data/tserver/wals/table-b9a0b9d79c3a45f4842ed441df7c3e59/tablet-8e0f68212e424483898ada80f57d111e/wal-000000001 for valid entry headers following offset 1897...
I1010 10:35:58.613854 19427328 tablet.cc:764] T e1f4e53199844455a5eebccf2866688d P 6b460ba950654300b6c50d93f25aea31: Creating RocksDB database in dir /Users/nag/yb/yugabyte-data/node2/yb-data/tserver/data/rocksdb/table-00004000000030008000000000004007/tablet-e1f4e53199844455a5eebccf2866688d
I1010 10:35:58.614046 17817600 version_set.cc:2407] T 1b590108fd474e13a02c154dfedc3952 P 6b460ba950654300b6c50d93f25aea31 [R]: Creating manifest 5
I1010 10:35:58.614145 18354176 db_impl.cc:1277] T 8b3b2a6029b04e9caafd3d0ecee41251 P 6b460ba950654300b6c50d93f25aea31 [I]: [JOB 2] Delete /Users/nag/yb/yugabyte-data/node2/yb-data/tserver/data/rocksdb/table-0000400000003000800000000000400e/tablet-8b3b2a6029b04e9caafd3d0ecee41251.intents//000003.log type=0 #3 -- OK
I1010 10:35:58.614234 19427328 tablet.cc:980] Opening RocksDB at: /Users/nag/yb/yugabyte-data/node2/yb-data/tserver/data/rocksdb/table-00004000000030008000000000004007/tablet-e1f4e53199844455a5eebccf2866688d
I1010 10:35:58.614244 17281024 log_util.cc:841] Found no log entry headers
I1010 10:35:58.614910 17281024 log_util.cc:702] Ignoring partially flushed segment in write ahead log /Users/nag/yb/yugabyte-data/node2/yb-data/tserver/wals/table-f80c17935cc9489ab3c6c05dceb25976/tablet-bf1529417d2a441c9c33fa183a226bd3/wal-000000001 because there are no log entries following this one. The server probably crashed in the middle of writing an entry to the write-ahead log or downloaded an active log via remote bootstrap. Error detail: Corruption (yb/consensus/log_util.cc:912): Invalid checksum in log entry head header: found=0, computed=2351477386: Failed trying to read batch #11 at offset 2008 for log segment /Users/nag/yb/yugabyte-data/node2/yb-data/tserver/wals/table-f80c17935cc9489ab3c6c05dceb25976/tablet-bf1529417d2a441c9c33fa183a226bd3/wal-000000001: Prior batch offsets: 1350 1376 1982 2008; Last log entries read: [REPLICATE (1.2)] [REPLICATE (3.3)] [REPLICATE (3.4)] [REPLICATE (3.5)]
I1010 10:35:58.615062 17281024 log.cc:1112] Successfully restored footer_builder_ and log_index_ for segment: /Users/nag/yb/yugabyte-data/node2/yb-data/tserver/wals/table-f80c17935cc9489ab3c6c05dceb25976/tablet-bf1529417d2a441c9c33fa183a226bd3/wal-000000001. Reopen the file for write with starting offset: 2008
I1010 10:35:58.615105 17281024 log.cc:1461] T bf1529417d2a441c9c33fa183a226bd3 P 6b460ba950654300b6c50d93f25aea31: Setting log wal retention time to 0 seconds
I1010 10:35:58.615187 17281024 ts_tablet_manager.cc:1982] T bf1529417d2a441c9c33fa183a226bd3 P 6b460ba950654300b6c50d93f25aea31: Time spent bootstrapping tablet: real 0.048s	user 0.002s	sys 0.003s
I1010 10:35:58.616134 19963904 log_util.cc:841] Found no log entry headers
I1010 10:35:58.616181 19963904 log_util.cc:702] Ignoring partially flushed segment in write ahead log /Users/nag/yb/yugabyte-data/node2/yb-data/tserver/wals/table-b9a0b9d79c3a45f4842ed441df7c3e59/tablet-dc9df9c5ad3649a4b4a0ef5b914a4f22/wal-000000001 because there are no log entries following this one. The server probably crashed in the middle of writing an entry to the write-ahead log or downloaded an active log via remote bootstrap. Error detail: Corruption (yb/consensus/log_util.cc:912): Invalid checksum in log entry head header: found=0, computed=2351477386: Failed trying to read batch #11 at offset 1981 for log segment /Users/nag/yb/yugabyte-data/node2/yb-data/tserver/wals/table-b9a0b9d79c3a45f4842ed441df7c3e59/tablet-dc9df9c5ad3649a4b4a0ef5b914a4f22/wal-000000001: Prior batch offsets: 1871 1897 1955 1981; Last log entries read: [REPLICATE (1.2)] [REPLICATE (1.3)] [REPLICATE (1.4)] [REPLICATE (2.5)]
I1010 10:35:58.617133 19427328 version_set.cc:2966] T e1f4e53199844455a5eebccf2866688d P 6b460ba950654300b6c50d93f25aea31 [R]: Recovered from manifest file:/Users/nag/yb/yugabyte-data/node2/yb-data/tserver/data/rocksdb/table-00004000000030008000000000004007/tablet-e1f4e53199844455a5eebccf2866688d/MANIFEST-000001 succeeded,manifest_file_number is 1, next_file_number is 3, last_sequence is 1125899906842624, log_number is 0,prev_log_number is 0,max_column_family is 0, flushed_values is <NULL>
I1010 10:35:58.617226 19963904 tablet_bootstrap_if.cc:96] T dc9df9c5ad3649a4b4a0ef5b914a4f22 P 6b460ba950654300b6c50d93f25aea31: Bootstrap replayed 1/1 log segments. Read operations: 5, overwritten operations: 0. Pending: 1 replicates. Last read committed op id: 2.5, last entry metadata: { entry_time: 191540.775s offset: 1897 active_segment_sequence_number: 1 }, last read entry op id: 2.5
I1010 10:35:58.617254 19427328 version_set.cc:2974] T e1f4e53199844455a5eebccf2866688d P 6b460ba950654300b6c50d93f25aea31 [R]: Column family [default] (ID 0), log number is 0
I1010 10:35:58.617293 19963904 tablet_bootstrap.cc:1654] T dc9df9c5ad3649a4b4a0ef5b914a4f22 P 6b460ba950654300b6c50d93f25aea31: Dumping replay state to log at the end of PlaySegments
I1010 10:35:58.617313 18890752 log_util.cc:841] Found no log entry headers
I1010 10:35:58.617398 19963904 tablet_bootstrap.cc:1212] T dc9df9c5ad3649a4b4a0ef5b914a4f22 P 6b460ba950654300b6c50d93f25aea31: ReplayState: Previous OpId: 2.5, Committed OpId: 2.5, Pending Replicates: 0, Flushed Regular: 0.0, Flushed Intents: -1.-1
I1010 10:35:58.617448 18890752 log_util.cc:702] Ignoring partially flushed segment in write ahead log /Users/nag/yb/yugabyte-data/node2/yb-data/tserver/wals/table-b9a0b9d79c3a45f4842ed441df7c3e59/tablet-8e0f68212e424483898ada80f57d111e/wal-000000001 because there are no log entries following this one. The server probably crashed in the middle of writing an entry to the write-ahead log or downloaded an active log via remote bootstrap. Error detail: Corruption (yb/consensus/log_util.cc:912): Invalid checksum in log entry head header: found=0, computed=2351477386: Failed trying to read batch #9 at offset 1897 for log segment /Users/nag/yb/yugabyte-data/node2/yb-data/tserver/wals/table-b9a0b9d79c3a45f4842ed441df7c3e59/tablet-8e0f68212e424483898ada80f57d111e/wal-000000001: Prior batch offsets: 1400 1426 1871 1897; Last log entries read: [REPLICATE (1.1)] [REPLICATE (1.2)] [REPLICATE (1.3)] [REPLICATE (1.4)]
I1010 10:35:58.617484 19427328 event_logger.cc:66] T e1f4e53199844455a5eebccf2866688d P 6b460ba950654300b6c50d93f25aea31 [R]: EVENT_LOG_v1 {"time_micros": 1728536758617478, "job": 1, "event": "recovery_started", "log_files": [3]}
I1010 10:35:58.617488 19963904 tablet_bootstrap.cc:1212] T dc9df9c5ad3649a4b4a0ef5b914a4f22 P 6b460ba950654300b6c50d93f25aea31: Log entries applied to RocksDB: 5
I1010 10:35:58.617640 19963904 tablet_bootstrap.cc:1666] T dc9df9c5ad3649a4b4a0ef5b914a4f22 P 6b460ba950654300b6c50d93f25aea31: Number of orphaned replicates: 0, last id: 2.5, committed id: 2.5
I1010 10:35:58.617702 19427328 db_impl.cc:1622] T e1f4e53199844455a5eebccf2866688d P 6b460ba950654300b6c50d93f25aea31 [R]: Recovering log #3 mode 0 skip-recovery 0
I1010 10:35:58.617720 17817600 event_logger.cc:66] T 1b590108fd474e13a02c154dfedc3952 P 6b460ba950654300b6c50d93f25aea31 [R]: EVENT_LOG_v1 {"time_micros": 1728536758617716, "job": 1, "event": "recovery_finished"}
I1010 10:35:58.617753 19427328 version_set.cc:2407] T e1f4e53199844455a5eebccf2866688d P 6b460ba950654300b6c50d93f25aea31 [R]: Creating manifest 5
