W1010 01:22:11.182994 222162944 yb_rpc.cc:532] Connection (0x000000010e973058) client 127.0.0.2:51789 => 127.0.0.3:9100: Network error (yb/rpc/yb_rpc.cc:531): Rpc timeout, passed: 2339.140s, timeout: 15.000s, now: 169384.588s, last_read_time_: 167045.447s
W1010 01:22:11.183194 222699520 yb_rpc.cc:532] Connection (0x000000010e96e658) client 127.0.0.2:51820 => 127.0.0.3:7100: Network error (yb/rpc/yb_rpc.cc:531): Rpc timeout, passed: 2343.146s, timeout: 15.000s, now: 169384.588s, last_read_time_: 167041.441s
W1010 01:22:11.185405 220016640 yb_rpc.cc:532] Connection (0x000000010f9b0298) client 127.0.0.2:51862 => 127.0.0.1:7100: Network error (yb/rpc/yb_rpc.cc:531): Rpc timeout, passed: 2343.028s, timeout: 15.000s, now: 169384.588s, last_read_time_: 167041.560s
W1010 01:22:11.185700 221626368 yb_rpc.cc:532] Connection (0x000000010f9b0c98) client 127.0.0.2:51865 => 127.0.0.2:7100: Network error (yb/rpc/yb_rpc.cc:531): Rpc timeout, passed: 2339.222s, timeout: 15.000s, now: 169384.588s, last_read_time_: 167045.365s
W1010 01:22:11.189739 218943488 yb_rpc.cc:532] Connection (0x000000010c331cd8) client 127.0.0.2:51797 => 127.0.0.3:9100: Network error (yb/rpc/yb_rpc.cc:531): Rpc timeout, passed: 2338.633s, timeout: 15.000s, now: 169384.588s, last_read_time_: 167045.954s
W1010 01:22:11.191139 220553216 yb_rpc.cc:532] Connection (0x000000010b3928d8) client 127.0.0.2:51864 => 127.0.0.1:7100: Network error (yb/rpc/yb_rpc.cc:531): Rpc timeout, passed: 2342.647s, timeout: 15.000s, now: 169384.588s, last_read_time_: 167041.941s
W1010 01:22:11.191376 219480064 yb_rpc.cc:532] Connection (0x000000010b392c98) client 127.0.0.2:51836 => 127.0.0.3:7100: Network error (yb/rpc/yb_rpc.cc:531): Rpc timeout, passed: 2342.744s, timeout: 15.000s, now: 169384.588s, last_read_time_: 167041.843s
W1010 01:22:11.191663 221089792 yb_rpc.cc:532] Connection (0x000000010e4ad2d8) client 127.0.0.2:51772 => 127.0.0.1:7100: Network error (yb/rpc/yb_rpc.cc:531): Rpc timeout, passed: 2343.243s, timeout: 15.000s, now: 169384.588s, last_read_time_: 167041.345s
W1010 01:22:11.192093 222162944 yb_rpc.cc:532] Connection (0x000000010e842798) client 127.0.0.2:51787 => 127.0.0.1:9100: Network error (yb/rpc/yb_rpc.cc:531): Rpc timeout, passed: 2338.340s, timeout: 15.000s, now: 169384.588s, last_read_time_: 167046.247s
W1010 01:22:11.192584 222699520 yb_rpc.cc:532] Connection (0x000000010e1ac518) client 127.0.0.2:51819 => 127.0.0.2:7100: Network error (yb/rpc/yb_rpc.cc:531): Rpc timeout, passed: 2340.346s, timeout: 15.000s, now: 169384.588s, last_read_time_: 167044.241s
W1010 01:22:11.195415 220016640 yb_rpc.cc:532] Connection (0x000000010e96e298) client 127.0.0.2:51844 => 127.0.0.2:7100: Network error (yb/rpc/yb_rpc.cc:531): Rpc timeout, passed: 2342.226s, timeout: 15.000s, now: 169384.588s, last_read_time_: 167042.361s
W1010 01:22:11.195571 221626368 yb_rpc.cc:532] Connection (0x000000010b3b7058) client 127.0.0.2:51810 => 127.0.0.3:9100: Network error (yb/rpc/yb_rpc.cc:531): Rpc timeout, passed: 2339.422s, timeout: 15.000s, now: 169384.588s, last_read_time_: 167045.165s
W1010 01:22:11.195758 218943488 yb_rpc.cc:532] Connection (0x000000010e9737d8) client 127.0.0.2:51798 => 127.0.0.1:9100: Network error (yb/rpc/yb_rpc.cc:531): Rpc timeout, passed: 2338.335s, timeout: 15.000s, now: 169384.588s, last_read_time_: 167046.252s
W1010 01:22:11.195940 220553216 yb_rpc.cc:532] Connection (0x000000010f6ab698) client 127.0.0.2:51850 => 127.0.0.2:7100: Network error (yb/rpc/yb_rpc.cc:531): Rpc timeout, passed: 2341.246s, timeout: 15.000s, now: 169384.588s, last_read_time_: 167043.341s
W1010 01:22:11.196183 219480064 yb_rpc.cc:532] Connection (0x000000010b392b58) client 127.0.0.2:51835 => 127.0.0.2:7100: Network error (yb/rpc/yb_rpc.cc:531): Rpc timeout, passed: 2343.242s, timeout: 15.000s, now: 169384.588s, last_read_time_: 167041.345s
W1010 01:22:11.196286 221089792 yb_rpc.cc:532] Connection (0x000000010e5e8b58) client 127.0.0.2:51863 => 127.0.0.3:7100: Network error (yb/rpc/yb_rpc.cc:531): Rpc timeout, passed: 2343.144s, timeout: 15.000s, now: 169384.588s, last_read_time_: 167041.443s
W1010 01:22:11.196561 222699520 yb_rpc.cc:532] Connection (0x000000010bcf2f18) client 127.0.0.2:51767 => 127.0.0.3:9100: Network error (yb/rpc/yb_rpc.cc:531): Rpc timeout, passed: 2338.946s, timeout: 15.000s, now: 169384.588s, last_read_time_: 167045.641s
W1010 01:22:11.198361 220016640 yb_rpc.cc:532] Connection (0x000000010ece0b58) client 127.0.0.2:51805 => 127.0.0.3:9100: Network error (yb/rpc/yb_rpc.cc:531): Rpc timeout, passed: 2340.129s, timeout: 15.000s, now: 169384.588s, last_read_time_: 167044.459s
W1010 01:22:11.198508 221626368 yb_rpc.cc:532] Connection (0x000000010e56e3d8) client 127.0.0.2:51809 => 127.0.0.1:9100: Network error (yb/rpc/yb_rpc.cc:531): Rpc timeout, passed: 2338.522s, timeout: 15.000s, now: 169384.588s, last_read_time_: 167046.065s
W1010 01:22:11.198966 220553216 yb_rpc.cc:532] Connection (0x000000010bd1fcd8) client 127.0.0.2:51765 => 127.0.0.3:9100: Network error (yb/rpc/yb_rpc.cc:531): Rpc timeout, passed: 2339.946s, timeout: 15.000s, now: 169384.588s, last_read_time_: 167044.642s
W1010 01:22:11.199231 219480064 yb_rpc.cc:532] Connection (0x000000010c330dd8) client 127.0.0.2:51770 => 127.0.0.3:9100: Network error (yb/rpc/yb_rpc.cc:531): Rpc timeout, passed: 2338.443s, timeout: 15.000s, now: 169384.588s, last_read_time_: 167046.144s
W1010 01:22:11.203070 221089792 yb_rpc.cc:532] Connection (0x000000010ece1198) client 127.0.0.2:51777 => 127.0.0.3:9100: Network error (yb/rpc/yb_rpc.cc:531): Rpc timeout, passed: 2339.644s, timeout: 15.000s, now: 169384.588s, last_read_time_: 167044.943s
W1010 01:22:11.203142 222699520 yb_rpc.cc:532] Connection (0x000000010e972b58) client 127.0.0.2:51769 => 127.0.0.1:9100: Network error (yb/rpc/yb_rpc.cc:531): Rpc timeout, passed: 2338.346s, timeout: 15.000s, now: 169384.588s, last_read_time_: 167046.242s
W1010 01:22:11.206043 220016640 yb_rpc.cc:532] Connection (0x000000010b8123d8) client 127.0.0.2:51806 => 127.0.0.1:9100: Network error (yb/rpc/yb_rpc.cc:531): Rpc timeout, passed: 2338.727s, timeout: 15.000s, now: 169384.588s, last_read_time_: 167045.861s
W1010 01:22:11.206705 220553216 yb_rpc.cc:532] Connection (0x000000010bd1fe18) client 127.0.0.2:51764 => 127.0.0.1:9100: Network error (yb/rpc/yb_rpc.cc:531): Rpc timeout, passed: 2338.546s, timeout: 15.000s, now: 169384.588s, last_read_time_: 167046.041s
W1010 01:22:11.207226 219480064 yb_rpc.cc:532] Connection (0x000000010c330f18) client 127.0.0.2:51774 => 127.0.0.1:9100: Network error (yb/rpc/yb_rpc.cc:531): Rpc timeout, passed: 2338.842s, timeout: 15.000s, now: 169384.588s, last_read_time_: 167045.745s
W1010 01:22:11.207859 221089792 yb_rpc.cc:532] Connection (0x000000010e5e8a18) client 127.0.0.2:51861 => 127.0.0.2:7100: Network error (yb/rpc/yb_rpc.cc:531): Rpc timeout, passed: 2340.242s, timeout: 15.000s, now: 169384.588s, last_read_time_: 167044.345s
W1010 01:22:11.210408 221089792 yb_rpc.cc:532] Connection (0x000000010bcf3558) client 127.0.0.2:51775 => 127.0.0.1:9100: Network error (yb/rpc/yb_rpc.cc:531): Rpc timeout, passed: 2338.542s, timeout: 15.000s, now: 169384.588s, last_read_time_: 167046.045s
W1010 01:22:11.211603 269381632 raft_consensus.cc:1522] T c09c8a2af076408b8083ae6bfc2a671e P 6b460ba950654300b6c50d93f25aea31 [term 3 LEADER]: Unable to remove follower 23d881032c1249bd803e401a539be0e2: Illegal state (yb/consensus/raft_consensus.cc:2449): Leader is not ready for Config Change, can try again. Type: REMOVE_SERVER. Has opid: 0. Committed config: opid_index: -1 peers { permanent_uuid: "23d881032c1249bd803e401a539be0e2" member_type: VOTER last_known_private_addr { host: "127.0.0.3" port: 9100 } cloud_info { placement_cloud: "cloud1" placement_region: "datacenter1" placement_zone: "rack1" } } peers { permanent_uuid: "6b460ba950654300b6c50d93f25aea31" member_type: VOTER last_known_private_addr { host: "127.0.0.2" port: 9100 } cloud_info { placement_cloud: "cloud1" placement_region: "datacenter1" placement_zone: "rack1" } } peers { permanent_uuid: "d5c37cb1777946179e6692ee5e504715" member_type: VOTER last_known_private_addr { host: "127.0.0.1" port: 9100 } cloud_info { placement_cloud: "cloud1" placement_region: "datacenter1" placement_zone: "rack1" } }. Pending config: peers { permanent_uuid: "23d881032c1249bd803e401a539be0e2" member_type: VOTER last_known_private_addr { host: "127.0.0.3" port: 9100 } cloud_info { placement_cloud: "cloud1" placement_region: "datacenter1" placement_zone: "rack1" } } peers { permanent_uuid: "6b460ba950654300b6c50d93f25aea31" member_type: VOTER last_known_private_addr { host: "127.0.0.2" port: 9100 } cloud_info { placement_cloud: "cloud1" placement_region: "datacenter1" placement_zone: "rack1" } }. Current term: 3. Committed op id: 3.2.
W1010 01:22:14.388288 230748160 heartbeater.cc:671] P 6b460ba950654300b6c50d93f25aea31: Failed to heartbeat to 127.0.0.2:7100: Remote error (yb/rpc/outbound_call.cc:561): Failed to send heartbeat: Aborted (yb/consensus/replica_state.cc:644): Failed to process tablet report: Operation aborted by new leader (rpc error 1) tries=0, num=3, masters=0x00000001096547c8 -> [[127.0.0.1:7100], [127.0.0.2:7100], [127.0.0.3:7100]], code=Remote error
W1010 01:22:14.443269 230748160 heartbeater.cc:671] P 6b460ba950654300b6c50d93f25aea31: Failed to heartbeat to 127.0.0.2:7100: Service unavailable (yb/tserver/heartbeater.cc:497): Master is no longer the leader: code: NOT_THE_LEADER status { code: ILLEGAL_STATE message: "Not the leader. Local UUID: 3e8eb6bafdb342549e324f48c3b5b69a, Consensus state: current_term: 6 leader_uuid: \"e8b222ca9c514c17b0c8c653014e9169\" config { opid_index: -1 peers { permanent_uuid: \"e8b222ca9c514c17b0c8c653014e9169\" member_type: VOTER last_known_private_addr { host: \"127.0.0.1\" port: 7100 } cloud_info { placement_cloud: \"cloud1\" placement_region: \"datacenter1\" placement_zone: \"rack1\" } } peers { permanent_uuid: \"3e8eb6bafdb342549e324f48c3b5b69a\" member_type: VOTER last_known_private_addr { host: \"127.0.0.2\" port: 7100 } cloud_info { placement_cloud: \"cloud1\" placement_region: \"datacenter1\" placement_zone: \"rack1\" } } peers { permanent_uuid: \"804ce06c9a15466ca3f003ffe7ec6df2\" member_type: VOTER last_known_private_addr { host: \"127.0.0.3\" port: 7100 } cloud_info { placement_cloud: \"cloud1\" placement_region: \"datacenter1\" placement_zone: \"rack1\" } } }" source_file: "../../src/yb/master/scoped_leader_shared_lock.cc" source_line: 117 errors: "\000" } tries=1, num=3, masters=0x00000001096547c8 -> [[127.0.0.1:7100], [127.0.0.2:7100], [127.0.0.3:7100]], code=Service unavailable
W1010 01:22:14.444120 296747008 mvcc.cc:439] T c09c8a2af076408b8083ae6bfc2a671e P 6b460ba950654300b6c50d93f25aea31: Received propagated safe time <min> less than the old value: { physical: 1728503531217333 }. This could happen on followers when a new leader is elected.
W1010 06:15:25.831959 222699520 yb_rpc.cc:532] Connection (0x000000010e972b58) client 127.0.0.2:52039 => 127.0.0.3:9100: Network error (yb/rpc/yb_rpc.cc:531): Rpc timeout, passed: 17593.140s, timeout: 15.000s, now: 186980.000s, last_read_time_: 169386.860s
W1010 06:15:25.831965 220016640 yb_rpc.cc:532] Connection (0x000000010b8123d8) client 127.0.0.2:52041 => 127.0.0.1:9100: Network error (yb/rpc/yb_rpc.cc:531): Rpc timeout, passed: 17590.356s, timeout: 15.000s, now: 186980.018s, last_read_time_: 169389.662s
W1010 06:15:26.061571 221626368 yb_rpc.cc:532] Connection (0x000000010e56e3d8) client 127.0.0.2:52037 => 127.0.0.1:9100: Network error (yb/rpc/yb_rpc.cc:531): Rpc timeout, passed: 17590.857s, timeout: 15.000s, now: 186980.015s, last_read_time_: 169389.157s
W1010 06:15:26.079916 222699520 yb_rpc.cc:532] Connection (0x000000010bcf2f18) client 127.0.0.2:52040 => 127.0.0.1:9100: Network error (yb/rpc/yb_rpc.cc:531): Rpc timeout, passed: 17590.740s, timeout: 15.000s, now: 186980.000s, last_read_time_: 169389.260s
W1010 06:15:26.079974 220016640 yb_rpc.cc:532] Connection (0x000000010f9b1558) client 127.0.0.2:52042 => 127.0.0.3:9100: Network error (yb/rpc/yb_rpc.cc:531): Rpc timeout, passed: 17591.756s, timeout: 15.000s, now: 186980.018s, last_read_time_: 169388.262s
W1010 06:15:26.080165 218943488 yb_rpc.cc:532] Connection (0x000000010e9737d8) client 127.0.0.2:52027 => 127.0.0.3:9100: Network error (yb/rpc/yb_rpc.cc:531): Rpc timeout, passed: 17592.587s, timeout: 15.000s, now: 186980.015s, last_read_time_: 169387.427s
W1010 06:15:26.080315 219480064 yb_rpc.cc:532] Connection (0x000000010c330f18) client 127.0.0.2:52045 => 127.0.0.1:9100: Network error (yb/rpc/yb_rpc.cc:531): Rpc timeout, passed: 17590.429s, timeout: 15.000s, now: 186979.992s, last_read_time_: 169389.562s
W1010 06:15:26.102644 220553216 yb_rpc.cc:532] Connection (0x000000010bd1fe18) client 127.0.0.2:52043 => 127.0.0.1:9100: Network error (yb/rpc/yb_rpc.cc:531): Rpc timeout, passed: 17590.348s, timeout: 15.000s, now: 186980.011s, last_read_time_: 169389.662s
W1010 06:15:26.105108 221626368 yb_rpc.cc:532] Connection (0x000000010f4fa3d8) client 127.0.0.2:52038 => 127.0.0.3:9100: Network error (yb/rpc/yb_rpc.cc:531): Rpc timeout, passed: 17594.157s, timeout: 15.000s, now: 186980.015s, last_read_time_: 169385.858s
W1010 06:15:26.105111 222699520 yb_rpc.cc:532] Connection (0x000000010bcf2c98) client 127.0.0.2:52050 => 127.0.0.2:7100: Network error (yb/rpc/yb_rpc.cc:531): Rpc timeout, passed: 17591.140s, timeout: 15.000s, now: 186980.000s, last_read_time_: 169388.860s
W1010 06:15:26.105274 220016640 yb_rpc.cc:532] Connection (0x000000010e96f918) client 127.0.0.2:52168 => 127.0.0.3:7100: Network error (yb/rpc/yb_rpc.cc:531): Rpc timeout, passed: 17591.057s, timeout: 15.000s, now: 186980.018s, last_read_time_: 169388.961s
W1010 06:15:26.105266 218943488 yb_rpc.cc:532] Connection (0x000000010b3b6658) client 127.0.0.2:52028 => 127.0.0.1:9100: Network error (yb/rpc/yb_rpc.cc:531): Rpc timeout, passed: 17590.563s, timeout: 15.000s, now: 186980.015s, last_read_time_: 169389.452s
W1010 06:15:26.105376 222162944 yb_rpc.cc:532] Connection (0x000000010e842798) client 127.0.0.2:52015 => 127.0.0.2:7100: Network error (yb/rpc/yb_rpc.cc:531): Rpc timeout, passed: 17594.294s, timeout: 15.000s, now: 186980.042s, last_read_time_: 169385.748s
W1010 06:15:26.105394 219480064 yb_rpc.cc:532] Connection (0x000000010bd1f698) client 127.0.0.2:52046 => 127.0.0.3:9100: Network error (yb/rpc/yb_rpc.cc:531): Rpc timeout, passed: 17592.129s, timeout: 15.000s, now: 186979.992s, last_read_time_: 169387.862s
W1010 06:15:26.105525 221089792 yb_rpc.cc:532] Connection (0x000000010bcf3558) client 127.0.0.2:52047 => 127.0.0.1:9100: Network error (yb/rpc/yb_rpc.cc:531): Rpc timeout, passed: 17590.377s, timeout: 15.000s, now: 186980.042s, last_read_time_: 169389.664s
W1010 06:15:26.105532 220553216 yb_rpc.cc:532] Connection (0x000000010f6ab698) client 127.0.0.2:52044 => 127.0.0.3:9100: Network error (yb/rpc/yb_rpc.cc:531): Rpc timeout, passed: 17591.148s, timeout: 15.000s, now: 186980.011s, last_read_time_: 169388.862s
W1010 06:15:26.106312 221626368 yb_rpc.cc:532] Connection (0x000000010e5e8dd8) client 127.0.0.2:52169 => 127.0.0.1:7100: Network error (yb/rpc/yb_rpc.cc:531): Rpc timeout, passed: 17591.057s, timeout: 15.000s, now: 186980.015s, last_read_time_: 169388.958s
W1010 06:15:26.106455 218943488 yb_rpc.cc:532] Connection (0x000000010e5e9cd8) client 127.0.0.2:52165 => 127.0.0.2:7100: Network error (yb/rpc/yb_rpc.cc:531): Rpc timeout, passed: 17591.064s, timeout: 15.000s, now: 186980.015s, last_read_time_: 169388.951s
W1010 06:15:26.106503 222162944 yb_rpc.cc:532] Connection (0x000000010f6ab918) client 127.0.0.2:52016 => 127.0.0.1:9100: Network error (yb/rpc/yb_rpc.cc:531): Rpc timeout, passed: 17590.893s, timeout: 15.000s, now: 186980.042s, last_read_time_: 169389.148s
W1010 06:15:26.106528 219480064 yb_rpc.cc:532] Connection (0x000000010eeafb98) client 127.0.0.2:52166 => 127.0.0.2:7100: Network error (yb/rpc/yb_rpc.cc:531): Rpc timeout, passed: 17591.030s, timeout: 15.000s, now: 186979.992s, last_read_time_: 169388.961s
W1010 06:15:26.106557 222699520 yb_rpc.cc:532] Connection (0x000000010bcf3b98) client 127.0.0.2:52171 => 127.0.0.1:7100: Network error (yb/rpc/yb_rpc.cc:531): Rpc timeout, passed: 17591.039s, timeout: 15.000s, now: 186980.000s, last_read_time_: 169388.961s
W1010 06:15:26.106592 221089792 yb_rpc.cc:532] Connection (0x000000010b812658) client 127.0.0.2:52048 => 127.0.0.3:9100: Network error (yb/rpc/yb_rpc.cc:531): Rpc timeout, passed: 17590.777s, timeout: 15.000s, now: 186980.042s, last_read_time_: 169389.264s
W1010 06:15:26.272156 222162944 yb_rpc.cc:532] Connection (0x000000010f4fba58) client 127.0.0.2:52026 => 127.0.0.3:9100: Network error (yb/rpc/yb_rpc.cc:531): Rpc timeout, passed: 17593.794s, timeout: 15.000s, now: 186980.042s, last_read_time_: 169386.248s
W1010 06:15:26.278517 221089792 yb_rpc.cc:532] Connection (0x000000010b392dd8) client 127.0.0.2:52167 => 127.0.0.1:7100: Network error (yb/rpc/yb_rpc.cc:531): Rpc timeout, passed: 17591.078s, timeout: 15.000s, now: 186980.042s, last_read_time_: 169388.964s
W1010 06:15:26.283449 222162944 yb_rpc.cc:532] Connection (0x000000010ece0798) client 127.0.0.2:52170 => 127.0.0.1:7100: Network error (yb/rpc/yb_rpc.cc:531): Rpc timeout, passed: 17591.093s, timeout: 15.000s, now: 186980.042s, last_read_time_: 169388.948s
W1010 06:15:26.500226 288161792 outbound_call.cc:480] RPC callback for RPC call 0x000000010be14c00: yb.consensus.ConsensusService.RequestConsensusVote -> { remote: 127.0.0.1:9100 idx: 6 protocol: 0x0000000107a73728 -> tcpc }, id: 130959, state: FINISHED_SUCCESS, transfer_state: FINISHED took 0.217s
W1010 06:15:26.512228 305868800 outbound_call.cc:480] RPC callback for RPC call 0x000000010c2a0000: yb.consensus.ConsensusService.RequestConsensusVote -> { remote: 127.0.0.3:9100 idx: 3 protocol: 0x0000000107a73728 -> tcpc }, id: 130963, state: FINISHED_SUCCESS, transfer_state: FINISHED took 0.228s
W1010 06:15:26.512549 301039616 outbound_call.cc:480] RPC callback for RPC call 0x000000010e509b00: yb.consensus.ConsensusService.RequestConsensusVote -> { remote: 127.0.0.3:9100 idx: 6 protocol: 0x0000000107a73728 -> tcpc }, id: 130969, state: FINISHED_SUCCESS, transfer_state: FINISHED took 0.215s
W1010 06:15:26.512634 295673856 outbound_call.cc:480] RPC callback for RPC call 0x000000010c26e600: yb.consensus.ConsensusService.RequestConsensusVote -> { remote: 127.0.0.1:9100 idx: 0 protocol: 0x0000000107a73728 -> tcpc }, id: 130964, state: FINISHED_SUCCESS, transfer_state: FINISHED took 0.228s
W1010 06:15:26.512768 303185920 outbound_call.cc:480] RPC callback for RPC call 0x000000010c295200: yb.consensus.ConsensusService.RequestConsensusVote -> { remote: 127.0.0.3:9100 idx: 5 protocol: 0x0000000107a73728 -> tcpc }, id: 130967, state: FINISHED_SUCCESS, transfer_state: FINISHED took 0.215s
W1010 06:15:26.513013 278503424 outbound_call.cc:480] RPC callback for RPC call 0x0000000109730c00: yb.consensus.ConsensusService.RequestConsensusVote -> { remote: 127.0.0.3:9100 idx: 4 protocol: 0x0000000107a73728 -> tcpc }, id: 130966, state: FINISHED_SUCCESS, transfer_state: FINISHED took 0.210s
W1010 06:15:26.513427 300503040 outbound_call.cc:480] RPC callback for RPC call 0x000000010c253800: yb.consensus.ConsensusService.RequestConsensusVote -> { remote: 127.0.0.3:9100 idx: 0 protocol: 0x0000000107a73728 -> tcpc }, id: 130971, state: FINISHED_SUCCESS, transfer_state: FINISHED took 0.212s
W1010 06:15:26.513725 272601088 outbound_call.cc:480] RPC callback for RPC call 0x000000010bdea600: yb.consensus.ConsensusService.RequestConsensusVote -> { remote: 127.0.0.3:9100 idx: 7 protocol: 0x0000000107a73728 -> tcpc }, id: 130970, state: FINISHED_SUCCESS, transfer_state: FINISHED took 0.209s
W1010 06:15:26.513712 270454784 outbound_call.cc:480] RPC callback for RPC call 0x000000010c2bb500: yb.consensus.ConsensusService.RequestConsensusVote -> { remote: 127.0.0.3:9100 idx: 1 protocol: 0x0000000107a73728 -> tcpc }, id: 130960, state: FINISHED_SUCCESS, transfer_state: FINISHED took 0.209s
W1010 06:15:26.504799 276357120 outbound_call.cc:480] RPC callback for RPC call 0x000000010fa2c600: yb.consensus.ConsensusService.RequestConsensusVote -> { remote: 127.0.0.3:9100 idx: 2 protocol: 0x0000000107a73728 -> tcpc }, id: 130961, state: FINISHED_SUCCESS, transfer_state: FINISHED took 0.221s
W1010 06:15:26.508793 302112768 outbound_call.cc:480] RPC callback for RPC call 0x000000010be02900: yb.consensus.ConsensusService.RequestConsensusVote -> { remote: 127.0.0.1:9100 idx: 7 protocol: 0x0000000107a73728 -> tcpc }, id: 130962, state: FINISHED_SUCCESS, transfer_state: FINISHED took 0.225s
W1010 06:15:26.509853 291381248 outbound_call.cc:480] RPC callback for RPC call 0x000000010c24e000: yb.consensus.ConsensusService.RequestConsensusVote -> { remote: 127.0.0.1:9100 idx: 1 protocol: 0x0000000107a73728 -> tcpc }, id: 130965, state: FINISHED_SUCCESS, transfer_state: FINISHED took 0.226s
W1010 06:15:28.004423 230748160 heartbeater.cc:671] P 6b460ba950654300b6c50d93f25aea31: Failed to heartbeat to 127.0.0.1:7100: Service unavailable (yb/tserver/heartbeater.cc:497): Master is no longer the leader: code: NOT_THE_LEADER status { code: ILLEGAL_STATE message: "Not the leader. Local UUID: e8b222ca9c514c17b0c8c653014e9169, Consensus state: current_term: 7 leader_uuid: \"3e8eb6bafdb342549e324f48c3b5b69a\" config { opid_index: -1 peers { permanent_uuid: \"e8b222ca9c514c17b0c8c653014e9169\" member_type: VOTER last_known_private_addr { host: \"127.0.0.1\" port: 7100 } cloud_info { placement_cloud: \"cloud1\" placement_region: \"datacenter1\" placement_zone: \"rack1\" } } peers { permanent_uuid: \"3e8eb6bafdb342549e324f48c3b5b69a\" member_type: VOTER last_known_private_addr { host: \"127.0.0.2\" port: 7100 } cloud_info { placement_cloud: \"cloud1\" placement_region: \"datacenter1\" placement_zone: \"rack1\" } } peers { permanent_uuid: \"804ce06c9a15466ca3f003ffe7ec6df2\" member_type: VOTER last_known_private_addr { host: \"127.0.0.3\" port: 7100 } cloud_info { placement_cloud: \"cloud1\" placement_region: \"datacenter1\" placement_zone: \"rack1\" } } }" source_file: "../../src/yb/master/scoped_leader_shared_lock.cc" source_line: 117 errors: "\000" } tries=0, num=3, masters=0x00000001096547c8 -> [[127.0.0.1:7100], [127.0.0.2:7100], [127.0.0.3:7100]], code=Service unavailable
W1010 06:17:28.034793 298893312 raft_consensus.cc:1397] Leader lease expiration was not set: Illegal state (yb/consensus/replica_state.cc:1413): NoOp of current term is not committed (majority_replicated_lease_expiration_ = -inf, majority_replicated_ht_lease_expiration_ = 0)
W1010 06:17:28.034894 298893312 replica_state.cc:805] T 541698385c044c6ab901cf03bad66398 P 6b460ba950654300b6c50d93f25aea31 [term 2 LEADER]: Can't advance the committed index across term boundaries until operations from the current term are replicated. Last committed operation was: 1.2, New majority replicated is: 1.2, Current term is: 2
W1010 06:17:28.041493 287625216 raft_consensus.cc:1397] Leader lease expiration was not set: Illegal state (yb/consensus/replica_state.cc:1413): NoOp of current term is not committed (majority_replicated_lease_expiration_ = -inf, majority_replicated_ht_lease_expiration_ = 0)
W1010 06:17:28.042434 310161408 raft_consensus.cc:1397] Leader lease expiration was not set: Illegal state (yb/consensus/replica_state.cc:1413): NoOp of current term is not committed (majority_replicated_lease_expiration_ = -inf, majority_replicated_ht_lease_expiration_ = 0)
W1010 06:17:28.043520 287088640 raft_consensus.cc:1397] Leader lease expiration was not set: Illegal state (yb/consensus/replica_state.cc:1413): NoOp of current term is not committed (majority_replicated_lease_expiration_ = -inf, majority_replicated_ht_lease_expiration_ = 0)
W1010 06:17:28.051812 297820160 log_util.cc:241] Could not read footer for segment: /Users/nag/yb/yugabyte-data/node2/yb-data/tserver/wals/table-f80c17935cc9489ab3c6c05dceb25976/tablet-1b3f2a4877404ba898e6ff9448cf4740/wal-000000001: Not found (yb/consensus/log_util.cc:581): Footer not found. Footer magic doesn't match
W1010 06:17:28.051878 297820160 log_reader.cc:217] T 1b3f2a4877404ba898e6ff9448cf4740 P 6b460ba950654300b6c50d93f25aea31: Log segment /Users/nag/yb/yugabyte-data/node2/yb-data/tserver/wals/table-f80c17935cc9489ab3c6c05dceb25976/tablet-1b3f2a4877404ba898e6ff9448cf4740/wal-000000001 was likely left in-progressafter a previous crash. Will try to reuse this segment as writable active segment
W1010 06:17:29.009106 252211200 remote_bootstrap_session.cc:278] Copy retryable requests failed: OK
W1010 06:17:29.015383 254357504 remote_bootstrap_service.cc:126] Error handling RemoteBootstrapService RPC request from 127.0.0.3:52176: Not found (yb/tserver/remote_bootstrap_session.cc:613): Unable to get piece of log segment: Already sent active log segment, don't send 2
W1010 06:17:29.019428 303185920 consensus_peers.cc:624] T 1e9c042ca80e4c66a6117c85d04f6168 P 6b460ba950654300b6c50d93f25aea31 -> Peer 23d881032c1249bd803e401a539be0e2 ([host: "127.0.0.3" port: 9100], []): Couldn't send request.  Status: Illegal state (yb/tserver/service_util.cc:271): Tablet 1e9c042ca80e4c66a6117c85d04f6168 not RUNNING: NOT_STARTED (tablet server error 12) (raft group state error 5). Retrying in the next heartbeat period. Already tried 1 times. State: 2
W1010 06:17:29.813771 257576960 env_posix.cc:1417] Unable to access file /Users/nag/yb/yugabyte-data/node2/yb-data/tserver/data/rocksdb/table-f80c17935cc9489ab3c6c05dceb25976/tablet-1e9c042ca80e4c66a6117c85d04f6168/checkpoints/4_187103.059s during walk (code 10)
W1010 06:17:31.026961 292990976 log_util.cc:241] Could not read footer for segment: /Users/nag/yb/yugabyte-data/node2/yb-data/tserver/wals/table-f80c17935cc9489ab3c6c05dceb25976/tablet-30fedb9fed834e6d975c43711c3f6fd9/wal-000000001: Not found (yb/consensus/log_util.cc:581): Footer not found. Footer magic doesn't match
W1010 06:17:31.027020 292990976 log_reader.cc:217] T 30fedb9fed834e6d975c43711c3f6fd9 P 6b460ba950654300b6c50d93f25aea31: Log segment /Users/nag/yb/yugabyte-data/node2/yb-data/tserver/wals/table-f80c17935cc9489ab3c6c05dceb25976/tablet-30fedb9fed834e6d975c43711c3f6fd9/wal-000000001 was likely left in-progressafter a previous crash. Will try to reuse this segment as writable active segment
W1010 06:17:32.020447 224309248 remote_bootstrap_session.cc:278] Copy retryable requests failed: OK
W1010 06:17:32.024576 258113536 remote_bootstrap_service.cc:126] Error handling RemoteBootstrapService RPC request from 127.0.0.1:52212: Not found (yb/tserver/remote_bootstrap_session.cc:613): Unable to get piece of log segment: Already sent active log segment, don't send 2
W1010 06:17:34.058779 253820928 remote_bootstrap_session.cc:278] Copy retryable requests failed: OK
W1010 06:17:34.062093 257040384 remote_bootstrap_service.cc:126] Error handling RemoteBootstrapService RPC request from 127.0.0.1:52188: Not found (yb/tserver/remote_bootstrap_session.cc:613): Unable to get piece of log segment: Already sent active log segment, don't send 2
W1010 06:17:34.065505 265625600 consensus_peers.cc:624] T 541698385c044c6ab901cf03bad66398 P 6b460ba950654300b6c50d93f25aea31 -> Peer d5c37cb1777946179e6692ee5e504715 ([host: "127.0.0.1" port: 9100], []): Couldn't send request.  Status: Illegal state (yb/tserver/service_util.cc:271): Tablet 541698385c044c6ab901cf03bad66398 not RUNNING: NOT_STARTED (tablet server error 12) (raft group state error 5). Retrying in the next heartbeat period. Already tried 1 times. State: 2
W1010 06:17:34.600198 259723264 env_posix.cc:1417] Unable to access file /Users/nag/yb/yugabyte-data/node2/yb-data/tserver/data/rocksdb/table-f80c17935cc9489ab3c6c05dceb25976/tablet-541698385c044c6ab901cf03bad66398/checkpoints/4_187108.109s during walk (code 10)
W1010 06:17:35.036734 295673856 mvcc.cc:439] T 46569f1a6c8746acb9da222b34f086b5 P 6b460ba950654300b6c50d93f25aea31: Received propagated safe time <min> less than the old value: { physical: 1728521252031378 }. This could happen on followers when a new leader is elected.
W1010 06:17:35.063256 251138048 remote_bootstrap_session.cc:278] Copy retryable requests failed: OK
W1010 06:17:35.065660 262406144 raft_consensus.cc:1397] Leader lease expiration was not set: Illegal state (yb/consensus/replica_state.cc:1413): NoOp of current term is not committed (majority_replicated_lease_expiration_ = -inf, majority_replicated_ht_lease_expiration_ = 0)
W1010 06:17:35.065718 262406144 replica_state.cc:805] T 46569f1a6c8746acb9da222b34f086b5 P 6b460ba950654300b6c50d93f25aea31 [term 3 LEADER]: Can't advance the committed index across term boundaries until operations from the current term are replicated. Last committed operation was: 2.5, New majority replicated is: 2.5, Current term is: 3
W1010 06:17:35.067819 223772672 remote_bootstrap_service.cc:126] Error handling RemoteBootstrapService RPC request from 127.0.0.1:52180: Not found (yb/tserver/remote_bootstrap_session.cc:613): Unable to get piece of log segment: Already sent active log segment, don't send 2
W1010 06:17:35.067862 273137664 raft_consensus.cc:1397] Leader lease expiration was not set: Illegal state (yb/consensus/replica_state.cc:1413): NoOp of current term is not committed (majority_replicated_lease_expiration_ = -inf, majority_replicated_ht_lease_expiration_ = 0)
W1010 06:17:35.147827 250601472 env_posix.cc:1417] Unable to access file /Users/nag/yb/yugabyte-data/node2/yb-data/tserver/data/rocksdb/table-f80c17935cc9489ab3c6c05dceb25976/tablet-46569f1a6c8746acb9da222b34f086b5/checkpoints/3_187106.071s during walk (code 10)
W1010 06:17:35.605343 249528320 env_posix.cc:1417] Unable to access file /Users/nag/yb/yugabyte-data/node2/yb-data/tserver/data/rocksdb/table-f80c17935cc9489ab3c6c05dceb25976/tablet-54eeee0960454077a8ed85a75d38bc29/checkpoints/5_187109.114s during walk (code 10)
W1010 06:17:36.067186 252211200 remote_bootstrap_session.cc:278] Copy retryable requests failed: OK
W1010 06:17:36.070538 254357504 remote_bootstrap_service.cc:126] Error handling RemoteBootstrapService RPC request from 127.0.0.3:52199: Not found (yb/tserver/remote_bootstrap_session.cc:613): Unable to get piece of log segment: Already sent active log segment, don't send 2
W1010 06:17:36.602028 257576960 env_posix.cc:1417] Unable to access file /Users/nag/yb/yugabyte-data/node2/yb-data/tserver/data/rocksdb/table-f80c17935cc9489ab3c6c05dceb25976/tablet-5aab7c3da55c4174a9735369225d0c54/checkpoints/4_187110.118s during walk (code 10)
W1010 06:17:39.084028 265625600 log_util.cc:241] Could not read footer for segment: /Users/nag/yb/yugabyte-data/node2/yb-data/tserver/wals/table-f80c17935cc9489ab3c6c05dceb25976/tablet-769c8b8690e648df93f41c693d55ebc3/wal-000000001: Not found (yb/consensus/log_util.cc:581): Footer not found. Footer magic doesn't match
W1010 06:17:39.084081 265625600 log_reader.cc:217] T 769c8b8690e648df93f41c693d55ebc3 P 6b460ba950654300b6c50d93f25aea31: Log segment /Users/nag/yb/yugabyte-data/node2/yb-data/tserver/wals/table-f80c17935cc9489ab3c6c05dceb25976/tablet-769c8b8690e648df93f41c693d55ebc3/wal-000000001 was likely left in-progressafter a previous crash. Will try to reuse this segment as writable active segment
W1010 06:17:40.556957 301039616 leader_election.cc:338] T 60dd6403c44b41109fa083272368d0d0 P 6b460ba950654300b6c50d93f25aea31 [CANDIDATE]: Term 2 pre-election: Vote denied by peer d5c37cb1777946179e6692ee5e504715 with higher term. Message: Invalid argument (yb/consensus/raft_consensus.cc:3029): T 60dd6403c44b41109fa083272368d0d0 P d5c37cb1777946179e6692ee5e504715 [term 2 LEARNER]:  Leader pre-election vote request: Denying vote to candidate 6b460ba950654300b6c50d93f25aea31 in current term 2: Already voted for candidate d5c37cb1777946179e6692ee5e504715 in this term.
W1010 06:17:44.098734 224309248 remote_bootstrap_session.cc:278] Copy retryable requests failed: OK
W1010 06:17:44.102406 258113536 remote_bootstrap_service.cc:126] Error handling RemoteBootstrapService RPC request from 127.0.0.3:52182: Not found (yb/tserver/remote_bootstrap_session.cc:613): Unable to get piece of log segment: Already sent active log segment, don't send 2
W1010 06:17:44.106575 302649344 consensus_peers.cc:624] T 9cd834df5c9f41b091ffb845bd6122ec P 6b460ba950654300b6c50d93f25aea31 -> Peer 23d881032c1249bd803e401a539be0e2 ([host: "127.0.0.3" port: 9100], []): Couldn't send request.  Status: Illegal state (yb/tserver/service_util.cc:271): Tablet 9cd834df5c9f41b091ffb845bd6122ec not RUNNING: NOT_STARTED (tablet server error 12) (raft group state error 5). Retrying in the next heartbeat period. Already tried 1 times. State: 2
W1010 06:17:44.639387 253820928 env_posix.cc:1417] Unable to access file /Users/nag/yb/yugabyte-data/node2/yb-data/tserver/data/rocksdb/table-f80c17935cc9489ab3c6c05dceb25976/tablet-9cd834df5c9f41b091ffb845bd6122ec/checkpoints/3_187118.149s during walk (code 10)
W1010 06:17:45.103565 257040384 remote_bootstrap_session.cc:278] Copy retryable requests failed: OK
W1010 06:17:45.106856 259723264 remote_bootstrap_service.cc:126] Error handling RemoteBootstrapService RPC request from 127.0.0.3:52182: Not found (yb/tserver/remote_bootstrap_session.cc:613): Unable to get piece of log segment: Already sent active log segment, don't send 2
W1010 06:17:45.901118 260259840 env_posix.cc:1417] Unable to access file /Users/nag/yb/yugabyte-data/node2/yb-data/tserver/data/rocksdb/table-f80c17935cc9489ab3c6c05dceb25976/tablet-a46de9d55d6845f1baaa95baceeadfe7/checkpoints/4_187119.154s during walk (code 10)
W1010 06:17:46.118897 300503040 log_util.cc:241] Could not read footer for segment: /Users/nag/yb/yugabyte-data/node2/yb-data/tserver/wals/table-f80c17935cc9489ab3c6c05dceb25976/tablet-a818e973b4b04213a257872ca0183570/wal-000000001: Not found (yb/consensus/log_util.cc:581): Footer not found. Footer magic doesn't match
W1010 06:17:46.118958 300503040 log_reader.cc:217] T a818e973b4b04213a257872ca0183570 P 6b460ba950654300b6c50d93f25aea31: Log segment /Users/nag/yb/yugabyte-data/node2/yb-data/tserver/wals/table-f80c17935cc9489ab3c6c05dceb25976/tablet-a818e973b4b04213a257872ca0183570/wal-000000001 was likely left in-progressafter a previous crash. Will try to reuse this segment as writable active segment
W1010 06:17:49.133428 296747008 log_util.cc:241] Could not read footer for segment: /Users/nag/yb/yugabyte-data/node2/yb-data/tserver/wals/table-f80c17935cc9489ab3c6c05dceb25976/tablet-db3b3178db1849c4b3ebbe53840c6b02/wal-000000001: Not found (yb/consensus/log_util.cc:581): Footer not found. Footer magic doesn't match
W1010 06:17:49.133484 296747008 log_reader.cc:217] T db3b3178db1849c4b3ebbe53840c6b02 P 6b460ba950654300b6c50d93f25aea31: Log segment /Users/nag/yb/yugabyte-data/node2/yb-data/tserver/wals/table-f80c17935cc9489ab3c6c05dceb25976/tablet-db3b3178db1849c4b3ebbe53840c6b02/wal-000000001 was likely left in-progressafter a previous crash. Will try to reuse this segment as writable active segment
W1010 06:17:50.128261 250064896 remote_bootstrap_session.cc:278] Copy retryable requests failed: OK
W1010 06:17:50.132186 232894464 remote_bootstrap_service.cc:126] Error handling RemoteBootstrapService RPC request from 127.0.0.3:52182: Not found (yb/tserver/remote_bootstrap_session.cc:613): Unable to get piece of log segment: Already sent active log segment, don't send 2
W1010 06:17:50.136099 266162176 consensus_peers.cc:624] T f27eef4b471b4c3c800523a8cd4a34f7 P 6b460ba950654300b6c50d93f25aea31 -> Peer 23d881032c1249bd803e401a539be0e2 ([host: "127.0.0.3" port: 9100], []): Couldn't send request.  Status: Illegal state (yb/tserver/service_util.cc:271): Tablet f27eef4b471b4c3c800523a8cd4a34f7 not RUNNING: NOT_STARTED (tablet server error 12) (raft group state error 5). Retrying in the next heartbeat period. Already tried 1 times. State: 2
W1010 06:17:50.932904 249528320 env_posix.cc:1417] Unable to access file /Users/nag/yb/yugabyte-data/node2/yb-data/tserver/data/rocksdb/table-f80c17935cc9489ab3c6c05dceb25976/tablet-f27eef4b471b4c3c800523a8cd4a34f7/checkpoints/4_187124.179s during walk (code 10)
W1010 06:17:54.123485 228601856 long_operation_tracker.cc:125] StartRemoteBootstrap running for 5.000s in thread 0x700011b00000:
    @ 0xffffffffffffffff  perftools_pthread_specific_vals
    @        0x107e0384a  base::SleepForNanoseconds()
    @        0x102c5b1ee  yb::tserver::RemoteBootstrapClient::VerifyChangeRoleSucceeded()
    @        0x102d12a09  yb::tserver::TSTabletManager::StartRemoteBootstrap()
    @        0x102cc00d4  yb::tserver::ConsensusServiceImpl::StartRemoteBootstrap()
    @        0x1073b99e2  std::__1::__function::__func<>::operator()()
    @        0x1073b2b23  yb::consensus::ConsensusServiceIf::Handle()
    @        0x107a26274  yb::rpc::ServicePoolImpl::Handle()
    @        0x1079beff3  yb::rpc::InboundCall::InboundCallTask::Run()
    @        0x107a36575  yb::rpc::(anonymous namespace)::Worker::Execute()
    @        0x109ad1247  yb::Thread::SuperviseThread()
    @     0x7ff8026604e0  _pthread_start
    @     0x7ff80265bf6a  thread_start
W1010 06:17:54.142242 299429888 leader_election.cc:338] T f5bd6014d733492eac6dd2cfba061381 P 6b460ba950654300b6c50d93f25aea31 [CANDIDATE]: Term 2 pre-election: Vote denied by peer 23d881032c1249bd803e401a539be0e2 with higher term. Message: Invalid argument (yb/consensus/raft_consensus.cc:3029): T f5bd6014d733492eac6dd2cfba061381 P 23d881032c1249bd803e401a539be0e2 [term 2 LEARNER]:  Leader pre-election vote request: Denying vote to candidate 6b460ba950654300b6c50d93f25aea31 in current term 2: Already voted for candidate 23d881032c1249bd803e401a539be0e2 in this term.
W1010 06:17:55.096184 296747008 long_operation_tracker.cc:155] StartRemoteBootstrap took a long time: 5.974s
W1010 06:17:55.096311 296747008 yb_rpc.cc:362] Call yb.consensus.ConsensusService.StartRemoteBootstrap 127.0.0.3:52178 => 127.0.0.2:9100 (request call id 135056) took 5974ms (client timeout 3000ms).
W1010 07:17:55.926890 262406144 raft_consensus.cc:1397] Leader lease expiration was not set: Illegal state (yb/consensus/replica_state.cc:1413): NoOp of current term is not committed (majority_replicated_lease_expiration_ = -inf, majority_replicated_ht_lease_expiration_ = 0)
W1010 07:17:55.927238 262406144 replica_state.cc:805] T 4d341356e38a4bef89ba39ecca1db435 P 6b460ba950654300b6c50d93f25aea31 [term 1 LEADER]: Can't advance the committed index across term boundaries until operations from the current term are replicated. Last committed operation was: 0.0, New majority replicated is: 0.0, Current term is: 1
W1010 07:17:55.944267 287625216 raft_consensus.cc:1397] Leader lease expiration was not set: Illegal state (yb/consensus/replica_state.cc:1413): NoOp of current term is not committed (majority_replicated_lease_expiration_ = -inf, majority_replicated_ht_lease_expiration_ = 0)
W1010 07:19:05.319833 298893312 raft_consensus.cc:1397] Leader lease expiration was not set: Illegal state (yb/consensus/replica_state.cc:1413): NoOp of current term is not committed (majority_replicated_lease_expiration_ = -inf, majority_replicated_ht_lease_expiration_ = 0)
W1010 07:19:05.319936 298893312 replica_state.cc:805] T ac7dc2f4ab3d4d75960c9b3c010ad173 P 6b460ba950654300b6c50d93f25aea31 [term 1 LEADER]: Can't advance the committed index across term boundaries until operations from the current term are replicated. Last committed operation was: 0.0, New majority replicated is: 0.0, Current term is: 1
W1010 07:19:05.322934 262406144 raft_consensus.cc:1397] Leader lease expiration was not set: Illegal state (yb/consensus/replica_state.cc:1413): NoOp of current term is not committed (majority_replicated_lease_expiration_ = -inf, majority_replicated_ht_lease_expiration_ = 0)
W1010 07:19:05.587255 290308096 leader_election.cc:281] T 60e06716528c474e8a0de82bf8a13bc8 P 6b460ba950654300b6c50d93f25aea31 [CANDIDATE]: Term 1 pre-election: Tablet error from VoteRequest() call to peer 23d881032c1249bd803e401a539be0e2: Illegal state (yb/tserver/service_util.cc:271): Tablet 60e06716528c474e8a0de82bf8a13bc8 not RUNNING: BOOTSTRAPPING (tablet server error 12) (raft group state error 0)
W1010 07:19:05.601038 287088640 raft_consensus.cc:1397] Leader lease expiration was not set: Illegal state (yb/consensus/replica_state.cc:1413): NoOp of current term is not committed (majority_replicated_lease_expiration_ = -inf, majority_replicated_ht_lease_expiration_ = 0)
W1010 07:19:05.603250 261869568 raft_consensus.cc:1397] Leader lease expiration was not set: Illegal state (yb/consensus/replica_state.cc:1413): NoOp of current term is not committed (majority_replicated_lease_expiration_ = -inf, majority_replicated_ht_lease_expiration_ = 0)
W1010 07:23:39.895131 257040384 client_master_rpc.cc:92] GetNamespaceInfo: Leader Master has changed (127.0.0.1:7100 is no longer the leader), re-trying...
W1010 07:23:39.995036 298893312 raft_consensus.cc:1397] Leader lease expiration was not set: Illegal state (yb/consensus/replica_state.cc:1413): NoOp of current term is not committed (majority_replicated_lease_expiration_ = -inf, majority_replicated_ht_lease_expiration_ = 0)
W1010 07:23:39.995184 298893312 replica_state.cc:805] T 8e0f68212e424483898ada80f57d111e P 6b460ba950654300b6c50d93f25aea31 [term 1 LEADER]: Can't advance the committed index across term boundaries until operations from the current term are replicated. Last committed operation was: 0.0, New majority replicated is: 0.0, Current term is: 1
W1010 07:23:39.998461 310161408 raft_consensus.cc:1397] Leader lease expiration was not set: Illegal state (yb/consensus/replica_state.cc:1413): NoOp of current term is not committed (majority_replicated_lease_expiration_ = -inf, majority_replicated_ht_lease_expiration_ = 0)
W1010 07:31:14.123261 230748160 heartbeater.cc:671] P 6b460ba950654300b6c50d93f25aea31: Failed to heartbeat to 127.0.0.2:7100: Network error (yb/util/net/socket.cc:540): Failed to send heartbeat: recvmsg error: Connection refused (system error 61) tries=0, num=3, masters=0x00000001096547c8 -> [[127.0.0.1:7100], [127.0.0.2:7100], [127.0.0.3:7100]], code=Network error
W1010 07:31:15.627954 250064896 master_rpc.cc:281] More than 500 ms has passed, choosing to heartbeat to follower master 804ce06c9a15466ca3f003ffe7ec6df2 after 28 iterations of all masters.
W1010 07:31:15.629474 230748160 heartbeater.cc:671] P 6b460ba950654300b6c50d93f25aea31: Failed to heartbeat to 127.0.0.3:7100: Service unavailable (yb/tserver/heartbeater.cc:497): Master is no longer the leader: code: NOT_THE_LEADER status { code: ILLEGAL_STATE message: "Not the leader. Local UUID: 804ce06c9a15466ca3f003ffe7ec6df2, Consensus state: current_term: 7 leader_uuid: \"3e8eb6bafdb342549e324f48c3b5b69a\" config { opid_index: -1 peers { permanent_uuid: \"e8b222ca9c514c17b0c8c653014e9169\" member_type: VOTER last_known_private_addr { host: \"127.0.0.1\" port: 7100 } cloud_info { placement_cloud: \"cloud1\" placement_region: \"datacenter1\" placement_zone: \"rack1\" } } peers { permanent_uuid: \"3e8eb6bafdb342549e324f48c3b5b69a\" member_type: VOTER last_known_private_addr { host: \"127.0.0.2\" port: 7100 } cloud_info { placement_cloud: \"cloud1\" placement_region: \"datacenter1\" placement_zone: \"rack1\" } } peers { permanent_uuid: \"804ce06c9a15466ca3f003ffe7ec6df2\" member_type: VOTER last_known_private_addr { host: \"127.0.0.3\" port: 7100 } cloud_info { placement_cloud: \"cloud1\" placement_region: \"datacenter1\" placement_zone: \"rack1\" } } }" source_file: "../../src/yb/master/scoped_leader_shared_lock.cc" source_line: 117 errors: "\000" } tries=1, num=3, masters=0x00000001096547c8 -> [[127.0.0.1:7100], [127.0.0.2:7100], [127.0.0.3:7100]], code=Service unavailable
W1010 07:31:19.500754 277430272 consensus_peers.cc:624] T 4d341356e38a4bef89ba39ecca1db435 P 6b460ba950654300b6c50d93f25aea31 -> Peer d5c37cb1777946179e6692ee5e504715 ([host: "127.0.0.1" port: 9100], []): Couldn't send request.  Status: Network error (yb/util/net/socket.cc:540): recvmsg error: Connection refused (system error 61). Retrying in the next heartbeat period. Already tried 1 times. State: 2
W1010 07:31:21.908460 295673856 leader_election.cc:275] T 8078024ab93e4400a14d8399046d9f99 P 6b460ba950654300b6c50d93f25aea31 [CANDIDATE]: Term 4 pre-election: RPC error from VoteRequest() call to peer d5c37cb1777946179e6692ee5e504715: Network error (yb/util/net/socket.cc:540): recvmsg error: Connection refused (system error 61)
W1010 07:31:21.954754 304795648 leader_election.cc:275] T dc9df9c5ad3649a4b4a0ef5b914a4f22 P 6b460ba950654300b6c50d93f25aea31 [CANDIDATE]: Term 2 pre-election: RPC error from VoteRequest() call to peer d5c37cb1777946179e6692ee5e504715: Network error (yb/util/net/socket.cc:540): recvmsg error: Connection refused (system error 61)
W1010 07:31:22.002413 288698368 leader_election.cc:275] T 825df89ca459463f921e4a6d8e68a90d P 6b460ba950654300b6c50d93f25aea31 [CANDIDATE]: Term 2 pre-election: RPC error from VoteRequest() call to peer d5c37cb1777946179e6692ee5e504715: Network error (yb/util/net/socket.cc:540): recvmsg error: Connection refused (system error 61)
W1010 07:31:22.060817 289234944 leader_election.cc:275] T e1f4e53199844455a5eebccf2866688d P 6b460ba950654300b6c50d93f25aea31 [CANDIDATE]: Term 2 pre-election: RPC error from VoteRequest() call to peer d5c37cb1777946179e6692ee5e504715: Network error (yb/util/net/socket.cc:540): recvmsg error: Connection refused (system error 61)
W1010 07:31:22.066660 272601088 leader_election.cc:275] T e1f4e53199844455a5eebccf2866688d P 6b460ba950654300b6c50d93f25aea31 [CANDIDATE]: Term 2 election: RPC error from VoteRequest() call to peer d5c37cb1777946179e6692ee5e504715: Network error (yb/util/net/socket.cc:540): recvmsg error: Connection refused (system error 61)
W1010 07:31:22.069305 262406144 raft_consensus.cc:1397] Leader lease expiration was not set: Illegal state (yb/consensus/replica_state.cc:1413): NoOp of current term is not committed (majority_replicated_lease_expiration_ = -inf, majority_replicated_ht_lease_expiration_ = 0)
W1010 07:31:22.069387 262406144 replica_state.cc:805] T e1f4e53199844455a5eebccf2866688d P 6b460ba950654300b6c50d93f25aea31 [term 2 LEADER]: Can't advance the committed index across term boundaries until operations from the current term are replicated. Last committed operation was: 1.3, New majority replicated is: 1.3, Current term is: 2
W1010 07:31:22.070436 261869568 raft_consensus.cc:1397] Leader lease expiration was not set: Illegal state (yb/consensus/replica_state.cc:1413): NoOp of current term is not committed (majority_replicated_lease_expiration_ = -inf, majority_replicated_ht_lease_expiration_ = 0)
W1010 07:31:22.077873 289771520 leader_election.cc:275] T 769c8b8690e648df93f41c693d55ebc3 P 6b460ba950654300b6c50d93f25aea31 [CANDIDATE]: Term 5 pre-election: RPC error from VoteRequest() call to peer d5c37cb1777946179e6692ee5e504715: Network error (yb/util/net/socket.cc:540): recvmsg error: Connection refused (system error 61)
W1010 07:31:22.092370 276893696 mvcc.cc:439] T 825df89ca459463f921e4a6d8e68a90d P 6b460ba950654300b6c50d93f25aea31: Received propagated safe time { physical: 1728524945679978 } less than the old value: { physical: 1728525679001239 }. This could happen on followers when a new leader is elected.
W1010 07:31:22.093101 292990976 leader_election.cc:275] T f5bd6014d733492eac6dd2cfba061381 P 6b460ba950654300b6c50d93f25aea31 [CANDIDATE]: Term 4 pre-election: RPC error from VoteRequest() call to peer d5c37cb1777946179e6692ee5e504715: Network error (yb/util/net/socket.cc:540): recvmsg error: Connection refused (system error 61)
W1010 07:31:22.126206 276357120 leader_election.cc:275] T 8b3b2a6029b04e9caafd3d0ecee41251 P 6b460ba950654300b6c50d93f25aea31 [CANDIDATE]: Term 2 pre-election: RPC error from VoteRequest() call to peer d5c37cb1777946179e6692ee5e504715: Network error (yb/util/net/socket.cc:540): recvmsg error: Connection refused (system error 61)
W1010 07:31:22.169857 289234944 mvcc.cc:439] T dc9df9c5ad3649a4b4a0ef5b914a4f22 P 6b460ba950654300b6c50d93f25aea31: Received propagated safe time { physical: 1728525220158377 } less than the old value: { physical: 1728525678953622 }. This could happen on followers when a new leader is elected.
W1010 07:31:22.176869 296747008 mvcc.cc:439] T f5bd6014d733492eac6dd2cfba061381 P 6b460ba950654300b6c50d93f25aea31: Received propagated safe time { physical: 1728521271129596 } less than the old value: { physical: 1728525679091366 }. This could happen on followers when a new leader is elected.
W1010 07:31:22.182554 270454784 mvcc.cc:439] T 8b3b2a6029b04e9caafd3d0ecee41251 P 6b460ba950654300b6c50d93f25aea31: Received propagated safe time <min> less than the old value: { physical: 1728525679124783 }. This could happen on followers when a new leader is elected.
W1010 07:31:22.226811 305868800 mvcc.cc:439] T 8078024ab93e4400a14d8399046d9f99 P 6b460ba950654300b6c50d93f25aea31: Received propagated safe time { physical: 1728521261083736 } less than the old value: { physical: 1728525678907164 }. This could happen on followers when a new leader is elected.
W1010 07:31:22.249667 266698752 leader_election.cc:275] T e2b70bab867c400c9f3cb3d3a867ff07 P 6b460ba950654300b6c50d93f25aea31 [CANDIDATE]: Term 2 pre-election: RPC error from VoteRequest() call to peer d5c37cb1777946179e6692ee5e504715: Network error (yb/util/net/socket.cc:540): recvmsg error: Connection refused (system error 61)
W1010 07:31:22.251746 299429888 leader_election.cc:275] T e2b70bab867c400c9f3cb3d3a867ff07 P 6b460ba950654300b6c50d93f25aea31 [CANDIDATE]: Term 2 election: RPC error from VoteRequest() call to peer d5c37cb1777946179e6692ee5e504715: Network error (yb/util/net/socket.cc:540): recvmsg error: Connection refused (system error 61)
W1010 07:31:22.253726 261869568 raft_consensus.cc:1397] Leader lease expiration was not set: Illegal state (yb/consensus/replica_state.cc:1413): NoOp of current term is not committed (majority_replicated_lease_expiration_ = -inf, majority_replicated_ht_lease_expiration_ = 0)
