W1010 10:35:58.576403 17817600 log_util.cc:241] Could not read footer for segment: /Users/nag/yb/yugabyte-data/node2/yb-data/tserver/wals/table-f80c17935cc9489ab3c6c05dceb25976/tablet-1b3f2a4877404ba898e6ff9448cf4740/wal-000000002: Not found (yb/consensus/log_util.cc:581): Footer not found. Footer magic doesn't match
I1010 10:35:58.576539 17281024 tablet_bootstrap.cc:1238] T bf1529417d2a441c9c33fa183a226bd3 P 6b460ba950654300b6c50d93f25aea31: Flushed DocDB OpIds: { regular: -1.-1 intents: -1.-1 }
I1010 10:35:58.576875 19963904 tablet_bootstrap_if.cc:96] T 7c7b0e8f396b4659b1f29a4dd140c822 P 6b460ba950654300b6c50d93f25aea31: Bootstrap complete.
I1010 10:35:58.577195 18354176 log.cc:1112] Successfully restored footer_builder_ and log_index_ for segment: /Users/nag/yb/yugabyte-data/node2/yb-data/tserver/wals/table-f80c17935cc9489ab3c6c05dceb25976/tablet-5aab7c3da55c4174a9735369225d0c54/wal-000000001. Reopen the file for write with starting offset: 1962
I1010 10:35:58.577019 19427328 tablet_bootstrap.cc:644] T 1e9c042ca80e4c66a6117c85d04f6168 P 6b460ba950654300b6c50d93f25aea31: Time spent opening tablet: real 0.000s	user 0.000s	sys 0.000s
I1010 10:35:58.577416 16207872 raft_consensus.cc:3519] T f27eef4b471b4c3c800523a8cd4a34f7 P 6b460ba950654300b6c50d93f25aea31 [term 3 FOLLOWER]: Calling mark dirty synchronously for reason code CONSENSUS_STARTED
W1010 10:35:58.577505 17817600 log_reader.cc:217] T 1b3f2a4877404ba898e6ff9448cf4740 P 6b460ba950654300b6c50d93f25aea31: Log segment /Users/nag/yb/yugabyte-data/node2/yb-data/tserver/wals/table-f80c17935cc9489ab3c6c05dceb25976/tablet-1b3f2a4877404ba898e6ff9448cf4740/wal-000000002 was likely left in-progressafter a previous crash. Will try to reuse this segment as writable active segment
I1010 10:35:58.577543 17281024 tablet_bootstrap.cc:1514] T bf1529417d2a441c9c33fa183a226bd3 P 6b460ba950654300b6c50d93f25aea31: Max persistent index in RocksDB's SSTables before bootstrap: regular RocksDB: -1.-1; intents RocksDB: -1.-1
I1010 10:35:58.577649 18354176 log.cc:1461] T 5aab7c3da55c4174a9735369225d0c54 P 6b460ba950654300b6c50d93f25aea31: Setting log wal retention time to 0 seconds
I1010 10:35:58.577647 19963904 log_util.cc:797] Scanning /Users/nag/yb/yugabyte-data/node2/yb-data/tserver/wals/table-f80c17935cc9489ab3c6c05dceb25976/tablet-7c7b0e8f396b4659b1f29a4dd140c822/wal-000000001 for valid entry headers following offset 1924...
I1010 10:35:58.577746 16207872 tablet_peer.cc:1643] T f27eef4b471b4c3c800523a8cd4a34f7 P 6b460ba950654300b6c50d93f25aea31 [state=RUNNING]: Changed state from BOOTSTRAPPING to RUNNING
I1010 10:35:58.577793 22646784 heartbeater.cc:379] P 6b460ba950654300b6c50d93f25aea31: Registering TS with master...
I1010 10:35:58.577808 19427328 tablet_bootstrap.cc:740] T 1e9c042ca80e4c66a6117c85d04f6168 P 6b460ba950654300b6c50d93f25aea31: Will attempt to recover log segment /Users/nag/yb/yugabyte-data/node2/yb-data/tserver/wals/table-f80c17935cc9489ab3c6c05dceb25976/tablet-1e9c042ca80e4c66a6117c85d04f6168/wal-000000001
I1010 10:35:58.577852 17817600 log.cc:722] T 1b3f2a4877404ba898e6ff9448cf4740 P 6b460ba950654300b6c50d93f25aea31: Opened existing logs. Last segment is /Users/nag/yb/yugabyte-data/node2/yb-data/tserver/wals/table-f80c17935cc9489ab3c6c05dceb25976/tablet-1b3f2a4877404ba898e6ff9448cf4740/wal-000000002
I1010 10:35:58.578004 17281024 log.cc:1461] T bf1529417d2a441c9c33fa183a226bd3 P 6b460ba950654300b6c50d93f25aea31: Setting log wal retention time to 0 seconds
I1010 10:35:58.578110 18354176 ts_tablet_manager.cc:1982] T 5aab7c3da55c4174a9735369225d0c54 P 6b460ba950654300b6c50d93f25aea31: Time spent bootstrapping tablet: real 0.029s	user 0.002s	sys 0.004s
I1010 10:35:58.578248 22646784 server_base.cc:598] Using private rpc address 127.0.0.2
I1010 10:35:58.578311 16207872 tablet_peer.cc:1516] T f27eef4b471b4c3c800523a8cd4a34f7 P 6b460ba950654300b6c50d93f25aea31 [state=RUNNING]: Registered log gc
I1010 10:35:58.578414 19427328 tablet_bootstrap.cc:1238] T 1e9c042ca80e4c66a6117c85d04f6168 P 6b460ba950654300b6c50d93f25aea31: Flushed DocDB OpIds: { regular: -1.-1 intents: -1.-1 }
I1010 10:35:58.578454 17817600 tablet_bootstrap.cc:396] T 1b3f2a4877404ba898e6ff9448cf4740 P 6b460ba950654300b6c50d93f25aea31: Bootstrap optimizer (skip_flushed_entries): op_id_replay_lowest=-1.-1 (regular_op_id=-1.-1, intents_op_id=-1.-1, has_intents_db=0)
I1010 10:35:58.578461 19963904 log_util.cc:841] Found no log entry headers
I1010 10:35:58.579195 22646784 server_base.cc:620] Using http address 127.0.0.2
I1010 10:35:58.579308 18890752 consensus_meta.cc:361] T 9cd834df5c9f41b091ffb845bd6122ec P 6b460ba950654300b6c50d93f25aea31: Updating active role from FOLLOWER to FOLLOWER. Consensus state: current_term: 1 leader_uuid: "" config { opid_index: 4 peers { permanent_uuid: "6b460ba950654300b6c50d93f25aea31" member_type: VOTER last_known_private_addr { host: "127.0.0.2" port: 9100 } cloud_info { placement_cloud: "cloud1" placement_region: "datacenter1" placement_zone: "rack1" } } peers { permanent_uuid: "d5c37cb1777946179e6692ee5e504715" member_type: VOTER last_known_private_addr { host: "127.0.0.1" port: 9100 } cloud_info { placement_cloud: "cloud1" placement_region: "datacenter1" placement_zone: "rack1" } } peers { permanent_uuid: "23d881032c1249bd803e401a539be0e2" member_type: VOTER last_known_private_addr { host: "127.0.0.3" port: 9100 } cloud_info { placement_cloud: "cloud1" placement_region: "datacenter1" placement_zone: "rack1" } } }, has_pending_config = 0
I1010 10:35:58.579401 16207872 ts_tablet_manager.cc:2063] T f27eef4b471b4c3c800523a8cd4a34f7 P 6b460ba950654300b6c50d93f25aea31: Time spent starting tablet: real 0.008s	user 0.001s	sys 0.001s
I1010 10:35:58.579480 19427328 tablet_bootstrap.cc:1514] T 1e9c042ca80e4c66a6117c85d04f6168 P 6b460ba950654300b6c50d93f25aea31: Max persistent index in RocksDB's SSTables before bootstrap: regular RocksDB: -1.-1; intents RocksDB: -1.-1
I1010 10:35:58.579535 17817600 tablet_bootstrap.cc:1461] T 1b3f2a4877404ba898e6ff9448cf4740 P 6b460ba950654300b6c50d93f25aea31: Segment /Users/nag/yb/yugabyte-data/node2/yb-data/tserver/wals/table-f80c17935cc9489ab3c6c05dceb25976/tablet-1b3f2a4877404ba898e6ff9448cf4740/wal-000000002 cannot be used as the first segment to start replay with according to our OpId and retention criteria. Continuing to earlier segments.op_id=2.5, op_id_replay_lowest=-1.-1, last_op_id_in_retryable_requests=0.0, first_op_time=187107.601s, retryable_requests_retain_interval=60.000s, *retryable_requests_replay_from_this_or_earlier_time=187047.601s, is_first_op_id_low_enough_for_retryable_requests=0, is_first_op_time_early_enough_for_retryable_requests=0, is_first_op_id_low_enough=0
I1010 10:35:58.579584 19963904 log_util.cc:702] Ignoring partially flushed segment in write ahead log /Users/nag/yb/yugabyte-data/node2/yb-data/tserver/wals/table-f80c17935cc9489ab3c6c05dceb25976/tablet-7c7b0e8f396b4659b1f29a4dd140c822/wal-000000001 because there are no log entries following this one. The server probably crashed in the middle of writing an entry to the write-ahead log or downloaded an active log via remote bootstrap. Error detail: Corruption (yb/consensus/log_util.cc:912): Invalid checksum in log entry head header: found=0, computed=2351477386: Failed trying to read batch #9 at offset 1924 for log segment /Users/nag/yb/yugabyte-data/node2/yb-data/tserver/wals/table-f80c17935cc9489ab3c6c05dceb25976/tablet-7c7b0e8f396b4659b1f29a4dd140c822/wal-000000001: Prior batch offsets: 1266 1292 1898 1924; Last log entries read: [REPLICATE (1.1)] [REPLICATE (1.2)] [REPLICATE (1.3)] [REPLICATE (1.4)]
I1010 10:35:58.579834 18890752 raft_consensus.cc:498] T 9cd834df5c9f41b091ffb845bd6122ec P 6b460ba950654300b6c50d93f25aea31 [term 1 FOLLOWER]: Replica starting. Triggering 0 pending operations. Active config: opid_index: 4 peers { permanent_uuid: "6b460ba950654300b6c50d93f25aea31" member_type: VOTER last_known_private_addr { host: "127.0.0.2" port: 9100 } cloud_info { placement_cloud: "cloud1" placement_region: "datacenter1" placement_zone: "rack1" } } peers { permanent_uuid: "d5c37cb1777946179e6692ee5e504715" member_type: VOTER last_known_private_addr { host: "127.0.0.1" port: 9100 } cloud_info { placement_cloud: "cloud1" placement_region: "datacenter1" placement_zone: "rack1" } } peers { permanent_uuid: "23d881032c1249bd803e401a539be0e2" member_type: VOTER last_known_private_addr { host: "127.0.0.3" port: 9100 } cloud_info { placement_cloud: "cloud1" placement_region: "datacenter1" placement_zone: "rack1" } }
I1010 10:35:58.579911 16207872 ts_tablet_manager.cc:3478] Deleted transition in progress opening tablet for tablet f27eef4b471b4c3c800523a8cd4a34f7
I1010 10:35:58.579975 19427328 log.cc:1461] T 1e9c042ca80e4c66a6117c85d04f6168 P 6b460ba950654300b6c50d93f25aea31: Setting log wal retention time to 0 seconds
I1010 10:35:58.580178 17817600 tablet_bootstrap.cc:1461] T 1b3f2a4877404ba898e6ff9448cf4740 P 6b460ba950654300b6c50d93f25aea31: Segment /Users/nag/yb/yugabyte-data/node2/yb-data/tserver/wals/table-f80c17935cc9489ab3c6c05dceb25976/tablet-1b3f2a4877404ba898e6ff9448cf4740/wal-000000001 cannot be used as the first segment to start replay with according to our OpId and retention criteria. However, this is already the earliest segment so we have to start replay here. We should probably investigate how we got into this situation. op_id=1.1, op_id_replay_lowest=-1.-1, last_op_id_in_retryable_requests=0.0, first_op_time=161875.942s, retryable_requests_retain_interval=60.000s, *retryable_requests_replay_from_this_or_earlier_time=187047.601s, is_first_op_id_low_enough_for_retryable_requests=0, is_first_op_time_early_enough_for_retryable_requests=1, is_first_op_id_low_enough=0
I1010 10:35:58.580349 19963904 log.cc:1112] Successfully restored footer_builder_ and log_index_ for segment: /Users/nag/yb/yugabyte-data/node2/yb-data/tserver/wals/table-f80c17935cc9489ab3c6c05dceb25976/tablet-7c7b0e8f396b4659b1f29a4dd140c822/wal-000000001. Reopen the file for write with starting offset: 1924
I1010 10:35:58.580482 18890752 raft_consensus.cc:1135] T 9cd834df5c9f41b091ffb845bd6122ec P 6b460ba950654300b6c50d93f25aea31 [term 1 FOLLOWER]: Becoming Follower/Learner. State: Replica: 6b460ba950654300b6c50d93f25aea31, State: 1, Role: FOLLOWER, Watermarks: {Received: 1.4 Committed: 1.4} Leader: 0.0, new leader: , initial_fd_wait: <uninitialized>
I1010 10:35:58.580502 16207872 ts_tablet_manager.cc:1936] T 58e6490841794dbeb8a8ffeaeaa9d87d P 6b460ba950654300b6c50d93f25aea31: Bootstrapping tablet
I1010 10:35:58.580626 17817600 tablet_bootstrap.cc:1476] T 1b3f2a4877404ba898e6ff9448cf4740 P 6b460ba950654300b6c50d93f25aea31: Bootstrap optimizer (skip_flushed_entries): will replay all segments starting from the very first one.
W1010 10:35:58.580711 22646784 heartbeater.cc:671] P 6b460ba950654300b6c50d93f25aea31: Failed to heartbeat to 127.0.0.3:7100: Remote error (yb/rpc/outbound_call.cc:561): Failed to send heartbeat: Invalid argument (yb/master/master_heartbeat_service.cc:251): Received wrong universe_uuid 21b2e3d0-495a-4149-9f2a-913ddeb95eff, expected 7252bc1a-cf22-48a4-9dd6-459a6f24aa4e (rpc error 1) tries=19, num=3, masters=0x000000010d6628b8 -> [[127.0.0.1:7100], [127.0.0.2:7100], [127.0.0.3:7100]], code=Remote error
I1010 10:35:58.580765 19963904 log.cc:1461] T 7c7b0e8f396b4659b1f29a4dd140c822 P 6b460ba950654300b6c50d93f25aea31: Setting log wal retention time to 0 seconds
I1010 10:35:58.580809 18890752 consensus_meta.cc:361] T 9cd834df5c9f41b091ffb845bd6122ec P 6b460ba950654300b6c50d93f25aea31: Updating active role from FOLLOWER to FOLLOWER. Consensus state: current_term: 1 leader_uuid: "" config { opid_index: 4 peers { permanent_uuid: "6b460ba950654300b6c50d93f25aea31" member_type: VOTER last_known_private_addr { host: "127.0.0.2" port: 9100 } cloud_info { placement_cloud: "cloud1" placement_region: "datacenter1" placement_zone: "rack1" } } peers { permanent_uuid: "d5c37cb1777946179e6692ee5e504715" member_type: VOTER last_known_private_addr { host: "127.0.0.1" port: 9100 } cloud_info { placement_cloud: "cloud1" placement_region: "datacenter1" placement_zone: "rack1" } } peers { permanent_uuid: "23d881032c1249bd803e401a539be0e2" member_type: VOTER last_known_private_addr { host: "127.0.0.3" port: 9100 } cloud_info { placement_cloud: "cloud1" placement_region: "datacenter1" placement_zone: "rack1" } } }, has_pending_config = 0
I1010 10:35:58.580987 22646784 heartbeater.cc:379] P 6b460ba950654300b6c50d93f25aea31: Registering TS with master...
I1010 10:35:58.581097 19963904 ts_tablet_manager.cc:1982] T 7c7b0e8f396b4659b1f29a4dd140c822 P 6b460ba950654300b6c50d93f25aea31: Time spent bootstrapping tablet: real 0.027s	user 0.002s	sys 0.005s
I1010 10:35:58.581164 18354176 consensus_meta.cc:361] T 5aab7c3da55c4174a9735369225d0c54 P 6b460ba950654300b6c50d93f25aea31: Updating active role from FOLLOWER to FOLLOWER. Consensus state: current_term: 3 leader_uuid: "" config { opid_index: 5 peers { permanent_uuid: "6b460ba950654300b6c50d93f25aea31" member_type: VOTER last_known_private_addr { host: "127.0.0.2" port: 9100 } cloud_info { placement_cloud: "cloud1" placement_region: "datacenter1" placement_zone: "rack1" } } peers { permanent_uuid: "d5c37cb1777946179e6692ee5e504715" member_type: VOTER last_known_private_addr { host: "127.0.0.1" port: 9100 } cloud_info { placement_cloud: "cloud1" placement_region: "datacenter1" placement_zone: "rack1" } } peers { permanent_uuid: "23d881032c1249bd803e401a539be0e2" member_type: VOTER last_known_private_addr { host: "127.0.0.3" port: 9100 } cloud_info { placement_cloud: "cloud1" placement_region: "datacenter1" placement_zone: "rack1" } } }, has_pending_config = 0
I1010 10:35:58.581246 18890752 consensus_queue.cc:270] T 9cd834df5c9f41b091ffb845bd6122ec P 6b460ba950654300b6c50d93f25aea31 [NON_LEADER]: Queue going to NON_LEADER mode. State: All replicated op: 0.0, Majority replicated op: 0.0, Committed index: 0.0, Last applied: 0.0, Last appended: 1.4, Current term: 0, Majority size: -1, State: QUEUE_OPEN, Mode: NON_LEADER
I1010 10:35:58.581254 22646784 server_base.cc:598] Using private rpc address 127.0.0.2
I1010 10:35:58.581261 17817600 tablet_bootstrap_if.cc:96] T 1b3f2a4877404ba898e6ff9448cf4740 P 6b460ba950654300b6c50d93f25aea31: Bootstrap replayed 1/2 log segments. Read operations: 4, overwritten operations: 0. Pending: 1 replicates. Last read committed op id: 1.4, last entry metadata: { entry_time: 187107.102s offset: 1292 active_segment_sequence_number: 1 }, last read entry op id: 1.4
W1010 10:35:58.581348 19427328 log_util.cc:241] Could not read footer for segment: /Users/nag/yb/yugabyte-data/node2/yb-data/tserver/wals/table-f80c17935cc9489ab3c6c05dceb25976/tablet-1e9c042ca80e4c66a6117c85d04f6168/wal-000000001: Not found (yb/consensus/log_util.cc:581): Footer not found. Footer magic doesn't match
I1010 10:35:58.581374 18354176 raft_consensus.cc:498] T 5aab7c3da55c4174a9735369225d0c54 P 6b460ba950654300b6c50d93f25aea31 [term 3 FOLLOWER]: Replica starting. Triggering 0 pending operations. Active config: opid_index: 5 peers { permanent_uuid: "6b460ba950654300b6c50d93f25aea31" member_type: VOTER last_known_private_addr { host: "127.0.0.2" port: 9100 } cloud_info { placement_cloud: "cloud1" placement_region: "datacenter1" placement_zone: "rack1" } } peers { permanent_uuid: "d5c37cb1777946179e6692ee5e504715" member_type: VOTER last_known_private_addr { host: "127.0.0.1" port: 9100 } cloud_info { placement_cloud: "cloud1" placement_region: "datacenter1" placement_zone: "rack1" } } peers { permanent_uuid: "23d881032c1249bd803e401a539be0e2" member_type: VOTER last_known_private_addr { host: "127.0.0.3" port: 9100 } cloud_info { placement_cloud: "cloud1" placement_region: "datacenter1" placement_zone: "rack1" } }
I1010 10:35:58.581429 18890752 raft_consensus.cc:3519] T 9cd834df5c9f41b091ffb845bd6122ec P 6b460ba950654300b6c50d93f25aea31 [term 1 FOLLOWER]: Calling mark dirty synchronously for reason code CONSENSUS_STARTED
I1010 10:35:58.581442 22646784 server_base.cc:620] Using http address 127.0.0.2
I1010 10:35:58.581509 16207872 consensus_meta.cc:361] T 58e6490841794dbeb8a8ffeaeaa9d87d P 6b460ba950654300b6c50d93f25aea31: Updating active role from UNKNOWN_ROLE to FOLLOWER. Consensus state: current_term: 1 leader_uuid: "" config { opid_index: -1 peers { permanent_uuid: "23d881032c1249bd803e401a539be0e2" member_type: VOTER last_known_private_addr { host: "127.0.0.3" port: 9100 } cloud_info { placement_cloud: "cloud1" placement_region: "datacenter1" placement_zone: "rack1" } } peers { permanent_uuid: "6b460ba950654300b6c50d93f25aea31" member_type: VOTER last_known_private_addr { host: "127.0.0.2" port: 9100 } cloud_info { placement_cloud: "cloud1" placement_region: "datacenter1" placement_zone: "rack1" } } peers { permanent_uuid: "d5c37cb1777946179e6692ee5e504715" member_type: VOTER last_known_private_addr { host: "127.0.0.1" port: 9100 } cloud_info { placement_cloud: "cloud1" placement_region: "datacenter1" placement_zone: "rack1" } } }, has_pending_config = 0
I1010 10:35:58.581665 17817600 log_util.cc:797] Scanning /Users/nag/yb/yugabyte-data/node2/yb-data/tserver/wals/table-f80c17935cc9489ab3c6c05dceb25976/tablet-1b3f2a4877404ba898e6ff9448cf4740/wal-000000002 for valid entry headers following offset 2447...
W1010 10:35:58.581707 19427328 log_reader.cc:217] T 1e9c042ca80e4c66a6117c85d04f6168 P 6b460ba950654300b6c50d93f25aea31: Log segment /Users/nag/yb/yugabyte-data/node2/yb-data/tserver/wals/table-f80c17935cc9489ab3c6c05dceb25976/tablet-1e9c042ca80e4c66a6117c85d04f6168/wal-000000001 was likely left in-progressafter a previous crash. Will try to reuse this segment as writable active segment
I1010 10:35:58.581746 18354176 raft_consensus.cc:1135] T 5aab7c3da55c4174a9735369225d0c54 P 6b460ba950654300b6c50d93f25aea31 [term 3 FOLLOWER]: Becoming Follower/Learner. State: Replica: 6b460ba950654300b6c50d93f25aea31, State: 1, Role: FOLLOWER, Watermarks: {Received: 3.5 Committed: 3.5} Leader: 0.0, new leader: , initial_fd_wait: <uninitialized>
I1010 10:35:58.581779 18890752 tablet_peer.cc:1643] T 9cd834df5c9f41b091ffb845bd6122ec P 6b460ba950654300b6c50d93f25aea31 [state=RUNNING]: Changed state from BOOTSTRAPPING to RUNNING
I1010 10:35:58.581970 17817600 log_util.cc:841] Found no log entry headers
I1010 10:35:58.582010 16207872 tablet_bootstrap_state_manager.cc:68] Initialized TabletBootstrapStateManager, found a file ? no, wal dir=/Users/nag/yb/yugabyte-data/node2/yb-data/tserver/wals/table-00004000000030008000000000004007/tablet-58e6490841794dbeb8a8ffeaeaa9d87d
I1010 10:35:58.582149 19427328 log.cc:722] T 1e9c042ca80e4c66a6117c85d04f6168 P 6b460ba950654300b6c50d93f25aea31: Opened existing logs. Last segment is /Users/nag/yb/yugabyte-data/node2/yb-data/tserver/wals/table-f80c17935cc9489ab3c6c05dceb25976/tablet-1e9c042ca80e4c66a6117c85d04f6168/wal-000000001
I1010 10:35:58.582207 18354176 consensus_meta.cc:361] T 5aab7c3da55c4174a9735369225d0c54 P 6b460ba950654300b6c50d93f25aea31: Updating active role from FOLLOWER to FOLLOWER. Consensus state: current_term: 3 leader_uuid: "" config { opid_index: 5 peers { permanent_uuid: "6b460ba950654300b6c50d93f25aea31" member_type: VOTER last_known_private_addr { host: "127.0.0.2" port: 9100 } cloud_info { placement_cloud: "cloud1" placement_region: "datacenter1" placement_zone: "rack1" } } peers { permanent_uuid: "d5c37cb1777946179e6692ee5e504715" member_type: VOTER last_known_private_addr { host: "127.0.0.1" port: 9100 } cloud_info { placement_cloud: "cloud1" placement_region: "datacenter1" placement_zone: "rack1" } } peers { permanent_uuid: "23d881032c1249bd803e401a539be0e2" member_type: VOTER last_known_private_addr { host: "127.0.0.3" port: 9100 } cloud_info { placement_cloud: "cloud1" placement_region: "datacenter1" placement_zone: "rack1" } } }, has_pending_config = 0
I1010 10:35:58.582405 18890752 tablet_peer.cc:1516] T 9cd834df5c9f41b091ffb845bd6122ec P 6b460ba950654300b6c50d93f25aea31 [state=RUNNING]: Registered log gc
I1010 10:35:58.582448 17817600 log_util.cc:702] Ignoring partially flushed segment in write ahead log /Users/nag/yb/yugabyte-data/node2/yb-data/tserver/wals/table-f80c17935cc9489ab3c6c05dceb25976/tablet-1b3f2a4877404ba898e6ff9448cf4740/wal-000000002 because there are no log entries following this one. The server probably crashed in the middle of writing an entry to the write-ahead log or downloaded an active log via remote bootstrap. Error detail: Corruption (yb/consensus/log_util.cc:912): Invalid checksum in log entry head header: found=0, computed=2351477386: Failed trying to read batch #36 at offset 2447 for log segment /Users/nag/yb/yugabyte-data/node2/yb-data/tserver/wals/table-f80c17935cc9489ab3c6c05dceb25976/tablet-1b3f2a4877404ba898e6ff9448cf4740/wal-000000002: Prior batch offsets: 2337 2363 2421 2447; Last log entries read: [REPLICATE (2.19)] [REPLICATE (2.20)] [REPLICATE (2.21)] [REPLICATE (3.22)]
I1010 10:35:58.582513 16207872 tablet_peer.cc:1643] T 58e6490841794dbeb8a8ffeaeaa9d87d P 6b460ba950654300b6c50d93f25aea31 [state=BOOTSTRAPPING]: Changed state from NOT_STARTED to BOOTSTRAPPING
I1010 10:35:58.582551 19427328 tablet_bootstrap.cc:396] T 1e9c042ca80e4c66a6117c85d04f6168 P 6b460ba950654300b6c50d93f25aea31: Bootstrap optimizer (skip_flushed_entries): op_id_replay_lowest=-1.-1 (regular_op_id=-1.-1, intents_op_id=-1.-1, has_intents_db=0)
I1010 10:35:58.582604 18354176 consensus_queue.cc:270] T 5aab7c3da55c4174a9735369225d0c54 P 6b460ba950654300b6c50d93f25aea31 [NON_LEADER]: Queue going to NON_LEADER mode. State: All replicated op: 0.0, Majority replicated op: 0.0, Committed index: 0.0, Last applied: 0.0, Last appended: 3.5, Current term: 0, Majority size: -1, State: QUEUE_OPEN, Mode: NON_LEADER
I1010 10:35:58.582648 18890752 ts_tablet_manager.cc:2063] T 9cd834df5c9f41b091ffb845bd6122ec P 6b460ba950654300b6c50d93f25aea31: Time spent starting tablet: real 0.006s	user 0.001s	sys 0.001s
I1010 10:35:58.582701 16207872 tablet_bootstrap_if.cc:96] T 58e6490841794dbeb8a8ffeaeaa9d87d P 6b460ba950654300b6c50d93f25aea31: Bootstrap starting.
W1010 10:35:58.582728 22646784 heartbeater.cc:671] P 6b460ba950654300b6c50d93f25aea31: Failed to heartbeat to 127.0.0.3:7100: Remote error (yb/rpc/outbound_call.cc:561): Failed to send heartbeat: Invalid argument (yb/master/master_heartbeat_service.cc:251): Received wrong universe_uuid 21b2e3d0-495a-4149-9f2a-913ddeb95eff, expected 7252bc1a-cf22-48a4-9dd6-459a6f24aa4e (rpc error 1) tries=20, num=3, masters=0x000000010d6628b8 -> [[127.0.0.1:7100], [127.0.0.2:7100], [127.0.0.3:7100]], code=Remote error
I1010 10:35:58.582749 17817600 tablet_bootstrap_if.cc:96] T 1b3f2a4877404ba898e6ff9448cf4740 P 6b460ba950654300b6c50d93f25aea31: Bootstrap replayed 2/2 log segments. Read operations: 22, overwritten operations: 0. Pending: 1 replicates. Last read committed op id: 3.22, last entry metadata: { entry_time: 191541.020s offset: 2363 active_segment_sequence_number: 2 }, last read entry op id: 3.22
I1010 10:35:58.582783 19427328 tablet_bootstrap.cc:1461] T 1e9c042ca80e4c66a6117c85d04f6168 P 6b460ba950654300b6c50d93f25aea31: Segment /Users/nag/yb/yugabyte-data/node2/yb-data/tserver/wals/table-f80c17935cc9489ab3c6c05dceb25976/tablet-1e9c042ca80e4c66a6117c85d04f6168/wal-000000001 cannot be used as the first segment to start replay with according to our OpId and retention criteria. However, this is already the earliest segment so we have to start replay here. We should probably investigate how we got into this situation. op_id=1.1, op_id_replay_lowest=-1.-1, last_op_id_in_retryable_requests=0.0, first_op_time=161875.843s, retryable_requests_retain_interval=60.000s, *retryable_requests_replay_from_this_or_earlier_time=161815.843s, is_first_op_id_low_enough_for_retryable_requests=0, is_first_op_time_early_enough_for_retryable_requests=0, is_first_op_id_low_enough=0
I1010 10:35:58.582831 18354176 raft_consensus.cc:3519] T 5aab7c3da55c4174a9735369225d0c54 P 6b460ba950654300b6c50d93f25aea31 [term 3 FOLLOWER]: Calling mark dirty synchronously for reason code CONSENSUS_STARTED
I1010 10:35:58.582876 18890752 ts_tablet_manager.cc:3478] Deleted transition in progress opening tablet for tablet 9cd834df5c9f41b091ffb845bd6122ec
I1010 10:35:58.582996 22646784 heartbeater.cc:379] P 6b460ba950654300b6c50d93f25aea31: Registering TS with master...
I1010 10:35:58.583015 16207872 tablet.cc:637] T 58e6490841794dbeb8a8ffeaeaa9d87d P 6b460ba950654300b6c50d93f25aea31: Schema version for user_info is 1
I1010 10:35:58.583032 17817600 tablet_bootstrap.cc:1654] T 1b3f2a4877404ba898e6ff9448cf4740 P 6b460ba950654300b6c50d93f25aea31: Dumping replay state to log at the end of PlaySegments
I1010 10:35:58.583019 19963904 consensus_meta.cc:361] T 7c7b0e8f396b4659b1f29a4dd140c822 P 6b460ba950654300b6c50d93f25aea31: Updating active role from FOLLOWER to FOLLOWER. Consensus state: current_term: 1 leader_uuid: "" config { opid_index: 4 peers { permanent_uuid: "23d881032c1249bd803e401a539be0e2" member_type: VOTER last_known_private_addr { host: "127.0.0.3" port: 9100 } cloud_info { placement_cloud: "cloud1" placement_region: "datacenter1" placement_zone: "rack1" } } peers { permanent_uuid: "6b460ba950654300b6c50d93f25aea31" member_type: VOTER last_known_private_addr { host: "127.0.0.2" port: 9100 } cloud_info { placement_cloud: "cloud1" placement_region: "datacenter1" placement_zone: "rack1" } } peers { permanent_uuid: "d5c37cb1777946179e6692ee5e504715" member_type: VOTER last_known_private_addr { host: "127.0.0.1" port: 9100 } cloud_info { placement_cloud: "cloud1" placement_region: "datacenter1" placement_zone: "rack1" } } }, has_pending_config = 0
I1010 10:35:58.583057 19427328 tablet_bootstrap.cc:1476] T 1e9c042ca80e4c66a6117c85d04f6168 P 6b460ba950654300b6c50d93f25aea31: Bootstrap optimizer (skip_flushed_entries): will replay all segments starting from the very first one.
I1010 10:35:58.583093 18354176 tablet_peer.cc:1643] T 5aab7c3da55c4174a9735369225d0c54 P 6b460ba950654300b6c50d93f25aea31 [state=RUNNING]: Changed state from BOOTSTRAPPING to RUNNING
I1010 10:35:58.583139 18890752 ts_tablet_manager.cc:1936] T 8e0f68212e424483898ada80f57d111e P 6b460ba950654300b6c50d93f25aea31: Bootstrapping tablet
I1010 10:35:58.583186 22646784 server_base.cc:598] Using private rpc address 127.0.0.2
I1010 10:35:58.583307 17817600 tablet_bootstrap.cc:1212] T 1b3f2a4877404ba898e6ff9448cf4740 P 6b460ba950654300b6c50d93f25aea31: ReplayState: Previous OpId: 3.22, Committed OpId: 3.22, Pending Replicates: 0, Flushed Regular: -1.-1, Flushed Intents: -1.-1
I1010 10:35:58.583361 19963904 raft_consensus.cc:498] T 7c7b0e8f396b4659b1f29a4dd140c822 P 6b460ba950654300b6c50d93f25aea31 [term 1 FOLLOWER]: Replica starting. Triggering 0 pending operations. Active config: opid_index: 4 peers { permanent_uuid: "23d881032c1249bd803e401a539be0e2" member_type: VOTER last_known_private_addr { host: "127.0.0.3" port: 9100 } cloud_info { placement_cloud: "cloud1" placement_region: "datacenter1" placement_zone: "rack1" } } peers { permanent_uuid: "6b460ba950654300b6c50d93f25aea31" member_type: VOTER last_known_private_addr { host: "127.0.0.2" port: 9100 } cloud_info { placement_cloud: "cloud1" placement_region: "datacenter1" placement_zone: "rack1" } } peers { permanent_uuid: "d5c37cb1777946179e6692ee5e504715" member_type: VOTER last_known_private_addr { host: "127.0.0.1" port: 9100 } cloud_info { placement_cloud: "cloud1" placement_region: "datacenter1" placement_zone: "rack1" } }
W1010 10:35:58.583398 17281024 log_util.cc:241] Could not read footer for segment: /Users/nag/yb/yugabyte-data/node2/yb-data/tserver/wals/table-f80c17935cc9489ab3c6c05dceb25976/tablet-bf1529417d2a441c9c33fa183a226bd3/wal-000000001: Not found (yb/consensus/log_util.cc:581): Footer not found. Footer magic doesn't match
I1010 10:35:58.583498 18354176 tablet_peer.cc:1516] T 5aab7c3da55c4174a9735369225d0c54 P 6b460ba950654300b6c50d93f25aea31 [state=RUNNING]: Registered log gc
I1010 10:35:58.583528 16207872 transaction_participant.cc:193] T 58e6490841794dbeb8a8ffeaeaa9d87d P 6b460ba950654300b6c50d93f25aea31: Create
I1010 10:35:58.583532 19427328 log_util.cc:797] Scanning /Users/nag/yb/yugabyte-data/node2/yb-data/tserver/wals/table-f80c17935cc9489ab3c6c05dceb25976/tablet-1e9c042ca80e4c66a6117c85d04f6168/wal-000000001 for valid entry headers following offset 2008...
I1010 10:35:58.583578 22646784 server_base.cc:620] Using http address 127.0.0.2
I1010 10:35:58.583609 17817600 tablet_bootstrap.cc:1212] T 1b3f2a4877404ba898e6ff9448cf4740 P 6b460ba950654300b6c50d93f25aea31: Log entries applied to RocksDB: 22
I1010 10:35:58.583688 19963904 raft_consensus.cc:1135] T 7c7b0e8f396b4659b1f29a4dd140c822 P 6b460ba950654300b6c50d93f25aea31 [term 1 FOLLOWER]: Becoming Follower/Learner. State: Replica: 6b460ba950654300b6c50d93f25aea31, State: 1, Role: FOLLOWER, Watermarks: {Received: 1.4 Committed: 1.4} Leader: 0.0, new leader: , initial_fd_wait: <uninitialized>
W1010 10:35:58.583880 17281024 log_reader.cc:217] T bf1529417d2a441c9c33fa183a226bd3 P 6b460ba950654300b6c50d93f25aea31: Log segment /Users/nag/yb/yugabyte-data/node2/yb-data/tserver/wals/table-f80c17935cc9489ab3c6c05dceb25976/tablet-bf1529417d2a441c9c33fa183a226bd3/wal-000000001 was likely left in-progressafter a previous crash. Will try to reuse this segment as writable active segment
I1010 10:35:58.583906 18890752 consensus_meta.cc:361] T 8e0f68212e424483898ada80f57d111e P 6b460ba950654300b6c50d93f25aea31: Updating active role from UNKNOWN_ROLE to FOLLOWER. Consensus state: current_term: 1 leader_uuid: "" config { opid_index: -1 peers { permanent_uuid: "23d881032c1249bd803e401a539be0e2" member_type: VOTER last_known_private_addr { host: "127.0.0.3" port: 9100 } cloud_info { placement_cloud: "cloud1" placement_region: "datacenter1" placement_zone: "rack1" } } peers { permanent_uuid: "6b460ba950654300b6c50d93f25aea31" member_type: VOTER last_known_private_addr { host: "127.0.0.2" port: 9100 } cloud_info { placement_cloud: "cloud1" placement_region: "datacenter1" placement_zone: "rack1" } } peers { permanent_uuid: "d5c37cb1777946179e6692ee5e504715" member_type: VOTER last_known_private_addr { host: "127.0.0.1" port: 9100 } cloud_info { placement_cloud: "cloud1" placement_region: "datacenter1" placement_zone: "rack1" } } }, has_pending_config = 0
I1010 10:35:58.583973 18354176 ts_tablet_manager.cc:2063] T 5aab7c3da55c4174a9735369225d0c54 P 6b460ba950654300b6c50d93f25aea31: Time spent starting tablet: real 0.005s	user 0.001s	sys 0.001s
I1010 10:35:58.584390 16207872 docdb_rocksdb_util.cc:367] FLAGS_rocksdb_max_background_flushes was not set, automatically configuring 2 max background flushes
I1010 10:35:58.584394 17817600 tablet_bootstrap.cc:1666] T 1b3f2a4877404ba898e6ff9448cf4740 P 6b460ba950654300b6c50d93f25aea31: Number of orphaned replicates: 0, last id: 3.22, committed id: 3.22
I1010 10:35:58.584446 19963904 consensus_meta.cc:361] T 7c7b0e8f396b4659b1f29a4dd140c822 P 6b460ba950654300b6c50d93f25aea31: Updating active role from FOLLOWER to FOLLOWER. Consensus state: current_term: 1 leader_uuid: "" config { opid_index: 4 peers { permanent_uuid: "23d881032c1249bd803e401a539be0e2" member_type: VOTER last_known_private_addr { host: "127.0.0.3" port: 9100 } cloud_info { placement_cloud: "cloud1" placement_region: "datacenter1" placement_zone: "rack1" } } peers { permanent_uuid: "6b460ba950654300b6c50d93f25aea31" member_type: VOTER last_known_private_addr { host: "127.0.0.2" port: 9100 } cloud_info { placement_cloud: "cloud1" placement_region: "datacenter1" placement_zone: "rack1" } } peers { permanent_uuid: "d5c37cb1777946179e6692ee5e504715" member_type: VOTER last_known_private_addr { host: "127.0.0.1" port: 9100 } cloud_info { placement_cloud: "cloud1" placement_region: "datacenter1" placement_zone: "rack1" } } }, has_pending_config = 0
I1010 10:35:58.584626 17281024 log.cc:722] T bf1529417d2a441c9c33fa183a226bd3 P 6b460ba950654300b6c50d93f25aea31: Opened existing logs. Last segment is /Users/nag/yb/yugabyte-data/node2/yb-data/tserver/wals/table-f80c17935cc9489ab3c6c05dceb25976/tablet-bf1529417d2a441c9c33fa183a226bd3/wal-000000001
I1010 10:35:58.584735 18890752 tablet_bootstrap_state_manager.cc:68] Initialized TabletBootstrapStateManager, found a file ? no, wal dir=/Users/nag/yb/yugabyte-data/node2/yb-data/tserver/wals/table-b9a0b9d79c3a45f4842ed441df7c3e59/tablet-8e0f68212e424483898ada80f57d111e
I1010 10:35:58.584780 18354176 ts_tablet_manager.cc:3478] Deleted transition in progress opening tablet for tablet 5aab7c3da55c4174a9735369225d0c54
I1010 10:35:58.585024 16207872 docdb_rocksdb_util.cc:402] FLAGS_rocksdb_max_background_compactions was not set, automatically configuring 2 background compactions.
I1010 10:35:58.585263 19963904 consensus_queue.cc:270] T 7c7b0e8f396b4659b1f29a4dd140c822 P 6b460ba950654300b6c50d93f25aea31 [NON_LEADER]: Queue going to NON_LEADER mode. State: All replicated op: 0.0, Majority replicated op: 0.0, Committed index: 0.0, Last applied: 0.0, Last appended: 1.4, Current term: 0, Majority size: -1, State: QUEUE_OPEN, Mode: NON_LEADER
W1010 10:35:58.585124 22646784 heartbeater.cc:671] P 6b460ba950654300b6c50d93f25aea31: Failed to heartbeat to 127.0.0.3:7100: Remote error (yb/rpc/outbound_call.cc:561): Failed to send heartbeat: Invalid argument (yb/master/master_heartbeat_service.cc:251): Received wrong universe_uuid 21b2e3d0-495a-4149-9f2a-913ddeb95eff, expected 7252bc1a-cf22-48a4-9dd6-459a6f24aa4e (rpc error 1) tries=21, num=3, masters=0x000000010d6628b8 -> [[127.0.0.1:7100], [127.0.0.2:7100], [127.0.0.3:7100]], code=Remote error
I1010 10:35:58.585312 17281024 tablet_bootstrap.cc:396] T bf1529417d2a441c9c33fa183a226bd3 P 6b460ba950654300b6c50d93f25aea31: Bootstrap optimizer (skip_flushed_entries): op_id_replay_lowest=-1.-1 (regular_op_id=-1.-1, intents_op_id=-1.-1, has_intents_db=0)
I1010 10:35:58.585392 18890752 tablet_peer.cc:1643] T 8e0f68212e424483898ada80f57d111e P 6b460ba950654300b6c50d93f25aea31 [state=BOOTSTRAPPING]: Changed state from NOT_STARTED to BOOTSTRAPPING
I1010 10:35:58.585426 18354176 ts_tablet_manager.cc:1936] T 8b3b2a6029b04e9caafd3d0ecee41251 P 6b460ba950654300b6c50d93f25aea31: Bootstrapping tablet
I1010 10:35:58.585487 16207872 docdb_rocksdb_util.cc:415] FLAGS_rocksdb_base_background_compactions was not set, automatically configuring 2 base background compactions.
I1010 10:35:58.585537 19963904 raft_consensus.cc:3519] T 7c7b0e8f396b4659b1f29a4dd140c822 P 6b460ba950654300b6c50d93f25aea31 [term 1 FOLLOWER]: Calling mark dirty synchronously for reason code CONSENSUS_STARTED
I1010 10:35:58.585587 22646784 heartbeater.cc:379] P 6b460ba950654300b6c50d93f25aea31: Registering TS with master...
I1010 10:35:58.585682 17281024 tablet_bootstrap.cc:1461] T bf1529417d2a441c9c33fa183a226bd3 P 6b460ba950654300b6c50d93f25aea31: Segment /Users/nag/yb/yugabyte-data/node2/yb-data/tserver/wals/table-f80c17935cc9489ab3c6c05dceb25976/tablet-bf1529417d2a441c9c33fa183a226bd3/wal-000000001 cannot be used as the first segment to start replay with according to our OpId and retention criteria. However, this is already the earliest segment so we have to start replay here. We should probably investigate how we got into this situation. op_id=1.1, op_id_replay_lowest=-1.-1, last_op_id_in_retryable_requests=0.0, first_op_time=161875.844s, retryable_requests_retain_interval=60.000s, *retryable_requests_replay_from_this_or_earlier_time=161815.844s, is_first_op_id_low_enough_for_retryable_requests=0, is_first_op_time_early_enough_for_retryable_requests=0, is_first_op_id_low_enough=0
I1010 10:35:58.585759 18890752 tablet_bootstrap_if.cc:96] T 8e0f68212e424483898ada80f57d111e P 6b460ba950654300b6c50d93f25aea31: Bootstrap starting.
I1010 10:35:58.585748 19427328 log_util.cc:841] Found no log entry headers
I1010 10:35:58.585979 16207872 docdb_rocksdb_util.cc:659] T 58e6490841794dbeb8a8ffeaeaa9d87d P 6b460ba950654300b6c50d93f25aea31 [R]: Write buffer size: 134217728
I1010 10:35:58.586005 19963904 tablet_peer.cc:1643] T 7c7b0e8f396b4659b1f29a4dd140c822 P 6b460ba950654300b6c50d93f25aea31 [state=RUNNING]: Changed state from BOOTSTRAPPING to RUNNING
I1010 10:35:58.586048 22646784 server_base.cc:598] Using private rpc address 127.0.0.2
I1010 10:35:58.586156 17817600 tablet_bootstrap_if.cc:96] T 1b3f2a4877404ba898e6ff9448cf4740 P 6b460ba950654300b6c50d93f25aea31: Bootstrap complete.
I1010 10:35:58.586277 18354176 consensus_meta.cc:361] T 8b3b2a6029b04e9caafd3d0ecee41251 P 6b460ba950654300b6c50d93f25aea31: Updating active role from UNKNOWN_ROLE to FOLLOWER. Consensus state: current_term: 2 leader_uuid: "" config { opid_index: -1 peers { permanent_uuid: "23d881032c1249bd803e401a539be0e2" member_type: VOTER last_known_private_addr { host: "127.0.0.3" port: 9100 } cloud_info { placement_cloud: "cloud1" placement_region: "datacenter1" placement_zone: "rack1" } } peers { permanent_uuid: "6b460ba950654300b6c50d93f25aea31" member_type: VOTER last_known_private_addr { host: "127.0.0.2" port: 9100 } cloud_info { placement_cloud: "cloud1" placement_region: "datacenter1" placement_zone: "rack1" } } peers { permanent_uuid: "d5c37cb1777946179e6692ee5e504715" member_type: VOTER last_known_private_addr { host: "127.0.0.1" port: 9100 } cloud_info { placement_cloud: "cloud1" placement_region: "datacenter1" placement_zone: "rack1" } } }, has_pending_config = 0
I1010 10:35:58.586465 17281024 tablet_bootstrap.cc:1476] T bf1529417d2a441c9c33fa183a226bd3 P 6b460ba950654300b6c50d93f25aea31: Bootstrap optimizer (skip_flushed_entries): will replay all segments starting from the very first one.
I1010 10:35:58.586535 19427328 log_util.cc:702] Ignoring partially flushed segment in write ahead log /Users/nag/yb/yugabyte-data/node2/yb-data/tserver/wals/table-f80c17935cc9489ab3c6c05dceb25976/tablet-1e9c042ca80e4c66a6117c85d04f6168/wal-000000001 because there are no log entries following this one. The server probably crashed in the middle of writing an entry to the write-ahead log or downloaded an active log via remote bootstrap. Error detail: Corruption (yb/consensus/log_util.cc:912): Invalid checksum in log entry head header: found=0, computed=2351477386: Failed trying to read batch #11 at offset 2008 for log segment /Users/nag/yb/yugabyte-data/node2/yb-data/tserver/wals/table-f80c17935cc9489ab3c6c05dceb25976/tablet-1e9c042ca80e4c66a6117c85d04f6168/wal-000000001: Prior batch offsets: 1350 1376 1982 2008; Last log entries read: [REPLICATE (1.2)] [REPLICATE (3.3)] [REPLICATE (3.4)] [REPLICATE (3.5)]
I1010 10:35:58.586586 18890752 tablet.cc:637] T 8e0f68212e424483898ada80f57d111e P 6b460ba950654300b6c50d93f25aea31: Schema version for cdc_state is 0
I1010 10:35:58.586655 16207872 tablet.cc:764] T 58e6490841794dbeb8a8ffeaeaa9d87d P 6b460ba950654300b6c50d93f25aea31: Creating RocksDB database in dir /Users/nag/yb/yugabyte-data/node2/yb-data/tserver/data/rocksdb/table-00004000000030008000000000004007/tablet-58e6490841794dbeb8a8ffeaeaa9d87d
I1010 10:35:58.586709 22646784 server_base.cc:620] Using http address 127.0.0.2
I1010 10:35:58.586714 19963904 tablet_peer.cc:1516] T 7c7b0e8f396b4659b1f29a4dd140c822 P 6b460ba950654300b6c50d93f25aea31 [state=RUNNING]: Registered log gc
I1010 10:35:58.586932 18354176 tablet_bootstrap_state_manager.cc:68] Initialized TabletBootstrapStateManager, found a file ? no, wal dir=/Users/nag/yb/yugabyte-data/node2/yb-data/tserver/wals/table-0000400000003000800000000000400e/tablet-8b3b2a6029b04e9caafd3d0ecee41251
I1010 10:35:58.586992 17817600 log_util.cc:797] Scanning /Users/nag/yb/yugabyte-data/node2/yb-data/tserver/wals/table-f80c17935cc9489ab3c6c05dceb25976/tablet-1b3f2a4877404ba898e6ff9448cf4740/wal-000000002 for valid entry headers following offset 2447...
I1010 10:35:58.587059 17281024 log_util.cc:797] Scanning /Users/nag/yb/yugabyte-data/node2/yb-data/tserver/wals/table-f80c17935cc9489ab3c6c05dceb25976/tablet-bf1529417d2a441c9c33fa183a226bd3/wal-000000001 for valid entry headers following offset 2008...
I1010 10:35:58.587412 18890752 docdb_rocksdb_util.cc:659] T 8e0f68212e424483898ada80f57d111e P 6b460ba950654300b6c50d93f25aea31 [R]: Write buffer size: 134217728
I1010 10:35:58.587477 19963904 ts_tablet_manager.cc:2063] T 7c7b0e8f396b4659b1f29a4dd140c822 P 6b460ba950654300b6c50d93f25aea31: Time spent starting tablet: real 0.006s	user 0.001s	sys 0.001s
I1010 10:35:58.587284 16207872 tablet.cc:980] Opening RocksDB at: /Users/nag/yb/yugabyte-data/node2/yb-data/tserver/data/rocksdb/table-00004000000030008000000000004007/tablet-58e6490841794dbeb8a8ffeaeaa9d87d
I1010 10:35:58.587618 19427328 tablet_bootstrap_if.cc:96] T 1e9c042ca80e4c66a6117c85d04f6168 P 6b460ba950654300b6c50d93f25aea31: Bootstrap replayed 1/1 log segments. Read operations: 5, overwritten operations: 0. Pending: 1 replicates. Last read committed op id: 3.5, last entry metadata: { entry_time: 187107.539s offset: 1376 active_segment_sequence_number: 1 }, last read entry op id: 3.5
I1010 10:35:58.587699 18354176 tablet_peer.cc:1643] T 8b3b2a6029b04e9caafd3d0ecee41251 P 6b460ba950654300b6c50d93f25aea31 [state=BOOTSTRAPPING]: Changed state from NOT_STARTED to BOOTSTRAPPING
I1010 10:35:58.587792 17817600 log_util.cc:841] Found no log entry headers
I1010 10:35:58.588207 18890752 tablet.cc:764] T 8e0f68212e424483898ada80f57d111e P 6b460ba950654300b6c50d93f25aea31: Creating RocksDB database in dir /Users/nag/yb/yugabyte-data/node2/yb-data/tserver/data/rocksdb/table-b9a0b9d79c3a45f4842ed441df7c3e59/tablet-8e0f68212e424483898ada80f57d111e
I1010 10:35:58.588271 19963904 ts_tablet_manager.cc:3478] Deleted transition in progress opening tablet for tablet 7c7b0e8f396b4659b1f29a4dd140c822
W1010 10:35:58.588286 22646784 heartbeater.cc:671] P 6b460ba950654300b6c50d93f25aea31: Failed to heartbeat to 127.0.0.3:7100: Remote error (yb/rpc/outbound_call.cc:561): Failed to send heartbeat: Invalid argument (yb/master/master_heartbeat_service.cc:251): Received wrong universe_uuid 21b2e3d0-495a-4149-9f2a-913ddeb95eff, expected 7252bc1a-cf22-48a4-9dd6-459a6f24aa4e (rpc error 1) tries=22, num=3, masters=0x000000010d6628b8 -> [[127.0.0.1:7100], [127.0.0.2:7100], [127.0.0.3:7100]], code=Remote error
I1010 10:35:58.588361 19427328 tablet_bootstrap.cc:1654] T 1e9c042ca80e4c66a6117c85d04f6168 P 6b460ba950654300b6c50d93f25aea31: Dumping replay state to log at the end of PlaySegments
I1010 10:35:58.588397 18354176 tablet_bootstrap_if.cc:96] T 8b3b2a6029b04e9caafd3d0ecee41251 P 6b460ba950654300b6c50d93f25aea31: Bootstrap starting.
I1010 10:35:58.588424 17817600 log_util.cc:702] Ignoring partially flushed segment in write ahead log /Users/nag/yb/yugabyte-data/node2/yb-data/tserver/wals/table-f80c17935cc9489ab3c6c05dceb25976/tablet-1b3f2a4877404ba898e6ff9448cf4740/wal-000000002 because there are no log entries following this one. The server probably crashed in the middle of writing an entry to the write-ahead log or downloaded an active log via remote bootstrap. Error detail: Corruption (yb/consensus/log_util.cc:912): Invalid checksum in log entry head header: found=0, computed=2351477386: Failed trying to read batch #36 at offset 2447 for log segment /Users/nag/yb/yugabyte-data/node2/yb-data/tserver/wals/table-f80c17935cc9489ab3c6c05dceb25976/tablet-1b3f2a4877404ba898e6ff9448cf4740/wal-000000002: Prior batch offsets: 2337 2363 2421 2447; Last log entries read: [REPLICATE (2.19)] [REPLICATE (2.20)] [REPLICATE (2.21)] [REPLICATE (3.22)]
I1010 10:35:58.588490 18890752 tablet.cc:980] Opening RocksDB at: /Users/nag/yb/yugabyte-data/node2/yb-data/tserver/data/rocksdb/table-b9a0b9d79c3a45f4842ed441df7c3e59/tablet-8e0f68212e424483898ada80f57d111e
I1010 10:35:58.588519 19963904 ts_tablet_manager.cc:1936] T dc9df9c5ad3649a4b4a0ef5b914a4f22 P 6b460ba950654300b6c50d93f25aea31: Bootstrapping tablet
I1010 10:35:58.588563 22646784 heartbeater.cc:379] P 6b460ba950654300b6c50d93f25aea31: Registering TS with master...
I1010 10:35:58.588634 19427328 tablet_bootstrap.cc:1212] T 1e9c042ca80e4c66a6117c85d04f6168 P 6b460ba950654300b6c50d93f25aea31: ReplayState: Previous OpId: 3.5, Committed OpId: 3.5, Pending Replicates: 0, Flushed Regular: -1.-1, Flushed Intents: -1.-1
I1010 10:35:58.588807 18354176 tablet.cc:637] T 8b3b2a6029b04e9caafd3d0ecee41251 P 6b460ba950654300b6c50d93f25aea31: Schema version for user_info_email_key is 0
I1010 10:35:58.588830 17817600 log.cc:1112] Successfully restored footer_builder_ and log_index_ for segment: /Users/nag/yb/yugabyte-data/node2/yb-data/tserver/wals/table-f80c17935cc9489ab3c6c05dceb25976/tablet-1b3f2a4877404ba898e6ff9448cf4740/wal-000000002. Reopen the file for write with starting offset: 2447
I1010 10:35:58.588904 22646784 server_base.cc:598] Using private rpc address 127.0.0.2
I1010 10:35:58.589010 19427328 tablet_bootstrap.cc:1212] T 1e9c042ca80e4c66a6117c85d04f6168 P 6b460ba950654300b6c50d93f25aea31: Log entries applied to RocksDB: 5
I1010 10:35:58.589318 19963904 consensus_meta.cc:361] T dc9df9c5ad3649a4b4a0ef5b914a4f22 P 6b460ba950654300b6c50d93f25aea31: Updating active role from UNKNOWN_ROLE to FOLLOWER. Consensus state: current_term: 2 leader_uuid: "" config { opid_index: -1 peers { permanent_uuid: "23d881032c1249bd803e401a539be0e2" member_type: VOTER last_known_private_addr { host: "127.0.0.3" port: 9100 } cloud_info { placement_cloud: "cloud1" placement_region: "datacenter1" placement_zone: "rack1" } } peers { permanent_uuid: "6b460ba950654300b6c50d93f25aea31" member_type: VOTER last_known_private_addr { host: "127.0.0.2" port: 9100 } cloud_info { placement_cloud: "cloud1" placement_region: "datacenter1" placement_zone: "rack1" } } peers { permanent_uuid: "d5c37cb1777946179e6692ee5e504715" member_type: VOTER last_known_private_addr { host: "127.0.0.1" port: 9100 } cloud_info { placement_cloud: "cloud1" placement_region: "datacenter1" placement_zone: "rack1" } } }, has_pending_config = 0
I1010 10:35:58.589366 18354176 transaction_participant.cc:193] T 8b3b2a6029b04e9caafd3d0ecee41251 P 6b460ba950654300b6c50d93f25aea31: Create
I1010 10:35:58.589422 17817600 log.cc:1461] T 1b3f2a4877404ba898e6ff9448cf4740 P 6b460ba950654300b6c50d93f25aea31: Setting log wal retention time to 0 seconds
I1010 10:35:58.589466 22646784 server_base.cc:620] Using http address 127.0.0.2
I1010 10:35:58.589623 19427328 tablet_bootstrap.cc:1666] T 1e9c042ca80e4c66a6117c85d04f6168 P 6b460ba950654300b6c50d93f25aea31: Number of orphaned replicates: 0, last id: 3.5, committed id: 3.5
I1010 10:35:58.589769 19963904 tablet_bootstrap_state_manager.cc:68] Initialized TabletBootstrapStateManager, found a file ? no, wal dir=/Users/nag/yb/yugabyte-data/node2/yb-data/tserver/wals/table-b9a0b9d79c3a45f4842ed441df7c3e59/tablet-dc9df9c5ad3649a4b4a0ef5b914a4f22
I1010 10:35:58.589881 18354176 docdb_rocksdb_util.cc:659] T 8b3b2a6029b04e9caafd3d0ecee41251 P 6b460ba950654300b6c50d93f25aea31 [R]: Write buffer size: 134217728
I1010 10:35:58.589998 17817600 ts_tablet_manager.cc:1982] T 1b3f2a4877404ba898e6ff9448cf4740 P 6b460ba950654300b6c50d93f25aea31: Time spent bootstrapping tablet: real 0.029s	user 0.002s	sys 0.004s
I1010 10:35:58.590142 16207872 version_set.cc:2966] T 58e6490841794dbeb8a8ffeaeaa9d87d P 6b460ba950654300b6c50d93f25aea31 [R]: Recovered from manifest file:/Users/nag/yb/yugabyte-data/node2/yb-data/tserver/data/rocksdb/table-00004000000030008000000000004007/tablet-58e6490841794dbeb8a8ffeaeaa9d87d/MANIFEST-000001 succeeded,manifest_file_number is 1, next_file_number is 3, last_sequence is 1125899906842624, log_number is 0,prev_log_number is 0,max_column_family is 0, flushed_values is <NULL>
I1010 10:35:58.590205 19963904 tablet_peer.cc:1643] T dc9df9c5ad3649a4b4a0ef5b914a4f22 P 6b460ba950654300b6c50d93f25aea31 [state=BOOTSTRAPPING]: Changed state from NOT_STARTED to BOOTSTRAPPING
I1010 10:35:58.590307 18890752 version_set.cc:2966] T 8e0f68212e424483898ada80f57d111e P 6b460ba950654300b6c50d93f25aea31 [R]: Recovered from manifest file:/Users/nag/yb/yugabyte-data/node2/yb-data/tserver/data/rocksdb/table-b9a0b9d79c3a45f4842ed441df7c3e59/tablet-8e0f68212e424483898ada80f57d111e/MANIFEST-000001 succeeded,manifest_file_number is 1, next_file_number is 3, last_sequence is 1125899906842624, log_number is 0,prev_log_number is 0,max_column_family is 0, flushed_values is <NULL>
I1010 10:35:58.590416 18354176 tablet.cc:764] T 8b3b2a6029b04e9caafd3d0ecee41251 P 6b460ba950654300b6c50d93f25aea31: Creating RocksDB database in dir /Users/nag/yb/yugabyte-data/node2/yb-data/tserver/data/rocksdb/table-0000400000003000800000000000400e/tablet-8b3b2a6029b04e9caafd3d0ecee41251
W1010 10:35:58.591008 22646784 heartbeater.cc:671] P 6b460ba950654300b6c50d93f25aea31: Failed to heartbeat to 127.0.0.3:7100: Remote error (yb/rpc/outbound_call.cc:561): Failed to send heartbeat: Invalid argument (yb/master/master_heartbeat_service.cc:251): Received wrong universe_uuid 21b2e3d0-495a-4149-9f2a-913ddeb95eff, expected 7252bc1a-cf22-48a4-9dd6-459a6f24aa4e (rpc error 1) tries=23, num=3, masters=0x000000010d6628b8 -> [[127.0.0.1:7100], [127.0.0.2:7100], [127.0.0.3:7100]], code=Remote error
I1010 10:35:58.591058 16207872 version_set.cc:2974] T 58e6490841794dbeb8a8ffeaeaa9d87d P 6b460ba950654300b6c50d93f25aea31 [R]: Column family [default] (ID 0), log number is 0
I1010 10:35:58.591091 19963904 tablet_bootstrap_if.cc:96] T dc9df9c5ad3649a4b4a0ef5b914a4f22 P 6b460ba950654300b6c50d93f25aea31: Bootstrap starting.
I1010 10:35:58.591094 19427328 tablet_bootstrap_if.cc:96] T 1e9c042ca80e4c66a6117c85d04f6168 P 6b460ba950654300b6c50d93f25aea31: Bootstrap complete.
I1010 10:35:58.591135 18890752 version_set.cc:2974] T 8e0f68212e424483898ada80f57d111e P 6b460ba950654300b6c50d93f25aea31 [R]: Column family [default] (ID 0), log number is 0
I1010 10:35:58.591190 18354176 tablet.cc:980] Opening RocksDB at: /Users/nag/yb/yugabyte-data/node2/yb-data/tserver/data/rocksdb/table-0000400000003000800000000000400e/tablet-8b3b2a6029b04e9caafd3d0ecee41251
