I1009 23:16:56.822814 260796416 consensus_meta.cc:361] T 8078024ab93e4400a14d8399046d9f99 P 6b460ba950654300b6c50d93f25aea31: Updating active role from UNKNOWN_ROLE to FOLLOWER. Consensus state: current_term: 0 leader_uuid: "" config { opid_index: -1 peers { permanent_uuid: "23d881032c1249bd803e401a539be0e2" member_type: VOTER last_known_private_addr { host: "127.0.0.3" port: 9100 } cloud_info { placement_cloud: "cloud1" placement_region: "datacenter1" placement_zone: "rack1" } } peers { permanent_uuid: "6b460ba950654300b6c50d93f25aea31" member_type: VOTER last_known_private_addr { host: "127.0.0.2" port: 9100 } cloud_info { placement_cloud: "cloud1" placement_region: "datacenter1" placement_zone: "rack1" } } peers { permanent_uuid: "d5c37cb1777946179e6692ee5e504715" member_type: VOTER last_known_private_addr { host: "127.0.0.1" port: 9100 } cloud_info { placement_cloud: "cloud1" placement_region: "datacenter1" placement_zone: "rack1" } } }, has_pending_config = 0
I1009 23:16:56.823509 259186688 ts_tablet_manager.cc:2324] P 6b460ba950654300b6c50d93f25aea31: Registered tablet 825df89ca459463f921e4a6d8e68a90d
I1009 23:16:56.824549 260796416 tablet_bootstrap_state_manager.cc:61] Wal dir is not created, skip initializing TabletBootstrapStateManager for 8078024ab93e4400a14d8399046d9f99
I1009 23:16:56.825350 250064896 ts_tablet_manager.cc:948] T 1b3f2a4877404ba898e6ff9448cf4740 P 6b460ba950654300b6c50d93f25aea31: Created tablet metadata for table: f80c17935cc9489ab3c6c05dceb25976
I1009 23:16:56.825600 251138048 ts_tablet_manager.cc:948] T 4c1e255cf37d4de58ed9d6a6f32e7473 P 6b460ba950654300b6c50d93f25aea31: Created tablet metadata for table: f80c17935cc9489ab3c6c05dceb25976
I1009 23:16:56.825811 250601472 ts_tablet_manager.cc:948] T 1e9c042ca80e4c66a6117c85d04f6168 P 6b460ba950654300b6c50d93f25aea31: Created tablet metadata for table: f80c17935cc9489ab3c6c05dceb25976
I1009 23:16:56.825858 260796416 meta_data_cache.cc:158] Creating a metadata cache without a permissions cache
I1009 23:16:56.825914 232894464 ts_tablet_manager.cc:948] T 46569f1a6c8746acb9da222b34f086b5 P 6b460ba950654300b6c50d93f25aea31: Created tablet metadata for table: f80c17935cc9489ab3c6c05dceb25976
I1009 23:16:56.825917 261332992 ts_tablet_manager.cc:1936] T 7584006b2fba41cd828ac06782afeb03 P 6b460ba950654300b6c50d93f25aea31: Bootstrapping tablet
I1009 23:16:56.825984 249528320 ts_tablet_manager.cc:948] T 7c7b0e8f396b4659b1f29a4dd140c822 P 6b460ba950654300b6c50d93f25aea31: Created tablet metadata for table: f80c17935cc9489ab3c6c05dceb25976
I1009 23:16:56.826458 223772672 ts_tablet_manager.cc:948] T 769c8b8690e648df93f41c693d55ebc3 P 6b460ba950654300b6c50d93f25aea31: Created tablet metadata for table: f80c17935cc9489ab3c6c05dceb25976
I1009 23:16:56.826777 253284352 ts_tablet_manager.cc:948] T bf1529417d2a441c9c33fa183a226bd3 P 6b460ba950654300b6c50d93f25aea31: Created tablet metadata for table: f80c17935cc9489ab3c6c05dceb25976
I1009 23:16:56.827124 250064896 consensus_meta.cc:361] T 1b3f2a4877404ba898e6ff9448cf4740 P 6b460ba950654300b6c50d93f25aea31: Updating active role from UNKNOWN_ROLE to FOLLOWER. Consensus state: current_term: 0 leader_uuid: "" config { opid_index: -1 peers { permanent_uuid: "23d881032c1249bd803e401a539be0e2" member_type: VOTER last_known_private_addr { host: "127.0.0.3" port: 9100 } cloud_info { placement_cloud: "cloud1" placement_region: "datacenter1" placement_zone: "rack1" } } peers { permanent_uuid: "6b460ba950654300b6c50d93f25aea31" member_type: VOTER last_known_private_addr { host: "127.0.0.2" port: 9100 } cloud_info { placement_cloud: "cloud1" placement_region: "datacenter1" placement_zone: "rack1" } } peers { permanent_uuid: "d5c37cb1777946179e6692ee5e504715" member_type: VOTER last_known_private_addr { host: "127.0.0.1" port: 9100 } cloud_info { placement_cloud: "cloud1" placement_region: "datacenter1" placement_zone: "rack1" } } }, has_pending_config = 0
I1009 23:16:56.827107 259723264 ts_tablet_manager.cc:2324] P 6b460ba950654300b6c50d93f25aea31: Registered tablet f27eef4b471b4c3c800523a8cd4a34f7
I1009 23:16:56.827296 252211200 ts_tablet_manager.cc:948] T 5aab7c3da55c4174a9735369225d0c54 P 6b460ba950654300b6c50d93f25aea31: Created tablet metadata for table: f80c17935cc9489ab3c6c05dceb25976
I1009 23:16:56.828114 254357504 ts_tablet_manager.cc:948] T 60dd6403c44b41109fa083272368d0d0 P 6b460ba950654300b6c50d93f25aea31: Created tablet metadata for table: f80c17935cc9489ab3c6c05dceb25976
I1009 23:16:56.828104 251138048 consensus_meta.cc:361] T 4c1e255cf37d4de58ed9d6a6f32e7473 P 6b460ba950654300b6c50d93f25aea31: Updating active role from UNKNOWN_ROLE to FOLLOWER. Consensus state: current_term: 0 leader_uuid: "" config { opid_index: -1 peers { permanent_uuid: "23d881032c1249bd803e401a539be0e2" member_type: VOTER last_known_private_addr { host: "127.0.0.3" port: 9100 } cloud_info { placement_cloud: "cloud1" placement_region: "datacenter1" placement_zone: "rack1" } } peers { permanent_uuid: "6b460ba950654300b6c50d93f25aea31" member_type: VOTER last_known_private_addr { host: "127.0.0.2" port: 9100 } cloud_info { placement_cloud: "cloud1" placement_region: "datacenter1" placement_zone: "rack1" } } peers { permanent_uuid: "d5c37cb1777946179e6692ee5e504715" member_type: VOTER last_known_private_addr { host: "127.0.0.1" port: 9100 } cloud_info { placement_cloud: "cloud1" placement_region: "datacenter1" placement_zone: "rack1" } } }, has_pending_config = 0
I1009 23:16:56.828226 254894080 ts_tablet_manager.cc:948] T a46de9d55d6845f1baaa95baceeadfe7 P 6b460ba950654300b6c50d93f25aea31: Created tablet metadata for table: f80c17935cc9489ab3c6c05dceb25976
I1009 23:16:56.828418 252747776 ts_tablet_manager.cc:948] T 9cd834df5c9f41b091ffb845bd6122ec P 6b460ba950654300b6c50d93f25aea31: Created tablet metadata for table: f80c17935cc9489ab3c6c05dceb25976
I1009 23:16:56.828694 250601472 consensus_meta.cc:361] T 1e9c042ca80e4c66a6117c85d04f6168 P 6b460ba950654300b6c50d93f25aea31: Updating active role from UNKNOWN_ROLE to FOLLOWER. Consensus state: current_term: 0 leader_uuid: "" config { opid_index: -1 peers { permanent_uuid: "23d881032c1249bd803e401a539be0e2" member_type: VOTER last_known_private_addr { host: "127.0.0.3" port: 9100 } cloud_info { placement_cloud: "cloud1" placement_region: "datacenter1" placement_zone: "rack1" } } peers { permanent_uuid: "6b460ba950654300b6c50d93f25aea31" member_type: VOTER last_known_private_addr { host: "127.0.0.2" port: 9100 } cloud_info { placement_cloud: "cloud1" placement_region: "datacenter1" placement_zone: "rack1" } } peers { permanent_uuid: "d5c37cb1777946179e6692ee5e504715" member_type: VOTER last_known_private_addr { host: "127.0.0.1" port: 9100 } cloud_info { placement_cloud: "cloud1" placement_region: "datacenter1" placement_zone: "rack1" } } }, has_pending_config = 0
I1009 23:16:56.828728 224309248 ts_tablet_manager.cc:948] T 30fedb9fed834e6d975c43711c3f6fd9 P 6b460ba950654300b6c50d93f25aea31: Created tablet metadata for table: f80c17935cc9489ab3c6c05dceb25976
I1009 23:16:56.828884 260796416 tablet_peer.cc:1643] T 8078024ab93e4400a14d8399046d9f99 P 6b460ba950654300b6c50d93f25aea31 [state=BOOTSTRAPPING]: Changed state from NOT_STARTED to BOOTSTRAPPING
I1009 23:16:56.828954 255967232 ts_tablet_manager.cc:948] T f5bd6014d733492eac6dd2cfba061381 P 6b460ba950654300b6c50d93f25aea31: Created tablet metadata for table: f80c17935cc9489ab3c6c05dceb25976
I1009 23:16:56.829258 232894464 consensus_meta.cc:361] T 46569f1a6c8746acb9da222b34f086b5 P 6b460ba950654300b6c50d93f25aea31: Updating active role from UNKNOWN_ROLE to FOLLOWER. Consensus state: current_term: 0 leader_uuid: "" config { opid_index: -1 peers { permanent_uuid: "23d881032c1249bd803e401a539be0e2" member_type: VOTER last_known_private_addr { host: "127.0.0.3" port: 9100 } cloud_info { placement_cloud: "cloud1" placement_region: "datacenter1" placement_zone: "rack1" } } peers { permanent_uuid: "6b460ba950654300b6c50d93f25aea31" member_type: VOTER last_known_private_addr { host: "127.0.0.2" port: 9100 } cloud_info { placement_cloud: "cloud1" placement_region: "datacenter1" placement_zone: "rack1" } } peers { permanent_uuid: "d5c37cb1777946179e6692ee5e504715" member_type: VOTER last_known_private_addr { host: "127.0.0.1" port: 9100 } cloud_info { placement_cloud: "cloud1" placement_region: "datacenter1" placement_zone: "rack1" } } }, has_pending_config = 0
I1009 23:16:56.829442 256503808 ts_tablet_manager.cc:948] T 541698385c044c6ab901cf03bad66398 P 6b460ba950654300b6c50d93f25aea31: Created tablet metadata for table: f80c17935cc9489ab3c6c05dceb25976
I1009 23:16:56.829530 261332992 consensus_meta.cc:361] T 7584006b2fba41cd828ac06782afeb03 P 6b460ba950654300b6c50d93f25aea31: Updating active role from UNKNOWN_ROLE to FOLLOWER. Consensus state: current_term: 0 leader_uuid: "" config { opid_index: -1 peers { permanent_uuid: "23d881032c1249bd803e401a539be0e2" member_type: VOTER last_known_private_addr { host: "127.0.0.3" port: 9100 } cloud_info { placement_cloud: "cloud1" placement_region: "datacenter1" placement_zone: "rack1" } } peers { permanent_uuid: "6b460ba950654300b6c50d93f25aea31" member_type: VOTER last_known_private_addr { host: "127.0.0.2" port: 9100 } cloud_info { placement_cloud: "cloud1" placement_region: "datacenter1" placement_zone: "rack1" } } peers { permanent_uuid: "d5c37cb1777946179e6692ee5e504715" member_type: VOTER last_known_private_addr { host: "127.0.0.1" port: 9100 } cloud_info { placement_cloud: "cloud1" placement_region: "datacenter1" placement_zone: "rack1" } } }, has_pending_config = 0
I1009 23:16:56.829655 223772672 consensus_meta.cc:361] T 769c8b8690e648df93f41c693d55ebc3 P 6b460ba950654300b6c50d93f25aea31: Updating active role from UNKNOWN_ROLE to FOLLOWER. Consensus state: current_term: 0 leader_uuid: "" config { opid_index: -1 peers { permanent_uuid: "23d881032c1249bd803e401a539be0e2" member_type: VOTER last_known_private_addr { host: "127.0.0.3" port: 9100 } cloud_info { placement_cloud: "cloud1" placement_region: "datacenter1" placement_zone: "rack1" } } peers { permanent_uuid: "6b460ba950654300b6c50d93f25aea31" member_type: VOTER last_known_private_addr { host: "127.0.0.2" port: 9100 } cloud_info { placement_cloud: "cloud1" placement_region: "datacenter1" placement_zone: "rack1" } } peers { permanent_uuid: "d5c37cb1777946179e6692ee5e504715" member_type: VOTER last_known_private_addr { host: "127.0.0.1" port: 9100 } cloud_info { placement_cloud: "cloud1" placement_region: "datacenter1" placement_zone: "rack1" } } }, has_pending_config = 0
I1009 23:16:56.829622 249528320 consensus_meta.cc:361] T 7c7b0e8f396b4659b1f29a4dd140c822 P 6b460ba950654300b6c50d93f25aea31: Updating active role from UNKNOWN_ROLE to FOLLOWER. Consensus state: current_term: 0 leader_uuid: "" config { opid_index: -1 peers { permanent_uuid: "23d881032c1249bd803e401a539be0e2" member_type: VOTER last_known_private_addr { host: "127.0.0.3" port: 9100 } cloud_info { placement_cloud: "cloud1" placement_region: "datacenter1" placement_zone: "rack1" } } peers { permanent_uuid: "6b460ba950654300b6c50d93f25aea31" member_type: VOTER last_known_private_addr { host: "127.0.0.2" port: 9100 } cloud_info { placement_cloud: "cloud1" placement_region: "datacenter1" placement_zone: "rack1" } } peers { permanent_uuid: "d5c37cb1777946179e6692ee5e504715" member_type: VOTER last_known_private_addr { host: "127.0.0.1" port: 9100 } cloud_info { placement_cloud: "cloud1" placement_region: "datacenter1" placement_zone: "rack1" } } }, has_pending_config = 0
I1009 23:16:56.829782 257576960 ts_tablet_manager.cc:948] T a818e973b4b04213a257872ca0183570 P 6b460ba950654300b6c50d93f25aea31: Created tablet metadata for table: f80c17935cc9489ab3c6c05dceb25976
I1009 23:16:56.829797 253284352 consensus_meta.cc:361] T bf1529417d2a441c9c33fa183a226bd3 P 6b460ba950654300b6c50d93f25aea31: Updating active role from UNKNOWN_ROLE to FOLLOWER. Consensus state: current_term: 0 leader_uuid: "" config { opid_index: -1 peers { permanent_uuid: "23d881032c1249bd803e401a539be0e2" member_type: VOTER last_known_private_addr { host: "127.0.0.3" port: 9100 } cloud_info { placement_cloud: "cloud1" placement_region: "datacenter1" placement_zone: "rack1" } } peers { permanent_uuid: "6b460ba950654300b6c50d93f25aea31" member_type: VOTER last_known_private_addr { host: "127.0.0.2" port: 9100 } cloud_info { placement_cloud: "cloud1" placement_region: "datacenter1" placement_zone: "rack1" } } peers { permanent_uuid: "d5c37cb1777946179e6692ee5e504715" member_type: VOTER last_known_private_addr { host: "127.0.0.1" port: 9100 } cloud_info { placement_cloud: "cloud1" placement_region: "datacenter1" placement_zone: "rack1" } } }, has_pending_config = 0
I1009 23:16:56.830195 258650112 ts_tablet_manager.cc:2324] P 6b460ba950654300b6c50d93f25aea31: Registered tablet db3b3178db1849c4b3ebbe53840c6b02
I1009 23:16:56.830231 252211200 consensus_meta.cc:361] T 5aab7c3da55c4174a9735369225d0c54 P 6b460ba950654300b6c50d93f25aea31: Updating active role from UNKNOWN_ROLE to FOLLOWER. Consensus state: current_term: 0 leader_uuid: "" config { opid_index: -1 peers { permanent_uuid: "23d881032c1249bd803e401a539be0e2" member_type: VOTER last_known_private_addr { host: "127.0.0.3" port: 9100 } cloud_info { placement_cloud: "cloud1" placement_region: "datacenter1" placement_zone: "rack1" } } peers { permanent_uuid: "6b460ba950654300b6c50d93f25aea31" member_type: VOTER last_known_private_addr { host: "127.0.0.2" port: 9100 } cloud_info { placement_cloud: "cloud1" placement_region: "datacenter1" placement_zone: "rack1" } } peers { permanent_uuid: "d5c37cb1777946179e6692ee5e504715" member_type: VOTER last_known_private_addr { host: "127.0.0.1" port: 9100 } cloud_info { placement_cloud: "cloud1" placement_region: "datacenter1" placement_zone: "rack1" } } }, has_pending_config = 0
I1009 23:16:56.830464 254357504 consensus_meta.cc:361] T 60dd6403c44b41109fa083272368d0d0 P 6b460ba950654300b6c50d93f25aea31: Updating active role from UNKNOWN_ROLE to FOLLOWER. Consensus state: current_term: 0 leader_uuid: "" config { opid_index: -1 peers { permanent_uuid: "23d881032c1249bd803e401a539be0e2" member_type: VOTER last_known_private_addr { host: "127.0.0.3" port: 9100 } cloud_info { placement_cloud: "cloud1" placement_region: "datacenter1" placement_zone: "rack1" } } peers { permanent_uuid: "6b460ba950654300b6c50d93f25aea31" member_type: VOTER last_known_private_addr { host: "127.0.0.2" port: 9100 } cloud_info { placement_cloud: "cloud1" placement_region: "datacenter1" placement_zone: "rack1" } } peers { permanent_uuid: "d5c37cb1777946179e6692ee5e504715" member_type: VOTER last_known_private_addr { host: "127.0.0.1" port: 9100 } cloud_info { placement_cloud: "cloud1" placement_region: "datacenter1" placement_zone: "rack1" } } }, has_pending_config = 0
I1009 23:16:56.830897 254894080 consensus_meta.cc:361] T a46de9d55d6845f1baaa95baceeadfe7 P 6b460ba950654300b6c50d93f25aea31: Updating active role from UNKNOWN_ROLE to FOLLOWER. Consensus state: current_term: 0 leader_uuid: "" config { opid_index: -1 peers { permanent_uuid: "23d881032c1249bd803e401a539be0e2" member_type: VOTER last_known_private_addr { host: "127.0.0.3" port: 9100 } cloud_info { placement_cloud: "cloud1" placement_region: "datacenter1" placement_zone: "rack1" } } peers { permanent_uuid: "6b460ba950654300b6c50d93f25aea31" member_type: VOTER last_known_private_addr { host: "127.0.0.2" port: 9100 } cloud_info { placement_cloud: "cloud1" placement_region: "datacenter1" placement_zone: "rack1" } } peers { permanent_uuid: "d5c37cb1777946179e6692ee5e504715" member_type: VOTER last_known_private_addr { host: "127.0.0.1" port: 9100 } cloud_info { placement_cloud: "cloud1" placement_region: "datacenter1" placement_zone: "rack1" } } }, has_pending_config = 0
I1009 23:16:56.831089 252747776 consensus_meta.cc:361] T 9cd834df5c9f41b091ffb845bd6122ec P 6b460ba950654300b6c50d93f25aea31: Updating active role from UNKNOWN_ROLE to FOLLOWER. Consensus state: current_term: 0 leader_uuid: "" config { opid_index: -1 peers { permanent_uuid: "23d881032c1249bd803e401a539be0e2" member_type: VOTER last_known_private_addr { host: "127.0.0.3" port: 9100 } cloud_info { placement_cloud: "cloud1" placement_region: "datacenter1" placement_zone: "rack1" } } peers { permanent_uuid: "6b460ba950654300b6c50d93f25aea31" member_type: VOTER last_known_private_addr { host: "127.0.0.2" port: 9100 } cloud_info { placement_cloud: "cloud1" placement_region: "datacenter1" placement_zone: "rack1" } } peers { permanent_uuid: "d5c37cb1777946179e6692ee5e504715" member_type: VOTER last_known_private_addr { host: "127.0.0.1" port: 9100 } cloud_info { placement_cloud: "cloud1" placement_region: "datacenter1" placement_zone: "rack1" } } }, has_pending_config = 0
I1009 23:16:56.831627 224309248 consensus_meta.cc:361] T 30fedb9fed834e6d975c43711c3f6fd9 P 6b460ba950654300b6c50d93f25aea31: Updating active role from UNKNOWN_ROLE to FOLLOWER. Consensus state: current_term: 0 leader_uuid: "" config { opid_index: -1 peers { permanent_uuid: "23d881032c1249bd803e401a539be0e2" member_type: VOTER last_known_private_addr { host: "127.0.0.3" port: 9100 } cloud_info { placement_cloud: "cloud1" placement_region: "datacenter1" placement_zone: "rack1" } } peers { permanent_uuid: "6b460ba950654300b6c50d93f25aea31" member_type: VOTER last_known_private_addr { host: "127.0.0.2" port: 9100 } cloud_info { placement_cloud: "cloud1" placement_region: "datacenter1" placement_zone: "rack1" } } peers { permanent_uuid: "d5c37cb1777946179e6692ee5e504715" member_type: VOTER last_known_private_addr { host: "127.0.0.1" port: 9100 } cloud_info { placement_cloud: "cloud1" placement_region: "datacenter1" placement_zone: "rack1" } } }, has_pending_config = 0
I1009 23:16:56.831787 260796416 tablet_bootstrap_if.cc:96] T 8078024ab93e4400a14d8399046d9f99 P 6b460ba950654300b6c50d93f25aea31: Bootstrap starting.
I1009 23:16:56.832177 255967232 consensus_meta.cc:361] T f5bd6014d733492eac6dd2cfba061381 P 6b460ba950654300b6c50d93f25aea31: Updating active role from UNKNOWN_ROLE to FOLLOWER. Consensus state: current_term: 0 leader_uuid: "" config { opid_index: -1 peers { permanent_uuid: "23d881032c1249bd803e401a539be0e2" member_type: VOTER last_known_private_addr { host: "127.0.0.3" port: 9100 } cloud_info { placement_cloud: "cloud1" placement_region: "datacenter1" placement_zone: "rack1" } } peers { permanent_uuid: "6b460ba950654300b6c50d93f25aea31" member_type: VOTER last_known_private_addr { host: "127.0.0.2" port: 9100 } cloud_info { placement_cloud: "cloud1" placement_region: "datacenter1" placement_zone: "rack1" } } peers { permanent_uuid: "d5c37cb1777946179e6692ee5e504715" member_type: VOTER last_known_private_addr { host: "127.0.0.1" port: 9100 } cloud_info { placement_cloud: "cloud1" placement_region: "datacenter1" placement_zone: "rack1" } } }, has_pending_config = 0
I1009 23:16:56.832420 256503808 consensus_meta.cc:361] T 541698385c044c6ab901cf03bad66398 P 6b460ba950654300b6c50d93f25aea31: Updating active role from UNKNOWN_ROLE to FOLLOWER. Consensus state: current_term: 0 leader_uuid: "" config { opid_index: -1 peers { permanent_uuid: "23d881032c1249bd803e401a539be0e2" member_type: VOTER last_known_private_addr { host: "127.0.0.3" port: 9100 } cloud_info { placement_cloud: "cloud1" placement_region: "datacenter1" placement_zone: "rack1" } } peers { permanent_uuid: "6b460ba950654300b6c50d93f25aea31" member_type: VOTER last_known_private_addr { host: "127.0.0.2" port: 9100 } cloud_info { placement_cloud: "cloud1" placement_region: "datacenter1" placement_zone: "rack1" } } peers { permanent_uuid: "d5c37cb1777946179e6692ee5e504715" member_type: VOTER last_known_private_addr { host: "127.0.0.1" port: 9100 } cloud_info { placement_cloud: "cloud1" placement_region: "datacenter1" placement_zone: "rack1" } } }, has_pending_config = 0
I1009 23:16:56.832773 261332992 tablet_bootstrap_state_manager.cc:61] Wal dir is not created, skip initializing TabletBootstrapStateManager for 7584006b2fba41cd828ac06782afeb03
I1009 23:16:56.833201 257576960 consensus_meta.cc:361] T a818e973b4b04213a257872ca0183570 P 6b460ba950654300b6c50d93f25aea31: Updating active role from UNKNOWN_ROLE to FOLLOWER. Consensus state: current_term: 0 leader_uuid: "" config { opid_index: -1 peers { permanent_uuid: "23d881032c1249bd803e401a539be0e2" member_type: VOTER last_known_private_addr { host: "127.0.0.3" port: 9100 } cloud_info { placement_cloud: "cloud1" placement_region: "datacenter1" placement_zone: "rack1" } } peers { permanent_uuid: "6b460ba950654300b6c50d93f25aea31" member_type: VOTER last_known_private_addr { host: "127.0.0.2" port: 9100 } cloud_info { placement_cloud: "cloud1" placement_region: "datacenter1" placement_zone: "rack1" } } peers { permanent_uuid: "d5c37cb1777946179e6692ee5e504715" member_type: VOTER last_known_private_addr { host: "127.0.0.1" port: 9100 } cloud_info { placement_cloud: "cloud1" placement_region: "datacenter1" placement_zone: "rack1" } } }, has_pending_config = 0
I1009 23:16:56.834192 260259840 ts_tablet_manager.cc:2324] P 6b460ba950654300b6c50d93f25aea31: Registered tablet c09c8a2af076408b8083ae6bfc2a671e
I1009 23:16:56.836100 260796416 tablet.cc:637] T 8078024ab93e4400a14d8399046d9f99 P 6b460ba950654300b6c50d93f25aea31: Schema version for transactions is 0
I1009 23:16:56.836457 251674624 ts_tablet_manager.cc:948] T 54eeee0960454077a8ed85a75d38bc29 P 6b460ba950654300b6c50d93f25aea31: Created tablet metadata for table: f80c17935cc9489ab3c6c05dceb25976
I1009 23:16:56.836943 261332992 tablet_peer.cc:1643] T 7584006b2fba41cd828ac06782afeb03 P 6b460ba950654300b6c50d93f25aea31 [state=BOOTSTRAPPING]: Changed state from NOT_STARTED to BOOTSTRAPPING
I1009 23:16:56.837467 253820928 ts_tablet_manager.cc:948] T 9b45d3f9024e43b58a591ec35594430e P 6b460ba950654300b6c50d93f25aea31: Created tablet metadata for table: f80c17935cc9489ab3c6c05dceb25976
I1009 23:16:56.838068 261869568 ts_tablet_manager.cc:1936] T 2a30e7b2effb4ab888e1f5a8af3fb03b P 6b460ba950654300b6c50d93f25aea31: Bootstrapping tablet
I1009 23:16:56.838106 262942720 ts_tablet_manager.cc:1936] T f27eef4b471b4c3c800523a8cd4a34f7 P 6b460ba950654300b6c50d93f25aea31: Bootstrapping tablet
I1009 23:16:56.838145 262406144 ts_tablet_manager.cc:1936] T 825df89ca459463f921e4a6d8e68a90d P 6b460ba950654300b6c50d93f25aea31: Bootstrapping tablet
I1009 23:16:56.838284 251674624 consensus_meta.cc:361] T 54eeee0960454077a8ed85a75d38bc29 P 6b460ba950654300b6c50d93f25aea31: Updating active role from UNKNOWN_ROLE to FOLLOWER. Consensus state: current_term: 0 leader_uuid: "" config { opid_index: -1 peers { permanent_uuid: "23d881032c1249bd803e401a539be0e2" member_type: VOTER last_known_private_addr { host: "127.0.0.3" port: 9100 } cloud_info { placement_cloud: "cloud1" placement_region: "datacenter1" placement_zone: "rack1" } } peers { permanent_uuid: "6b460ba950654300b6c50d93f25aea31" member_type: VOTER last_known_private_addr { host: "127.0.0.2" port: 9100 } cloud_info { placement_cloud: "cloud1" placement_region: "datacenter1" placement_zone: "rack1" } } peers { permanent_uuid: "d5c37cb1777946179e6692ee5e504715" member_type: VOTER last_known_private_addr { host: "127.0.0.1" port: 9100 } cloud_info { placement_cloud: "cloud1" placement_region: "datacenter1" placement_zone: "rack1" } } }, has_pending_config = 0
I1009 23:16:56.838428 250064896 ts_tablet_manager.cc:2324] P 6b460ba950654300b6c50d93f25aea31: Registered tablet 1b3f2a4877404ba898e6ff9448cf4740
I1009 23:16:56.838497 261332992 tablet_bootstrap_if.cc:96] T 7584006b2fba41cd828ac06782afeb03 P 6b460ba950654300b6c50d93f25aea31: Bootstrap starting.
I1009 23:16:56.838706 253820928 consensus_meta.cc:361] T 9b45d3f9024e43b58a591ec35594430e P 6b460ba950654300b6c50d93f25aea31: Updating active role from UNKNOWN_ROLE to FOLLOWER. Consensus state: current_term: 0 leader_uuid: "" config { opid_index: -1 peers { permanent_uuid: "23d881032c1249bd803e401a539be0e2" member_type: VOTER last_known_private_addr { host: "127.0.0.3" port: 9100 } cloud_info { placement_cloud: "cloud1" placement_region: "datacenter1" placement_zone: "rack1" } } peers { permanent_uuid: "6b460ba950654300b6c50d93f25aea31" member_type: VOTER last_known_private_addr { host: "127.0.0.2" port: 9100 } cloud_info { placement_cloud: "cloud1" placement_region: "datacenter1" placement_zone: "rack1" } } peers { permanent_uuid: "d5c37cb1777946179e6692ee5e504715" member_type: VOTER last_known_private_addr { host: "127.0.0.1" port: 9100 } cloud_info { placement_cloud: "cloud1" placement_region: "datacenter1" placement_zone: "rack1" } } }, has_pending_config = 0
I1009 23:16:56.839001 261869568 consensus_meta.cc:361] T 2a30e7b2effb4ab888e1f5a8af3fb03b P 6b460ba950654300b6c50d93f25aea31: Updating active role from UNKNOWN_ROLE to FOLLOWER. Consensus state: current_term: 0 leader_uuid: "" config { opid_index: -1 peers { permanent_uuid: "23d881032c1249bd803e401a539be0e2" member_type: VOTER last_known_private_addr { host: "127.0.0.3" port: 9100 } cloud_info { placement_cloud: "cloud1" placement_region: "datacenter1" placement_zone: "rack1" } } peers { permanent_uuid: "6b460ba950654300b6c50d93f25aea31" member_type: VOTER last_known_private_addr { host: "127.0.0.2" port: 9100 } cloud_info { placement_cloud: "cloud1" placement_region: "datacenter1" placement_zone: "rack1" } } peers { permanent_uuid: "d5c37cb1777946179e6692ee5e504715" member_type: VOTER last_known_private_addr { host: "127.0.0.1" port: 9100 } cloud_info { placement_cloud: "cloud1" placement_region: "datacenter1" placement_zone: "rack1" } } }, has_pending_config = 0
I1009 23:16:56.839327 262942720 consensus_meta.cc:361] T f27eef4b471b4c3c800523a8cd4a34f7 P 6b460ba950654300b6c50d93f25aea31: Updating active role from UNKNOWN_ROLE to FOLLOWER. Consensus state: current_term: 0 leader_uuid: "" config { opid_index: -1 peers { permanent_uuid: "23d881032c1249bd803e401a539be0e2" member_type: VOTER last_known_private_addr { host: "127.0.0.3" port: 9100 } cloud_info { placement_cloud: "cloud1" placement_region: "datacenter1" placement_zone: "rack1" } } peers { permanent_uuid: "6b460ba950654300b6c50d93f25aea31" member_type: VOTER last_known_private_addr { host: "127.0.0.2" port: 9100 } cloud_info { placement_cloud: "cloud1" placement_region: "datacenter1" placement_zone: "rack1" } } peers { permanent_uuid: "d5c37cb1777946179e6692ee5e504715" member_type: VOTER last_known_private_addr { host: "127.0.0.1" port: 9100 } cloud_info { placement_cloud: "cloud1" placement_region: "datacenter1" placement_zone: "rack1" } } }, has_pending_config = 0
I1009 23:16:56.839700 260796416 tablet_bootstrap.cc:644] T 8078024ab93e4400a14d8399046d9f99 P 6b460ba950654300b6c50d93f25aea31: Time spent opening tablet: real 0.000s	user 0.000s	sys 0.000s
I1009 23:16:56.840584 262406144 consensus_meta.cc:361] T 825df89ca459463f921e4a6d8e68a90d P 6b460ba950654300b6c50d93f25aea31: Updating active role from UNKNOWN_ROLE to FOLLOWER. Consensus state: current_term: 0 leader_uuid: "" config { opid_index: -1 peers { permanent_uuid: "23d881032c1249bd803e401a539be0e2" member_type: VOTER last_known_private_addr { host: "127.0.0.3" port: 9100 } cloud_info { placement_cloud: "cloud1" placement_region: "datacenter1" placement_zone: "rack1" } } peers { permanent_uuid: "6b460ba950654300b6c50d93f25aea31" member_type: VOTER last_known_private_addr { host: "127.0.0.2" port: 9100 } cloud_info { placement_cloud: "cloud1" placement_region: "datacenter1" placement_zone: "rack1" } } peers { permanent_uuid: "d5c37cb1777946179e6692ee5e504715" member_type: VOTER last_known_private_addr { host: "127.0.0.1" port: 9100 } cloud_info { placement_cloud: "cloud1" placement_region: "datacenter1" placement_zone: "rack1" } } }, has_pending_config = 0
I1009 23:16:56.841872 251138048 ts_tablet_manager.cc:2324] P 6b460ba950654300b6c50d93f25aea31: Registered tablet 4c1e255cf37d4de58ed9d6a6f32e7473
I1009 23:16:56.842002 261332992 tablet.cc:637] T 7584006b2fba41cd828ac06782afeb03 P 6b460ba950654300b6c50d93f25aea31: Schema version for transactions is 0
I1009 23:16:56.842365 261869568 tablet_bootstrap_state_manager.cc:61] Wal dir is not created, skip initializing TabletBootstrapStateManager for 2a30e7b2effb4ab888e1f5a8af3fb03b
I1009 23:16:56.842583 262942720 tablet_bootstrap_state_manager.cc:61] Wal dir is not created, skip initializing TabletBootstrapStateManager for f27eef4b471b4c3c800523a8cd4a34f7
I1009 23:16:56.843020 262406144 tablet_bootstrap_state_manager.cc:61] Wal dir is not created, skip initializing TabletBootstrapStateManager for 825df89ca459463f921e4a6d8e68a90d
I1009 23:16:56.843116 260796416 tablet_bootstrap.cc:551] T 8078024ab93e4400a14d8399046d9f99 P 6b460ba950654300b6c50d93f25aea31: No blocks or log segments found. Creating new log.
I1009 23:16:56.843386 250601472 ts_tablet_manager.cc:2324] P 6b460ba950654300b6c50d93f25aea31: Registered tablet 1e9c042ca80e4c66a6117c85d04f6168
I1009 23:16:56.843642 261869568 tablet_peer.cc:1643] T 2a30e7b2effb4ab888e1f5a8af3fb03b P 6b460ba950654300b6c50d93f25aea31 [state=BOOTSTRAPPING]: Changed state from NOT_STARTED to BOOTSTRAPPING
I1009 23:16:56.843998 262942720 tablet_peer.cc:1643] T f27eef4b471b4c3c800523a8cd4a34f7 P 6b460ba950654300b6c50d93f25aea31 [state=BOOTSTRAPPING]: Changed state from NOT_STARTED to BOOTSTRAPPING
I1009 23:16:56.844508 261332992 tablet_bootstrap.cc:644] T 7584006b2fba41cd828ac06782afeb03 P 6b460ba950654300b6c50d93f25aea31: Time spent opening tablet: real 0.000s	user 0.000s	sys 0.000s
I1009 23:16:56.844919 262406144 tablet_peer.cc:1643] T 825df89ca459463f921e4a6d8e68a90d P 6b460ba950654300b6c50d93f25aea31 [state=BOOTSTRAPPING]: Changed state from NOT_STARTED to BOOTSTRAPPING
I1009 23:16:56.845276 260796416 log.cc:1461] T 8078024ab93e4400a14d8399046d9f99 P 6b460ba950654300b6c50d93f25aea31: Setting log wal retention time to 0 seconds
I1009 23:16:56.845476 261869568 tablet_bootstrap_if.cc:96] T 2a30e7b2effb4ab888e1f5a8af3fb03b P 6b460ba950654300b6c50d93f25aea31: Bootstrap starting.
I1009 23:16:56.845489 232894464 ts_tablet_manager.cc:2324] P 6b460ba950654300b6c50d93f25aea31: Registered tablet 46569f1a6c8746acb9da222b34f086b5
I1009 23:16:56.846412 262942720 tablet_bootstrap_if.cc:96] T f27eef4b471b4c3c800523a8cd4a34f7 P 6b460ba950654300b6c50d93f25aea31: Bootstrap starting.
I1009 23:16:56.847199 261332992 tablet_bootstrap.cc:551] T 7584006b2fba41cd828ac06782afeb03 P 6b460ba950654300b6c50d93f25aea31: No blocks or log segments found. Creating new log.
I1009 23:16:56.847290 262406144 tablet_bootstrap_if.cc:96] T 825df89ca459463f921e4a6d8e68a90d P 6b460ba950654300b6c50d93f25aea31: Bootstrap starting.
I1009 23:16:56.847604 260796416 log.cc:737] interval_durable_wal_write_ms is turned on to sync every 1000 ms.
I1009 23:16:56.847630 261869568 tablet.cc:637] T 2a30e7b2effb4ab888e1f5a8af3fb03b P 6b460ba950654300b6c50d93f25aea31: Schema version for transactions is 0
I1009 23:16:56.848264 223772672 ts_tablet_manager.cc:2324] P 6b460ba950654300b6c50d93f25aea31: Registered tablet 769c8b8690e648df93f41c693d55ebc3
I1009 23:16:56.848284 262942720 tablet.cc:637] T f27eef4b471b4c3c800523a8cd4a34f7 P 6b460ba950654300b6c50d93f25aea31: Schema version for transactions is 0
I1009 23:16:56.848448 261332992 log.cc:1461] T 7584006b2fba41cd828ac06782afeb03 P 6b460ba950654300b6c50d93f25aea31: Setting log wal retention time to 0 seconds
I1009 23:16:56.849263 262406144 tablet.cc:637] T 825df89ca459463f921e4a6d8e68a90d P 6b460ba950654300b6c50d93f25aea31: Schema version for transactions is 0
I1009 23:16:56.850939 249528320 ts_tablet_manager.cc:2324] P 6b460ba950654300b6c50d93f25aea31: Registered tablet 7c7b0e8f396b4659b1f29a4dd140c822
I1009 23:16:56.851392 260796416 tablet_bootstrap_if.cc:96] T 8078024ab93e4400a14d8399046d9f99 P 6b460ba950654300b6c50d93f25aea31: No bootstrap required, opened a new log
I1009 23:16:56.851420 261869568 tablet_bootstrap.cc:644] T 2a30e7b2effb4ab888e1f5a8af3fb03b P 6b460ba950654300b6c50d93f25aea31: Time spent opening tablet: real 0.000s	user 0.000s	sys 0.000s
I1009 23:16:56.852324 262942720 tablet_bootstrap.cc:644] T f27eef4b471b4c3c800523a8cd4a34f7 P 6b460ba950654300b6c50d93f25aea31: Time spent opening tablet: real 0.000s	user 0.000s	sys 0.000s
I1009 23:16:56.852394 260796416 log.cc:1461] T 8078024ab93e4400a14d8399046d9f99 P 6b460ba950654300b6c50d93f25aea31: Setting log wal retention time to 0 seconds
I1009 23:16:56.852417 263479296 ts_tablet_manager.cc:1936] T db3b3178db1849c4b3ebbe53840c6b02 P 6b460ba950654300b6c50d93f25aea31: Bootstrapping tablet
I1009 23:16:56.852535 261332992 tablet_bootstrap_if.cc:96] T 7584006b2fba41cd828ac06782afeb03 P 6b460ba950654300b6c50d93f25aea31: No bootstrap required, opened a new log
I1009 23:16:56.852600 253284352 ts_tablet_manager.cc:2324] P 6b460ba950654300b6c50d93f25aea31: Registered tablet bf1529417d2a441c9c33fa183a226bd3
I1009 23:16:56.852907 261869568 tablet_bootstrap.cc:551] T 2a30e7b2effb4ab888e1f5a8af3fb03b P 6b460ba950654300b6c50d93f25aea31: No blocks or log segments found. Creating new log.
I1009 23:16:56.852917 262406144 tablet_bootstrap.cc:644] T 825df89ca459463f921e4a6d8e68a90d P 6b460ba950654300b6c50d93f25aea31: Time spent opening tablet: real 0.000s	user 0.000s	sys 0.000s
I1009 23:16:56.852968 260796416 ts_tablet_manager.cc:1982] T 8078024ab93e4400a14d8399046d9f99 P 6b460ba950654300b6c50d93f25aea31: Time spent bootstrapping tablet: real 0.024s	user 0.001s	sys 0.002s
I1009 23:16:56.853032 262942720 tablet_bootstrap.cc:551] T f27eef4b471b4c3c800523a8cd4a34f7 P 6b460ba950654300b6c50d93f25aea31: No blocks or log segments found. Creating new log.
I1009 23:16:56.853158 261332992 log.cc:1461] T 7584006b2fba41cd828ac06782afeb03 P 6b460ba950654300b6c50d93f25aea31: Setting log wal retention time to 0 seconds
I1009 23:16:56.853291 263479296 consensus_meta.cc:361] T db3b3178db1849c4b3ebbe53840c6b02 P 6b460ba950654300b6c50d93f25aea31: Updating active role from UNKNOWN_ROLE to FOLLOWER. Consensus state: current_term: 0 leader_uuid: "" config { opid_index: -1 peers { permanent_uuid: "23d881032c1249bd803e401a539be0e2" member_type: VOTER last_known_private_addr { host: "127.0.0.3" port: 9100 } cloud_info { placement_cloud: "cloud1" placement_region: "datacenter1" placement_zone: "rack1" } } peers { permanent_uuid: "6b460ba950654300b6c50d93f25aea31" member_type: VOTER last_known_private_addr { host: "127.0.0.2" port: 9100 } cloud_info { placement_cloud: "cloud1" placement_region: "datacenter1" placement_zone: "rack1" } } peers { permanent_uuid: "d5c37cb1777946179e6692ee5e504715" member_type: VOTER last_known_private_addr { host: "127.0.0.1" port: 9100 } cloud_info { placement_cloud: "cloud1" placement_region: "datacenter1" placement_zone: "rack1" } } }, has_pending_config = 0
I1009 23:16:56.853339 252211200 ts_tablet_manager.cc:2324] P 6b460ba950654300b6c50d93f25aea31: Registered tablet 5aab7c3da55c4174a9735369225d0c54
I1009 23:16:56.853399 261869568 log.cc:1461] T 2a30e7b2effb4ab888e1f5a8af3fb03b P 6b460ba950654300b6c50d93f25aea31: Setting log wal retention time to 0 seconds
I1009 23:16:56.853605 262942720 log.cc:1461] T f27eef4b471b4c3c800523a8cd4a34f7 P 6b460ba950654300b6c50d93f25aea31: Setting log wal retention time to 0 seconds
I1009 23:16:56.853679 262406144 tablet_bootstrap.cc:551] T 825df89ca459463f921e4a6d8e68a90d P 6b460ba950654300b6c50d93f25aea31: No blocks or log segments found. Creating new log.
I1009 23:16:56.853698 261332992 ts_tablet_manager.cc:1982] T 7584006b2fba41cd828ac06782afeb03 P 6b460ba950654300b6c50d93f25aea31: Time spent bootstrapping tablet: real 0.017s	user 0.001s	sys 0.001s
I1009 23:16:56.853873 263479296 tablet_bootstrap_state_manager.cc:61] Wal dir is not created, skip initializing TabletBootstrapStateManager for db3b3178db1849c4b3ebbe53840c6b02
I1009 23:16:56.854029 254894080 ts_tablet_manager.cc:2324] P 6b460ba950654300b6c50d93f25aea31: Registered tablet a46de9d55d6845f1baaa95baceeadfe7
I1009 23:16:56.854265 262406144 log.cc:1461] T 825df89ca459463f921e4a6d8e68a90d P 6b460ba950654300b6c50d93f25aea31: Setting log wal retention time to 0 seconds
I1009 23:16:56.854736 263479296 tablet_peer.cc:1643] T db3b3178db1849c4b3ebbe53840c6b02 P 6b460ba950654300b6c50d93f25aea31 [state=BOOTSTRAPPING]: Changed state from NOT_STARTED to BOOTSTRAPPING
I1009 23:16:56.855309 254357504 ts_tablet_manager.cc:2324] P 6b460ba950654300b6c50d93f25aea31: Registered tablet 60dd6403c44b41109fa083272368d0d0
I1009 23:16:56.855715 263479296 tablet_bootstrap_if.cc:96] T db3b3178db1849c4b3ebbe53840c6b02 P 6b460ba950654300b6c50d93f25aea31: Bootstrap starting.
I1009 23:16:56.855967 252747776 ts_tablet_manager.cc:2324] P 6b460ba950654300b6c50d93f25aea31: Registered tablet 9cd834df5c9f41b091ffb845bd6122ec
I1009 23:16:56.856024 263479296 tablet.cc:637] T db3b3178db1849c4b3ebbe53840c6b02 P 6b460ba950654300b6c50d93f25aea31: Schema version for transactions is 0
I1009 23:16:56.856061 262942720 tablet_bootstrap_if.cc:96] T f27eef4b471b4c3c800523a8cd4a34f7 P 6b460ba950654300b6c50d93f25aea31: No bootstrap required, opened a new log
I1009 23:16:56.856194 224309248 ts_tablet_manager.cc:2324] P 6b460ba950654300b6c50d93f25aea31: Registered tablet 30fedb9fed834e6d975c43711c3f6fd9
I1009 23:16:56.856328 262942720 log.cc:1461] T f27eef4b471b4c3c800523a8cd4a34f7 P 6b460ba950654300b6c50d93f25aea31: Setting log wal retention time to 0 seconds
I1009 23:16:56.856719 262942720 ts_tablet_manager.cc:1982] T f27eef4b471b4c3c800523a8cd4a34f7 P 6b460ba950654300b6c50d93f25aea31: Time spent bootstrapping tablet: real 0.013s	user 0.001s	sys 0.002s
I1009 23:16:56.856752 256503808 ts_tablet_manager.cc:2324] P 6b460ba950654300b6c50d93f25aea31: Registered tablet 541698385c044c6ab901cf03bad66398
I1009 23:16:56.856957 262406144 tablet_bootstrap_if.cc:96] T 825df89ca459463f921e4a6d8e68a90d P 6b460ba950654300b6c50d93f25aea31: No bootstrap required, opened a new log
I1009 23:16:56.856992 262406144 log.cc:1461] T 825df89ca459463f921e4a6d8e68a90d P 6b460ba950654300b6c50d93f25aea31: Setting log wal retention time to 0 seconds
I1009 23:16:56.857038 262406144 ts_tablet_manager.cc:1982] T 825df89ca459463f921e4a6d8e68a90d P 6b460ba950654300b6c50d93f25aea31: Time spent bootstrapping tablet: real 0.012s	user 0.001s	sys 0.002s
I1009 23:16:56.857225 261869568 tablet_bootstrap_if.cc:96] T 2a30e7b2effb4ab888e1f5a8af3fb03b P 6b460ba950654300b6c50d93f25aea31: No bootstrap required, opened a new log
I1009 23:16:56.857259 261869568 log.cc:1461] T 2a30e7b2effb4ab888e1f5a8af3fb03b P 6b460ba950654300b6c50d93f25aea31: Setting log wal retention time to 0 seconds
I1009 23:16:56.857301 261869568 ts_tablet_manager.cc:1982] T 2a30e7b2effb4ab888e1f5a8af3fb03b P 6b460ba950654300b6c50d93f25aea31: Time spent bootstrapping tablet: real 0.014s	user 0.001s	sys 0.002s
I1009 23:16:56.857548 261332992 consensus_meta.cc:361] T 7584006b2fba41cd828ac06782afeb03 P 6b460ba950654300b6c50d93f25aea31: Updating active role from FOLLOWER to FOLLOWER. Consensus state: current_term: 0 leader_uuid: "" config { opid_index: -1 peers { permanent_uuid: "23d881032c1249bd803e401a539be0e2" member_type: VOTER last_known_private_addr { host: "127.0.0.3" port: 9100 } cloud_info { placement_cloud: "cloud1" placement_region: "datacenter1" placement_zone: "rack1" } } peers { permanent_uuid: "6b460ba950654300b6c50d93f25aea31" member_type: VOTER last_known_private_addr { host: "127.0.0.2" port: 9100 } cloud_info { placement_cloud: "cloud1" placement_region: "datacenter1" placement_zone: "rack1" } } peers { permanent_uuid: "d5c37cb1777946179e6692ee5e504715" member_type: VOTER last_known_private_addr { host: "127.0.0.1" port: 9100 } cloud_info { placement_cloud: "cloud1" placement_region: "datacenter1" placement_zone: "rack1" } } }, has_pending_config = 0
I1009 23:16:56.857594 257576960 ts_tablet_manager.cc:2324] P 6b460ba950654300b6c50d93f25aea31: Registered tablet a818e973b4b04213a257872ca0183570
I1009 23:16:56.857767 263479296 tablet_bootstrap.cc:644] T db3b3178db1849c4b3ebbe53840c6b02 P 6b460ba950654300b6c50d93f25aea31: Time spent opening tablet: real 0.000s	user 0.000s	sys 0.000s
I1009 23:16:56.857748 261332992 raft_consensus.cc:498] T 7584006b2fba41cd828ac06782afeb03 P 6b460ba950654300b6c50d93f25aea31 [term 0 FOLLOWER]: Replica starting. Triggering 0 pending operations. Active config: opid_index: -1 peers { permanent_uuid: "23d881032c1249bd803e401a539be0e2" member_type: VOTER last_known_private_addr { host: "127.0.0.3" port: 9100 } cloud_info { placement_cloud: "cloud1" placement_region: "datacenter1" placement_zone: "rack1" } } peers { permanent_uuid: "6b460ba950654300b6c50d93f25aea31" member_type: VOTER last_known_private_addr { host: "127.0.0.2" port: 9100 } cloud_info { placement_cloud: "cloud1" placement_region: "datacenter1" placement_zone: "rack1" } } peers { permanent_uuid: "d5c37cb1777946179e6692ee5e504715" member_type: VOTER last_known_private_addr { host: "127.0.0.1" port: 9100 } cloud_info { placement_cloud: "cloud1" placement_region: "datacenter1" placement_zone: "rack1" } }
I1009 23:16:56.858098 264015872 ts_tablet_manager.cc:1936] T c09c8a2af076408b8083ae6bfc2a671e P 6b460ba950654300b6c50d93f25aea31: Bootstrapping tablet
I1009 23:16:56.858305 263479296 tablet_bootstrap.cc:551] T db3b3178db1849c4b3ebbe53840c6b02 P 6b460ba950654300b6c50d93f25aea31: No blocks or log segments found. Creating new log.
I1009 23:16:56.858559 251674624 ts_tablet_manager.cc:2324] P 6b460ba950654300b6c50d93f25aea31: Registered tablet 54eeee0960454077a8ed85a75d38bc29
I1009 23:16:56.858635 261332992 raft_consensus.cc:527] T 7584006b2fba41cd828ac06782afeb03 P 6b460ba950654300b6c50d93f25aea31 [term 0 FOLLOWER]: Consensus starting up: Expiring fail detector timer to make a prompt election more likely
I1009 23:16:56.858637 262942720 consensus_meta.cc:361] T f27eef4b471b4c3c800523a8cd4a34f7 P 6b460ba950654300b6c50d93f25aea31: Updating active role from FOLLOWER to FOLLOWER. Consensus state: current_term: 0 leader_uuid: "" config { opid_index: -1 peers { permanent_uuid: "23d881032c1249bd803e401a539be0e2" member_type: VOTER last_known_private_addr { host: "127.0.0.3" port: 9100 } cloud_info { placement_cloud: "cloud1" placement_region: "datacenter1" placement_zone: "rack1" } } peers { permanent_uuid: "6b460ba950654300b6c50d93f25aea31" member_type: VOTER last_known_private_addr { host: "127.0.0.2" port: 9100 } cloud_info { placement_cloud: "cloud1" placement_region: "datacenter1" placement_zone: "rack1" } } peers { permanent_uuid: "d5c37cb1777946179e6692ee5e504715" member_type: VOTER last_known_private_addr { host: "127.0.0.1" port: 9100 } cloud_info { placement_cloud: "cloud1" placement_region: "datacenter1" placement_zone: "rack1" } } }, has_pending_config = 0
I1009 23:16:56.859009 262406144 consensus_meta.cc:361] T 825df89ca459463f921e4a6d8e68a90d P 6b460ba950654300b6c50d93f25aea31: Updating active role from FOLLOWER to FOLLOWER. Consensus state: current_term: 0 leader_uuid: "" config { opid_index: -1 peers { permanent_uuid: "23d881032c1249bd803e401a539be0e2" member_type: VOTER last_known_private_addr { host: "127.0.0.3" port: 9100 } cloud_info { placement_cloud: "cloud1" placement_region: "datacenter1" placement_zone: "rack1" } } peers { permanent_uuid: "6b460ba950654300b6c50d93f25aea31" member_type: VOTER last_known_private_addr { host: "127.0.0.2" port: 9100 } cloud_info { placement_cloud: "cloud1" placement_region: "datacenter1" placement_zone: "rack1" } } peers { permanent_uuid: "d5c37cb1777946179e6692ee5e504715" member_type: VOTER last_known_private_addr { host: "127.0.0.1" port: 9100 } cloud_info { placement_cloud: "cloud1" placement_region: "datacenter1" placement_zone: "rack1" } } }, has_pending_config = 0
I1009 23:16:56.859210 264015872 consensus_meta.cc:361] T c09c8a2af076408b8083ae6bfc2a671e P 6b460ba950654300b6c50d93f25aea31: Updating active role from UNKNOWN_ROLE to FOLLOWER. Consensus state: current_term: 0 leader_uuid: "" config { opid_index: -1 peers { permanent_uuid: "23d881032c1249bd803e401a539be0e2" member_type: VOTER last_known_private_addr { host: "127.0.0.3" port: 9100 } cloud_info { placement_cloud: "cloud1" placement_region: "datacenter1" placement_zone: "rack1" } } peers { permanent_uuid: "6b460ba950654300b6c50d93f25aea31" member_type: VOTER last_known_private_addr { host: "127.0.0.2" port: 9100 } cloud_info { placement_cloud: "cloud1" placement_region: "datacenter1" placement_zone: "rack1" } } peers { permanent_uuid: "d5c37cb1777946179e6692ee5e504715" member_type: VOTER last_known_private_addr { host: "127.0.0.1" port: 9100 } cloud_info { placement_cloud: "cloud1" placement_region: "datacenter1" placement_zone: "rack1" } } }, has_pending_config = 0
I1009 23:16:56.859226 261869568 consensus_meta.cc:361] T 2a30e7b2effb4ab888e1f5a8af3fb03b P 6b460ba950654300b6c50d93f25aea31: Updating active role from FOLLOWER to FOLLOWER. Consensus state: current_term: 0 leader_uuid: "" config { opid_index: -1 peers { permanent_uuid: "23d881032c1249bd803e401a539be0e2" member_type: VOTER last_known_private_addr { host: "127.0.0.3" port: 9100 } cloud_info { placement_cloud: "cloud1" placement_region: "datacenter1" placement_zone: "rack1" } } peers { permanent_uuid: "6b460ba950654300b6c50d93f25aea31" member_type: VOTER last_known_private_addr { host: "127.0.0.2" port: 9100 } cloud_info { placement_cloud: "cloud1" placement_region: "datacenter1" placement_zone: "rack1" } } peers { permanent_uuid: "d5c37cb1777946179e6692ee5e504715" member_type: VOTER last_known_private_addr { host: "127.0.0.1" port: 9100 } cloud_info { placement_cloud: "cloud1" placement_region: "datacenter1" placement_zone: "rack1" } } }, has_pending_config = 0
I1009 23:16:56.859336 263479296 log.cc:1461] T db3b3178db1849c4b3ebbe53840c6b02 P 6b460ba950654300b6c50d93f25aea31: Setting log wal retention time to 0 seconds
I1009 23:16:56.859493 253820928 ts_tablet_manager.cc:2324] P 6b460ba950654300b6c50d93f25aea31: Registered tablet 9b45d3f9024e43b58a591ec35594430e
I1009 23:16:56.859469 261332992 raft_consensus.cc:1135] T 7584006b2fba41cd828ac06782afeb03 P 6b460ba950654300b6c50d93f25aea31 [term 0 FOLLOWER]: Becoming Follower/Learner. State: Replica: 6b460ba950654300b6c50d93f25aea31, State: 1, Role: FOLLOWER, Watermarks: {Received: 0.0 Committed: 0.0} Leader: 0.0, new leader: , initial_fd_wait: <uninitialized>
I1009 23:16:56.859565 262942720 raft_consensus.cc:498] T f27eef4b471b4c3c800523a8cd4a34f7 P 6b460ba950654300b6c50d93f25aea31 [term 0 FOLLOWER]: Replica starting. Triggering 0 pending operations. Active config: opid_index: -1 peers { permanent_uuid: "23d881032c1249bd803e401a539be0e2" member_type: VOTER last_known_private_addr { host: "127.0.0.3" port: 9100 } cloud_info { placement_cloud: "cloud1" placement_region: "datacenter1" placement_zone: "rack1" } } peers { permanent_uuid: "6b460ba950654300b6c50d93f25aea31" member_type: VOTER last_known_private_addr { host: "127.0.0.2" port: 9100 } cloud_info { placement_cloud: "cloud1" placement_region: "datacenter1" placement_zone: "rack1" } } peers { permanent_uuid: "d5c37cb1777946179e6692ee5e504715" member_type: VOTER last_known_private_addr { host: "127.0.0.1" port: 9100 } cloud_info { placement_cloud: "cloud1" placement_region: "datacenter1" placement_zone: "rack1" } }
I1009 23:16:56.859669 262406144 raft_consensus.cc:498] T 825df89ca459463f921e4a6d8e68a90d P 6b460ba950654300b6c50d93f25aea31 [term 0 FOLLOWER]: Replica starting. Triggering 0 pending operations. Active config: opid_index: -1 peers { permanent_uuid: "23d881032c1249bd803e401a539be0e2" member_type: VOTER last_known_private_addr { host: "127.0.0.3" port: 9100 } cloud_info { placement_cloud: "cloud1" placement_region: "datacenter1" placement_zone: "rack1" } } peers { permanent_uuid: "6b460ba950654300b6c50d93f25aea31" member_type: VOTER last_known_private_addr { host: "127.0.0.2" port: 9100 } cloud_info { placement_cloud: "cloud1" placement_region: "datacenter1" placement_zone: "rack1" } } peers { permanent_uuid: "d5c37cb1777946179e6692ee5e504715" member_type: VOTER last_known_private_addr { host: "127.0.0.1" port: 9100 } cloud_info { placement_cloud: "cloud1" placement_region: "datacenter1" placement_zone: "rack1" } }
I1009 23:16:56.859771 264015872 tablet_bootstrap_state_manager.cc:61] Wal dir is not created, skip initializing TabletBootstrapStateManager for c09c8a2af076408b8083ae6bfc2a671e
I1009 23:16:56.859838 261869568 raft_consensus.cc:498] T 2a30e7b2effb4ab888e1f5a8af3fb03b P 6b460ba950654300b6c50d93f25aea31 [term 0 FOLLOWER]: Replica starting. Triggering 0 pending operations. Active config: opid_index: -1 peers { permanent_uuid: "23d881032c1249bd803e401a539be0e2" member_type: VOTER last_known_private_addr { host: "127.0.0.3" port: 9100 } cloud_info { placement_cloud: "cloud1" placement_region: "datacenter1" placement_zone: "rack1" } } peers { permanent_uuid: "6b460ba950654300b6c50d93f25aea31" member_type: VOTER last_known_private_addr { host: "127.0.0.2" port: 9100 } cloud_info { placement_cloud: "cloud1" placement_region: "datacenter1" placement_zone: "rack1" } } peers { permanent_uuid: "d5c37cb1777946179e6692ee5e504715" member_type: VOTER last_known_private_addr { host: "127.0.0.1" port: 9100 } cloud_info { placement_cloud: "cloud1" placement_region: "datacenter1" placement_zone: "rack1" } }
I1009 23:16:56.860026 255967232 ts_tablet_manager.cc:2324] P 6b460ba950654300b6c50d93f25aea31: Registered tablet f5bd6014d733492eac6dd2cfba061381
