Log file created at: 2024/10/09 23:16:36
Current UTC time: 2024/10/09 17:46:36
Running on machine: NAG-MAC.local
Application fingerprint: version 2.23.0.0 build 710 revision a31a4eba31527467192adc816e771ac09c28bb1a build_type RELEASE built at 30 Aug 2024 20:38:52 GMT
Running duration (h:mm:ss): 0:00:00
Log line format: [IWEF]mmdd hh:mm:ss.uuuuuu threadid file:line] msg
I1009 23:16:36.894948 151713280 server_main_util.cc:163] NumCPUs determined to be: 8
I1009 23:16:36.896154 151713280 server_main_util.cc:101] Total available RAM is 16.000000 GiB
I1009 23:16:36.896176 151713280 server_main_util.cc:90] Setting flag db_block_cache_size_percentage to recommended value -3
I1009 23:16:36.896193 151713280 server_main_util.cc:92] Setting flag default_memory_limit_to_ram_ratio to recommended value 0.85
I1009 23:16:36.896214 151713280 server_main_util.cc:94] Setting flag tablet_overhead_size_percentage to recommended value 0
I1009 23:16:36.896237 151713280 mem_tracker.cc:265] Creating root MemTracker with garbage collection threshold 134217728 bytes
I1009 23:16:36.896250 151713280 mem_tracker.cc:269] Root memory limit is 14602888806
I1009 23:16:36.896281 151713280 tcmalloc_util.cc:231] Setting tcmalloc max thread cache bytes to: 365072220
I1009 23:16:36.896301 151713280 tcmalloc_util.cc:264] Setting TCMalloc profiler sampling frequency to 1048576 bytes
I1009 23:16:36.896330 151713280 tablet_server_main_impl.cc:157] Using parsed rpc = 127.0.0.2
I1009 23:16:36.896359 151713280 tablet_server_main_impl.cc:150] Reset YEDIS bind address to 127.0.0.2:6379
I1009 23:16:36.896373 151713280 tablet_server_main_impl.cc:150] Reset YCQL bind address to 127.0.0.2:9042
I1009 23:16:36.896433 151713280 server_base_options.cc:165] Updating master addrs to {127.0.0.1:7100},{127.0.0.2:7100},{127.0.0.3:7100}
I1009 23:16:36.896454 151713280 server_base_options.cc:165] Updating master addrs to {127.0.0.1:7100},{127.0.0.2:7100},{127.0.0.3:7100}
I1009 23:16:36.896489 151713280 server_base_options.cc:165] Updating master addrs to {127.0.0.1:7100},{127.0.0.2:7100},{127.0.0.3:7100}
I1009 23:16:36.896606 151713280 shared_mem.cc:158] Using directory /tmp to store shared memory objects
I1009 23:16:36.897500 151713280 mem_tracker.cc:805] MemTracker: hard memory limit is 13.600000 GB
I1009 23:16:36.897521 151713280 mem_tracker.cc:807] MemTracker: soft memory limit is 11.560000 GB
I1009 23:16:36.897534 151713280 server_base_options.cc:165] Updating master addrs to {127.0.0.1:7100},{127.0.0.2:7100},{127.0.0.3:7100}
I1009 23:16:36.897734 151713280 thread_pool.cc:178] Starting thread pool { name: raft_notifications max_workers: 18446744073709551615 }
I1009 23:16:36.898280 151713280 docdb_rocksdb_util.cc:627] FLAGS_priority_thread_pool_size was not set, automatically configuring to 3.
I1009 23:16:36.898489 151713280 full_compaction_manager.cc:98] Initialized full compaction manager check_interval_sec: 60 window_size_sec: 300 scheduled_compaction_frequency: 0.000s scheduled_jitter_factor: 33
I1009 23:16:36.898672 151713280 rpc_server.cc:84] yb::server::RpcServer created at 0x10965ae60
I1009 23:16:36.898697 151713280 tablet_server.cc:343] yb::tserver::TabletServer created at 0x1096e6000
I1009 23:16:36.898711 151713280 tablet_server.cc:344] yb::tserver::TSTabletManager created at 0x109784000
I1009 23:16:36.898723 151713280 tablet_server_main_impl.cc:268] Initializing tablet server...
I1009 23:16:36.901952 151713280 server_base.cc:533] Could not load existing FS layout: Not found (yb/fs/fs_manager.cc:402): Metadata wasn't found
I1009 23:16:36.902026 151713280 server_base.cc:534] Creating new FS layout
I1009 23:16:36.903252 151713280 fs_manager.cc:636] Generated new instance metadata in path /Users/nag/yb/yugabyte-data/node2/yb-data/tserver/instance:
uuid: "6b460ba950654300b6c50d93f25aea31"
format_stamp: "Formatted at 2024-10-09 17:46:36 on NAG-MAC.local"
initdb_done_set_after_sys_catalog_restore: true
I1009 23:16:36.904071 151713280 fs_manager.cc:415] Opened local filesystem: /Users/nag/yb/yugabyte-data/node2
uuid: "6b460ba950654300b6c50d93f25aea31"
format_stamp: "Formatted at 2024-10-09 17:46:36 on NAG-MAC.local"
initdb_done_set_after_sys_catalog_restore: true
W1009 23:16:36.904209 151713280 hybrid_clock.cc:131] HybridClock initialized in local mode (OS X only). Not suitable for distributed clusters.
I1009 23:16:36.904515 151713280 server_base.cc:286] Auto setting FLAGS_num_reactor_threads to 8
I1009 23:16:36.904541 151713280 secure.cc:138] SetupSecureContext: kInternal, 0
I1009 23:16:36.905061 151713280 thread_pool.cc:178] Starting thread pool { name: TabletServer max_workers: 1024 }
I1009 23:16:36.906301 151713280 auto_flags_manager_base.cc:163] Loading AutoFlags from master leader. Master addresses: [127.0.0.1:7100,127.0.0.2:7100,127.0.0.3:7100]
I1009 23:16:36.906548 223236096 client-internal.cc:2860] New master addresses: [127.0.0.1:7100,127.0.0.2:7100,127.0.0.3:7100]
I1009 23:16:36.908630 151713280 auto_flags_manager_base.cc:297] Storing new AutoFlags config: config_version: 1 promoted_flags { process_name: "yb-master" flags: "TEST_auto_flags_initialized" flags: "TEST_auto_flags_new_install" flags: "cdc_enable_postgres_replica_identity" flags: "cdc_write_post_apply_metadata" flags: "cdcsdk_enable_dynamic_tables_disable_option" flags: "cdcsdk_enable_identification_of_non_eligible_tables" flags: "enable_automatic_tablet_splitting" flags: "enable_flush_retryable_requests" flags: "enable_object_retention_due_to_snapshots" flags: "enable_tablet_split_of_xcluster_replicated_tables" flags: "enable_xcluster_api_v2" flags: "enable_xcluster_auto_flag_validation" flags: "master_enable_universe_uuid_heartbeat_check" flags: "regular_tablets_data_block_key_value_encoding" flags: "remote_bootstrap_from_leader_only" flags: "save_index_into_wal_segments" flags: "use_parent_table_id_field" flags: "xcluster_enable_subtxn_abort_propagation" flags: "yb_enable_cdc_consistent_snapshot_streams" flags: "ycql_allow_cassandra_drop" flags: "ysql_enable_packed_row" flags: "ysql_skip_row_lock_for_update" flags: "ysql_yb_bypass_cond_recheck" flags: "ysql_yb_enable_add_column_missing_default" flags: "ysql_yb_enable_alter_table_rewrite" flags: "ysql_yb_enable_ddl_atomicity_infra" flags: "ysql_yb_enable_expression_pushdown" flags: "ysql_yb_enable_hash_batch_in" flags: "ysql_yb_enable_index_aggregate_pushdown" flags: "ysql_yb_enable_pg_locks" flags: "ysql_yb_enable_replica_identity" flags: "ysql_yb_enable_replication_commands" flags: "ysql_yb_enable_replication_slot_consumption" flags: "ysql_yb_enable_saop_pushdown" flags: "ysql_yb_enable_sequence_pushdown" flags: "ysql_yb_pushdown_is_not_null" flags: "ysql_yb_pushdown_strict_inequality" flag_infos { promoted_version: 1 } flag_infos { promoted_version: 1 } flag_infos { promoted_version: 1 } flag_infos { promoted_version: 1 } flag_infos { promoted_version: 1 } flag_infos { promoted_version: 1 } flag_infos { promoted_version: 1 } flag_infos { promoted_version: 1 } flag_infos { promoted_version: 1 } flag_infos { promoted_version: 1 } flag_infos { promoted_version: 1 } flag_infos { promoted_version: 1 } flag_infos { promoted_version: 1 } flag_infos { promoted_version: 1 } flag_infos { promoted_version: 1 } flag_infos { promoted_version: 1 } flag_infos { promoted_version: 1 } flag_infos { promoted_version: 1 } flag_infos { promoted_version: 1 } flag_infos { promoted_version: 1 } flag_infos { promoted_version: 1 } flag_infos { promoted_version: 1 } flag_infos { promoted_version: 1 } flag_infos { promoted_version: 1 } flag_infos { promoted_version: 1 } flag_infos { promoted_version: 1 } flag_infos { promoted_version: 1 } flag_infos { promoted_version: 1 } flag_infos { promoted_version: 1 } flag_infos { promoted_version: 1 } flag_infos { promoted_version: 1 } flag_infos { promoted_version: 1 } flag_infos { promoted_version: 1 } flag_infos { promoted_version: 1 } flag_infos { promoted_version: 1 } flag_infos { promoted_version: 1 } flag_infos { promoted_version: 1 } } promoted_flags { process_name: "yb-tserver" flags: "TEST_auto_flags_initialized" flags: "TEST_auto_flags_new_install" flags: "cdc_write_post_apply_metadata" flags: "enable_automatic_tablet_splitting" flags: "enable_flush_retryable_requests" flags: "enable_xcluster_auto_flag_validation" flags: "regular_tablets_data_block_key_value_encoding" flags: "remote_bootstrap_from_leader_only" flags: "save_index_into_wal_segments" flags: "xcluster_enable_subtxn_abort_propagation" flags: "yb_enable_cdc_consistent_snapshot_streams" flags: "ycql_suppress_group_by_error" flags: "ysql_enable_packed_row" flags: "ysql_skip_row_lock_for_update" flags: "ysql_yb_bypass_cond_recheck" flags: "ysql_yb_enable_add_column_missing_default" flags: "ysql_yb_enable_alter_table_rewrite" flags: "ysql_yb_enable_ddl_atomicity_infra" flags: "ysql_yb_enable_expression_pushdown" flags: "ysql_yb_enable_hash_batch_in" flags: "ysql_yb_enable_index_aggregate_pushdown" flags: "ysql_yb_enable_pg_locks" flags: "ysql_yb_enable_replica_identity" flags: "ysql_yb_enable_replication_commands" flags: "ysql_yb_enable_replication_slot_consumption" flags: "ysql_yb_enable_saop_pushdown" flags: "ysql_yb_enable_sequence_pushdown" flags: "ysql_yb_pushdown_is_not_null" flags: "ysql_yb_pushdown_strict_inequality" flag_infos { promoted_version: 1 } flag_infos { promoted_version: 1 } flag_infos { promoted_version: 1 } flag_infos { promoted_version: 1 } flag_infos { promoted_version: 1 } flag_infos { promoted_version: 1 } flag_infos { promoted_version: 1 } flag_infos { promoted_version: 1 } flag_infos { promoted_version: 1 } flag_infos { promoted_version: 1 } flag_infos { promoted_version: 1 } flag_infos { promoted_version: 1 } flag_infos { promoted_version: 1 } flag_infos { promoted_version: 1 } flag_infos { promoted_version: 1 } flag_infos { promoted_version: 1 } flag_infos { promoted_version: 1 } flag_infos { promoted_version: 1 } flag_infos { promoted_version: 1 } flag_infos { promoted_version: 1 } flag_infos { promoted_version: 1 } flag_infos { promoted_version: 1 } flag_infos { promoted_version: 1 } flag_infos { promoted_version: 1 } flag_infos { promoted_version: 1 } flag_infos { promoted_version: 1 } flag_infos { promoted_version: 1 } flag_infos { promoted_version: 1 } flag_infos { promoted_version: 1 } }
I1009 23:16:36.909631 151713280 fs_manager.cc:323] AutoFlags config stored in '/Users/nag/yb/yugabyte-data/node2/yb-data/tserver/auto_flags_config'.
I1009 23:16:36.910061 151713280 auto_flags_manager_base.cc:361] AutoFlags promoted: ysql_yb_pushdown_strict_inequality,ysql_yb_pushdown_is_not_null,ysql_yb_enable_sequence_pushdown,ysql_yb_enable_saop_pushdown,ysql_yb_enable_replication_slot_consumption,ysql_yb_enable_replication_commands,ysql_yb_enable_index_aggregate_pushdown,ysql_yb_enable_hash_batch_in,ysql_yb_enable_ddl_atomicity_infra,ysql_yb_enable_alter_table_rewrite,ysql_yb_enable_add_column_missing_default,ysql_yb_enable_replica_identity,ysql_enable_packed_row,ycql_suppress_group_by_error,yb_enable_cdc_consistent_snapshot_streams,regular_tablets_data_block_key_value_encoding,enable_flush_retryable_requests,xcluster_enable_subtxn_abort_propagation,TEST_auto_flags_new_install,ysql_yb_enable_expression_pushdown,TEST_auto_flags_initialized,remote_bootstrap_from_leader_only,ysql_yb_bypass_cond_recheck,save_index_into_wal_segments,enable_automatic_tablet_splitting,ysql_yb_enable_pg_locks,ysql_skip_row_lock_for_update,enable_xcluster_auto_flag_validation,cdc_write_post_apply_metadata
I1009 23:16:36.925100 151713280 secure.cc:138] SetupSecureContext: kInternal, 0
I1009 23:16:36.925552 151713280 thread_pool.cc:178] Starting thread pool { name: universe_key_client max_workers: 1024 }
I1009 23:16:36.926184 228601856 client-internal.cc:2860] New master addresses: [127.0.0.1:7100,127.0.0.2:7100,127.0.0.3:7100]
I1009 23:16:36.927474 151713280 universe_key_client.cc:110] GetFullUniverseKeyRegistry returned successefully
I1009 23:16:36.928372 151713280 encrypted_file_factory.cc:92] Created encrypted file factory
I1009 23:16:36.928431 151713280 ts_tablet_manager.cc:618] P 6b460ba950654300b6c50d93f25aea31: max_bootstrap_threads=7
I1009 23:16:36.928552 151713280 server_base.cc:598] Using private rpc address 127.0.0.2
I1009 23:16:36.928591 151713280 ts_tablet_manager.cc:694] Loaded metadata for 0 tablet in 0 ms
I1009 23:16:36.928625 151713280 tablet_validator.cc:149] P 6b460ba950654300b6c50d93f25aea31: Tablet validator created
I1009 23:16:36.929003 151713280 server_base.cc:598] Using private rpc address 127.0.0.2
I1009 23:16:36.929026 151713280 tablet_server_main_impl.cc:270] Starting tablet server...
I1009 23:16:36.929039 151713280 ulimit_util.cc:212] Configured soft limit for cpu time is already larger than specified min value (unlimited vs. unlimited). Skipping.
I1009 23:16:36.929050 151713280 ulimit_util.cc:212] Configured soft limit for file size is already larger than specified min value (unlimited vs. unlimited). Skipping.
I1009 23:16:36.929059 151713280 ulimit_util.cc:212] Configured soft limit for data seg size is already larger than specified min value (unlimited vs. unlimited). Skipping.
I1009 23:16:36.929068 151713280 ulimit_util.cc:212] Configured soft limit for stack size is already larger than specified min value (8388608 vs. 8388608). Skipping.
I1009 23:16:36.929078 151713280 ulimit_util.cc:212] Configured soft limit for max memory size is already larger than specified min value (unlimited vs. unlimited). Skipping.
I1009 23:16:36.929087 151713280 ulimit_util.cc:212] Configured soft limit for max locked memory is already larger than specified min value (unlimited vs. 65536). Skipping.
I1009 23:16:36.929097 151713280 env_posix.cc:1568] Modifying limit for max user processes from 2784 to 4176
I1009 23:16:36.929108 151713280 env_posix.cc:1568] Modifying limit for open files from 8192 to 10240
I1009 23:16:36.929118 151713280 tablet_server_main_impl.cc:272] ulimit cur(max)...
ulimit: core file size 0(unlimited) blks
ulimit: data seg size unlimited(unlimited) kb
ulimit: open files 10240(unlimited)
ulimit: file size unlimited(unlimited) blks
ulimit: max locked memory unlimited(unlimited) kb
ulimit: max memory size unlimited(unlimited) kb
ulimit: stack size 8192(65532) kb
ulimit: cpu time unlimited(unlimited) secs
ulimit: max user processes 2784(2784)
I1009 23:16:36.929153 151713280 tablet_server.cc:585] Auto setting FLAGS_num_concurrent_backfills_allowed to 4
I1009 23:16:36.929518 151713280 service_pool.cc:149] yb.tserver.TabletServerBackupService: yb::rpc::ServicePoolImpl created at 0x1096c2000
I1009 23:16:36.929546 151713280 service_pool.cc:149] yb.cdc.CDCService: yb::rpc::ServicePoolImpl created at 0x1096c2900
I1009 23:16:36.930020 151713280 tablet_server.cc:608] yb::tserver::TabletServiceImpl created at 0x1097a3820
I1009 23:16:36.930043 151713280 service_pool.cc:149] yb.tserver.TabletServerService: yb::rpc::ServicePoolImpl created at 0x1096c3680
I1009 23:16:36.930323 151713280 tablet_server.cc:613] yb::tserver::TabletServiceAdminImpl created at 0x10b438020
I1009 23:16:36.930344 151713280 service_pool.cc:149] yb.tserver.TabletServerAdminService: yb::rpc::ServicePoolImpl created at 0x1096c3440
I1009 23:16:36.930517 151713280 tablet_server.cc:618] yb::tserver::ConsensusServiceImpl created at 0x109742820
I1009 23:16:36.930541 151713280 thread_pool.cc:178] Starting thread pool { name: TabletServer-high-pri max_workers: 1024 }
I1009 23:16:36.930554 151713280 service_pool.cc:149] yb.consensus.ConsensusService: yb::rpc::ServicePoolImpl created at 0x1096c2b40
I1009 23:16:36.930811 151713280 tablet_server.cc:627] yb::tserver::RemoteBootstrapServiceImpl created at 0x10b666020
I1009 23:16:36.930835 151713280 service_pool.cc:149] yb.tserver.RemoteBootstrapService: yb::rpc::ServicePoolImpl created at 0x1096c3b00
I1009 23:16:36.931661 151713280 tablet_server.cc:638] yb::tserver::PgClientServiceImpl created at 0x10b6a1020
I1009 23:16:36.931679 227528704 async_client_initializer.cc:81] Starting to init ybclient
I1009 23:16:36.931689 151713280 service_pool.cc:149] yb.tserver.PgClientService: yb::rpc::ServicePoolImpl created at 0x1096c3d40
I1009 23:16:36.931797 151713280 tablet_server.cc:668] yb::tserver::stateful_service::PgAutoAnalyzeService created at 0x10b42cb20
I1009 23:16:36.931835 151713280 service_pool.cc:149] yb.stateful_service.PgAutoAnalyzeService: yb::rpc::ServicePoolImpl created at 0x10b7be000
I1009 23:16:36.931972 151713280 webserver.cc:353] Starting webserver on 127.0.0.2:9001
I1009 23:16:36.932009 151713280 webserver.cc:362] Document root: /Users/nag/yb/yugabyte-2.23.0.0/www
I1009 23:16:36.932049 151713280 webserver.cc:348] Webserver listen spec is 127.0.0.2:9001
I1009 23:16:36.932165 151713280 webserver.cc:468] Webserver started. Bound to: http://127.0.0.2:9001/
I1009 23:16:36.932348 151713280 service_pool.cc:149] yb.server.GenericService: yb::rpc::ServicePoolImpl created at 0x10b7be240
I1009 23:16:36.932597 151713280 rpc_server.cc:167] RPC server started. Bound to: 127.0.0.2:9100
I1009 23:16:36.932636 229138432 client-internal.cc:2860] New master addresses: [127.0.0.1:7100,127.0.0.2:7100,127.0.0.3:7100]
I1009 23:16:36.932718 230211584 async_client_initializer.cc:81] Starting to init ybclient
I1009 23:16:36.932726 151713280 db_server_base.cc:69] Node information: { hostname: 'NAG-MAC.local', rpc_ip: '127.0.0.2', webserver_ip: '127.0.0.2', uuid: '6b460ba950654300b6c50d93f25aea31' }
I1009 23:16:36.932798 151713280 ts_tablet_manager.cc:816] Split tablets cleanup monitor started...
I1009 23:16:36.932816 151713280 ts_tablet_manager.cc:826] Tablet data verification is disabled by verify_tablet_data_interval_sec flag set to 0
I1009 23:16:36.932829 151713280 ts_tablet_manager.cc:833] Old metrics cleanup task started...
I1009 23:16:36.933106 151713280 tablet_server_main_impl.cc:274] Tablet server successfully started.
I1009 23:16:36.933259 227528704 async_client_initializer.cc:85] Successfully built ybclient
I1009 23:16:36.933522 151713280 pg_wrapper.cc:842] Launching initdb: [/Users/nag/yb/yugabyte-2.23.0.0/postgres/bin/initdb, -D, /Users/nag/yb/yugabyte-data/node2/pg_data_11, -U, postgres]
I1009 23:16:36.933619 230748160 heartbeater.cc:325] P 6b460ba950654300b6c50d93f25aea31: Connected to a leader master server at 127.0.0.1:7100
I1009 23:16:36.934857 230748160 heartbeater.cc:379] P 6b460ba950654300b6c50d93f25aea31: Registering TS with master...
I1009 23:16:36.934967 230748160 server_base.cc:598] Using private rpc address 127.0.0.2
I1009 23:16:36.935000 230748160 server_base.cc:620] Using http address 127.0.0.2
I1009 23:16:36.935402 232357888 client-internal.cc:2860] New master addresses: [127.0.0.1:7100,127.0.0.2:7100,127.0.0.3:7100]
I1009 23:16:36.936579 230748160 fs_manager.cc:342] Setting the universe_uuid to 21b2e3d0-495a-4149-9f2a-913ddeb95eff
I1009 23:16:36.936632 230211584 async_client_initializer.cc:85] Successfully built ybclient
I1009 23:16:36.937156 230748160 heartbeater.cc:379] P 6b460ba950654300b6c50d93f25aea31: Registering TS with master...
I1009 23:16:36.937182 230748160 server_base.cc:598] Using private rpc address 127.0.0.2
I1009 23:16:36.937201 230748160 server_base.cc:620] Using http address 127.0.0.2
I1009 23:16:36.938093 230748160 heartbeater.cc:385] P 6b460ba950654300b6c50d93f25aea31: Sending a full tablet report to master...
I1009 23:16:36.938884 230748160 tablet_server.cc:982] set pg_yb_catalog_version table in perdb mode
I1009 23:16:38.148342 151713280 pg_wrapper.cc:859] initdb completed successfully. Database initialized at /Users/nag/yb/yugabyte-data/node2/pg_data
I1009 23:16:38.148579 151713280 tablet_server_main_impl.cc:291] Starting PostgreSQL server listening on 127.0.0.2, port 5433
I1009 23:16:38.151398 151713280 process_wrapper.cc:117] Starting PostgreSQL process
W1009 23:16:38.158298 151713280 pg_wrapper.cc:590] No hba configuration lines found, defaulting to trust all configuration.
I1009 23:16:38.158593 151713280 pg_wrapper.cc:614] No user name mapping configuration lines found.
I1009 23:16:38.161422 151713280 pg_wrapper.cc:807] PostgreSQL server running as pid 60223
I1009 23:16:38.161865 151713280 server_base_options.cc:165] Updating master addrs to {127.0.0.1:7100},{127.0.0.2:7100},{127.0.0.3:7100}
I1009 23:16:38.161967 151713280 server_base_options.cc:165] Updating master addrs to {127.0.0.1:7100},{127.0.0.2:7100},{127.0.0.3:7100}
I1009 23:16:38.162088 151713280 server_base_options.cc:165] Updating master addrs to {127.0.0.1:7100},{127.0.0.2:7100},{127.0.0.3:7100}
I1009 23:16:38.162169 151713280 rpc_server.cc:84] yb::server::RpcServer created at 0x10b4e8000
I1009 23:16:38.162204 151713280 tablet_server_main_impl.cc:340] Starting redis server...
I1009 23:16:38.162732 151713280 fs_manager.cc:415] Opened local filesystem: /Users/nag/yb/yugabyte-data/node2
uuid: "6b460ba950654300b6c50d93f25aea31"
format_stamp: "Formatted at 2024-10-09 17:46:36 on NAG-MAC.local"
initdb_done_set_after_sys_catalog_restore: true
tserver_instance_metadata {
  universe_uuid: "21b2e3d0-495a-4149-9f2a-913ddeb95eff"
}
W1009 23:16:38.162907 151713280 hybrid_clock.cc:131] HybridClock initialized in local mode (OS X only). Not suitable for distributed clusters.
I1009 23:16:38.163760 151713280 thread_pool.cc:178] Starting thread pool { name: RedisServer max_workers: 1024 }
I1009 23:16:38.165638 151713280 service_pool.cc:149] yb.redisserver.RedisServerService: yb::rpc::ServicePoolImpl created at 0x10b7beb40
I1009 23:16:38.165797 151713280 webserver.cc:353] Starting webserver on 127.0.0.2:11000
I1009 23:16:38.165817 151713280 webserver.cc:362] Document root: /Users/nag/yb/yugabyte-2.23.0.0/www
I1009 23:16:38.165839 151713280 webserver.cc:348] Webserver listen spec is 127.0.0.2:11000
I1009 23:16:38.165935 151713280 webserver.cc:468] Webserver started. Bound to: http://127.0.0.2:11000/
I1009 23:16:38.166101 151713280 service_pool.cc:149] yb.server.GenericService: yb::rpc::ServicePoolImpl created at 0x10b7bf200
I1009 23:16:38.166219 151713280 rpc_server.cc:167] RPC server started. Bound to: 127.0.0.2:6379
I1009 23:16:38.166237 151713280 tablet_server_main_impl.cc:342] Redis server successfully started.
I1009 23:16:38.166268 151713280 server_base_options.cc:165] Updating master addrs to {127.0.0.1:7100},{127.0.0.2:7100},{127.0.0.3:7100}
I1009 23:16:38.166302 151713280 server_base_options.cc:165] Updating master addrs to {127.0.0.1:7100},{127.0.0.2:7100},{127.0.0.3:7100}
I1009 23:16:38.166363 151713280 server_base_options.cc:165] Updating master addrs to {127.0.0.1:7100},{127.0.0.2:7100},{127.0.0.3:7100}
I1009 23:16:38.166415 151713280 rpc_server.cc:84] yb::server::RpcServer created at 0x1096a6d20
I1009 23:16:38.166437 151713280 tablet_server_main_impl.cc:362] Starting CQL server...
I1009 23:16:38.166836 151713280 fs_manager.cc:415] Opened local filesystem: /Users/nag/yb/yugabyte-data/node2
uuid: "6b460ba950654300b6c50d93f25aea31"
format_stamp: "Formatted at 2024-10-09 17:46:36 on NAG-MAC.local"
initdb_done_set_after_sys_catalog_restore: true
tserver_instance_metadata {
  universe_uuid: "21b2e3d0-495a-4149-9f2a-913ddeb95eff"
}
I1009 23:16:38.166904 151713280 secure.cc:138] SetupSecureContext: kExternal, 0
I1009 23:16:38.167245 151713280 thread_pool.cc:178] Starting thread pool { name: CQLServer max_workers: 1024 }
I1009 23:16:38.168295 151713280 cql_service.cc:141] CQL processors limit: 54399
I1009 23:16:38.168355 151713280 service_pool.cc:149] yb.cqlserver.CQLServerService: yb::rpc::ServicePoolImpl created at 0x10bbda000
I1009 23:16:38.168430 151713280 webserver.cc:353] Starting webserver on 127.0.0.2:12000
I1009 23:16:38.168445 151713280 webserver.cc:362] Document root: /Users/nag/yb/yugabyte-2.23.0.0/www
I1009 23:16:38.168476 151713280 webserver.cc:348] Webserver listen spec is 127.0.0.2:12000
I1009 23:16:38.168574 151713280 webserver.cc:468] Webserver started. Bound to: http://127.0.0.2:12000/
I1009 23:16:38.168752 151713280 service_pool.cc:149] yb.server.GenericService: yb::rpc::ServicePoolImpl created at 0x10bbda240
I1009 23:16:38.168970 151713280 rpc_server.cc:167] RPC server started. Bound to: 127.0.0.2:9042
I1009 23:16:38.169009 151713280 tablet_server_main_impl.cc:364] CQL server successfully started.
I1009 23:16:46.933442 231821312 call_home.cc:78] Skipping collector MetricsCollector because it has a higher collection level than the requested one
I1009 23:16:46.933529 231821312 call_home.cc:78] Skipping collector RpcsCollector because it has a higher collection level than the requested one
I1009 23:16:46.943540 231821312 call_home.cc:233] Done with collector GFlagsCollector
I1009 23:16:46.943607 231821312 server_base.cc:269] Running on host: NAG-MAC.local
I1009 23:16:46.945659 231821312 call_home.cc:100] Logged in user: nag
I1009 23:16:46.945711 231821312 call_home.cc:233] Done with collector BasicCollector
I1009 23:16:46.945729 231821312 call_home.cc:233] Done with collector TabletsCollector
I1009 23:16:46.970845 231821312 call_home.cc:276] Unable to send diagnostics data to http://diagnostics.yugabyte.com
I1009 23:16:56.804526 254894080 tablet_service.cc:1599] Processing CreateTablet for T a46de9d55d6845f1baaa95baceeadfe7 P 6b460ba950654300b6c50d93f25aea31 (table=transactions [id=f80c17935cc9489ab3c6c05dceb25976]), partition=hash_split: [0x8000, 0x8AA9]
I1009 23:16:56.804523 224309248 tablet_service.cc:1599] Processing CreateTablet for T 30fedb9fed834e6d975c43711c3f6fd9 P 6b460ba950654300b6c50d93f25aea31 (table=transactions [id=f80c17935cc9489ab3c6c05dceb25976]), partition=hash_split: [0x0000, 0x0AA9]
I1009 23:16:56.804627 254894080 ts_tablet_manager.cc:2853] Get and update data/wal directory assignment map for table: f80c17935cc9489ab3c6c05dceb25976 and tablet a46de9d55d6845f1baaa95baceeadfe7
I1009 23:16:56.804701 224309248 ts_tablet_manager.cc:2853] Get and update data/wal directory assignment map for table: f80c17935cc9489ab3c6c05dceb25976 and tablet 30fedb9fed834e6d975c43711c3f6fd9
I1009 23:16:56.804792 255430656 tablet_service.cc:1599] Processing CreateTablet for T 2a30e7b2effb4ab888e1f5a8af3fb03b P 6b460ba950654300b6c50d93f25aea31 (table=transactions [id=f80c17935cc9489ab3c6c05dceb25976]), partition=hash_split: [0x6AAA, 0x7554]
I1009 23:16:56.804841 254894080 fs_manager.cc:759] SetTabletPathByDataPath: Tablet a46de9d55d6845f1baaa95baceeadfe7 metadata path being set to /Users/nag/yb/yugabyte-data/node2/yb-data/tserver
I1009 23:16:56.804941 224309248 fs_manager.cc:759] SetTabletPathByDataPath: Tablet 30fedb9fed834e6d975c43711c3f6fd9 metadata path being set to /Users/nag/yb/yugabyte-data/node2/yb-data/tserver
I1009 23:16:56.805073 255967232 tablet_service.cc:1599] Processing CreateTablet for T f5bd6014d733492eac6dd2cfba061381 P 6b460ba950654300b6c50d93f25aea31 (table=transactions [id=f80c17935cc9489ab3c6c05dceb25976]), partition=hash_split: [0x6000, 0x6AA9]
I1009 23:16:56.805099 255430656 ts_tablet_manager.cc:2853] Get and update data/wal directory assignment map for table: f80c17935cc9489ab3c6c05dceb25976 and tablet 2a30e7b2effb4ab888e1f5a8af3fb03b
I1009 23:16:56.805441 256503808 tablet_service.cc:1599] Processing CreateTablet for T 541698385c044c6ab901cf03bad66398 P 6b460ba950654300b6c50d93f25aea31 (table=transactions [id=f80c17935cc9489ab3c6c05dceb25976]), partition=hash_split: [0xAAAA, 0xB554]
I1009 23:16:56.805639 255967232 ts_tablet_manager.cc:2853] Get and update data/wal directory assignment map for table: f80c17935cc9489ab3c6c05dceb25976 and tablet f5bd6014d733492eac6dd2cfba061381
I1009 23:16:56.805694 255430656 fs_manager.cc:759] SetTabletPathByDataPath: Tablet 2a30e7b2effb4ab888e1f5a8af3fb03b metadata path being set to /Users/nag/yb/yugabyte-data/node2/yb-data/tserver
I1009 23:16:56.805778 256503808 ts_tablet_manager.cc:2853] Get and update data/wal directory assignment map for table: f80c17935cc9489ab3c6c05dceb25976 and tablet 541698385c044c6ab901cf03bad66398
I1009 23:16:56.805856 255967232 fs_manager.cc:759] SetTabletPathByDataPath: Tablet f5bd6014d733492eac6dd2cfba061381 metadata path being set to /Users/nag/yb/yugabyte-data/node2/yb-data/tserver
I1009 23:16:56.805980 257040384 tablet_service.cc:1599] Processing CreateTablet for T 7584006b2fba41cd828ac06782afeb03 P 6b460ba950654300b6c50d93f25aea31 (table=transactions [id=f80c17935cc9489ab3c6c05dceb25976]), partition=hash_split: [0xCAAA, 0xD554]
I1009 23:16:56.806120 256503808 fs_manager.cc:759] SetTabletPathByDataPath: Tablet 541698385c044c6ab901cf03bad66398 metadata path being set to /Users/nag/yb/yugabyte-data/node2/yb-data/tserver
I1009 23:16:56.806275 257576960 tablet_service.cc:1599] Processing CreateTablet for T a818e973b4b04213a257872ca0183570 P 6b460ba950654300b6c50d93f25aea31 (table=transactions [id=f80c17935cc9489ab3c6c05dceb25976]), partition=hash_split: [0x4000, 0x4AA9]
I1009 23:16:56.806351 257040384 ts_tablet_manager.cc:2853] Get and update data/wal directory assignment map for table: f80c17935cc9489ab3c6c05dceb25976 and tablet 7584006b2fba41cd828ac06782afeb03
I1009 23:16:56.806605 257576960 ts_tablet_manager.cc:2853] Get and update data/wal directory assignment map for table: f80c17935cc9489ab3c6c05dceb25976 and tablet a818e973b4b04213a257872ca0183570
I1009 23:16:56.806666 258113536 tablet_service.cc:1599] Processing CreateTablet for T 8078024ab93e4400a14d8399046d9f99 P 6b460ba950654300b6c50d93f25aea31 (table=transactions [id=f80c17935cc9489ab3c6c05dceb25976]), partition=hash_split: [0x9555, 0x9FFF]
I1009 23:16:56.806747 257040384 fs_manager.cc:759] SetTabletPathByDataPath: Tablet 7584006b2fba41cd828ac06782afeb03 metadata path being set to /Users/nag/yb/yugabyte-data/node2/yb-data/tserver
I1009 23:16:56.806845 257576960 fs_manager.cc:759] SetTabletPathByDataPath: Tablet a818e973b4b04213a257872ca0183570 metadata path being set to /Users/nag/yb/yugabyte-data/node2/yb-data/tserver
I1009 23:16:56.806958 258113536 ts_tablet_manager.cc:2853] Get and update data/wal directory assignment map for table: f80c17935cc9489ab3c6c05dceb25976 and tablet 8078024ab93e4400a14d8399046d9f99
I1009 23:16:56.806988 258650112 tablet_service.cc:1599] Processing CreateTablet for T db3b3178db1849c4b3ebbe53840c6b02 P 6b460ba950654300b6c50d93f25aea31 (table=transactions [id=f80c17935cc9489ab3c6c05dceb25976]), partition=hash_split: [0x1555, 0x1FFF]
I1009 23:16:56.807313 259186688 tablet_service.cc:1599] Processing CreateTablet for T 825df89ca459463f921e4a6d8e68a90d P 6b460ba950654300b6c50d93f25aea31 (table=transactions [id=f80c17935cc9489ab3c6c05dceb25976]), partition=hash_split: [0x0AAA, 0x1554]
I1009 23:16:56.807396 258113536 fs_manager.cc:759] SetTabletPathByDataPath: Tablet 8078024ab93e4400a14d8399046d9f99 metadata path being set to /Users/nag/yb/yugabyte-data/node2/yb-data/tserver
I1009 23:16:56.807519 258650112 ts_tablet_manager.cc:2853] Get and update data/wal directory assignment map for table: f80c17935cc9489ab3c6c05dceb25976 and tablet db3b3178db1849c4b3ebbe53840c6b02
I1009 23:16:56.807560 259186688 ts_tablet_manager.cc:2853] Get and update data/wal directory assignment map for table: f80c17935cc9489ab3c6c05dceb25976 and tablet 825df89ca459463f921e4a6d8e68a90d
I1009 23:16:56.807677 258650112 fs_manager.cc:759] SetTabletPathByDataPath: Tablet db3b3178db1849c4b3ebbe53840c6b02 metadata path being set to /Users/nag/yb/yugabyte-data/node2/yb-data/tserver
I1009 23:16:56.807737 259723264 tablet_service.cc:1599] Processing CreateTablet for T f27eef4b471b4c3c800523a8cd4a34f7 P 6b460ba950654300b6c50d93f25aea31 (table=transactions [id=f80c17935cc9489ab3c6c05dceb25976]), partition=hash_split: [0x4AAA, 0x5554]
I1009 23:16:56.807832 259186688 fs_manager.cc:759] SetTabletPathByDataPath: Tablet 825df89ca459463f921e4a6d8e68a90d metadata path being set to /Users/nag/yb/yugabyte-data/node2/yb-data/tserver
I1009 23:16:56.807971 259723264 ts_tablet_manager.cc:2853] Get and update data/wal directory assignment map for table: f80c17935cc9489ab3c6c05dceb25976 and tablet f27eef4b471b4c3c800523a8cd4a34f7
I1009 23:16:56.807937 260259840 tablet_service.cc:1599] Processing CreateTablet for T c09c8a2af076408b8083ae6bfc2a671e P 6b460ba950654300b6c50d93f25aea31 (table=transactions [id=f80c17935cc9489ab3c6c05dceb25976]), partition=hash_split: [0xE000, 0xEAA9]
I1009 23:16:56.808112 259723264 fs_manager.cc:759] SetTabletPathByDataPath: Tablet f27eef4b471b4c3c800523a8cd4a34f7 metadata path being set to /Users/nag/yb/yugabyte-data/node2/yb-data/tserver
I1009 23:16:56.808197 260259840 ts_tablet_manager.cc:2853] Get and update data/wal directory assignment map for table: f80c17935cc9489ab3c6c05dceb25976 and tablet c09c8a2af076408b8083ae6bfc2a671e
I1009 23:16:56.808444 260259840 fs_manager.cc:759] SetTabletPathByDataPath: Tablet c09c8a2af076408b8083ae6bfc2a671e metadata path being set to /Users/nag/yb/yugabyte-data/node2/yb-data/tserver
I1009 23:16:56.812266 232894464 tablet_service.cc:1599] Processing CreateTablet for T 46569f1a6c8746acb9da222b34f086b5 P 6b460ba950654300b6c50d93f25aea31 (table=transactions [id=f80c17935cc9489ab3c6c05dceb25976]), partition=hash_split: [0x8AAA, 0x9554]
I1009 23:16:56.812285 249528320 tablet_service.cc:1599] Processing CreateTablet for T 7c7b0e8f396b4659b1f29a4dd140c822 P 6b460ba950654300b6c50d93f25aea31 (table=transactions [id=f80c17935cc9489ab3c6c05dceb25976]), partition=hash_split: [0xA000, 0xAAA9]
I1009 23:16:56.812328 223772672 tablet_service.cc:1599] Processing CreateTablet for T 769c8b8690e648df93f41c693d55ebc3 P 6b460ba950654300b6c50d93f25aea31 (table=transactions [id=f80c17935cc9489ab3c6c05dceb25976]), partition=hash_split: [0xB555, 0xBFFF]
I1009 23:16:56.812393 249528320 ts_tablet_manager.cc:2853] Get and update data/wal directory assignment map for table: f80c17935cc9489ab3c6c05dceb25976 and tablet 7c7b0e8f396b4659b1f29a4dd140c822
I1009 23:16:56.812414 232894464 ts_tablet_manager.cc:2853] Get and update data/wal directory assignment map for table: f80c17935cc9489ab3c6c05dceb25976 and tablet 46569f1a6c8746acb9da222b34f086b5
I1009 23:16:56.812481 223772672 ts_tablet_manager.cc:2853] Get and update data/wal directory assignment map for table: f80c17935cc9489ab3c6c05dceb25976 and tablet 769c8b8690e648df93f41c693d55ebc3
I1009 23:16:56.812549 249528320 fs_manager.cc:759] SetTabletPathByDataPath: Tablet 7c7b0e8f396b4659b1f29a4dd140c822 metadata path being set to /Users/nag/yb/yugabyte-data/node2/yb-data/tserver
I1009 23:16:56.812582 232894464 fs_manager.cc:759] SetTabletPathByDataPath: Tablet 46569f1a6c8746acb9da222b34f086b5 metadata path being set to /Users/nag/yb/yugabyte-data/node2/yb-data/tserver
I1009 23:16:56.812611 223772672 fs_manager.cc:759] SetTabletPathByDataPath: Tablet 769c8b8690e648df93f41c693d55ebc3 metadata path being set to /Users/nag/yb/yugabyte-data/node2/yb-data/tserver
I1009 23:16:56.812690 250064896 tablet_service.cc:1599] Processing CreateTablet for T 1b3f2a4877404ba898e6ff9448cf4740 P 6b460ba950654300b6c50d93f25aea31 (table=transactions [id=f80c17935cc9489ab3c6c05dceb25976]), partition=hash_split: [0xC000, 0xCAA9]
I1009 23:16:56.813046 250064896 ts_tablet_manager.cc:2853] Get and update data/wal directory assignment map for table: f80c17935cc9489ab3c6c05dceb25976 and tablet 1b3f2a4877404ba898e6ff9448cf4740
I1009 23:16:56.813063 250601472 tablet_service.cc:1599] Processing CreateTablet for T 1e9c042ca80e4c66a6117c85d04f6168 P 6b460ba950654300b6c50d93f25aea31 (table=transactions [id=f80c17935cc9489ab3c6c05dceb25976]), partition=hash_split: [0xF555, 0xFFFF]
I1009 23:16:56.813098 250064896 fs_manager.cc:759] SetTabletPathByDataPath: Tablet 1b3f2a4877404ba898e6ff9448cf4740 metadata path being set to /Users/nag/yb/yugabyte-data/node2/yb-data/tserver
I1009 23:16:56.813105 250601472 ts_tablet_manager.cc:2853] Get and update data/wal directory assignment map for table: f80c17935cc9489ab3c6c05dceb25976 and tablet 1e9c042ca80e4c66a6117c85d04f6168
I1009 23:16:56.813187 250601472 fs_manager.cc:759] SetTabletPathByDataPath: Tablet 1e9c042ca80e4c66a6117c85d04f6168 metadata path being set to /Users/nag/yb/yugabyte-data/node2/yb-data/tserver
I1009 23:16:56.813304 251138048 tablet_service.cc:1599] Processing CreateTablet for T 4c1e255cf37d4de58ed9d6a6f32e7473 P 6b460ba950654300b6c50d93f25aea31 (table=transactions [id=f80c17935cc9489ab3c6c05dceb25976]), partition=hash_split: [0x2AAA, 0x3554]
I1009 23:16:56.813364 251138048 ts_tablet_manager.cc:2853] Get and update data/wal directory assignment map for table: f80c17935cc9489ab3c6c05dceb25976 and tablet 4c1e255cf37d4de58ed9d6a6f32e7473
I1009 23:16:56.813410 251138048 fs_manager.cc:759] SetTabletPathByDataPath: Tablet 4c1e255cf37d4de58ed9d6a6f32e7473 metadata path being set to /Users/nag/yb/yugabyte-data/node2/yb-data/tserver
I1009 23:16:56.813539 251674624 tablet_service.cc:1599] Processing CreateTablet for T 54eeee0960454077a8ed85a75d38bc29 P 6b460ba950654300b6c50d93f25aea31 (table=transactions [id=f80c17935cc9489ab3c6c05dceb25976]), partition=hash_split: [0x2000, 0x2AA9]
I1009 23:16:56.813558 252211200 tablet_service.cc:1599] Processing CreateTablet for T 5aab7c3da55c4174a9735369225d0c54 P 6b460ba950654300b6c50d93f25aea31 (table=transactions [id=f80c17935cc9489ab3c6c05dceb25976]), partition=hash_split: [0xEAAA, 0xF554]
I1009 23:16:56.813588 251674624 ts_tablet_manager.cc:2853] Get and update data/wal directory assignment map for table: f80c17935cc9489ab3c6c05dceb25976 and tablet 54eeee0960454077a8ed85a75d38bc29
I1009 23:16:56.813627 252211200 ts_tablet_manager.cc:2853] Get and update data/wal directory assignment map for table: f80c17935cc9489ab3c6c05dceb25976 and tablet 5aab7c3da55c4174a9735369225d0c54
I1009 23:16:56.813730 251674624 fs_manager.cc:759] SetTabletPathByDataPath: Tablet 54eeee0960454077a8ed85a75d38bc29 metadata path being set to /Users/nag/yb/yugabyte-data/node2/yb-data/tserver
I1009 23:16:56.813777 252211200 fs_manager.cc:759] SetTabletPathByDataPath: Tablet 5aab7c3da55c4174a9735369225d0c54 metadata path being set to /Users/nag/yb/yugabyte-data/node2/yb-data/tserver
I1009 23:16:56.813807 252747776 tablet_service.cc:1599] Processing CreateTablet for T 9cd834df5c9f41b091ffb845bd6122ec P 6b460ba950654300b6c50d93f25aea31 (table=transactions [id=f80c17935cc9489ab3c6c05dceb25976]), partition=hash_split: [0xD555, 0xDFFF]
I1009 23:16:56.813926 253284352 tablet_service.cc:1599] Processing CreateTablet for T bf1529417d2a441c9c33fa183a226bd3 P 6b460ba950654300b6c50d93f25aea31 (table=transactions [id=f80c17935cc9489ab3c6c05dceb25976]), partition=hash_split: [0x7555, 0x7FFF]
I1009 23:16:56.813993 252747776 ts_tablet_manager.cc:2853] Get and update data/wal directory assignment map for table: f80c17935cc9489ab3c6c05dceb25976 and tablet 9cd834df5c9f41b091ffb845bd6122ec
I1009 23:16:56.814054 253820928 tablet_service.cc:1599] Processing CreateTablet for T 9b45d3f9024e43b58a591ec35594430e P 6b460ba950654300b6c50d93f25aea31 (table=transactions [id=f80c17935cc9489ab3c6c05dceb25976]), partition=hash_split: [0x5555, 0x5FFF]
I1009 23:16:56.814136 253284352 ts_tablet_manager.cc:2853] Get and update data/wal directory assignment map for table: f80c17935cc9489ab3c6c05dceb25976 and tablet bf1529417d2a441c9c33fa183a226bd3
I1009 23:16:56.814181 252747776 fs_manager.cc:759] SetTabletPathByDataPath: Tablet 9cd834df5c9f41b091ffb845bd6122ec metadata path being set to /Users/nag/yb/yugabyte-data/node2/yb-data/tserver
I1009 23:16:56.814196 254357504 tablet_service.cc:1599] Processing CreateTablet for T 60dd6403c44b41109fa083272368d0d0 P 6b460ba950654300b6c50d93f25aea31 (table=transactions [id=f80c17935cc9489ab3c6c05dceb25976]), partition=hash_split: [0x3555, 0x3FFF]
I1009 23:16:56.814217 253820928 ts_tablet_manager.cc:2853] Get and update data/wal directory assignment map for table: f80c17935cc9489ab3c6c05dceb25976 and tablet 9b45d3f9024e43b58a591ec35594430e
I1009 23:16:56.814285 253284352 fs_manager.cc:759] SetTabletPathByDataPath: Tablet bf1529417d2a441c9c33fa183a226bd3 metadata path being set to /Users/nag/yb/yugabyte-data/node2/yb-data/tserver
I1009 23:16:56.814332 254357504 ts_tablet_manager.cc:2853] Get and update data/wal directory assignment map for table: f80c17935cc9489ab3c6c05dceb25976 and tablet 60dd6403c44b41109fa083272368d0d0
I1009 23:16:56.814409 253820928 fs_manager.cc:759] SetTabletPathByDataPath: Tablet 9b45d3f9024e43b58a591ec35594430e metadata path being set to /Users/nag/yb/yugabyte-data/node2/yb-data/tserver
I1009 23:16:56.814679 254357504 fs_manager.cc:759] SetTabletPathByDataPath: Tablet 60dd6403c44b41109fa083272368d0d0 metadata path being set to /Users/nag/yb/yugabyte-data/node2/yb-data/tserver
I1009 23:16:56.818826 255430656 ts_tablet_manager.cc:948] T 2a30e7b2effb4ab888e1f5a8af3fb03b P 6b460ba950654300b6c50d93f25aea31: Created tablet metadata for table: f80c17935cc9489ab3c6c05dceb25976
I1009 23:16:56.818881 255430656 consensus_meta.cc:361] T 2a30e7b2effb4ab888e1f5a8af3fb03b P 6b460ba950654300b6c50d93f25aea31: Updating active role from UNKNOWN_ROLE to FOLLOWER. Consensus state: current_term: 0 leader_uuid: "" config { opid_index: -1 peers { permanent_uuid: "23d881032c1249bd803e401a539be0e2" member_type: VOTER last_known_private_addr { host: "127.0.0.3" port: 9100 } cloud_info { placement_cloud: "cloud1" placement_region: "datacenter1" placement_zone: "rack1" } } peers { permanent_uuid: "6b460ba950654300b6c50d93f25aea31" member_type: VOTER last_known_private_addr { host: "127.0.0.2" port: 9100 } cloud_info { placement_cloud: "cloud1" placement_region: "datacenter1" placement_zone: "rack1" } } peers { permanent_uuid: "d5c37cb1777946179e6692ee5e504715" member_type: VOTER last_known_private_addr { host: "127.0.0.1" port: 9100 } cloud_info { placement_cloud: "cloud1" placement_region: "datacenter1" placement_zone: "rack1" } } }, has_pending_config = 0
I1009 23:16:56.819205 257040384 ts_tablet_manager.cc:948] T 7584006b2fba41cd828ac06782afeb03 P 6b460ba950654300b6c50d93f25aea31: Created tablet metadata for table: f80c17935cc9489ab3c6c05dceb25976
I1009 23:16:56.819242 257040384 consensus_meta.cc:361] T 7584006b2fba41cd828ac06782afeb03 P 6b460ba950654300b6c50d93f25aea31: Updating active role from UNKNOWN_ROLE to FOLLOWER. Consensus state: current_term: 0 leader_uuid: "" config { opid_index: -1 peers { permanent_uuid: "23d881032c1249bd803e401a539be0e2" member_type: VOTER last_known_private_addr { host: "127.0.0.3" port: 9100 } cloud_info { placement_cloud: "cloud1" placement_region: "datacenter1" placement_zone: "rack1" } } peers { permanent_uuid: "6b460ba950654300b6c50d93f25aea31" member_type: VOTER last_known_private_addr { host: "127.0.0.2" port: 9100 } cloud_info { placement_cloud: "cloud1" placement_region: "datacenter1" placement_zone: "rack1" } } peers { permanent_uuid: "d5c37cb1777946179e6692ee5e504715" member_type: VOTER last_known_private_addr { host: "127.0.0.1" port: 9100 } cloud_info { placement_cloud: "cloud1" placement_region: "datacenter1" placement_zone: "rack1" } } }, has_pending_config = 0
I1009 23:16:56.819427 258113536 ts_tablet_manager.cc:948] T 8078024ab93e4400a14d8399046d9f99 P 6b460ba950654300b6c50d93f25aea31: Created tablet metadata for table: f80c17935cc9489ab3c6c05dceb25976
I1009 23:16:56.819463 258113536 consensus_meta.cc:361] T 8078024ab93e4400a14d8399046d9f99 P 6b460ba950654300b6c50d93f25aea31: Updating active role from UNKNOWN_ROLE to FOLLOWER. Consensus state: current_term: 0 leader_uuid: "" config { opid_index: -1 peers { permanent_uuid: "23d881032c1249bd803e401a539be0e2" member_type: VOTER last_known_private_addr { host: "127.0.0.3" port: 9100 } cloud_info { placement_cloud: "cloud1" placement_region: "datacenter1" placement_zone: "rack1" } } peers { permanent_uuid: "6b460ba950654300b6c50d93f25aea31" member_type: VOTER last_known_private_addr { host: "127.0.0.2" port: 9100 } cloud_info { placement_cloud: "cloud1" placement_region: "datacenter1" placement_zone: "rack1" } } peers { permanent_uuid: "d5c37cb1777946179e6692ee5e504715" member_type: VOTER last_known_private_addr { host: "127.0.0.1" port: 9100 } cloud_info { placement_cloud: "cloud1" placement_region: "datacenter1" placement_zone: "rack1" } } }, has_pending_config = 0
I1009 23:16:56.820149 258113536 ts_tablet_manager.cc:2324] P 6b460ba950654300b6c50d93f25aea31: Registered tablet 8078024ab93e4400a14d8399046d9f99
I1009 23:16:56.820220 259186688 ts_tablet_manager.cc:948] T 825df89ca459463f921e4a6d8e68a90d P 6b460ba950654300b6c50d93f25aea31: Created tablet metadata for table: f80c17935cc9489ab3c6c05dceb25976
I1009 23:16:56.820271 259186688 consensus_meta.cc:361] T 825df89ca459463f921e4a6d8e68a90d P 6b460ba950654300b6c50d93f25aea31: Updating active role from UNKNOWN_ROLE to FOLLOWER. Consensus state: current_term: 0 leader_uuid: "" config { opid_index: -1 peers { permanent_uuid: "23d881032c1249bd803e401a539be0e2" member_type: VOTER last_known_private_addr { host: "127.0.0.3" port: 9100 } cloud_info { placement_cloud: "cloud1" placement_region: "datacenter1" placement_zone: "rack1" } } peers { permanent_uuid: "6b460ba950654300b6c50d93f25aea31" member_type: VOTER last_known_private_addr { host: "127.0.0.2" port: 9100 } cloud_info { placement_cloud: "cloud1" placement_region: "datacenter1" placement_zone: "rack1" } } peers { permanent_uuid: "d5c37cb1777946179e6692ee5e504715" member_type: VOTER last_known_private_addr { host: "127.0.0.1" port: 9100 } cloud_info { placement_cloud: "cloud1" placement_region: "datacenter1" placement_zone: "rack1" } } }, has_pending_config = 0
I1009 23:16:56.820467 259723264 ts_tablet_manager.cc:948] T f27eef4b471b4c3c800523a8cd4a34f7 P 6b460ba950654300b6c50d93f25aea31: Created tablet metadata for table: f80c17935cc9489ab3c6c05dceb25976
I1009 23:16:56.820631 257040384 ts_tablet_manager.cc:2324] P 6b460ba950654300b6c50d93f25aea31: Registered tablet 7584006b2fba41cd828ac06782afeb03
I1009 23:16:56.820636 258650112 ts_tablet_manager.cc:948] T db3b3178db1849c4b3ebbe53840c6b02 P 6b460ba950654300b6c50d93f25aea31: Created tablet metadata for table: f80c17935cc9489ab3c6c05dceb25976
I1009 23:16:56.820824 259723264 consensus_meta.cc:361] T f27eef4b471b4c3c800523a8cd4a34f7 P 6b460ba950654300b6c50d93f25aea31: Updating active role from UNKNOWN_ROLE to FOLLOWER. Consensus state: current_term: 0 leader_uuid: "" config { opid_index: -1 peers { permanent_uuid: "23d881032c1249bd803e401a539be0e2" member_type: VOTER last_known_private_addr { host: "127.0.0.3" port: 9100 } cloud_info { placement_cloud: "cloud1" placement_region: "datacenter1" placement_zone: "rack1" } } peers { permanent_uuid: "6b460ba950654300b6c50d93f25aea31" member_type: VOTER last_known_private_addr { host: "127.0.0.2" port: 9100 } cloud_info { placement_cloud: "cloud1" placement_region: "datacenter1" placement_zone: "rack1" } } peers { permanent_uuid: "d5c37cb1777946179e6692ee5e504715" member_type: VOTER last_known_private_addr { host: "127.0.0.1" port: 9100 } cloud_info { placement_cloud: "cloud1" placement_region: "datacenter1" placement_zone: "rack1" } } }, has_pending_config = 0
I1009 23:16:56.821094 260259840 ts_tablet_manager.cc:948] T c09c8a2af076408b8083ae6bfc2a671e P 6b460ba950654300b6c50d93f25aea31: Created tablet metadata for table: f80c17935cc9489ab3c6c05dceb25976
I1009 23:16:56.821251 258650112 consensus_meta.cc:361] T db3b3178db1849c4b3ebbe53840c6b02 P 6b460ba950654300b6c50d93f25aea31: Updating active role from UNKNOWN_ROLE to FOLLOWER. Consensus state: current_term: 0 leader_uuid: "" config { opid_index: -1 peers { permanent_uuid: "23d881032c1249bd803e401a539be0e2" member_type: VOTER last_known_private_addr { host: "127.0.0.3" port: 9100 } cloud_info { placement_cloud: "cloud1" placement_region: "datacenter1" placement_zone: "rack1" } } peers { permanent_uuid: "6b460ba950654300b6c50d93f25aea31" member_type: VOTER last_known_private_addr { host: "127.0.0.2" port: 9100 } cloud_info { placement_cloud: "cloud1" placement_region: "datacenter1" placement_zone: "rack1" } } peers { permanent_uuid: "d5c37cb1777946179e6692ee5e504715" member_type: VOTER last_known_private_addr { host: "127.0.0.1" port: 9100 } cloud_info { placement_cloud: "cloud1" placement_region: "datacenter1" placement_zone: "rack1" } } }, has_pending_config = 0
I1009 23:16:56.821312 260796416 ts_tablet_manager.cc:1936] T 8078024ab93e4400a14d8399046d9f99 P 6b460ba950654300b6c50d93f25aea31: Bootstrapping tablet
I1009 23:16:56.821676 255430656 ts_tablet_manager.cc:2324] P 6b460ba950654300b6c50d93f25aea31: Registered tablet 2a30e7b2effb4ab888e1f5a8af3fb03b
I1009 23:16:56.821955 260259840 consensus_meta.cc:361] T c09c8a2af076408b8083ae6bfc2a671e P 6b460ba950654300b6c50d93f25aea31: Updating active role from UNKNOWN_ROLE to FOLLOWER. Consensus state: current_term: 0 leader_uuid: "" config { opid_index: -1 peers { permanent_uuid: "23d881032c1249bd803e401a539be0e2" member_type: VOTER last_known_private_addr { host: "127.0.0.3" port: 9100 } cloud_info { placement_cloud: "cloud1" placement_region: "datacenter1" placement_zone: "rack1" } } peers { permanent_uuid: "6b460ba950654300b6c50d93f25aea31" member_type: VOTER last_known_private_addr { host: "127.0.0.2" port: 9100 } cloud_info { placement_cloud: "cloud1" placement_region: "datacenter1" placement_zone: "rack1" } } peers { permanent_uuid: "d5c37cb1777946179e6692ee5e504715" member_type: VOTER last_known_private_addr { host: "127.0.0.1" port: 9100 } cloud_info { placement_cloud: "cloud1" placement_region: "datacenter1" placement_zone: "rack1" } } }, has_pending_config = 0
