I1010 10:35:58.543478 18354176 consensus_meta.cc:361] T 54eeee0960454077a8ed85a75d38bc29 P 6b460ba950654300b6c50d93f25aea31: Updating active role from FOLLOWER to FOLLOWER. Consensus state: current_term: 4 leader_uuid: "" config { opid_index: 6 peers { permanent_uuid: "23d881032c1249bd803e401a539be0e2" member_type: VOTER last_known_private_addr { host: "127.0.0.3" port: 9100 } cloud_info { placement_cloud: "cloud1" placement_region: "datacenter1" placement_zone: "rack1" } } peers { permanent_uuid: "6b460ba950654300b6c50d93f25aea31" member_type: VOTER last_known_private_addr { host: "127.0.0.2" port: 9100 } cloud_info { placement_cloud: "cloud1" placement_region: "datacenter1" placement_zone: "rack1" } } peers { permanent_uuid: "d5c37cb1777946179e6692ee5e504715" member_type: VOTER last_known_private_addr { host: "127.0.0.1" port: 9100 } cloud_info { placement_cloud: "cloud1" placement_region: "datacenter1" placement_zone: "rack1" } } }, has_pending_config = 0
I1010 10:35:58.543531 22646784 server_base.cc:620] Using http address 127.0.0.2
I1010 10:35:58.543578 16207872 consensus_queue.cc:270] T 9b45d3f9024e43b58a591ec35594430e P 6b460ba950654300b6c50d93f25aea31 [NON_LEADER]: Queue going to NON_LEADER mode. State: All replicated op: 0.0, Majority replicated op: 0.0, Committed index: 0.0, Last applied: 0.0, Last appended: 1.4, Current term: 0, Majority size: -1, State: QUEUE_OPEN, Mode: NON_LEADER
I1010 10:35:58.543635 17817600 tablet_bootstrap.cc:1461] T 4c1e255cf37d4de58ed9d6a6f32e7473 P 6b460ba950654300b6c50d93f25aea31: Segment /Users/nag/yb/yugabyte-data/node2/yb-data/tserver/wals/table-f80c17935cc9489ab3c6c05dceb25976/tablet-4c1e255cf37d4de58ed9d6a6f32e7473/wal-000000001 cannot be used as the first segment to start replay with according to our OpId and retention criteria. However, this is already the earliest segment so we have to start replay here. We should probably investigate how we got into this situation. op_id=1.1, op_id_replay_lowest=-1.-1, last_op_id_in_retryable_requests=0.0, first_op_time=161875.867s, retryable_requests_retain_interval=60.000s, *retryable_requests_replay_from_this_or_earlier_time=161815.867s, is_first_op_id_low_enough_for_retryable_requests=0, is_first_op_time_early_enough_for_retryable_requests=0, is_first_op_id_low_enough=0
I1010 10:35:58.543651 18890752 consensus_meta.cc:361] T 2a30e7b2effb4ab888e1f5a8af3fb03b P 6b460ba950654300b6c50d93f25aea31: Updating active role from FOLLOWER to FOLLOWER. Consensus state: current_term: 2 leader_uuid: "" config { opid_index: 4 peers { permanent_uuid: "6b460ba950654300b6c50d93f25aea31" member_type: VOTER last_known_private_addr { host: "127.0.0.2" port: 9100 } cloud_info { placement_cloud: "cloud1" placement_region: "datacenter1" placement_zone: "rack1" } } peers { permanent_uuid: "d5c37cb1777946179e6692ee5e504715" member_type: VOTER last_known_private_addr { host: "127.0.0.1" port: 9100 } cloud_info { placement_cloud: "cloud1" placement_region: "datacenter1" placement_zone: "rack1" } } peers { permanent_uuid: "23d881032c1249bd803e401a539be0e2" member_type: VOTER last_known_private_addr { host: "127.0.0.3" port: 9100 } cloud_info { placement_cloud: "cloud1" placement_region: "datacenter1" placement_zone: "rack1" } } }, has_pending_config = 0
I1010 10:35:58.543793 19963904 log.cc:1112] Successfully restored footer_builder_ and log_index_ for segment: /Users/nag/yb/yugabyte-data/node2/yb-data/tserver/wals/table-f80c17935cc9489ab3c6c05dceb25976/tablet-541698385c044c6ab901cf03bad66398/wal-000000001. Reopen the file for write with starting offset: 2008
I1010 10:35:58.543833 17281024 tablet.cc:637] T f5bd6014d733492eac6dd2cfba061381 P 6b460ba950654300b6c50d93f25aea31: Schema version for transactions is 0
I1010 10:35:58.543862 18354176 consensus_queue.cc:270] T 54eeee0960454077a8ed85a75d38bc29 P 6b460ba950654300b6c50d93f25aea31 [NON_LEADER]: Queue going to NON_LEADER mode. State: All replicated op: 0.0, Majority replicated op: 0.0, Committed index: 0.0, Last applied: 0.0, Last appended: 4.6, Current term: 0, Majority size: -1, State: QUEUE_OPEN, Mode: NON_LEADER
I1010 10:35:58.543974 16207872 raft_consensus.cc:3519] T 9b45d3f9024e43b58a591ec35594430e P 6b460ba950654300b6c50d93f25aea31 [term 1 FOLLOWER]: Calling mark dirty synchronously for reason code CONSENSUS_STARTED
I1010 10:35:58.544112 17817600 tablet_bootstrap.cc:1476] T 4c1e255cf37d4de58ed9d6a6f32e7473 P 6b460ba950654300b6c50d93f25aea31: Bootstrap optimizer (skip_flushed_entries): will replay all segments starting from the very first one.
I1010 10:35:58.544266 18890752 consensus_queue.cc:270] T 2a30e7b2effb4ab888e1f5a8af3fb03b P 6b460ba950654300b6c50d93f25aea31 [NON_LEADER]: Queue going to NON_LEADER mode. State: All replicated op: 0.0, Majority replicated op: 0.0, Committed index: 0.0, Last applied: 0.0, Last appended: 2.15, Current term: 0, Majority size: -1, State: QUEUE_OPEN, Mode: NON_LEADER
I1010 10:35:58.544566 19963904 log.cc:1461] T 541698385c044c6ab901cf03bad66398 P 6b460ba950654300b6c50d93f25aea31: Setting log wal retention time to 0 seconds
W1010 10:35:58.544682 19427328 log_util.cc:241] Could not read footer for segment: /Users/nag/yb/yugabyte-data/node2/yb-data/tserver/wals/table-f80c17935cc9489ab3c6c05dceb25976/tablet-30fedb9fed834e6d975c43711c3f6fd9/wal-000000002: Not found (yb/consensus/log_util.cc:581): Footer not found. Footer magic doesn't match
I1010 10:35:58.544812 18354176 raft_consensus.cc:3519] T 54eeee0960454077a8ed85a75d38bc29 P 6b460ba950654300b6c50d93f25aea31 [term 4 FOLLOWER]: Calling mark dirty synchronously for reason code CONSENSUS_STARTED
I1010 10:35:58.544950 16207872 tablet_peer.cc:1643] T 9b45d3f9024e43b58a591ec35594430e P 6b460ba950654300b6c50d93f25aea31 [state=RUNNING]: Changed state from BOOTSTRAPPING to RUNNING
I1010 10:35:58.545104 17281024 tablet_bootstrap.cc:644] T f5bd6014d733492eac6dd2cfba061381 P 6b460ba950654300b6c50d93f25aea31: Time spent opening tablet: real 0.000s	user 0.000s	sys 0.000s
I1010 10:35:58.545220 18890752 raft_consensus.cc:3519] T 2a30e7b2effb4ab888e1f5a8af3fb03b P 6b460ba950654300b6c50d93f25aea31 [term 2 FOLLOWER]: Calling mark dirty synchronously for reason code CONSENSUS_STARTED
I1010 10:35:58.545329 19963904 ts_tablet_manager.cc:1982] T 541698385c044c6ab901cf03bad66398 P 6b460ba950654300b6c50d93f25aea31: Time spent bootstrapping tablet: real 0.033s	user 0.002s	sys 0.005s
W1010 10:35:58.545360 19427328 log_reader.cc:217] T 30fedb9fed834e6d975c43711c3f6fd9 P 6b460ba950654300b6c50d93f25aea31: Log segment /Users/nag/yb/yugabyte-data/node2/yb-data/tserver/wals/table-f80c17935cc9489ab3c6c05dceb25976/tablet-30fedb9fed834e6d975c43711c3f6fd9/wal-000000002 was likely left in-progressafter a previous crash. Will try to reuse this segment as writable active segment
W1010 10:35:58.545431 22646784 heartbeater.cc:671] P 6b460ba950654300b6c50d93f25aea31: Failed to heartbeat to 127.0.0.3:7100: Remote error (yb/rpc/outbound_call.cc:561): Failed to send heartbeat: Invalid argument (yb/master/master_heartbeat_service.cc:251): Received wrong universe_uuid 21b2e3d0-495a-4149-9f2a-913ddeb95eff, expected 7252bc1a-cf22-48a4-9dd6-459a6f24aa4e (rpc error 1) tries=12, num=3, masters=0x000000010d6628b8 -> [[127.0.0.1:7100], [127.0.0.2:7100], [127.0.0.3:7100]], code=Remote error
I1010 10:35:58.545452 16207872 tablet_peer.cc:1516] T 9b45d3f9024e43b58a591ec35594430e P 6b460ba950654300b6c50d93f25aea31 [state=RUNNING]: Registered log gc
I1010 10:35:58.545460 18354176 tablet_peer.cc:1643] T 54eeee0960454077a8ed85a75d38bc29 P 6b460ba950654300b6c50d93f25aea31 [state=RUNNING]: Changed state from BOOTSTRAPPING to RUNNING
I1010 10:35:58.545500 17817600 log_util.cc:797] Scanning /Users/nag/yb/yugabyte-data/node2/yb-data/tserver/wals/table-f80c17935cc9489ab3c6c05dceb25976/tablet-4c1e255cf37d4de58ed9d6a6f32e7473/wal-000000001 for valid entry headers following offset 4899...
I1010 10:35:58.545548 18890752 tablet_peer.cc:1643] T 2a30e7b2effb4ab888e1f5a8af3fb03b P 6b460ba950654300b6c50d93f25aea31 [state=RUNNING]: Changed state from BOOTSTRAPPING to RUNNING
I1010 10:35:58.545612 17281024 tablet_bootstrap.cc:740] T f5bd6014d733492eac6dd2cfba061381 P 6b460ba950654300b6c50d93f25aea31: Will attempt to recover log segment /Users/nag/yb/yugabyte-data/node2/yb-data/tserver/wals/table-f80c17935cc9489ab3c6c05dceb25976/tablet-f5bd6014d733492eac6dd2cfba061381/wal-000000001
I1010 10:35:58.545629 19427328 log.cc:722] T 30fedb9fed834e6d975c43711c3f6fd9 P 6b460ba950654300b6c50d93f25aea31: Opened existing logs. Last segment is /Users/nag/yb/yugabyte-data/node2/yb-data/tserver/wals/table-f80c17935cc9489ab3c6c05dceb25976/tablet-30fedb9fed834e6d975c43711c3f6fd9/wal-000000002
I1010 10:35:58.545667 22646784 heartbeater.cc:379] P 6b460ba950654300b6c50d93f25aea31: Registering TS with master...
I1010 10:35:58.545734 16207872 ts_tablet_manager.cc:2063] T 9b45d3f9024e43b58a591ec35594430e P 6b460ba950654300b6c50d93f25aea31: Time spent starting tablet: real 0.007s	user 0.002s	sys 0.002s
I1010 10:35:58.545850 18354176 tablet_peer.cc:1516] T 54eeee0960454077a8ed85a75d38bc29 P 6b460ba950654300b6c50d93f25aea31 [state=RUNNING]: Registered log gc
I1010 10:35:58.545971 18890752 tablet_peer.cc:1516] T 2a30e7b2effb4ab888e1f5a8af3fb03b P 6b460ba950654300b6c50d93f25aea31 [state=RUNNING]: Registered log gc
I1010 10:35:58.546005 17281024 tablet_bootstrap.cc:1238] T f5bd6014d733492eac6dd2cfba061381 P 6b460ba950654300b6c50d93f25aea31: Flushed DocDB OpIds: { regular: -1.-1 intents: -1.-1 }
I1010 10:35:58.546089 19427328 tablet_bootstrap.cc:396] T 30fedb9fed834e6d975c43711c3f6fd9 P 6b460ba950654300b6c50d93f25aea31: Bootstrap optimizer (skip_flushed_entries): op_id_replay_lowest=-1.-1 (regular_op_id=-1.-1, intents_op_id=-1.-1, has_intents_db=0)
I1010 10:35:58.546175 22646784 server_base.cc:598] Using private rpc address 127.0.0.2
I1010 10:35:58.546236 16207872 ts_tablet_manager.cc:3478] Deleted transition in progress opening tablet for tablet 9b45d3f9024e43b58a591ec35594430e
I1010 10:35:58.546394 18354176 ts_tablet_manager.cc:2063] T 54eeee0960454077a8ed85a75d38bc29 P 6b460ba950654300b6c50d93f25aea31: Time spent starting tablet: real 0.007s	user 0.002s	sys 0.001s
I1010 10:35:58.546420 18890752 ts_tablet_manager.cc:2063] T 2a30e7b2effb4ab888e1f5a8af3fb03b P 6b460ba950654300b6c50d93f25aea31: Time spent starting tablet: real 0.007s	user 0.001s	sys 0.001s
I1010 10:35:58.546463 17281024 tablet_bootstrap.cc:1514] T f5bd6014d733492eac6dd2cfba061381 P 6b460ba950654300b6c50d93f25aea31: Max persistent index in RocksDB's SSTables before bootstrap: regular RocksDB: -1.-1; intents RocksDB: -1.-1
I1010 10:35:58.546556 22646784 server_base.cc:620] Using http address 127.0.0.2
I1010 10:35:58.546543 19427328 tablet_bootstrap.cc:1461] T 30fedb9fed834e6d975c43711c3f6fd9 P 6b460ba950654300b6c50d93f25aea31: Segment /Users/nag/yb/yugabyte-data/node2/yb-data/tserver/wals/table-f80c17935cc9489ab3c6c05dceb25976/tablet-30fedb9fed834e6d975c43711c3f6fd9/wal-000000002 cannot be used as the first segment to start replay with according to our OpId and retention criteria. Continuing to earlier segments.op_id=4.6, op_id_replay_lowest=-1.-1, last_op_id_in_retryable_requests=0.0, first_op_time=191541.174s, retryable_requests_retain_interval=60.000s, *retryable_requests_replay_from_this_or_earlier_time=191481.174s, is_first_op_id_low_enough_for_retryable_requests=0, is_first_op_time_early_enough_for_retryable_requests=0, is_first_op_id_low_enough=0
I1010 10:35:58.546603 16207872 ts_tablet_manager.cc:1936] T f27eef4b471b4c3c800523a8cd4a34f7 P 6b460ba950654300b6c50d93f25aea31: Bootstrapping tablet
I1010 10:35:58.546630 18354176 ts_tablet_manager.cc:3478] Deleted transition in progress opening tablet for tablet 54eeee0960454077a8ed85a75d38bc29
I1010 10:35:58.546689 18890752 ts_tablet_manager.cc:3478] Deleted transition in progress opening tablet for tablet 2a30e7b2effb4ab888e1f5a8af3fb03b
I1010 10:35:58.546860 17281024 log.cc:1461] T f5bd6014d733492eac6dd2cfba061381 P 6b460ba950654300b6c50d93f25aea31: Setting log wal retention time to 0 seconds
I1010 10:35:58.546909 19427328 tablet_bootstrap.cc:1461] T 30fedb9fed834e6d975c43711c3f6fd9 P 6b460ba950654300b6c50d93f25aea31: Segment /Users/nag/yb/yugabyte-data/node2/yb-data/tserver/wals/table-f80c17935cc9489ab3c6c05dceb25976/tablet-30fedb9fed834e6d975c43711c3f6fd9/wal-000000001 cannot be used as the first segment to start replay with according to our OpId and retention criteria. However, this is already the earliest segment so we have to start replay here. We should probably investigate how we got into this situation. op_id=1.1, op_id_replay_lowest=-1.-1, last_op_id_in_retryable_requests=0.0, first_op_time=161876.019s, retryable_requests_retain_interval=60.000s, *retryable_requests_replay_from_this_or_earlier_time=191481.174s, is_first_op_id_low_enough_for_retryable_requests=0, is_first_op_time_early_enough_for_retryable_requests=1, is_first_op_id_low_enough=0
I1010 10:35:58.547016 18354176 ts_tablet_manager.cc:1936] T 5aab7c3da55c4174a9735369225d0c54 P 6b460ba950654300b6c50d93f25aea31: Bootstrapping tablet
I1010 10:35:58.547065 18890752 ts_tablet_manager.cc:1936] T 9cd834df5c9f41b091ffb845bd6122ec P 6b460ba950654300b6c50d93f25aea31: Bootstrapping tablet
I1010 10:35:58.547304 16207872 consensus_meta.cc:361] T f27eef4b471b4c3c800523a8cd4a34f7 P 6b460ba950654300b6c50d93f25aea31: Updating active role from UNKNOWN_ROLE to FOLLOWER. Consensus state: current_term: 3 leader_uuid: "" config { opid_index: 5 peers { permanent_uuid: "6b460ba950654300b6c50d93f25aea31" member_type: VOTER last_known_private_addr { host: "127.0.0.2" port: 9100 } cloud_info { placement_cloud: "cloud1" placement_region: "datacenter1" placement_zone: "rack1" } } peers { permanent_uuid: "d5c37cb1777946179e6692ee5e504715" member_type: VOTER last_known_private_addr { host: "127.0.0.1" port: 9100 } cloud_info { placement_cloud: "cloud1" placement_region: "datacenter1" placement_zone: "rack1" } } peers { permanent_uuid: "23d881032c1249bd803e401a539be0e2" member_type: VOTER last_known_private_addr { host: "127.0.0.3" port: 9100 } cloud_info { placement_cloud: "cloud1" placement_region: "datacenter1" placement_zone: "rack1" } } }, has_pending_config = 0
I1010 10:35:58.547536 17817600 log_util.cc:841] Found no log entry headers
I1010 10:35:58.547727 19427328 tablet_bootstrap.cc:1476] T 30fedb9fed834e6d975c43711c3f6fd9 P 6b460ba950654300b6c50d93f25aea31: Bootstrap optimizer (skip_flushed_entries): will replay all segments starting from the very first one.
I1010 10:35:58.548158 19963904 consensus_meta.cc:361] T 541698385c044c6ab901cf03bad66398 P 6b460ba950654300b6c50d93f25aea31: Updating active role from FOLLOWER to FOLLOWER. Consensus state: current_term: 2 leader_uuid: "" config { opid_index: 5 peers { permanent_uuid: "23d881032c1249bd803e401a539be0e2" member_type: VOTER last_known_private_addr { host: "127.0.0.3" port: 9100 } cloud_info { placement_cloud: "cloud1" placement_region: "datacenter1" placement_zone: "rack1" } } peers { permanent_uuid: "6b460ba950654300b6c50d93f25aea31" member_type: VOTER last_known_private_addr { host: "127.0.0.2" port: 9100 } cloud_info { placement_cloud: "cloud1" placement_region: "datacenter1" placement_zone: "rack1" } } peers { permanent_uuid: "d5c37cb1777946179e6692ee5e504715" member_type: VOTER last_known_private_addr { host: "127.0.0.1" port: 9100 } cloud_info { placement_cloud: "cloud1" placement_region: "datacenter1" placement_zone: "rack1" } } }, has_pending_config = 0
I1010 10:35:58.548231 17817600 log_util.cc:702] Ignoring partially flushed segment in write ahead log /Users/nag/yb/yugabyte-data/node2/yb-data/tserver/wals/table-f80c17935cc9489ab3c6c05dceb25976/tablet-4c1e255cf37d4de58ed9d6a6f32e7473/wal-000000001 because there are no log entries following this one. The server probably crashed in the middle of writing an entry to the write-ahead log or downloaded an active log via remote bootstrap. Error detail: Corruption (yb/consensus/log_util.cc:912): Invalid checksum in log entry head header: found=0, computed=2351477386: Failed trying to read batch #53 at offset 4899 for log segment /Users/nag/yb/yugabyte-data/node2/yb-data/tserver/wals/table-f80c17935cc9489ab3c6c05dceb25976/tablet-4c1e255cf37d4de58ed9d6a6f32e7473/wal-000000001: Prior batch offsets: 4789 4815 4873 4899; Last log entries read: [REPLICATE (1.23)] [REPLICATE (1.24)] [REPLICATE (1.25)] [REPLICATE (2.26)]
W1010 10:35:58.548250 17281024 log_util.cc:241] Could not read footer for segment: /Users/nag/yb/yugabyte-data/node2/yb-data/tserver/wals/table-f80c17935cc9489ab3c6c05dceb25976/tablet-f5bd6014d733492eac6dd2cfba061381/wal-000000001: Not found (yb/consensus/log_util.cc:581): Footer not found. Footer magic doesn't match
I1010 10:35:58.548274 16207872 tablet_bootstrap_state_manager.cc:68] Initialized TabletBootstrapStateManager, found a file ? no, wal dir=/Users/nag/yb/yugabyte-data/node2/yb-data/tserver/wals/table-f80c17935cc9489ab3c6c05dceb25976/tablet-f27eef4b471b4c3c800523a8cd4a34f7
I1010 10:35:58.548306 18354176 consensus_meta.cc:361] T 5aab7c3da55c4174a9735369225d0c54 P 6b460ba950654300b6c50d93f25aea31: Updating active role from UNKNOWN_ROLE to FOLLOWER. Consensus state: current_term: 3 leader_uuid: "" config { opid_index: 5 peers { permanent_uuid: "6b460ba950654300b6c50d93f25aea31" member_type: VOTER last_known_private_addr { host: "127.0.0.2" port: 9100 } cloud_info { placement_cloud: "cloud1" placement_region: "datacenter1" placement_zone: "rack1" } } peers { permanent_uuid: "d5c37cb1777946179e6692ee5e504715" member_type: VOTER last_known_private_addr { host: "127.0.0.1" port: 9100 } cloud_info { placement_cloud: "cloud1" placement_region: "datacenter1" placement_zone: "rack1" } } peers { permanent_uuid: "23d881032c1249bd803e401a539be0e2" member_type: VOTER last_known_private_addr { host: "127.0.0.3" port: 9100 } cloud_info { placement_cloud: "cloud1" placement_region: "datacenter1" placement_zone: "rack1" } } }, has_pending_config = 0
I1010 10:35:58.548388 19963904 raft_consensus.cc:498] T 541698385c044c6ab901cf03bad66398 P 6b460ba950654300b6c50d93f25aea31 [term 2 FOLLOWER]: Replica starting. Triggering 0 pending operations. Active config: opid_index: 5 peers { permanent_uuid: "23d881032c1249bd803e401a539be0e2" member_type: VOTER last_known_private_addr { host: "127.0.0.3" port: 9100 } cloud_info { placement_cloud: "cloud1" placement_region: "datacenter1" placement_zone: "rack1" } } peers { permanent_uuid: "6b460ba950654300b6c50d93f25aea31" member_type: VOTER last_known_private_addr { host: "127.0.0.2" port: 9100 } cloud_info { placement_cloud: "cloud1" placement_region: "datacenter1" placement_zone: "rack1" } } peers { permanent_uuid: "d5c37cb1777946179e6692ee5e504715" member_type: VOTER last_known_private_addr { host: "127.0.0.1" port: 9100 } cloud_info { placement_cloud: "cloud1" placement_region: "datacenter1" placement_zone: "rack1" } }
W1010 10:35:58.548427 22646784 heartbeater.cc:671] P 6b460ba950654300b6c50d93f25aea31: Failed to heartbeat to 127.0.0.3:7100: Remote error (yb/rpc/outbound_call.cc:561): Failed to send heartbeat: Invalid argument (yb/master/master_heartbeat_service.cc:251): Received wrong universe_uuid 21b2e3d0-495a-4149-9f2a-913ddeb95eff, expected 7252bc1a-cf22-48a4-9dd6-459a6f24aa4e (rpc error 1) tries=13, num=3, masters=0x000000010d6628b8 -> [[127.0.0.1:7100], [127.0.0.2:7100], [127.0.0.3:7100]], code=Remote error
W1010 10:35:58.548487 17281024 log_reader.cc:217] T f5bd6014d733492eac6dd2cfba061381 P 6b460ba950654300b6c50d93f25aea31: Log segment /Users/nag/yb/yugabyte-data/node2/yb-data/tserver/wals/table-f80c17935cc9489ab3c6c05dceb25976/tablet-f5bd6014d733492eac6dd2cfba061381/wal-000000001 was likely left in-progressafter a previous crash. Will try to reuse this segment as writable active segment
I1010 10:35:58.548460 18890752 consensus_meta.cc:361] T 9cd834df5c9f41b091ffb845bd6122ec P 6b460ba950654300b6c50d93f25aea31: Updating active role from UNKNOWN_ROLE to FOLLOWER. Consensus state: current_term: 1 leader_uuid: "" config { opid_index: 4 peers { permanent_uuid: "6b460ba950654300b6c50d93f25aea31" member_type: VOTER last_known_private_addr { host: "127.0.0.2" port: 9100 } cloud_info { placement_cloud: "cloud1" placement_region: "datacenter1" placement_zone: "rack1" } } peers { permanent_uuid: "d5c37cb1777946179e6692ee5e504715" member_type: VOTER last_known_private_addr { host: "127.0.0.1" port: 9100 } cloud_info { placement_cloud: "cloud1" placement_region: "datacenter1" placement_zone: "rack1" } } peers { permanent_uuid: "23d881032c1249bd803e401a539be0e2" member_type: VOTER last_known_private_addr { host: "127.0.0.3" port: 9100 } cloud_info { placement_cloud: "cloud1" placement_region: "datacenter1" placement_zone: "rack1" } } }, has_pending_config = 0
I1010 10:35:58.548599 16207872 tablet_peer.cc:1643] T f27eef4b471b4c3c800523a8cd4a34f7 P 6b460ba950654300b6c50d93f25aea31 [state=BOOTSTRAPPING]: Changed state from NOT_STARTED to BOOTSTRAPPING
I1010 10:35:58.548693 19427328 tablet_bootstrap_if.cc:96] T 30fedb9fed834e6d975c43711c3f6fd9 P 6b460ba950654300b6c50d93f25aea31: Bootstrap replayed 1/2 log segments. Read operations: 5, overwritten operations: 0. Pending: 1 replicates. Last read committed op id: 3.5, last entry metadata: { entry_time: 187110.218s offset: 1350 active_segment_sequence_number: 1 }, last read entry op id: 3.5
I1010 10:35:58.548697 18354176 tablet_bootstrap_state_manager.cc:68] Initialized TabletBootstrapStateManager, found a file ? no, wal dir=/Users/nag/yb/yugabyte-data/node2/yb-data/tserver/wals/table-f80c17935cc9489ab3c6c05dceb25976/tablet-5aab7c3da55c4174a9735369225d0c54
I1010 10:35:58.548709 19963904 raft_consensus.cc:1135] T 541698385c044c6ab901cf03bad66398 P 6b460ba950654300b6c50d93f25aea31 [term 2 FOLLOWER]: Becoming Follower/Learner. State: Replica: 6b460ba950654300b6c50d93f25aea31, State: 1, Role: FOLLOWER, Watermarks: {Received: 2.5 Committed: 2.5} Leader: 0.0, new leader: , initial_fd_wait: <uninitialized>
I1010 10:35:58.548732 22646784 heartbeater.cc:379] P 6b460ba950654300b6c50d93f25aea31: Registering TS with master...
I1010 10:35:58.548781 17281024 log.cc:722] T f5bd6014d733492eac6dd2cfba061381 P 6b460ba950654300b6c50d93f25aea31: Opened existing logs. Last segment is /Users/nag/yb/yugabyte-data/node2/yb-data/tserver/wals/table-f80c17935cc9489ab3c6c05dceb25976/tablet-f5bd6014d733492eac6dd2cfba061381/wal-000000001
I1010 10:35:58.548789 17817600 tablet_bootstrap_if.cc:96] T 4c1e255cf37d4de58ed9d6a6f32e7473 P 6b460ba950654300b6c50d93f25aea31: Bootstrap replayed 1/1 log segments. Read operations: 26, overwritten operations: 0. Pending: 1 replicates. Last read committed op id: 2.26, last entry metadata: { entry_time: 191540.909s offset: 4815 active_segment_sequence_number: 1 }, last read entry op id: 2.26
I1010 10:35:58.548844 16207872 tablet_bootstrap_if.cc:96] T f27eef4b471b4c3c800523a8cd4a34f7 P 6b460ba950654300b6c50d93f25aea31: Bootstrap starting.
I1010 10:35:58.548913 18890752 tablet_bootstrap_state_manager.cc:68] Initialized TabletBootstrapStateManager, found a file ? no, wal dir=/Users/nag/yb/yugabyte-data/node2/yb-data/tserver/wals/table-f80c17935cc9489ab3c6c05dceb25976/tablet-9cd834df5c9f41b091ffb845bd6122ec
I1010 10:35:58.548936 19427328 log_util.cc:797] Scanning /Users/nag/yb/yugabyte-data/node2/yb-data/tserver/wals/table-f80c17935cc9489ab3c6c05dceb25976/tablet-30fedb9fed834e6d975c43711c3f6fd9/wal-000000002 for valid entry headers following offset 193...
I1010 10:35:58.548986 18354176 tablet_peer.cc:1643] T 5aab7c3da55c4174a9735369225d0c54 P 6b460ba950654300b6c50d93f25aea31 [state=BOOTSTRAPPING]: Changed state from NOT_STARTED to BOOTSTRAPPING
I1010 10:35:58.548977 19963904 consensus_meta.cc:361] T 541698385c044c6ab901cf03bad66398 P 6b460ba950654300b6c50d93f25aea31: Updating active role from FOLLOWER to FOLLOWER. Consensus state: current_term: 2 leader_uuid: "" config { opid_index: 5 peers { permanent_uuid: "23d881032c1249bd803e401a539be0e2" member_type: VOTER last_known_private_addr { host: "127.0.0.3" port: 9100 } cloud_info { placement_cloud: "cloud1" placement_region: "datacenter1" placement_zone: "rack1" } } peers { permanent_uuid: "6b460ba950654300b6c50d93f25aea31" member_type: VOTER last_known_private_addr { host: "127.0.0.2" port: 9100 } cloud_info { placement_cloud: "cloud1" placement_region: "datacenter1" placement_zone: "rack1" } } peers { permanent_uuid: "d5c37cb1777946179e6692ee5e504715" member_type: VOTER last_known_private_addr { host: "127.0.0.1" port: 9100 } cloud_info { placement_cloud: "cloud1" placement_region: "datacenter1" placement_zone: "rack1" } } }, has_pending_config = 0
I1010 10:35:58.549007 22646784 server_base.cc:598] Using private rpc address 127.0.0.2
I1010 10:35:58.549036 17281024 tablet_bootstrap.cc:396] T f5bd6014d733492eac6dd2cfba061381 P 6b460ba950654300b6c50d93f25aea31: Bootstrap optimizer (skip_flushed_entries): op_id_replay_lowest=-1.-1 (regular_op_id=-1.-1, intents_op_id=-1.-1, has_intents_db=0)
I1010 10:35:58.549072 17817600 tablet_bootstrap.cc:1654] T 4c1e255cf37d4de58ed9d6a6f32e7473 P 6b460ba950654300b6c50d93f25aea31: Dumping replay state to log at the end of PlaySegments
I1010 10:35:58.549134 16207872 tablet.cc:637] T f27eef4b471b4c3c800523a8cd4a34f7 P 6b460ba950654300b6c50d93f25aea31: Schema version for transactions is 0
I1010 10:35:58.549157 18890752 tablet_peer.cc:1643] T 9cd834df5c9f41b091ffb845bd6122ec P 6b460ba950654300b6c50d93f25aea31 [state=BOOTSTRAPPING]: Changed state from NOT_STARTED to BOOTSTRAPPING
I1010 10:35:58.549183 19427328 log_util.cc:841] Found no log entry headers
I1010 10:35:58.549208 18354176 tablet_bootstrap_if.cc:96] T 5aab7c3da55c4174a9735369225d0c54 P 6b460ba950654300b6c50d93f25aea31: Bootstrap starting.
I1010 10:35:58.549273 19963904 consensus_queue.cc:270] T 541698385c044c6ab901cf03bad66398 P 6b460ba950654300b6c50d93f25aea31 [NON_LEADER]: Queue going to NON_LEADER mode. State: All replicated op: 0.0, Majority replicated op: 0.0, Committed index: 0.0, Last applied: 0.0, Last appended: 2.5, Current term: 0, Majority size: -1, State: QUEUE_OPEN, Mode: NON_LEADER
I1010 10:35:58.549295 22646784 server_base.cc:620] Using http address 127.0.0.2
I1010 10:35:58.549322 17281024 tablet_bootstrap.cc:1461] T f5bd6014d733492eac6dd2cfba061381 P 6b460ba950654300b6c50d93f25aea31: Segment /Users/nag/yb/yugabyte-data/node2/yb-data/tserver/wals/table-f80c17935cc9489ab3c6c05dceb25976/tablet-f5bd6014d733492eac6dd2cfba061381/wal-000000001 cannot be used as the first segment to start replay with according to our OpId and retention criteria. However, this is already the earliest segment so we have to start replay here. We should probably investigate how we got into this situation. op_id=1.1, op_id_replay_lowest=-1.-1, last_op_id_in_retryable_requests=0.0, first_op_time=161876.298s, retryable_requests_retain_interval=60.000s, *retryable_requests_replay_from_this_or_earlier_time=161816.298s, is_first_op_id_low_enough_for_retryable_requests=0, is_first_op_time_early_enough_for_retryable_requests=0, is_first_op_id_low_enough=0
I1010 10:35:58.549342 17817600 tablet_bootstrap.cc:1212] T 4c1e255cf37d4de58ed9d6a6f32e7473 P 6b460ba950654300b6c50d93f25aea31: ReplayState: Previous OpId: 2.26, Committed OpId: 2.26, Pending Replicates: 0, Flushed Regular: -1.-1, Flushed Intents: -1.-1
I1010 10:35:58.549424 18890752 tablet_bootstrap_if.cc:96] T 9cd834df5c9f41b091ffb845bd6122ec P 6b460ba950654300b6c50d93f25aea31: Bootstrap starting.
I1010 10:35:58.549445 19427328 log_util.cc:702] Ignoring partially flushed segment in write ahead log /Users/nag/yb/yugabyte-data/node2/yb-data/tserver/wals/table-f80c17935cc9489ab3c6c05dceb25976/tablet-30fedb9fed834e6d975c43711c3f6fd9/wal-000000002 because there are no log entries following this one. The server probably crashed in the middle of writing an entry to the write-ahead log or downloaded an active log via remote bootstrap. Error detail: Corruption (yb/consensus/log_util.cc:912): Invalid checksum in log entry head header: found=0, computed=2351477386: Failed trying to read batch #3 at offset 193 for log segment /Users/nag/yb/yugabyte-data/node2/yb-data/tserver/wals/table-f80c17935cc9489ab3c6c05dceb25976/tablet-30fedb9fed834e6d975c43711c3f6fd9/wal-000000002: Prior batch offsets: 109 167 193; Last log entries read: [REPLICATE (4.6)]
I1010 10:35:58.549516 18354176 tablet.cc:637] T 5aab7c3da55c4174a9735369225d0c54 P 6b460ba950654300b6c50d93f25aea31: Schema version for transactions is 0
I1010 10:35:58.549525 19963904 raft_consensus.cc:3519] T 541698385c044c6ab901cf03bad66398 P 6b460ba950654300b6c50d93f25aea31 [term 2 FOLLOWER]: Calling mark dirty synchronously for reason code CONSENSUS_STARTED
I1010 10:35:58.549569 17281024 tablet_bootstrap.cc:1476] T f5bd6014d733492eac6dd2cfba061381 P 6b460ba950654300b6c50d93f25aea31: Bootstrap optimizer (skip_flushed_entries): will replay all segments starting from the very first one.
I1010 10:35:58.549607 17817600 tablet_bootstrap.cc:1212] T 4c1e255cf37d4de58ed9d6a6f32e7473 P 6b460ba950654300b6c50d93f25aea31: Log entries applied to RocksDB: 26
I1010 10:35:58.549671 18890752 tablet.cc:637] T 9cd834df5c9f41b091ffb845bd6122ec P 6b460ba950654300b6c50d93f25aea31: Schema version for transactions is 0
I1010 10:35:58.549695 16207872 tablet_bootstrap.cc:644] T f27eef4b471b4c3c800523a8cd4a34f7 P 6b460ba950654300b6c50d93f25aea31: Time spent opening tablet: real 0.000s	user 0.000s	sys 0.000s
I1010 10:35:58.549710 19427328 tablet_bootstrap_if.cc:96] T 30fedb9fed834e6d975c43711c3f6fd9 P 6b460ba950654300b6c50d93f25aea31: Bootstrap replayed 2/2 log segments. Read operations: 6, overwritten operations: 0. Pending: 1 replicates. Last read committed op id: 4.6, last entry metadata: { entry_time: 191541.174s offset: 109 active_segment_sequence_number: 2 }, last read entry op id: 4.6
I1010 10:35:58.549770 19963904 tablet_peer.cc:1643] T 541698385c044c6ab901cf03bad66398 P 6b460ba950654300b6c50d93f25aea31 [state=RUNNING]: Changed state from BOOTSTRAPPING to RUNNING
I1010 10:35:58.549858 17817600 tablet_bootstrap.cc:1666] T 4c1e255cf37d4de58ed9d6a6f32e7473 P 6b460ba950654300b6c50d93f25aea31: Number of orphaned replicates: 0, last id: 2.26, committed id: 2.26
I1010 10:35:58.549877 17281024 log_util.cc:797] Scanning /Users/nag/yb/yugabyte-data/node2/yb-data/tserver/wals/table-f80c17935cc9489ab3c6c05dceb25976/tablet-f5bd6014d733492eac6dd2cfba061381/wal-000000001 for valid entry headers following offset 2072...
I1010 10:35:58.550051 18354176 tablet_bootstrap.cc:644] T 5aab7c3da55c4174a9735369225d0c54 P 6b460ba950654300b6c50d93f25aea31: Time spent opening tablet: real 0.000s	user 0.000s	sys 0.000s
I1010 10:35:58.550123 16207872 tablet_bootstrap.cc:740] T f27eef4b471b4c3c800523a8cd4a34f7 P 6b460ba950654300b6c50d93f25aea31: Will attempt to recover log segment /Users/nag/yb/yugabyte-data/node2/yb-data/tserver/wals/table-f80c17935cc9489ab3c6c05dceb25976/tablet-f27eef4b471b4c3c800523a8cd4a34f7/wal-000000001
I1010 10:35:58.550144 19427328 tablet_bootstrap.cc:1654] T 30fedb9fed834e6d975c43711c3f6fd9 P 6b460ba950654300b6c50d93f25aea31: Dumping replay state to log at the end of PlaySegments
I1010 10:35:58.550237 19963904 tablet_peer.cc:1516] T 541698385c044c6ab901cf03bad66398 P 6b460ba950654300b6c50d93f25aea31 [state=RUNNING]: Registered log gc
I1010 10:35:58.550295 18890752 tablet_bootstrap.cc:644] T 9cd834df5c9f41b091ffb845bd6122ec P 6b460ba950654300b6c50d93f25aea31: Time spent opening tablet: real 0.000s	user 0.000s	sys 0.000s
I1010 10:35:58.550341 16207872 tablet_bootstrap.cc:1238] T f27eef4b471b4c3c800523a8cd4a34f7 P 6b460ba950654300b6c50d93f25aea31: Flushed DocDB OpIds: { regular: -1.-1 intents: -1.-1 }
I1010 10:35:58.550372 19427328 tablet_bootstrap.cc:1212] T 30fedb9fed834e6d975c43711c3f6fd9 P 6b460ba950654300b6c50d93f25aea31: ReplayState: Previous OpId: 4.6, Committed OpId: 4.6, Pending Replicates: 0, Flushed Regular: -1.-1, Flushed Intents: -1.-1
I1010 10:35:58.550447 18354176 tablet_bootstrap.cc:740] T 5aab7c3da55c4174a9735369225d0c54 P 6b460ba950654300b6c50d93f25aea31: Will attempt to recover log segment /Users/nag/yb/yugabyte-data/node2/yb-data/tserver/wals/table-f80c17935cc9489ab3c6c05dceb25976/tablet-5aab7c3da55c4174a9735369225d0c54/wal-000000001
I1010 10:35:58.550496 19963904 ts_tablet_manager.cc:2063] T 541698385c044c6ab901cf03bad66398 P 6b460ba950654300b6c50d93f25aea31: Time spent starting tablet: real 0.005s	user 0.001s	sys 0.001s
I1010 10:35:58.550540 16207872 tablet_bootstrap.cc:1514] T f27eef4b471b4c3c800523a8cd4a34f7 P 6b460ba950654300b6c50d93f25aea31: Max persistent index in RocksDB's SSTables before bootstrap: regular RocksDB: -1.-1; intents RocksDB: -1.-1
W1010 10:35:58.550546 22646784 heartbeater.cc:671] P 6b460ba950654300b6c50d93f25aea31: Failed to heartbeat to 127.0.0.3:7100: Remote error (yb/rpc/outbound_call.cc:561): Failed to send heartbeat: Invalid argument (yb/master/master_heartbeat_service.cc:251): Received wrong universe_uuid 21b2e3d0-495a-4149-9f2a-913ddeb95eff, expected 7252bc1a-cf22-48a4-9dd6-459a6f24aa4e (rpc error 1) tries=14, num=3, masters=0x000000010d6628b8 -> [[127.0.0.1:7100], [127.0.0.2:7100], [127.0.0.3:7100]], code=Remote error
I1010 10:35:58.550567 19427328 tablet_bootstrap.cc:1212] T 30fedb9fed834e6d975c43711c3f6fd9 P 6b460ba950654300b6c50d93f25aea31: Log entries applied to RocksDB: 6
I1010 10:35:58.550575 18890752 tablet_bootstrap.cc:740] T 9cd834df5c9f41b091ffb845bd6122ec P 6b460ba950654300b6c50d93f25aea31: Will attempt to recover log segment /Users/nag/yb/yugabyte-data/node2/yb-data/tserver/wals/table-f80c17935cc9489ab3c6c05dceb25976/tablet-9cd834df5c9f41b091ffb845bd6122ec/wal-000000001
I1010 10:35:58.550598 18354176 tablet_bootstrap.cc:1238] T 5aab7c3da55c4174a9735369225d0c54 P 6b460ba950654300b6c50d93f25aea31: Flushed DocDB OpIds: { regular: -1.-1 intents: -1.-1 }
I1010 10:35:58.550633 19963904 ts_tablet_manager.cc:3478] Deleted transition in progress opening tablet for tablet 541698385c044c6ab901cf03bad66398
I1010 10:35:58.550680 16207872 log.cc:1461] T f27eef4b471b4c3c800523a8cd4a34f7 P 6b460ba950654300b6c50d93f25aea31: Setting log wal retention time to 0 seconds
I1010 10:35:58.550696 22646784 heartbeater.cc:379] P 6b460ba950654300b6c50d93f25aea31: Registering TS with master...
I1010 10:35:58.550717 19427328 tablet_bootstrap.cc:1666] T 30fedb9fed834e6d975c43711c3f6fd9 P 6b460ba950654300b6c50d93f25aea31: Number of orphaned replicates: 0, last id: 4.6, committed id: 4.6
I1010 10:35:58.550772 18890752 tablet_bootstrap.cc:1238] T 9cd834df5c9f41b091ffb845bd6122ec P 6b460ba950654300b6c50d93f25aea31: Flushed DocDB OpIds: { regular: -1.-1 intents: -1.-1 }
I1010 10:35:58.550801 18354176 tablet_bootstrap.cc:1514] T 5aab7c3da55c4174a9735369225d0c54 P 6b460ba950654300b6c50d93f25aea31: Max persistent index in RocksDB's SSTables before bootstrap: regular RocksDB: -1.-1; intents RocksDB: -1.-1
I1010 10:35:58.550837 19963904 ts_tablet_manager.cc:1936] T 7c7b0e8f396b4659b1f29a4dd140c822 P 6b460ba950654300b6c50d93f25aea31: Bootstrapping tablet
I1010 10:35:58.550905 22646784 server_base.cc:598] Using private rpc address 127.0.0.2
I1010 10:35:58.551003 18890752 tablet_bootstrap.cc:1514] T 9cd834df5c9f41b091ffb845bd6122ec P 6b460ba950654300b6c50d93f25aea31: Max persistent index in RocksDB's SSTables before bootstrap: regular RocksDB: -1.-1; intents RocksDB: -1.-1
I1010 10:35:58.551090 18354176 log.cc:1461] T 5aab7c3da55c4174a9735369225d0c54 P 6b460ba950654300b6c50d93f25aea31: Setting log wal retention time to 0 seconds
I1010 10:35:58.551294 22646784 server_base.cc:620] Using http address 127.0.0.2
I1010 10:35:58.551338 17817600 tablet_bootstrap_if.cc:96] T 4c1e255cf37d4de58ed9d6a6f32e7473 P 6b460ba950654300b6c50d93f25aea31: Bootstrap complete.
I1010 10:35:58.551442 18890752 log.cc:1461] T 9cd834df5c9f41b091ffb845bd6122ec P 6b460ba950654300b6c50d93f25aea31: Setting log wal retention time to 0 seconds
I1010 10:35:58.552039 17817600 log_util.cc:797] Scanning /Users/nag/yb/yugabyte-data/node2/yb-data/tserver/wals/table-f80c17935cc9489ab3c6c05dceb25976/tablet-4c1e255cf37d4de58ed9d6a6f32e7473/wal-000000001 for valid entry headers following offset 4899...
I1010 10:35:58.552649 17817600 log_util.cc:841] Found no log entry headers
W1010 10:35:58.552667 22646784 heartbeater.cc:671] P 6b460ba950654300b6c50d93f25aea31: Failed to heartbeat to 127.0.0.3:7100: Remote error (yb/rpc/outbound_call.cc:561): Failed to send heartbeat: Invalid argument (yb/master/master_heartbeat_service.cc:251): Received wrong universe_uuid 21b2e3d0-495a-4149-9f2a-913ddeb95eff, expected 7252bc1a-cf22-48a4-9dd6-459a6f24aa4e (rpc error 1) tries=15, num=3, masters=0x000000010d6628b8 -> [[127.0.0.1:7100], [127.0.0.2:7100], [127.0.0.3:7100]], code=Remote error
I1010 10:35:58.552701 17817600 log_util.cc:702] Ignoring partially flushed segment in write ahead log /Users/nag/yb/yugabyte-data/node2/yb-data/tserver/wals/table-f80c17935cc9489ab3c6c05dceb25976/tablet-4c1e255cf37d4de58ed9d6a6f32e7473/wal-000000001 because there are no log entries following this one. The server probably crashed in the middle of writing an entry to the write-ahead log or downloaded an active log via remote bootstrap. Error detail: Corruption (yb/consensus/log_util.cc:912): Invalid checksum in log entry head header: found=0, computed=2351477386: Failed trying to read batch #53 at offset 4899 for log segment /Users/nag/yb/yugabyte-data/node2/yb-data/tserver/wals/table-f80c17935cc9489ab3c6c05dceb25976/tablet-4c1e255cf37d4de58ed9d6a6f32e7473/wal-000000001: Prior batch offsets: 4789 4815 4873 4899; Last log entries read: [REPLICATE (1.23)] [REPLICATE (1.24)] [REPLICATE (1.25)] [REPLICATE (2.26)]
I1010 10:35:58.552733 17281024 log_util.cc:841] Found no log entry headers
I1010 10:35:58.552886 17817600 log.cc:1112] Successfully restored footer_builder_ and log_index_ for segment: /Users/nag/yb/yugabyte-data/node2/yb-data/tserver/wals/table-f80c17935cc9489ab3c6c05dceb25976/tablet-4c1e255cf37d4de58ed9d6a6f32e7473/wal-000000001. Reopen the file for write with starting offset: 4899
I1010 10:35:58.552923 17281024 log_util.cc:702] Ignoring partially flushed segment in write ahead log /Users/nag/yb/yugabyte-data/node2/yb-data/tserver/wals/table-f80c17935cc9489ab3c6c05dceb25976/tablet-f5bd6014d733492eac6dd2cfba061381/wal-000000001 because there are no log entries following this one. The server probably crashed in the middle of writing an entry to the write-ahead log or downloaded an active log via remote bootstrap. Error detail: Corruption (yb/consensus/log_util.cc:912): Invalid checksum in log entry head header: found=0, computed=2351477386: Failed trying to read batch #12 at offset 2072 for log segment /Users/nag/yb/yugabyte-data/node2/yb-data/tserver/wals/table-f80c17935cc9489ab3c6c05dceb25976/tablet-f5bd6014d733492eac6dd2cfba061381/wal-000000001: Prior batch offsets: 1962 1988 2046 2072; Last log entries read: [REPLICATE (1.3)] [REPLICATE (1.4)] [REPLICATE (3.5)] [REPLICATE (4.6)]
I1010 10:35:58.553022 17817600 log.cc:1461] T 4c1e255cf37d4de58ed9d6a6f32e7473 P 6b460ba950654300b6c50d93f25aea31: Setting log wal retention time to 0 seconds
I1010 10:35:58.553086 17817600 ts_tablet_manager.cc:1982] T 4c1e255cf37d4de58ed9d6a6f32e7473 P 6b460ba950654300b6c50d93f25aea31: Time spent bootstrapping tablet: real 0.021s	user 0.003s	sys 0.005s
I1010 10:35:58.553256 17281024 tablet_bootstrap_if.cc:96] T f5bd6014d733492eac6dd2cfba061381 P 6b460ba950654300b6c50d93f25aea31: Bootstrap replayed 1/1 log segments. Read operations: 6, overwritten operations: 0. Pending: 1 replicates. Last read committed op id: 4.6, last entry metadata: { entry_time: 191540.782s offset: 1988 active_segment_sequence_number: 1 }, last read entry op id: 4.6
I1010 10:35:58.553288 17281024 tablet_bootstrap.cc:1654] T f5bd6014d733492eac6dd2cfba061381 P 6b460ba950654300b6c50d93f25aea31: Dumping replay state to log at the end of PlaySegments
I1010 10:35:58.553311 17281024 tablet_bootstrap.cc:1212] T f5bd6014d733492eac6dd2cfba061381 P 6b460ba950654300b6c50d93f25aea31: ReplayState: Previous OpId: 4.6, Committed OpId: 4.6, Pending Replicates: 0, Flushed Regular: -1.-1, Flushed Intents: -1.-1
I1010 10:35:58.553331 17281024 tablet_bootstrap.cc:1212] T f5bd6014d733492eac6dd2cfba061381 P 6b460ba950654300b6c50d93f25aea31: Log entries applied to RocksDB: 6
I1010 10:35:58.553350 17281024 tablet_bootstrap.cc:1666] T f5bd6014d733492eac6dd2cfba061381 P 6b460ba950654300b6c50d93f25aea31: Number of orphaned replicates: 0, last id: 4.6, committed id: 4.6
I1010 10:35:58.553511 19963904 consensus_meta.cc:361] T 7c7b0e8f396b4659b1f29a4dd140c822 P 6b460ba950654300b6c50d93f25aea31: Updating active role from UNKNOWN_ROLE to FOLLOWER. Consensus state: current_term: 1 leader_uuid: "" config { opid_index: 4 peers { permanent_uuid: "23d881032c1249bd803e401a539be0e2" member_type: VOTER last_known_private_addr { host: "127.0.0.3" port: 9100 } cloud_info { placement_cloud: "cloud1" placement_region: "datacenter1" placement_zone: "rack1" } } peers { permanent_uuid: "6b460ba950654300b6c50d93f25aea31" member_type: VOTER last_known_private_addr { host: "127.0.0.2" port: 9100 } cloud_info { placement_cloud: "cloud1" placement_region: "datacenter1" placement_zone: "rack1" } } peers { permanent_uuid: "d5c37cb1777946179e6692ee5e504715" member_type: VOTER last_known_private_addr { host: "127.0.0.1" port: 9100 } cloud_info { placement_cloud: "cloud1" placement_region: "datacenter1" placement_zone: "rack1" } } }, has_pending_config = 0
I1010 10:35:58.553735 19963904 tablet_bootstrap_state_manager.cc:68] Initialized TabletBootstrapStateManager, found a file ? no, wal dir=/Users/nag/yb/yugabyte-data/node2/yb-data/tserver/wals/table-f80c17935cc9489ab3c6c05dceb25976/tablet-7c7b0e8f396b4659b1f29a4dd140c822
I1010 10:35:58.554405 19963904 tablet_peer.cc:1643] T 7c7b0e8f396b4659b1f29a4dd140c822 P 6b460ba950654300b6c50d93f25aea31 [state=BOOTSTRAPPING]: Changed state from NOT_STARTED to BOOTSTRAPPING
I1010 10:35:58.554450 19963904 tablet_bootstrap_if.cc:96] T 7c7b0e8f396b4659b1f29a4dd140c822 P 6b460ba950654300b6c50d93f25aea31: Bootstrap starting.
I1010 10:35:58.554519 19963904 tablet.cc:637] T 7c7b0e8f396b4659b1f29a4dd140c822 P 6b460ba950654300b6c50d93f25aea31: Schema version for transactions is 0
I1010 10:35:58.554529 17281024 tablet_bootstrap_if.cc:96] T f5bd6014d733492eac6dd2cfba061381 P 6b460ba950654300b6c50d93f25aea31: Bootstrap complete.
I1010 10:35:58.554826 19427328 tablet_bootstrap_if.cc:96] T 30fedb9fed834e6d975c43711c3f6fd9 P 6b460ba950654300b6c50d93f25aea31: Bootstrap complete.
I1010 10:35:58.554867 19963904 tablet_bootstrap.cc:644] T 7c7b0e8f396b4659b1f29a4dd140c822 P 6b460ba950654300b6c50d93f25aea31: Time spent opening tablet: real 0.000s	user 0.000s	sys 0.000s
I1010 10:35:58.554991 17281024 log_util.cc:797] Scanning /Users/nag/yb/yugabyte-data/node2/yb-data/tserver/wals/table-f80c17935cc9489ab3c6c05dceb25976/tablet-f5bd6014d733492eac6dd2cfba061381/wal-000000001 for valid entry headers following offset 2072...
W1010 10:35:58.555043 16207872 log_util.cc:241] Could not read footer for segment: /Users/nag/yb/yugabyte-data/node2/yb-data/tserver/wals/table-f80c17935cc9489ab3c6c05dceb25976/tablet-f27eef4b471b4c3c800523a8cd4a34f7/wal-000000001: Not found (yb/consensus/log_util.cc:581): Footer not found. Footer magic doesn't match
I1010 10:35:58.555058 19427328 log_util.cc:797] Scanning /Users/nag/yb/yugabyte-data/node2/yb-data/tserver/wals/table-f80c17935cc9489ab3c6c05dceb25976/tablet-30fedb9fed834e6d975c43711c3f6fd9/wal-000000002 for valid entry headers following offset 193...
W1010 10:35:58.555079 18890752 log_util.cc:241] Could not read footer for segment: /Users/nag/yb/yugabyte-data/node2/yb-data/tserver/wals/table-f80c17935cc9489ab3c6c05dceb25976/tablet-9cd834df5c9f41b091ffb845bd6122ec/wal-000000001: Not found (yb/consensus/log_util.cc:581): Footer not found. Footer magic doesn't match
W1010 10:35:58.555090 16207872 log_reader.cc:217] T f27eef4b471b4c3c800523a8cd4a34f7 P 6b460ba950654300b6c50d93f25aea31: Log segment /Users/nag/yb/yugabyte-data/node2/yb-data/tserver/wals/table-f80c17935cc9489ab3c6c05dceb25976/tablet-f27eef4b471b4c3c800523a8cd4a34f7/wal-000000001 was likely left in-progressafter a previous crash. Will try to reuse this segment as writable active segment
W1010 10:35:58.555094 18354176 log_util.cc:241] Could not read footer for segment: /Users/nag/yb/yugabyte-data/node2/yb-data/tserver/wals/table-f80c17935cc9489ab3c6c05dceb25976/tablet-5aab7c3da55c4174a9735369225d0c54/wal-000000001: Not found (yb/consensus/log_util.cc:581): Footer not found. Footer magic doesn't match
I1010 10:35:58.555136 19427328 log_util.cc:841] Found no log entry headers
I1010 10:35:58.555135 19963904 tablet_bootstrap.cc:740] T 7c7b0e8f396b4659b1f29a4dd140c822 P 6b460ba950654300b6c50d93f25aea31: Will attempt to recover log segment /Users/nag/yb/yugabyte-data/node2/yb-data/tserver/wals/table-f80c17935cc9489ab3c6c05dceb25976/tablet-7c7b0e8f396b4659b1f29a4dd140c822/wal-000000001
W1010 10:35:58.555168 18890752 log_reader.cc:217] T 9cd834df5c9f41b091ffb845bd6122ec P 6b460ba950654300b6c50d93f25aea31: Log segment /Users/nag/yb/yugabyte-data/node2/yb-data/tserver/wals/table-f80c17935cc9489ab3c6c05dceb25976/tablet-9cd834df5c9f41b091ffb845bd6122ec/wal-000000001 was likely left in-progressafter a previous crash. Will try to reuse this segment as writable active segment
I1010 10:35:58.555212 16207872 log.cc:722] T f27eef4b471b4c3c800523a8cd4a34f7 P 6b460ba950654300b6c50d93f25aea31: Opened existing logs. Last segment is /Users/nag/yb/yugabyte-data/node2/yb-data/tserver/wals/table-f80c17935cc9489ab3c6c05dceb25976/tablet-f27eef4b471b4c3c800523a8cd4a34f7/wal-000000001
W1010 10:35:58.555253 18354176 log_reader.cc:217] T 5aab7c3da55c4174a9735369225d0c54 P 6b460ba950654300b6c50d93f25aea31: Log segment /Users/nag/yb/yugabyte-data/node2/yb-data/tserver/wals/table-f80c17935cc9489ab3c6c05dceb25976/tablet-5aab7c3da55c4174a9735369225d0c54/wal-000000001 was likely left in-progressafter a previous crash. Will try to reuse this segment as writable active segment
I1010 10:35:58.555280 19427328 log_util.cc:702] Ignoring partially flushed segment in write ahead log /Users/nag/yb/yugabyte-data/node2/yb-data/tserver/wals/table-f80c17935cc9489ab3c6c05dceb25976/tablet-30fedb9fed834e6d975c43711c3f6fd9/wal-000000002 because there are no log entries following this one. The server probably crashed in the middle of writing an entry to the write-ahead log or downloaded an active log via remote bootstrap. Error detail: Corruption (yb/consensus/log_util.cc:912): Invalid checksum in log entry head header: found=0, computed=2351477386: Failed trying to read batch #3 at offset 193 for log segment /Users/nag/yb/yugabyte-data/node2/yb-data/tserver/wals/table-f80c17935cc9489ab3c6c05dceb25976/tablet-30fedb9fed834e6d975c43711c3f6fd9/wal-000000002: Prior batch offsets: 109 167 193; Last log entries read: [REPLICATE (4.6)]
I1010 10:35:58.555310 19963904 tablet_bootstrap.cc:1238] T 7c7b0e8f396b4659b1f29a4dd140c822 P 6b460ba950654300b6c50d93f25aea31: Flushed DocDB OpIds: { regular: -1.-1 intents: -1.-1 }
I1010 10:35:58.555313 17281024 log_util.cc:841] Found no log entry headers
I1010 10:35:58.555348 18890752 log.cc:722] T 9cd834df5c9f41b091ffb845bd6122ec P 6b460ba950654300b6c50d93f25aea31: Opened existing logs. Last segment is /Users/nag/yb/yugabyte-data/node2/yb-data/tserver/wals/table-f80c17935cc9489ab3c6c05dceb25976/tablet-9cd834df5c9f41b091ffb845bd6122ec/wal-000000001
I1010 10:35:58.555322 17817600 consensus_meta.cc:361] T 4c1e255cf37d4de58ed9d6a6f32e7473 P 6b460ba950654300b6c50d93f25aea31: Updating active role from FOLLOWER to FOLLOWER. Consensus state: current_term: 2 leader_uuid: "" config { opid_index: 4 peers { permanent_uuid: "6b460ba950654300b6c50d93f25aea31" member_type: VOTER last_known_private_addr { host: "127.0.0.2" port: 9100 } cloud_info { placement_cloud: "cloud1" placement_region: "datacenter1" placement_zone: "rack1" } } peers { permanent_uuid: "d5c37cb1777946179e6692ee5e504715" member_type: VOTER last_known_private_addr { host: "127.0.0.1" port: 9100 } cloud_info { placement_cloud: "cloud1" placement_region: "datacenter1" placement_zone: "rack1" } } peers { permanent_uuid: "23d881032c1249bd803e401a539be0e2" member_type: VOTER last_known_private_addr { host: "127.0.0.3" port: 9100 } cloud_info { placement_cloud: "cloud1" placement_region: "datacenter1" placement_zone: "rack1" } } }, has_pending_config = 0
I1010 10:35:58.555377 16207872 tablet_bootstrap.cc:396] T f27eef4b471b4c3c800523a8cd4a34f7 P 6b460ba950654300b6c50d93f25aea31: Bootstrap optimizer (skip_flushed_entries): op_id_replay_lowest=-1.-1 (regular_op_id=-1.-1, intents_op_id=-1.-1, has_intents_db=0)
I1010 10:35:58.555444 18354176 log.cc:722] T 5aab7c3da55c4174a9735369225d0c54 P 6b460ba950654300b6c50d93f25aea31: Opened existing logs. Last segment is /Users/nag/yb/yugabyte-data/node2/yb-data/tserver/wals/table-f80c17935cc9489ab3c6c05dceb25976/tablet-5aab7c3da55c4174a9735369225d0c54/wal-000000001
I1010 10:35:58.555507 19963904 tablet_bootstrap.cc:1514] T 7c7b0e8f396b4659b1f29a4dd140c822 P 6b460ba950654300b6c50d93f25aea31: Max persistent index in RocksDB's SSTables before bootstrap: regular RocksDB: -1.-1; intents RocksDB: -1.-1
