I1010 00:42:39.165767 96669696 raft_consensus.cc:684] T 00000000000000000000000000000000 P 804ce06c9a15466ca3f003ffe7ec6df2 [term 2 FOLLOWER]: Starting pre-election with config: opid_index: -1 peers { permanent_uuid: "e8b222ca9c514c17b0c8c653014e9169" member_type: VOTER last_known_private_addr { host: "127.0.0.1" port: 7100 } cloud_info { placement_cloud: "cloud1" placement_region: "datacenter1" placement_zone: "rack1" } } peers { permanent_uuid: "3e8eb6bafdb342549e324f48c3b5b69a" member_type: VOTER last_known_private_addr { host: "127.0.0.2" port: 7100 } cloud_info { placement_cloud: "cloud1" placement_region: "datacenter1" placement_zone: "rack1" } } peers { permanent_uuid: "804ce06c9a15466ca3f003ffe7ec6df2" member_type: VOTER last_known_private_addr { host: "127.0.0.3" port: 7100 } cloud_info { placement_cloud: "cloud1" placement_region: "datacenter1" placement_zone: "rack1" } }
I1010 00:42:39.165972 96669696 leader_election.cc:214] T 00000000000000000000000000000000 P 804ce06c9a15466ca3f003ffe7ec6df2 [CANDIDATE]: Term 3 pre-election: Requesting vote from peer e8b222ca9c514c17b0c8c653014e9169
I1010 00:42:39.166229 96669696 leader_election.cc:214] T 00000000000000000000000000000000 P 804ce06c9a15466ca3f003ffe7ec6df2 [CANDIDATE]: Term 3 pre-election: Requesting vote from peer 3e8eb6bafdb342549e324f48c3b5b69a
I1010 00:42:39.169847 104718336 raft_consensus.cc:2421] T 00000000000000000000000000000000 P 804ce06c9a15466ca3f003ffe7ec6df2 [term 2 FOLLOWER]: Pre-election. Granting vote for candidate 3e8eb6bafdb342549e324f48c3b5b69a in term 3
I1010 00:42:39.169905 104718336 leader_election.cc:365] T 00000000000000000000000000000000 P 804ce06c9a15466ca3f003ffe7ec6df2 [CANDIDATE]: Term 3 pre-election: Vote granted by peer 3e8eb6bafdb342549e324f48c3b5b69a
I1010 00:42:39.169931 104718336 leader_election.cc:240] T 00000000000000000000000000000000 P 804ce06c9a15466ca3f003ffe7ec6df2 [CANDIDATE]: Term 3 pre-election: Election decided. Result: candidate won.
I1010 00:42:39.170536 96669696 raft_consensus.cc:3573] T 00000000000000000000000000000000 P 804ce06c9a15466ca3f003ffe7ec6df2 [term 2 FOLLOWER]: Snoozing leader timeout detection for 3.129s
I1010 00:42:39.170631 96669696 raft_consensus.cc:3466] T 00000000000000000000000000000000 P 804ce06c9a15466ca3f003ffe7ec6df2 [term 2 FOLLOWER]: Leader pre-election won for term 3
I1010 00:42:39.170667 96669696 raft_consensus.cc:640] T 00000000000000000000000000000000 P 804ce06c9a15466ca3f003ffe7ec6df2 [term 2 FOLLOWER]: Fail or stepdown of leader e8b222ca9c514c17b0c8c653014e9169 detected. Triggering leader election, mode=NORMAL_ELECTION
I1010 00:42:39.170692 96669696 raft_consensus.cc:3573] T 00000000000000000000000000000000 P 804ce06c9a15466ca3f003ffe7ec6df2 [term 2 FOLLOWER]: Snoozing leader timeout detection for 3.179s
I1010 00:42:39.170718 96669696 raft_consensus.cc:3634] T 00000000000000000000000000000000 P 804ce06c9a15466ca3f003ffe7ec6df2 [term 2 FOLLOWER]: Advancing to term 3
I1010 00:42:39.170750 96669696 consensus_meta.cc:361] T 00000000000000000000000000000000 P 804ce06c9a15466ca3f003ffe7ec6df2: Updating active role from FOLLOWER to FOLLOWER. Consensus state: current_term: 3 leader_uuid: "" config { opid_index: -1 peers { permanent_uuid: "e8b222ca9c514c17b0c8c653014e9169" member_type: VOTER last_known_private_addr { host: "127.0.0.1" port: 7100 } cloud_info { placement_cloud: "cloud1" placement_region: "datacenter1" placement_zone: "rack1" } } peers { permanent_uuid: "3e8eb6bafdb342549e324f48c3b5b69a" member_type: VOTER last_known_private_addr { host: "127.0.0.2" port: 7100 } cloud_info { placement_cloud: "cloud1" placement_region: "datacenter1" placement_zone: "rack1" } } peers { permanent_uuid: "804ce06c9a15466ca3f003ffe7ec6df2" member_type: VOTER last_known_private_addr { host: "127.0.0.3" port: 7100 } cloud_info { placement_cloud: "cloud1" placement_region: "datacenter1" placement_zone: "rack1" } } }, has_pending_config = 0
I1010 00:42:39.171921 96669696 raft_consensus.cc:684] T 00000000000000000000000000000000 P 804ce06c9a15466ca3f003ffe7ec6df2 [term 3 FOLLOWER]: Starting election with config: opid_index: -1 peers { permanent_uuid: "e8b222ca9c514c17b0c8c653014e9169" member_type: VOTER last_known_private_addr { host: "127.0.0.1" port: 7100 } cloud_info { placement_cloud: "cloud1" placement_region: "datacenter1" placement_zone: "rack1" } } peers { permanent_uuid: "3e8eb6bafdb342549e324f48c3b5b69a" member_type: VOTER last_known_private_addr { host: "127.0.0.2" port: 7100 } cloud_info { placement_cloud: "cloud1" placement_region: "datacenter1" placement_zone: "rack1" } } peers { permanent_uuid: "804ce06c9a15466ca3f003ffe7ec6df2" member_type: VOTER last_known_private_addr { host: "127.0.0.3" port: 7100 } cloud_info { placement_cloud: "cloud1" placement_region: "datacenter1" placement_zone: "rack1" } }
I1010 00:42:39.172807 96669696 leader_election.cc:214] T 00000000000000000000000000000000 P 804ce06c9a15466ca3f003ffe7ec6df2 [CANDIDATE]: Term 3 election: Requesting vote from peer e8b222ca9c514c17b0c8c653014e9169
I1010 00:42:39.172861 96669696 leader_election.cc:214] T 00000000000000000000000000000000 P 804ce06c9a15466ca3f003ffe7ec6df2 [CANDIDATE]: Term 3 election: Requesting vote from peer 3e8eb6bafdb342549e324f48c3b5b69a
I1010 00:42:39.177708 101498880 raft_consensus.cc:3031] T 00000000000000000000000000000000 P 804ce06c9a15466ca3f003ffe7ec6df2 [term 3 FOLLOWER]:  Leader election vote request: Denying vote to candidate 3e8eb6bafdb342549e324f48c3b5b69a in current term 3: Already voted for candidate 804ce06c9a15466ca3f003ffe7ec6df2 in this term.
I1010 00:42:39.177834 101498880 raft_consensus.cc:1729] T 00000000000000000000000000000000 P 804ce06c9a15466ca3f003ffe7ec6df2 [term 3 FOLLOWER]: 52656A656374696E672055706461746520726571756573742066726F6D207065657220653862323232636139633531346331376230633863363533303134653931363920666F72206561726C696572207465726D20322E2043757272656E74207465726D20697320332E204F70733A205B5D
I1010 00:42:39.177892 101498880 raft_consensus.cc:1970] T 00000000000000000000000000000000 P 804ce06c9a15466ca3f003ffe7ec6df2 [term 3 FOLLOWER]: Returning from UpdateConsensus because of error: error { code: INVALID_TERM status { code: ILLEGAL_STATE message: "Rejecting Update request from peer e8b222ca9c514c17b0c8c653014e9169 for earlier term 2. Current term is 3. Ops: []" source_file: "../../src/yb/consensus/raft_consensus.cc" source_line: 1728 errors: "00" } }
I1010 00:42:39.178092 101498880 leader_election.cc:379] T 00000000000000000000000000000000 P 804ce06c9a15466ca3f003ffe7ec6df2 [CANDIDATE]: Term 3 election: Vote denied by peer 3e8eb6bafdb342549e324f48c3b5b69a. Message: Invalid argument (yb/consensus/raft_consensus.cc:3029): T 00000000000000000000000000000000 P 3e8eb6bafdb342549e324f48c3b5b69a [term 3 FOLLOWER]:  Leader election vote request: Denying vote to candidate 804ce06c9a15466ca3f003ffe7ec6df2 in current term 3: Already voted for candidate 3e8eb6bafdb342549e324f48c3b5b69a in this term.
I1010 00:42:39.184126 101498880 leader_election.cc:379] T 00000000000000000000000000000000 P 804ce06c9a15466ca3f003ffe7ec6df2 [CANDIDATE]: Term 3 election: Vote denied by peer e8b222ca9c514c17b0c8c653014e9169. Message: Service unavailable (yb/consensus/raft_consensus.cc:3101): T 00000000000000000000000000000000 P e8b222ca9c514c17b0c8c653014e9169 [term 2 LEADER]:  Leader election vote request: Denying vote to candidate 804ce06c9a15466ca3f003ffe7ec6df2 for term 3 because replica is already servicing an update from a current leader or another vote.
I1010 00:42:39.184166 101498880 leader_election.cc:240] T 00000000000000000000000000000000 P 804ce06c9a15466ca3f003ffe7ec6df2 [CANDIDATE]: Term 3 election: Election decided. Result: candidate lost.
I1010 00:42:39.184302 96669696 raft_consensus.cc:3573] T 00000000000000000000000000000000 P 804ce06c9a15466ca3f003ffe7ec6df2 [term 3 FOLLOWER]: Snoozing leader timeout detection for 3.141s
I1010 00:42:39.184370 96669696 raft_consensus.cc:3419] T 00000000000000000000000000000000 P 804ce06c9a15466ca3f003ffe7ec6df2 [term 3 FOLLOWER]: Leader election lost for term 3. Reason: None given. Originator: 
I1010 00:42:42.254590 103108608 raft_consensus.cc:2421] T 00000000000000000000000000000000 P 804ce06c9a15466ca3f003ffe7ec6df2 [term 3 FOLLOWER]: Pre-election. Granting vote for candidate 3e8eb6bafdb342549e324f48c3b5b69a in term 4
I1010 00:42:42.257282 101498880 raft_consensus.cc:3634] T 00000000000000000000000000000000 P 804ce06c9a15466ca3f003ffe7ec6df2 [term 3 FOLLOWER]: Advancing to term 4
I1010 00:42:42.257345 101498880 consensus_meta.cc:361] T 00000000000000000000000000000000 P 804ce06c9a15466ca3f003ffe7ec6df2: Updating active role from FOLLOWER to FOLLOWER. Consensus state: current_term: 4 leader_uuid: "" config { opid_index: -1 peers { permanent_uuid: "e8b222ca9c514c17b0c8c653014e9169" member_type: VOTER last_known_private_addr { host: "127.0.0.1" port: 7100 } cloud_info { placement_cloud: "cloud1" placement_region: "datacenter1" placement_zone: "rack1" } } peers { permanent_uuid: "3e8eb6bafdb342549e324f48c3b5b69a" member_type: VOTER last_known_private_addr { host: "127.0.0.2" port: 7100 } cloud_info { placement_cloud: "cloud1" placement_region: "datacenter1" placement_zone: "rack1" } } peers { permanent_uuid: "804ce06c9a15466ca3f003ffe7ec6df2" member_type: VOTER last_known_private_addr { host: "127.0.0.3" port: 7100 } cloud_info { placement_cloud: "cloud1" placement_region: "datacenter1" placement_zone: "rack1" } } }, has_pending_config = 0
I1010 00:42:42.258214 101498880 raft_consensus.cc:3573] T 00000000000000000000000000000000 P 804ce06c9a15466ca3f003ffe7ec6df2 [term 4 FOLLOWER]: Snoozing leader timeout detection for 3.199s
I1010 00:42:42.259066 101498880 raft_consensus.cc:3123] T 00000000000000000000000000000000 P 804ce06c9a15466ca3f003ffe7ec6df2 [term 4 FOLLOWER]:  Leader election vote request: Granting yes vote for candidate 3e8eb6bafdb342549e324f48c3b5b69a in term 4.
I1010 00:42:42.260697 104718336 raft_consensus.cc:1754] T 00000000000000000000000000000000 P 804ce06c9a15466ca3f003ffe7ec6df2 [term 4 FOLLOWER]: Refusing update from remote peer 3e8eb6bafdb342549e324f48c3b5b69a: Log matching property violated. Preceding OpId in replica: 2.601. Preceding OpId from leader: 4.602. (index mismatch)
I1010 00:42:42.260735 104718336 raft_consensus.cc:1970] T 00000000000000000000000000000000 P 804ce06c9a15466ca3f003ffe7ec6df2 [term 4 FOLLOWER]: Returning from UpdateConsensus because of error: error { code: PRECEDING_ENTRY_DIDNT_MATCH status { code: ILLEGAL_STATE message: "Log matching property violated. Preceding OpId in replica: 2.601. Preceding OpId from leader: 4.602. (index mismatch)" source_file: "../../src/yb/consensus/raft_consensus.cc" source_line: 1752 errors: "00" } }
I1010 00:42:42.261329 103108608 consensus_meta.cc:361] T 00000000000000000000000000000000 P 804ce06c9a15466ca3f003ffe7ec6df2: Updating active role from FOLLOWER to FOLLOWER. Consensus state: current_term: 4 leader_uuid: "3e8eb6bafdb342549e324f48c3b5b69a" config { opid_index: -1 peers { permanent_uuid: "e8b222ca9c514c17b0c8c653014e9169" member_type: VOTER last_known_private_addr { host: "127.0.0.1" port: 7100 } cloud_info { placement_cloud: "cloud1" placement_region: "datacenter1" placement_zone: "rack1" } } peers { permanent_uuid: "3e8eb6bafdb342549e324f48c3b5b69a" member_type: VOTER last_known_private_addr { host: "127.0.0.2" port: 7100 } cloud_info { placement_cloud: "cloud1" placement_region: "datacenter1" placement_zone: "rack1" } } peers { permanent_uuid: "804ce06c9a15466ca3f003ffe7ec6df2" member_type: VOTER last_known_private_addr { host: "127.0.0.3" port: 7100 } cloud_info { placement_cloud: "cloud1" placement_region: "datacenter1" placement_zone: "rack1" } } }, has_pending_config = 0
I1010 00:42:42.261391 103108608 raft_consensus.cc:3519] T 00000000000000000000000000000000 P 804ce06c9a15466ca3f003ffe7ec6df2 [term 4 FOLLOWER]: Calling mark dirty synchronously for reason code NEW_LEADER_ELECTED
I1010 00:42:42.261412 103108608 sys_catalog.cc:429] T 00000000000000000000000000000000 P 804ce06c9a15466ca3f003ffe7ec6df2 [sys.catalog]: SysCatalogTable state changed. Locked=1. Reason: New leader 3e8eb6bafdb342549e324f48c3b5b69a elected. Latest consensus state: current_term: 4 leader_uuid: "3e8eb6bafdb342549e324f48c3b5b69a" config { opid_index: -1 peers { permanent_uuid: "e8b222ca9c514c17b0c8c653014e9169" member_type: VOTER last_known_private_addr { host: "127.0.0.1" port: 7100 } cloud_info { placement_cloud: "cloud1" placement_region: "datacenter1" placement_zone: "rack1" } } peers { permanent_uuid: "3e8eb6bafdb342549e324f48c3b5b69a" member_type: VOTER last_known_private_addr { host: "127.0.0.2" port: 7100 } cloud_info { placement_cloud: "cloud1" placement_region: "datacenter1" placement_zone: "rack1" } } peers { permanent_uuid: "804ce06c9a15466ca3f003ffe7ec6df2" member_type: VOTER last_known_private_addr { host: "127.0.0.3" port: 7100 } cloud_info { placement_cloud: "cloud1" placement_region: "datacenter1" placement_zone: "rack1" } } }
I1010 00:42:42.261459 103108608 sys_catalog.cc:433] T 00000000000000000000000000000000 P 804ce06c9a15466ca3f003ffe7ec6df2 [sys.catalog]: This master's current role is: FOLLOWER
I1010 00:42:42.261665 98279424 client-internal.cc:2860] New master addresses: [127.0.0.1:7100,127.0.0.2:7100,127.0.0.3:7100, 127.0.0.1:7100, 127.0.0.2:7100, 127.0.0.3:7100]
I1010 00:42:42.263489 101498880 raft_consensus.cc:3519] T 00000000000000000000000000000000 P 804ce06c9a15466ca3f003ffe7ec6df2 [term 4 FOLLOWER]: Calling mark dirty synchronously for reason code FOLLOWER_NO_OP_COMPLETE
I1010 00:42:42.263535 101498880 sys_catalog.cc:429] T 00000000000000000000000000000000 P 804ce06c9a15466ca3f003ffe7ec6df2 [sys.catalog]: SysCatalogTable state changed. Locked=1. Reason: Replicate of NO_OP complete on follower. Latest consensus state: current_term: 4 leader_uuid: "3e8eb6bafdb342549e324f48c3b5b69a" config { opid_index: -1 peers { permanent_uuid: "e8b222ca9c514c17b0c8c653014e9169" member_type: VOTER last_known_private_addr { host: "127.0.0.1" port: 7100 } cloud_info { placement_cloud: "cloud1" placement_region: "datacenter1" placement_zone: "rack1" } } peers { permanent_uuid: "3e8eb6bafdb342549e324f48c3b5b69a" member_type: VOTER last_known_private_addr { host: "127.0.0.2" port: 7100 } cloud_info { placement_cloud: "cloud1" placement_region: "datacenter1" placement_zone: "rack1" } } peers { permanent_uuid: "804ce06c9a15466ca3f003ffe7ec6df2" member_type: VOTER last_known_private_addr { host: "127.0.0.3" port: 7100 } cloud_info { placement_cloud: "cloud1" placement_region: "datacenter1" placement_zone: "rack1" } } }
I1010 00:42:42.263593 101498880 sys_catalog.cc:433] T 00000000000000000000000000000000 P 804ce06c9a15466ca3f003ffe7ec6df2 [sys.catalog]: This master's current role is: FOLLOWER
W1010 00:42:42.263651 101498880 mvcc.cc:439] T 00000000000000000000000000000000 P 804ce06c9a15466ca3f003ffe7ec6df2: Received propagated safe time { physical: 1728496017015251 } less than the old value: { physical: 1728499955612376 }. This could happen on followers when a new leader is elected.
I1010 01:22:10.035528 88084480 reactor.cc:634] Master_R003: DEBUG: Closing idle connection: Connection (0x000000010cfc68d8) server 127.0.0.2:51836 => 127.0.0.3:7100 - it has been idle for 2367.77s
I1010 01:22:10.035526 87011328 reactor.cc:634] Master_R001: DEBUG: Closing idle connection: Connection (0x000000010cfc6c98) server 127.0.0.3:51824 => 127.0.0.3:7100 - it has been idle for 2368.31s
I1010 01:22:10.035593 87547904 reactor.cc:634] Master_R002: DEBUG: Closing idle connection: Connection (0x000000010cfc63d8) server 127.0.0.1:51831 => 127.0.0.3:7100 - it has been idle for 2368.41s
I1010 01:22:10.035611 86474752 reactor.cc:634] Master_R000: DEBUG: Closing idle connection: Connection (0x000000010cfc6658) server 127.0.0.3:51833 => 127.0.0.3:7100 - it has been idle for 2368.28s
I1010 01:22:10.035692 88621056 reactor.cc:634] Master_R004: DEBUG: Closing idle connection: Connection (0x000000010cfcd698) server 127.0.0.1:51815 => 127.0.0.3:7100 - it has been idle for 2368.47s
I1010 01:22:10.035779 89694208 reactor.cc:634] Master_R006: DEBUG: Closing idle connection: Connection (0x000000010cfc6b58) server 127.0.0.1:51821 => 127.0.0.3:7100 - it has been idle for 2368.48s
I1010 01:22:10.035835 90230784 reactor.cc:634] Master_R007: DEBUG: Closing idle connection: Connection (0x000000010d2b7558) server 127.0.0.2:51752 => 127.0.0.3:7100 - it has been idle for 2341.38s
I1010 01:22:10.035895 89157632 reactor.cc:634] Master_R005: DEBUG: Closing idle connection: Connection (0x000000010cfcc018) server 127.0.0.1:51760 => 127.0.0.3:7100 - it has been idle for 2367.81s
I1010 01:22:10.040136 88084480 reactor.cc:634] Master_R003: DEBUG: Closing idle connection: Connection (0x000000010cfc7198) server 127.0.0.1:51842 => 127.0.0.3:7100 - it has been idle for 2368.37s
I1010 01:22:10.043085 87011328 reactor.cc:634] Master_R001: DEBUG: Closing idle connection: Connection (0x000000010cfc77d8) server 127.0.0.3:51857 => 127.0.0.3:7100 - it has been idle for 2367.71s
I1010 01:22:10.044653 105791488 raft_consensus.cc:1047] T 00000000000000000000000000000000 P 804ce06c9a15466ca3f003ffe7ec6df2 [term 4 FOLLOWER]: ReportFailDetected: Starting NORMAL_ELECTION...
I1010 01:22:10.044695 87547904 reactor.cc:634] Master_R002: DEBUG: Closing idle connection: Connection (0x000000010cfc7b98) server 127.0.0.2:51866 => 127.0.0.3:7100 - it has been idle for 2368.31s
I1010 01:22:10.050496 86474752 reactor.cc:634] Master_R000: DEBUG: Closing idle connection: Connection (0x000000010cfc7918) server 127.0.0.1:51860 => 127.0.0.3:7100 - it has been idle for 2368.28s
I1010 01:22:10.052693 88621056 reactor.cc:634] Master_R004: DEBUG: Closing idle connection: Connection (0x000000010cfc6158) server 127.0.0.2:51827 => 127.0.0.3:7100 - it has been idle for 2368.27s
I1010 01:22:10.055672 90230784 reactor.cc:634] Master_R007: DEBUG: Closing idle connection: Connection (0x000000010cfcca18) server 127.0.0.2:51759 => 127.0.0.3:7100 - it has been idle for 2340.88s
I1010 01:22:10.055745 89694208 reactor.cc:634] Master_R006: DEBUG: Closing idle connection: Connection (0x000000010cfc72d8) server 127.0.0.2:51845 => 127.0.0.3:7100 - it has been idle for 2368.37s
I1010 01:22:10.058785 89157632 reactor.cc:634] Master_R005: DEBUG: Closing idle connection: Connection (0x000000010cfc6dd8) server 127.0.0.2:51820 => 127.0.0.3:7100 - it has been idle for 2368.31s
I1010 01:22:10.059195 87011328 reactor.cc:634] Master_R001: DEBUG: Closing idle connection: Connection (0x000000010cfc7cd8) server 127.0.0.3:51869 => 127.0.0.3:7100 - it has been idle for 2368.41s
I1010 01:22:10.059571 105791488 raft_consensus.cc:640] T 00000000000000000000000000000000 P 804ce06c9a15466ca3f003ffe7ec6df2 [term 4 FOLLOWER]: Fail or stepdown of leader 3e8eb6bafdb342549e324f48c3b5b69a detected. Triggering leader pre-election, mode=NORMAL_ELECTION
I1010 01:22:10.059957 87547904 reactor.cc:634] Master_R002: DEBUG: Closing idle connection: Connection (0x000000010cca43d8) server 127.0.0.3:51881 => 127.0.0.3:7100 - it has been idle for 2368.31s
I1010 01:22:10.062762 86474752 reactor.cc:634] Master_R000: DEBUG: Closing idle connection: Connection (0x000000010cca4518) server 127.0.0.2:51885 => 127.0.0.3:7100 - it has been idle for 2340.38s
I1010 01:22:10.063242 88621056 reactor.cc:634] Master_R004: DEBUG: Closing idle connection: Connection (0x000000010cfc7058) server 127.0.0.3:51839 => 127.0.0.3:7100 - it has been idle for 2368.27s
I1010 01:22:10.063452 90230784 reactor.cc:634] Master_R007: DEBUG: Closing idle connection: Connection (0x000000010cca4018) server 127.0.0.3:51875 => 127.0.0.3:7100 - it has been idle for 2368.38s
I1010 01:22:10.063563 89694208 reactor.cc:634] Master_R006: DEBUG: Closing idle connection: Connection (0x000000010cfc7e18) server 127.0.0.1:51872 => 127.0.0.3:7100 - it has been idle for 2368.27s
I1010 01:22:10.063735 89157632 reactor.cc:634] Master_R005: DEBUG: Closing idle connection: Connection (0x000000010cfc7698) server 127.0.0.1:51854 => 127.0.0.3:7100 - it has been idle for 2368.31s
W1010 01:22:10.063858 87011328 yb_rpc.cc:532] Connection (0x000000010cc8cc98) client 127.0.0.3:51929 => 127.0.0.1:7100: Network error (yb/rpc/yb_rpc.cc:531): Rpc timeout, passed: 2342.710s, timeout: 15.000s, now: 169384.586s, last_read_time_: 167041.876s
I1010 01:22:10.064066 105791488 raft_consensus.cc:3573] T 00000000000000000000000000000000 P 804ce06c9a15466ca3f003ffe7ec6df2 [term 4 FOLLOWER]: Snoozing leader timeout detection for 3.067s
I1010 01:22:10.064230 87547904 reactor.cc:634] Master_R002: DEBUG: Closing idle connection: Connection (0x000000010cca4658) server 127.0.0.2:51887 => 127.0.0.3:7100 - it has been idle for 2339.81s
I1010 01:22:10.064512 86474752 reactor.cc:634] Master_R000: DEBUG: Closing idle connection: Connection (0x000000010cca4b58) server 127.0.0.3:51900 => 127.0.0.3:7100 - it has been idle for 2367.78s
I1010 01:22:10.065683 88621056 reactor.cc:634] Master_R004: DEBUG: Closing idle connection: Connection (0x000000010cfc7558) server 127.0.0.2:51851 => 127.0.0.3:7100 - it has been idle for 2368.37s
I1010 01:22:10.066033 90230784 reactor.cc:634] Master_R007: DEBUG: Closing idle connection: Connection (0x000000010cca4158) server 127.0.0.2:51877 => 127.0.0.3:7100 - it has been idle for 2368.28s
I1010 01:22:10.066314 89694208 reactor.cc:634] Master_R006: DEBUG: Closing idle connection: Connection (0x000000010cca48d8) server 127.0.0.2:51893 => 127.0.0.3:7100 - it has been idle for 2338.37s
I1010 01:22:10.066497 89157632 reactor.cc:634] Master_R005: DEBUG: Closing idle connection: Connection (0x000000010cfc7a58) server 127.0.0.2:51863 => 127.0.0.3:7100 - it has been idle for 2368.31s
I1010 01:22:10.068663 88084480 reactor.cc:634] Master_R003: DEBUG: Closing idle connection: Connection (0x000000010cfc7418) server 127.0.0.3:51848 => 127.0.0.3:7100 - it has been idle for 2368.27s
W1010 01:22:11.148443 87011328 yb_rpc.cc:532] Connection (0x000000010b387918) client 127.0.0.3:51897 => 127.0.0.2:7100: Network error (yb/rpc/yb_rpc.cc:531): Rpc timeout, passed: 2342.710s, timeout: 15.000s, now: 169384.586s, last_read_time_: 167041.876s
I1010 01:22:11.149735 105791488 raft_consensus.cc:684] T 00000000000000000000000000000000 P 804ce06c9a15466ca3f003ffe7ec6df2 [term 4 FOLLOWER]: Starting pre-election with config: opid_index: -1 peers { permanent_uuid: "e8b222ca9c514c17b0c8c653014e9169" member_type: VOTER last_known_private_addr { host: "127.0.0.1" port: 7100 } cloud_info { placement_cloud: "cloud1" placement_region: "datacenter1" placement_zone: "rack1" } } peers { permanent_uuid: "3e8eb6bafdb342549e324f48c3b5b69a" member_type: VOTER last_known_private_addr { host: "127.0.0.2" port: 7100 } cloud_info { placement_cloud: "cloud1" placement_region: "datacenter1" placement_zone: "rack1" } } peers { permanent_uuid: "804ce06c9a15466ca3f003ffe7ec6df2" member_type: VOTER last_known_private_addr { host: "127.0.0.3" port: 7100 } cloud_info { placement_cloud: "cloud1" placement_region: "datacenter1" placement_zone: "rack1" } }
I1010 01:22:11.150928 87547904 reactor.cc:634] Master_R002: DEBUG: Closing idle connection: Connection (0x000000010cca4a18) server 127.0.0.2:51894 => 127.0.0.3:7100 - it has been idle for 2338.81s
I1010 01:22:11.151721 86474752 reactor.cc:634] Master_R000: DEBUG: Closing idle connection: Connection (0x000000010d1ecb58) server 127.0.0.3:51901 => 127.0.0.3:7100 - it has been idle for 2367.78s
I1010 01:22:11.152495 88621056 reactor.cc:634] Master_R004: DEBUG: Closing idle connection: Connection (0x000000010cca4798) server 127.0.0.2:51889 => 127.0.0.3:7100 - it has been idle for 2339.37s
I1010 01:22:11.153303 90230784 reactor.cc:634] Master_R007: DEBUG: Closing idle connection: Connection (0x000000010cca4298) server 127.0.0.1:51879 => 127.0.0.3:7100 - it has been idle for 2367.68s
I1010 01:22:11.153995 89694208 reactor.cc:634] Master_R006: DEBUG: Closing idle connection: Connection (0x000000010d1ecdd8) server 127.0.0.2:51907 => 127.0.0.3:7100 - it has been idle for 2341.87s
I1010 01:22:11.154757 89157632 reactor.cc:634] Master_R005: DEBUG: Closing idle connection: Connection (0x000000010d1ed058) server 127.0.0.3:51916 => 127.0.0.3:7100 - it has been idle for 2367.81s
I1010 01:22:11.159081 88084480 reactor.cc:634] Master_R003: DEBUG: Closing idle connection: Connection (0x000000010d1ed558) server 127.0.0.3:51930 => 127.0.0.3:7100 - it has been idle for 2367.77s
W1010 01:22:11.166214 87011328 yb_rpc.cc:532] Connection (0x000000010b50e8d8) client 127.0.0.3:51900 => 127.0.0.3:7100: Network error (yb/rpc/yb_rpc.cc:531): Rpc timeout, passed: 2342.609s, timeout: 15.000s, now: 169384.586s, last_read_time_: 167041.977s
I1010 01:22:11.167459 105791488 leader_election.cc:214] T 00000000000000000000000000000000 P 804ce06c9a15466ca3f003ffe7ec6df2 [CANDIDATE]: Term 5 pre-election: Requesting vote from peer e8b222ca9c514c17b0c8c653014e9169
I1010 01:22:11.167852 87547904 reactor.cc:634] Master_R002: DEBUG: Closing idle connection: Connection (0x000000010d1ecc98) server 127.0.0.1:51903 => 127.0.0.3:7100 - it has been idle for 2367.81s
W1010 01:22:11.168329 86474752 yb_rpc.cc:532] Connection (0x000000010cfc6a18) client 127.0.0.3:51926 => 127.0.0.1:7100: Network error (yb/rpc/yb_rpc.cc:531): Rpc timeout, passed: 2342.781s, timeout: 15.000s, now: 169384.586s, last_read_time_: 167041.805s
I1010 01:22:11.168747 88621056 reactor.cc:634] Master_R004: DEBUG: Closing idle connection: Connection (0x000000010d1ecf18) server 127.0.0.1:51909 => 127.0.0.3:7100 - it has been idle for 2367.77s
I1010 01:22:11.169103 90230784 reactor.cc:634] Master_R007: DEBUG: Closing idle connection: Connection (0x000000010d1ed418) server 127.0.0.1:51923 => 127.0.0.3:7100 - it has been idle for 2367.78s
W1010 01:22:11.169661 89694208 yb_rpc.cc:532] Connection (0x000000010cfcc518) client 127.0.0.3:51915 => 127.0.0.1:7100: Network error (yb/rpc/yb_rpc.cc:531): Rpc timeout, passed: 2342.575s, timeout: 15.000s, now: 169384.587s, last_read_time_: 167042.011s
I1010 01:22:11.173873 89157632 reactor.cc:634] Master_R005: DEBUG: Closing idle connection: Connection (0x000000010d1ed7d8) server 127.0.0.1:51936 => 127.0.0.3:7100 - it has been idle for 2367.81s
I1010 01:22:11.179622 88084480 reactor.cc:634] Master_R003: DEBUG: Closing idle connection: Connection (0x000000010d1ed698) server 127.0.0.3:51931 => 127.0.0.3:7100 - it has been idle for 2367.77s
I1010 01:22:11.180604 105791488 leader_election.cc:214] T 00000000000000000000000000000000 P 804ce06c9a15466ca3f003ffe7ec6df2 [CANDIDATE]: Term 5 pre-election: Requesting vote from peer 3e8eb6bafdb342549e324f48c3b5b69a
I1010 01:22:11.180898 87547904 reactor.cc:634] Master_R002: DEBUG: Closing idle connection: Connection (0x000000010cc8d7d8) server 127.0.0.3:51939 => 127.0.0.3:7100 - it has been idle for 2367.81s
I1010 01:22:11.181360 88621056 reactor.cc:634] Master_R004: DEBUG: Closing idle connection: Connection (0x000000010d1ed198) server 127.0.0.3:51917 => 127.0.0.3:7100 - it has been idle for 2367.77s
W1010 01:22:11.181345 86474752 yb_rpc.cc:532] Connection (0x000000010cfc6298) client 127.0.0.3:51757 => 127.0.0.2:7100: Network error (yb/rpc/yb_rpc.cc:531): Rpc timeout, passed: 2342.681s, timeout: 15.000s, now: 169384.586s, last_read_time_: 167041.905s
W1010 01:22:11.181556 90230784 yb_rpc.cc:532] Connection (0x000000010d1edb98) client 127.0.0.3:51913 => 127.0.0.1:7100: Network error (yb/rpc/yb_rpc.cc:531): Rpc timeout, passed: 2342.576s, timeout: 15.000s, now: 169384.587s, last_read_time_: 167042.010s
W1010 01:22:11.181761 89694208 yb_rpc.cc:532] Connection (0x000000010b50e518) client 127.0.0.3:51930 => 127.0.0.3:7100: Network error (yb/rpc/yb_rpc.cc:531): Rpc timeout, passed: 2342.675s, timeout: 15.000s, now: 169384.587s, last_read_time_: 167041.911s
W1010 01:22:11.182061 89157632 yb_rpc.cc:532] Connection (0x000000010cc8ca18) client 127.0.0.3:51931 => 127.0.0.3:7100: Network error (yb/rpc/yb_rpc.cc:531): Rpc timeout, passed: 2342.710s, timeout: 15.000s, now: 169384.587s, last_read_time_: 167041.876s
I1010 01:22:11.182297 88084480 reactor.cc:634] Master_R003: DEBUG: Closing idle connection: Connection (0x000000010cc8da58) server 127.0.0.1:51941 => 127.0.0.3:7100 - it has been idle for 2367.77s
I1010 01:22:11.182633 87547904 reactor.cc:634] Master_R002: DEBUG: Closing idle connection: Connection (0x000000010cc8d918) server 127.0.0.3:51938 => 127.0.0.3:7100 - it has been idle for 2367.81s
I1010 01:22:11.182754 88621056 reactor.cc:634] Master_R004: DEBUG: Closing idle connection: Connection (0x000000010d1ed2d8) server 127.0.0.1:51921 => 127.0.0.3:7100 - it has been idle for 2367.77s
W1010 01:22:11.182960 86474752 yb_rpc.cc:532] Connection (0x000000010cfc6f18) client 127.0.0.3:51939 => 127.0.0.3:7100: Network error (yb/rpc/yb_rpc.cc:531): Rpc timeout, passed: 2342.681s, timeout: 15.000s, now: 169384.586s, last_read_time_: 167041.905s
W1010 01:22:11.183108 90230784 yb_rpc.cc:532] Connection (0x000000010cc8d2d8) client 127.0.0.3:51938 => 127.0.0.3:7100: Network error (yb/rpc/yb_rpc.cc:531): Rpc timeout, passed: 2342.678s, timeout: 15.000s, now: 169384.587s, last_read_time_: 167041.909s
W1010 01:22:11.183322 89694208 yb_rpc.cc:532] Connection (0x000000010cfccc98) client 127.0.0.3:51928 => 127.0.0.2:7100: Network error (yb/rpc/yb_rpc.cc:531): Rpc timeout, passed: 2342.575s, timeout: 15.000s, now: 169384.587s, last_read_time_: 167042.011s
W1010 01:22:11.183403 89157632 yb_rpc.cc:532] Connection (0x000000010cc8c8d8) client 127.0.0.3:51927 => 127.0.0.2:7100: Network error (yb/rpc/yb_rpc.cc:531): Rpc timeout, passed: 2342.610s, timeout: 15.000s, now: 169384.587s, last_read_time_: 167041.977s
W1010 01:22:11.183557 88084480 yb_rpc.cc:532] Connection (0x000000010d1ede18) client 127.0.0.3:51916 => 127.0.0.3:7100: Network error (yb/rpc/yb_rpc.cc:531): Rpc timeout, passed: 2342.669s, timeout: 15.000s, now: 169384.586s, last_read_time_: 167041.917s
W1010 01:22:11.183701 87547904 yb_rpc.cc:532] Connection (0x000000010cef77d8) client 127.0.0.3:51754 => 127.0.0.1:7100: Network error (yb/rpc/yb_rpc.cc:531): Rpc timeout, passed: 2342.809s, timeout: 15.000s, now: 169384.586s, last_read_time_: 167041.777s
I1010 01:22:11.184113 88621056 reactor.cc:634] Master_R004: DEBUG: Closing idle connection: Connection (0x000000010cc8db98) server 127.0.0.1:51944 => 127.0.0.3:7100 - it has been idle for 2367.77s
W1010 01:22:11.184233 90230784 yb_rpc.cc:532] Connection (0x000000010cfc6518) client 127.0.0.3:51755 => 127.0.0.2:7100: Network error (yb/rpc/yb_rpc.cc:531): Rpc timeout, passed: 2342.576s, timeout: 15.000s, now: 169384.587s, last_read_time_: 167042.010s
W1010 01:22:11.184592 89157632 yb_rpc.cc:532] Connection (0x000000010d2b6a18) client 127.0.0.3:51898 => 127.0.0.1:7100: Network error (yb/rpc/yb_rpc.cc:531): Rpc timeout, passed: 2342.509s, timeout: 15.000s, now: 169384.587s, last_read_time_: 167042.077s
W1010 01:22:11.184751 88084480 yb_rpc.cc:532] Connection (0x000000010d1edcd8) client 127.0.0.3:51912 => 127.0.0.2:7100: Network error (yb/rpc/yb_rpc.cc:531): Rpc timeout, passed: 2342.669s, timeout: 15.000s, now: 169384.586s, last_read_time_: 167041.917s
W1010 01:22:11.184883 87547904 yb_rpc.cc:532] Connection (0x000000010b386a18) client 127.0.0.3:51901 => 127.0.0.3:7100: Network error (yb/rpc/yb_rpc.cc:531): Rpc timeout, passed: 2342.609s, timeout: 15.000s, now: 169384.586s, last_read_time_: 167041.977s
W1010 01:22:11.185000 88621056 yb_rpc.cc:532] Connection (0x000000010d1eca18) client 127.0.0.3:51914 => 127.0.0.2:7100: Network error (yb/rpc/yb_rpc.cc:531): Rpc timeout, passed: 2342.669s, timeout: 15.000s, now: 169384.587s, last_read_time_: 167041.917s
W1010 01:22:11.185444 88084480 yb_rpc.cc:532] Connection (0x000000010cfcc658) client 127.0.0.3:51756 => 127.0.0.1:7100: Network error (yb/rpc/yb_rpc.cc:531): Rpc timeout, passed: 2342.567s, timeout: 15.000s, now: 169384.586s, last_read_time_: 167042.018s
W1010 01:22:11.185619 87547904 yb_rpc.cc:532] Connection (0x000000010cef7418) client 127.0.0.3:51899 => 127.0.0.2:7100: Network error (yb/rpc/yb_rpc.cc:531): Rpc timeout, passed: 2342.609s, timeout: 15.000s, now: 169384.586s, last_read_time_: 167041.977s
W1010 01:22:11.189553 88621056 yb_rpc.cc:532] Connection (0x000000010cc8c018) client 127.0.0.3:51917 => 127.0.0.3:7100: Network error (yb/rpc/yb_rpc.cc:531): Rpc timeout, passed: 2342.471s, timeout: 15.000s, now: 169384.587s, last_read_time_: 167042.115s
W1010 01:22:11.191824 88621056 yb_rpc.cc:532] Connection (0x000000010d1ec8d8) client 127.0.0.3:51896 => 127.0.0.1:7100: Network error (yb/rpc/yb_rpc.cc:531): Rpc timeout, passed: 2342.471s, timeout: 15.000s, now: 169384.587s, last_read_time_: 167042.115s
I1010 01:22:11.194288 104718336 raft_consensus.cc:2421] T 00000000000000000000000000000000 P 804ce06c9a15466ca3f003ffe7ec6df2 [term 4 FOLLOWER]: Pre-election. Granting vote for candidate e8b222ca9c514c17b0c8c653014e9169 in term 5
I1010 01:22:11.204591 101498880 leader_election.cc:379] T 00000000000000000000000000000000 P 804ce06c9a15466ca3f003ffe7ec6df2 [CANDIDATE]: Term 5 pre-election: Vote denied by peer 3e8eb6bafdb342549e324f48c3b5b69a. Message: Invalid argument (yb/consensus/raft_consensus.cc:3087): T 00000000000000000000000000000000 P 3e8eb6bafdb342549e324f48c3b5b69a [term 4 LEADER]:  Leader pre-election vote request: Denying vote to candidate 804ce06c9a15466ca3f003ffe7ec6df2 for term 5 because replica believes a valid leader to be alive (leader uuid: 3e8eb6bafdb342549e324f48c3b5b69a). Time left: 9223202651.100s
W1010 01:22:11.205468 104718336 leader_election.cc:338] T 00000000000000000000000000000000 P 804ce06c9a15466ca3f003ffe7ec6df2 [CANDIDATE]: Term 5 pre-election: Vote denied by peer e8b222ca9c514c17b0c8c653014e9169 with higher term. Message: Invalid argument (yb/consensus/raft_consensus.cc:3087): T 00000000000000000000000000000000 P e8b222ca9c514c17b0c8c653014e9169 [term 5 FOLLOWER]:  Leader pre-election vote request: Denying vote to candidate 804ce06c9a15466ca3f003ffe7ec6df2 for term 5 because replica believes a valid leader to be alive (leader uuid: ). Time left: 2.990s
I1010 01:22:11.205546 104718336 leader_election.cc:341] T 00000000000000000000000000000000 P 804ce06c9a15466ca3f003ffe7ec6df2 [CANDIDATE]: Term 5 pre-election: Cancelling election due to peer responding with higher term
I1010 01:22:11.205863 105791488 raft_consensus.cc:3573] T 00000000000000000000000000000000 P 804ce06c9a15466ca3f003ffe7ec6df2 [term 4 FOLLOWER]: Snoozing leader timeout detection for 3.289s
I1010 01:22:11.205952 105791488 raft_consensus.cc:3419] T 00000000000000000000000000000000 P 804ce06c9a15466ca3f003ffe7ec6df2 [term 4 FOLLOWER]: Leader Pre-election lost for term 5. Reason: Vote denied by peer e8b222ca9c514c17b0c8c653014e9169 with higher term. Message: Invalid argument (yb/consensus/raft_consensus.cc:3087): T 00000000000000000000000000000000 P e8b222ca9c514c17b0c8c653014e9169 [term 5 FOLLOWER]:  Leader pre-election vote request: Denying vote to candidate 804ce06c9a15466ca3f003ffe7ec6df2 for term 5 because replica believes a valid leader to be alive (leader uuid: ). Time left: 2.990s. Originator: 
I1010 01:22:11.205986 105791488 raft_consensus.cc:3634] T 00000000000000000000000000000000 P 804ce06c9a15466ca3f003ffe7ec6df2 [term 4 FOLLOWER]: Advancing to term 5
I1010 01:22:11.206020 105791488 consensus_meta.cc:361] T 00000000000000000000000000000000 P 804ce06c9a15466ca3f003ffe7ec6df2: Updating active role from FOLLOWER to FOLLOWER. Consensus state: current_term: 5 leader_uuid: "" config { opid_index: -1 peers { permanent_uuid: "e8b222ca9c514c17b0c8c653014e9169" member_type: VOTER last_known_private_addr { host: "127.0.0.1" port: 7100 } cloud_info { placement_cloud: "cloud1" placement_region: "datacenter1" placement_zone: "rack1" } } peers { permanent_uuid: "3e8eb6bafdb342549e324f48c3b5b69a" member_type: VOTER last_known_private_addr { host: "127.0.0.2" port: 7100 } cloud_info { placement_cloud: "cloud1" placement_region: "datacenter1" placement_zone: "rack1" } } peers { permanent_uuid: "804ce06c9a15466ca3f003ffe7ec6df2" member_type: VOTER last_known_private_addr { host: "127.0.0.3" port: 7100 } cloud_info { placement_cloud: "cloud1" placement_region: "datacenter1" placement_zone: "rack1" } } }, has_pending_config = 0
I1010 01:22:11.207527 103108608 raft_consensus.cc:3086] T 00000000000000000000000000000000 P 804ce06c9a15466ca3f003ffe7ec6df2 [term 5 FOLLOWER]:  Leader election vote request: Denying vote to candidate e8b222ca9c514c17b0c8c653014e9169 for term 5 because replica believes a valid leader to be alive (leader uuid: ). Time left: 2.991s
I1010 01:22:11.219826 101498880 raft_consensus.cc:1729] T 00000000000000000000000000000000 P 804ce06c9a15466ca3f003ffe7ec6df2 [term 5 FOLLOWER]: 52656A656374696E672055706461746520726571756573742066726F6D207065657220336538656236626166646233343235343965333234663438633362356236396120666F72206561726C696572207465726D20342E2043757272656E74207465726D20697320352E204F70733A205B342E3633342D342E3633345D
I1010 01:22:11.219902 101498880 raft_consensus.cc:1970] T 00000000000000000000000000000000 P 804ce06c9a15466ca3f003ffe7ec6df2 [term 5 FOLLOWER]: Returning from UpdateConsensus because of error: error { code: INVALID_TERM status { code: ILLEGAL_STATE message: "Rejecting Update request from peer 3e8eb6bafdb342549e324f48c3b5b69a for earlier term 4. Current term is 5. Ops: [4.634-4.634]" source_file: "../../src/yb/consensus/raft_consensus.cc" source_line: 1728 errors: "00" } }
I1010 01:22:14.379415 104718336 raft_consensus.cc:2421] T 00000000000000000000000000000000 P 804ce06c9a15466ca3f003ffe7ec6df2 [term 5 FOLLOWER]: Pre-election. Granting vote for candidate e8b222ca9c514c17b0c8c653014e9169 in term 6
I1010 01:22:14.383618 103108608 raft_consensus.cc:3634] T 00000000000000000000000000000000 P 804ce06c9a15466ca3f003ffe7ec6df2 [term 5 FOLLOWER]: Advancing to term 6
I1010 01:22:14.383678 103108608 consensus_meta.cc:361] T 00000000000000000000000000000000 P 804ce06c9a15466ca3f003ffe7ec6df2: Updating active role from FOLLOWER to FOLLOWER. Consensus state: current_term: 6 leader_uuid: "" config { opid_index: -1 peers { permanent_uuid: "e8b222ca9c514c17b0c8c653014e9169" member_type: VOTER last_known_private_addr { host: "127.0.0.1" port: 7100 } cloud_info { placement_cloud: "cloud1" placement_region: "datacenter1" placement_zone: "rack1" } } peers { permanent_uuid: "3e8eb6bafdb342549e324f48c3b5b69a" member_type: VOTER last_known_private_addr { host: "127.0.0.2" port: 7100 } cloud_info { placement_cloud: "cloud1" placement_region: "datacenter1" placement_zone: "rack1" } } peers { permanent_uuid: "804ce06c9a15466ca3f003ffe7ec6df2" member_type: VOTER last_known_private_addr { host: "127.0.0.3" port: 7100 } cloud_info { placement_cloud: "cloud1" placement_region: "datacenter1" placement_zone: "rack1" } } }, has_pending_config = 0
I1010 01:22:14.384696 103108608 raft_consensus.cc:3573] T 00000000000000000000000000000000 P 804ce06c9a15466ca3f003ffe7ec6df2 [term 6 FOLLOWER]: Snoozing leader timeout detection for 3.340s
I1010 01:22:14.385360 103108608 raft_consensus.cc:3123] T 00000000000000000000000000000000 P 804ce06c9a15466ca3f003ffe7ec6df2 [term 6 FOLLOWER]:  Leader election vote request: Granting yes vote for candidate e8b222ca9c514c17b0c8c653014e9169 in term 6.
I1010 01:22:14.387427 101498880 raft_consensus.cc:1754] T 00000000000000000000000000000000 P 804ce06c9a15466ca3f003ffe7ec6df2 [term 6 FOLLOWER]: Refusing update from remote peer e8b222ca9c514c17b0c8c653014e9169: Log matching property violated. Preceding OpId in replica: 4.633. Preceding OpId from leader: 6.634. (index mismatch)
I1010 01:22:14.387490 101498880 raft_consensus.cc:1970] T 00000000000000000000000000000000 P 804ce06c9a15466ca3f003ffe7ec6df2 [term 6 FOLLOWER]: Returning from UpdateConsensus because of error: error { code: PRECEDING_ENTRY_DIDNT_MATCH status { code: ILLEGAL_STATE message: "Log matching property violated. Preceding OpId in replica: 4.633. Preceding OpId from leader: 6.634. (index mismatch)" source_file: "../../src/yb/consensus/raft_consensus.cc" source_line: 1752 errors: "00" } }
I1010 01:22:14.388374 104718336 consensus_meta.cc:361] T 00000000000000000000000000000000 P 804ce06c9a15466ca3f003ffe7ec6df2: Updating active role from FOLLOWER to FOLLOWER. Consensus state: current_term: 6 leader_uuid: "e8b222ca9c514c17b0c8c653014e9169" config { opid_index: -1 peers { permanent_uuid: "e8b222ca9c514c17b0c8c653014e9169" member_type: VOTER last_known_private_addr { host: "127.0.0.1" port: 7100 } cloud_info { placement_cloud: "cloud1" placement_region: "datacenter1" placement_zone: "rack1" } } peers { permanent_uuid: "3e8eb6bafdb342549e324f48c3b5b69a" member_type: VOTER last_known_private_addr { host: "127.0.0.2" port: 7100 } cloud_info { placement_cloud: "cloud1" placement_region: "datacenter1" placement_zone: "rack1" } } peers { permanent_uuid: "804ce06c9a15466ca3f003ffe7ec6df2" member_type: VOTER last_known_private_addr { host: "127.0.0.3" port: 7100 } cloud_info { placement_cloud: "cloud1" placement_region: "datacenter1" placement_zone: "rack1" } } }, has_pending_config = 0
I1010 01:22:14.388453 104718336 raft_consensus.cc:3519] T 00000000000000000000000000000000 P 804ce06c9a15466ca3f003ffe7ec6df2 [term 6 FOLLOWER]: Calling mark dirty synchronously for reason code NEW_LEADER_ELECTED
I1010 01:22:14.388480 104718336 sys_catalog.cc:429] T 00000000000000000000000000000000 P 804ce06c9a15466ca3f003ffe7ec6df2 [sys.catalog]: SysCatalogTable state changed. Locked=1. Reason: New leader e8b222ca9c514c17b0c8c653014e9169 elected. Latest consensus state: current_term: 6 leader_uuid: "e8b222ca9c514c17b0c8c653014e9169" config { opid_index: -1 peers { permanent_uuid: "e8b222ca9c514c17b0c8c653014e9169" member_type: VOTER last_known_private_addr { host: "127.0.0.1" port: 7100 } cloud_info { placement_cloud: "cloud1" placement_region: "datacenter1" placement_zone: "rack1" } } peers { permanent_uuid: "3e8eb6bafdb342549e324f48c3b5b69a" member_type: VOTER last_known_private_addr { host: "127.0.0.2" port: 7100 } cloud_info { placement_cloud: "cloud1" placement_region: "datacenter1" placement_zone: "rack1" } } peers { permanent_uuid: "804ce06c9a15466ca3f003ffe7ec6df2" member_type: VOTER last_known_private_addr { host: "127.0.0.3" port: 7100 } cloud_info { placement_cloud: "cloud1" placement_region: "datacenter1" placement_zone: "rack1" } } }
I1010 01:22:14.388516 104718336 sys_catalog.cc:433] T 00000000000000000000000000000000 P 804ce06c9a15466ca3f003ffe7ec6df2 [sys.catalog]: This master's current role is: FOLLOWER
I1010 01:22:14.388593 98279424 client-internal.cc:2860] New master addresses: [127.0.0.1:7100,127.0.0.2:7100,127.0.0.3:7100, 127.0.0.1:7100, 127.0.0.2:7100, 127.0.0.3:7100]
I1010 01:22:14.389870 103108608 raft_consensus.cc:3519] T 00000000000000000000000000000000 P 804ce06c9a15466ca3f003ffe7ec6df2 [term 6 FOLLOWER]: Calling mark dirty synchronously for reason code FOLLOWER_NO_OP_COMPLETE
I1010 01:22:14.389931 103108608 sys_catalog.cc:429] T 00000000000000000000000000000000 P 804ce06c9a15466ca3f003ffe7ec6df2 [sys.catalog]: SysCatalogTable state changed. Locked=1. Reason: Replicate of NO_OP complete on follower. Latest consensus state: current_term: 6 leader_uuid: "e8b222ca9c514c17b0c8c653014e9169" config { opid_index: -1 peers { permanent_uuid: "e8b222ca9c514c17b0c8c653014e9169" member_type: VOTER last_known_private_addr { host: "127.0.0.1" port: 7100 } cloud_info { placement_cloud: "cloud1" placement_region: "datacenter1" placement_zone: "rack1" } } peers { permanent_uuid: "3e8eb6bafdb342549e324f48c3b5b69a" member_type: VOTER last_known_private_addr { host: "127.0.0.2" port: 7100 } cloud_info { placement_cloud: "cloud1" placement_region: "datacenter1" placement_zone: "rack1" } } peers { permanent_uuid: "804ce06c9a15466ca3f003ffe7ec6df2" member_type: VOTER last_known_private_addr { host: "127.0.0.3" port: 7100 } cloud_info { placement_cloud: "cloud1" placement_region: "datacenter1" placement_zone: "rack1" } } }
I1010 01:22:14.390005 103108608 sys_catalog.cc:433] T 00000000000000000000000000000000 P 804ce06c9a15466ca3f003ffe7ec6df2 [sys.catalog]: This master's current role is: FOLLOWER
W1010 01:22:14.390079 103108608 mvcc.cc:439] T 00000000000000000000000000000000 P 804ce06c9a15466ca3f003ffe7ec6df2: Received propagated safe time { physical: 1728501162588876 } less than the old value: { physical: 1728501193734165 }. This could happen on followers when a new leader is elected.
I1010 06:15:25.592844 88084480 reactor.cc:634] Master_R003: DEBUG: Closing idle connection: Connection (0x000000010d1eca18) server 127.0.0.1:52036 => 127.0.0.3:7100 - it has been idle for 17590.7s
I1010 06:15:25.592778 87011328 reactor.cc:634] Master_R001: DEBUG: Closing idle connection: Connection (0x000000010cc8de18) server 127.0.0.2:52019 => 127.0.0.3:7100 - it has been idle for 17591.1s
I1010 06:15:25.592783 86474752 reactor.cc:634] Master_R000: DEBUG: Closing idle connection: Connection (0x000000010d1ed418) server 127.0.0.1:52071 => 127.0.0.3:7100 - it has been idle for 17591.9s
I1010 06:15:25.593438 90230784 reactor.cc:634] Master_R007: DEBUG: Closing idle connection: Connection (0x000000010d1ed058) server 127.0.0.3:52069 => 127.0.0.3:7100 - it has been idle for 17591.9s
I1010 06:15:25.592815 87547904 reactor.cc:634] Master_R002: DEBUG: Closing idle connection: Connection (0x000000010d1edcd8) server 127.0.0.2:52051 => 127.0.0.3:7100 - it has been idle for 17591s
I1010 06:15:25.593398 88621056 reactor.cc:634] Master_R004: DEBUG: Closing idle connection: Connection (0x000000010cca4798) server 127.0.0.1:52094 => 127.0.0.3:7100 - it has been idle for 17592s
I1010 06:15:25.592797 89157632 reactor.cc:634] Master_R005: DEBUG: Closing idle connection: Connection (0x000000010d1ed558) server 127.0.0.1:52077 => 127.0.0.3:7100 - it has been idle for 17591.9s
I1010 06:15:25.592804 89694208 reactor.cc:634] Master_R006: DEBUG: Closing idle connection: Connection (0x000000010cc8dcd8) server 127.0.0.1:52005 => 127.0.0.3:7100 - it has been idle for 17591s
I1010 06:15:25.599064 105791488 raft_consensus.cc:1047] T 00000000000000000000000000000000 P 804ce06c9a15466ca3f003ffe7ec6df2 [term 6 FOLLOWER]: ReportFailDetected: Starting NORMAL_ELECTION...
I1010 06:15:25.831507 87011328 reactor.cc:634] Master_R001: DEBUG: Closing idle connection: Connection (0x000000010d1ed198) server 127.0.0.3:52058 => 127.0.0.3:7100 - it has been idle for 17591.9s
I1010 06:15:25.831866 88084480 reactor.cc:634] Master_R003: DEBUG: Closing idle connection: Connection (0x000000010d1ecf18) server 127.0.0.1:52061 => 127.0.0.3:7100 - it has been idle for 17591.9s
I1010 06:15:25.833453 90230784 reactor.cc:634] Master_R007: DEBUG: Closing idle connection: Connection (0x000000010b386a18) server 127.0.0.1:52086 => 127.0.0.3:7100 - it has been idle for 17591.8s
I1010 06:15:25.833637 86474752 reactor.cc:634] Master_R000: DEBUG: Closing idle connection: Connection (0x000000010cca5e18) server 127.0.0.3:52097 => 127.0.0.3:7100 - it has been idle for 17592s
I1010 06:15:25.834297 87547904 reactor.cc:634] Master_R002: DEBUG: Closing idle connection: Connection (0x000000010d1ed2d8) server 127.0.0.1:52064 => 127.0.0.3:7100 - it has been idle for 17591.8s
I1010 06:15:25.834342 88621056 reactor.cc:634] Master_R004: DEBUG: Closing idle connection: Connection (0x000000010cca43d8) server 127.0.0.1:52099 => 127.0.0.3:7100 - it has been idle for 17592s
I1010 06:15:25.835788 89157632 reactor.cc:634] Master_R005: DEBUG: Closing idle connection: Connection (0x000000010b387918) server 127.0.0.3:52089 => 127.0.0.3:7100 - it has been idle for 17591.1s
I1010 06:15:25.843084 89694208 reactor.cc:634] Master_R006: DEBUG: Closing idle connection: Connection (0x000000010d2b7558) server 127.0.0.1:52110 => 127.0.0.3:7100 - it has been idle for 17591s
I1010 06:15:25.843269 105791488 raft_consensus.cc:640] T 00000000000000000000000000000000 P 804ce06c9a15466ca3f003ffe7ec6df2 [term 6 FOLLOWER]: Fail or stepdown of leader e8b222ca9c514c17b0c8c653014e9169 detected. Triggering leader pre-election, mode=NORMAL_ELECTION
I1010 06:15:25.847244 87011328 reactor.cc:634] Master_R001: DEBUG: Closing idle connection: Connection (0x000000010d1ed7d8) server 127.0.0.3:52084 => 127.0.0.3:7100 - it has been idle for 17591.8s
I1010 06:15:26.058286 88084480 reactor.cc:634] Master_R003: DEBUG: Closing idle connection: Connection (0x000000010d1edb98) server 127.0.0.3:52075 => 127.0.0.3:7100 - it has been idle for 17591.9s
I1010 06:15:26.060009 90230784 reactor.cc:634] Master_R007: DEBUG: Closing idle connection: Connection (0x000000010cbed418) server 127.0.0.1:52114 => 127.0.0.3:7100 - it has been idle for 17591.1s
I1010 06:15:26.060233 86474752 reactor.cc:634] Master_R000: DEBUG: Closing idle connection: Connection (0x000000010cca4518) server 127.0.0.1:52106 => 127.0.0.3:7100 - it has been idle for 17591.1s
I1010 06:15:26.060448 87547904 reactor.cc:634] Master_R002: DEBUG: Closing idle connection: Connection (0x000000010d1ed698) server 127.0.0.3:52079 => 127.0.0.3:7100 - it has been idle for 17591.7s
I1010 06:15:26.060604 88621056 reactor.cc:634] Master_R004: DEBUG: Closing idle connection: Connection (0x000000010cca4a18) server 127.0.0.1:52104 => 127.0.0.3:7100 - it has been idle for 17591.1s
I1010 06:15:26.060925 105791488 raft_consensus.cc:3573] T 00000000000000000000000000000000 P 804ce06c9a15466ca3f003ffe7ec6df2 [term 6 FOLLOWER]: Snoozing leader timeout detection for 3.212s
I1010 06:15:26.060937 89157632 reactor.cc:634] Master_R005: DEBUG: Closing idle connection: Connection (0x000000010cca4658) server 127.0.0.3:52101 => 127.0.0.3:7100 - it has been idle for 17592s
I1010 06:15:26.061132 87011328 reactor.cc:634] Master_R001: DEBUG: Closing idle connection: Connection (0x000000010cca4b58) server 127.0.0.1:52107 => 127.0.0.3:7100 - it has been idle for 17591.1s
I1010 06:15:26.061190 88084480 reactor.cc:634] Master_R003: DEBUG: Closing idle connection: Connection (0x000000010cca4298) server 127.0.0.1:52092 => 127.0.0.3:7100 - it has been idle for 17590.8s
