I1010 06:15:26.061360 86474752 reactor.cc:634] Master_R000: DEBUG: Closing idle connection: Connection (0x000000010cfcc518) server 127.0.0.2:52140 => 127.0.0.3:7100 - it has been idle for 17591.1s
I1010 06:15:26.061362 90230784 reactor.cc:634] Master_R007: DEBUG: Closing idle connection: Connection (0x000000010b50f2d8) server 127.0.0.3:52120 => 127.0.0.3:7100 - it has been idle for 17591.1s
I1010 06:15:26.061498 88621056 reactor.cc:634] Master_R004: DEBUG: Closing idle connection: Connection (0x000000010cfc7198) server 127.0.0.2:52137 => 127.0.0.3:7100 - it has been idle for 17591.1s
W1010 06:15:26.061436 87547904 yb_rpc.cc:532] Connection (0x000000010cef7418) client 127.0.0.3:52134 => 127.0.0.1:7100: Network error (yb/rpc/yb_rpc.cc:531): Rpc timeout, passed: 17591.030s, timeout: 15.000s, now: 186979.974s, last_read_time_: 169388.944s
I1010 06:15:26.061527 105791488 raft_consensus.cc:684] T 00000000000000000000000000000000 P 804ce06c9a15466ca3f003ffe7ec6df2 [term 6 FOLLOWER]: Starting pre-election with config: opid_index: -1 peers { permanent_uuid: "e8b222ca9c514c17b0c8c653014e9169" member_type: VOTER last_known_private_addr { host: "127.0.0.1" port: 7100 } cloud_info { placement_cloud: "cloud1" placement_region: "datacenter1" placement_zone: "rack1" } } peers { permanent_uuid: "3e8eb6bafdb342549e324f48c3b5b69a" member_type: VOTER last_known_private_addr { host: "127.0.0.2" port: 7100 } cloud_info { placement_cloud: "cloud1" placement_region: "datacenter1" placement_zone: "rack1" } } peers { permanent_uuid: "804ce06c9a15466ca3f003ffe7ec6df2" member_type: VOTER last_known_private_addr { host: "127.0.0.3" port: 7100 } cloud_info { placement_cloud: "cloud1" placement_region: "datacenter1" placement_zone: "rack1" } }
I1010 06:15:26.061719 89157632 reactor.cc:634] Master_R005: DEBUG: Closing idle connection: Connection (0x000000010cca48d8) server 127.0.0.1:52111 => 127.0.0.3:7100 - it has been idle for 17591.1s
I1010 06:15:26.061735 87011328 reactor.cc:634] Master_R001: DEBUG: Closing idle connection: Connection (0x000000010cfc7558) server 127.0.0.3:52136 => 127.0.0.3:7100 - it has been idle for 17591.1s
I1010 06:15:26.061854 88084480 reactor.cc:634] Master_R003: DEBUG: Closing idle connection: Connection (0x000000010d1ecdd8) server 127.0.0.3:52121 => 127.0.0.3:7100 - it has been idle for 17591.1s
I1010 06:15:26.061991 90230784 reactor.cc:634] Master_R007: DEBUG: Closing idle connection: Connection (0x000000010d1ec158) server 127.0.0.2:52123 => 127.0.0.3:7100 - it has been idle for 17591.1s
I1010 06:15:26.062105 88621056 reactor.cc:634] Master_R004: DEBUG: Closing idle connection: Connection (0x000000010cfcca18) server 127.0.0.3:52146 => 127.0.0.3:7100 - it has been idle for 17591.1s
I1010 06:15:26.068089 86474752 reactor.cc:634] Master_R000: DEBUG: Closing idle connection: Connection (0x000000010cc8d698) server 127.0.0.2:52164 => 127.0.0.3:7100 - it has been idle for 17591.1s
I1010 06:15:26.069911 89694208 reactor.cc:634] Master_R006: DEBUG: Closing idle connection: Connection (0x000000010cc8d558) server 127.0.0.2:52168 => 127.0.0.3:7100 - it has been idle for 17591s
W1010 06:15:26.072861 87547904 yb_rpc.cc:532] Connection (0x000000010cef77d8) client 127.0.0.3:52145 => 127.0.0.2:7100: Network error (yb/rpc/yb_rpc.cc:531): Rpc timeout, passed: 17591.030s, timeout: 15.000s, now: 186979.974s, last_read_time_: 169388.944s
W1010 06:15:26.072976 89157632 yb_rpc.cc:532] Connection (0x000000010d2b6a18) client 127.0.0.3:52117 => 127.0.0.2:7100: Network error (yb/rpc/yb_rpc.cc:531): Rpc timeout, passed: 17591.125s, timeout: 15.000s, now: 186980.063s, last_read_time_: 169388.937s
I1010 06:15:26.073593 88084480 reactor.cc:634] Master_R003: DEBUG: Closing idle connection: Connection (0x000000010cc8cb58) server 127.0.0.2:52163 => 127.0.0.3:7100 - it has been idle for 17591.1s
I1010 06:15:26.073635 87011328 reactor.cc:634] Master_R001: DEBUG: Closing idle connection: Connection (0x000000010cfcc018) server 127.0.0.3:52143 => 127.0.0.3:7100 - it has been idle for 17591.1s
I1010 06:15:26.073822 88621056 reactor.cc:634] Master_R004: DEBUG: Closing idle connection: Connection (0x000000010cfcd698) server 127.0.0.3:52157 => 127.0.0.3:7100 - it has been idle for 17591.1s
I1010 06:15:26.073786 90230784 reactor.cc:634] Master_R007: DEBUG: Closing idle connection: Connection (0x000000010cfc6298) server 127.0.0.2:52127 => 127.0.0.3:7100 - it has been idle for 17591.1s
W1010 06:15:26.074359 86474752 yb_rpc.cc:532] Connection (0x000000010cfc6f18) client 127.0.0.3:52118 => 127.0.0.1:7100: Network error (yb/rpc/yb_rpc.cc:531): Rpc timeout, passed: 17591.125s, timeout: 15.000s, now: 186980.062s, last_read_time_: 169388.937s
W1010 06:15:26.074600 89694208 yb_rpc.cc:532] Connection (0x000000010cfccc98) client 127.0.0.3:52119 => 127.0.0.2:7100: Network error (yb/rpc/yb_rpc.cc:531): Rpc timeout, passed: 17591.038s, timeout: 15.000s, now: 186979.974s, last_read_time_: 169388.936s
W1010 06:15:26.074761 89157632 yb_rpc.cc:532] Connection (0x000000010cfc7a58) client 127.0.0.3:52120 => 127.0.0.3:7100: Network error (yb/rpc/yb_rpc.cc:531): Rpc timeout, passed: 17591.125s, timeout: 15.000s, now: 186980.063s, last_read_time_: 169388.937s
W1010 06:15:26.075357 88621056 yb_rpc.cc:532] Connection (0x000000010d1ec8d8) client 127.0.0.3:52002 => 127.0.0.1:7100: Network error (yb/rpc/yb_rpc.cc:531): Rpc timeout, passed: 17591.117s, timeout: 15.000s, now: 186980.063s, last_read_time_: 169388.945s
W1010 06:15:26.075357 88084480 yb_rpc.cc:532] Connection (0x000000010cfcc658) client 127.0.0.3:52133 => 127.0.0.1:7100: Network error (yb/rpc/yb_rpc.cc:531): Rpc timeout, passed: 17591.120s, timeout: 15.000s, now: 186980.063s, last_read_time_: 169388.942s
I1010 06:15:26.075507 90230784 reactor.cc:634] Master_R007: DEBUG: Closing idle connection: Connection (0x000000010cfc68d8) server 127.0.0.3:52135 => 127.0.0.3:7100 - it has been idle for 17591.1s
W1010 06:15:26.075790 86474752 yb_rpc.cc:532] Connection (0x000000010cfc6658) client 127.0.0.3:52132 => 127.0.0.2:7100: Network error (yb/rpc/yb_rpc.cc:531): Rpc timeout, passed: 17591.125s, timeout: 15.000s, now: 186980.062s, last_read_time_: 169388.937s
W1010 06:15:26.075982 89694208 yb_rpc.cc:532] Connection (0x000000010b50e518) client 127.0.0.3:52121 => 127.0.0.3:7100: Network error (yb/rpc/yb_rpc.cc:531): Rpc timeout, passed: 17591.038s, timeout: 15.000s, now: 186979.974s, last_read_time_: 169388.936s
W1010 06:15:26.076512 89157632 yb_rpc.cc:532] Connection (0x000000010cfc7b98) client 127.0.0.3:52144 => 127.0.0.1:7100: Network error (yb/rpc/yb_rpc.cc:531): Rpc timeout, passed: 17591.125s, timeout: 15.000s, now: 186980.063s, last_read_time_: 169388.937s
W1010 06:15:26.076758 88621056 yb_rpc.cc:532] Connection (0x000000010cc8c018) client 127.0.0.3:52155 => 127.0.0.2:7100: Network error (yb/rpc/yb_rpc.cc:531): Rpc timeout, passed: 17591.117s, timeout: 15.000s, now: 186980.063s, last_read_time_: 169388.945s
W1010 06:15:26.078135 88084480 yb_rpc.cc:532] Connection (0x000000010d1ede18) client 127.0.0.3:52154 => 127.0.0.2:7100: Network error (yb/rpc/yb_rpc.cc:531): Rpc timeout, passed: 17591.120s, timeout: 15.000s, now: 186980.063s, last_read_time_: 169388.942s
W1010 06:15:26.078362 90230784 yb_rpc.cc:532] Connection (0x000000010cfc6518) client 127.0.0.3:52131 => 127.0.0.2:7100: Network error (yb/rpc/yb_rpc.cc:531): Rpc timeout, passed: 17591.125s, timeout: 15.000s, now: 186980.063s, last_read_time_: 169388.937s
W1010 06:15:26.078821 86474752 yb_rpc.cc:532] Connection (0x000000010cfc7918) client 127.0.0.3:52136 => 127.0.0.3:7100: Network error (yb/rpc/yb_rpc.cc:531): Rpc timeout, passed: 17591.125s, timeout: 15.000s, now: 186980.062s, last_read_time_: 169388.937s
W1010 06:15:26.079530 89694208 yb_rpc.cc:532] Connection (0x000000010cf4d558) client 127.0.0.3:52156 => 127.0.0.1:7100: Network error (yb/rpc/yb_rpc.cc:531): Rpc timeout, passed: 17591.038s, timeout: 15.000s, now: 186979.974s, last_read_time_: 169388.936s
W1010 06:15:26.080080 88621056 yb_rpc.cc:532] Connection (0x000000010d0a8798) client 127.0.0.3:52158 => 127.0.0.3:7100: Network error (yb/rpc/yb_rpc.cc:531): Rpc timeout, passed: 17591.117s, timeout: 15.000s, now: 186980.063s, last_read_time_: 169388.945s
W1010 06:15:26.081808 88084480 yb_rpc.cc:532] Connection (0x000000010d0a8018) client 127.0.0.3:52157 => 127.0.0.3:7100: Network error (yb/rpc/yb_rpc.cc:531): Rpc timeout, passed: 17591.120s, timeout: 15.000s, now: 186980.063s, last_read_time_: 169388.942s
W1010 06:15:26.084282 87547904 yb_rpc.cc:532] Connection (0x000000010cf4c298) client 127.0.0.3:52146 => 127.0.0.3:7100: Network error (yb/rpc/yb_rpc.cc:531): Rpc timeout, passed: 17591.030s, timeout: 15.000s, now: 186979.974s, last_read_time_: 169388.944s
I1010 06:15:26.085386 87011328 reactor.cc:634] Master_R001: DEBUG: Closing idle connection: Connection (0x000000010cc8cc98) server 127.0.0.3:52158 => 127.0.0.3:7100 - it has been idle for 17591.1s
I1010 06:15:26.101172 105791488 leader_election.cc:214] T 00000000000000000000000000000000 P 804ce06c9a15466ca3f003ffe7ec6df2 [CANDIDATE]: Term 7 pre-election: Requesting vote from peer e8b222ca9c514c17b0c8c653014e9169
W1010 06:15:26.101855 90230784 yb_rpc.cc:532] Connection (0x000000010cca4158) client 127.0.0.3:52135 => 127.0.0.3:7100: Network error (yb/rpc/yb_rpc.cc:531): Rpc timeout, passed: 17591.125s, timeout: 15.000s, now: 186980.063s, last_read_time_: 169388.937s
W1010 06:15:26.103610 87011328 yb_rpc.cc:532] Connection (0x000000010b50e8d8) client 127.0.0.3:51994 => 127.0.0.2:7100: Network error (yb/rpc/yb_rpc.cc:531): Rpc timeout, passed: 17591.129s, timeout: 15.000s, now: 186980.063s, last_read_time_: 169388.933s
W1010 06:15:26.103932 90230784 yb_rpc.cc:532] Connection (0x000000010cf4db98) client 127.0.0.3:52153 => 127.0.0.1:7100: Network error (yb/rpc/yb_rpc.cc:531): Rpc timeout, passed: 17591.125s, timeout: 15.000s, now: 186980.063s, last_read_time_: 169388.937s
I1010 06:15:26.103982 105791488 leader_election.cc:214] T 00000000000000000000000000000000 P 804ce06c9a15466ca3f003ffe7ec6df2 [CANDIDATE]: Term 7 pre-election: Requesting vote from peer 3e8eb6bafdb342549e324f48c3b5b69a
W1010 06:15:26.104221 87011328 yb_rpc.cc:532] Connection (0x000000010b50f198) client 127.0.0.3:52116 => 127.0.0.1:7100: Network error (yb/rpc/yb_rpc.cc:531): Rpc timeout, passed: 17591.129s, timeout: 15.000s, now: 186980.063s, last_read_time_: 169388.933s
W1010 06:15:26.104637 87011328 yb_rpc.cc:532] Connection (0x000000010b50f058) client 127.0.0.3:52143 => 127.0.0.3:7100: Network error (yb/rpc/yb_rpc.cc:531): Rpc timeout, passed: 17591.129s, timeout: 15.000s, now: 186980.063s, last_read_time_: 169388.933s
I1010 06:15:26.135576 101498880 raft_consensus.cc:2421] T 00000000000000000000000000000000 P 804ce06c9a15466ca3f003ffe7ec6df2 [term 6 FOLLOWER]: Pre-election. Granting vote for candidate 3e8eb6bafdb342549e324f48c3b5b69a in term 7
I1010 06:15:26.141638 104718336 leader_election.cc:365] T 00000000000000000000000000000000 P 804ce06c9a15466ca3f003ffe7ec6df2 [CANDIDATE]: Term 7 pre-election: Vote granted by peer 3e8eb6bafdb342549e324f48c3b5b69a
I1010 06:15:26.159680 104718336 leader_election.cc:240] T 00000000000000000000000000000000 P 804ce06c9a15466ca3f003ffe7ec6df2 [CANDIDATE]: Term 7 pre-election: Election decided. Result: candidate won.
I1010 06:15:26.160112 105791488 raft_consensus.cc:3573] T 00000000000000000000000000000000 P 804ce06c9a15466ca3f003ffe7ec6df2 [term 6 FOLLOWER]: Snoozing leader timeout detection for 3.203s
I1010 06:15:26.192569 105791488 raft_consensus.cc:3466] T 00000000000000000000000000000000 P 804ce06c9a15466ca3f003ffe7ec6df2 [term 6 FOLLOWER]: Leader pre-election won for term 7
I1010 06:15:26.209033 105791488 raft_consensus.cc:640] T 00000000000000000000000000000000 P 804ce06c9a15466ca3f003ffe7ec6df2 [term 6 FOLLOWER]: Fail or stepdown of leader e8b222ca9c514c17b0c8c653014e9169 detected. Triggering leader election, mode=NORMAL_ELECTION
I1010 06:15:26.209089 105791488 raft_consensus.cc:3573] T 00000000000000000000000000000000 P 804ce06c9a15466ca3f003ffe7ec6df2 [term 6 FOLLOWER]: Snoozing leader timeout detection for 3.068s
I1010 06:15:26.209148 105791488 raft_consensus.cc:3634] T 00000000000000000000000000000000 P 804ce06c9a15466ca3f003ffe7ec6df2 [term 6 FOLLOWER]: Advancing to term 7
I1010 06:15:26.209223 105791488 consensus_meta.cc:361] T 00000000000000000000000000000000 P 804ce06c9a15466ca3f003ffe7ec6df2: Updating active role from FOLLOWER to FOLLOWER. Consensus state: current_term: 7 leader_uuid: "" config { opid_index: -1 peers { permanent_uuid: "e8b222ca9c514c17b0c8c653014e9169" member_type: VOTER last_known_private_addr { host: "127.0.0.1" port: 7100 } cloud_info { placement_cloud: "cloud1" placement_region: "datacenter1" placement_zone: "rack1" } } peers { permanent_uuid: "3e8eb6bafdb342549e324f48c3b5b69a" member_type: VOTER last_known_private_addr { host: "127.0.0.2" port: 7100 } cloud_info { placement_cloud: "cloud1" placement_region: "datacenter1" placement_zone: "rack1" } } peers { permanent_uuid: "804ce06c9a15466ca3f003ffe7ec6df2" member_type: VOTER last_known_private_addr { host: "127.0.0.3" port: 7100 } cloud_info { placement_cloud: "cloud1" placement_region: "datacenter1" placement_zone: "rack1" } } }, has_pending_config = 0
I1010 06:15:26.522819 105791488 raft_consensus.cc:684] T 00000000000000000000000000000000 P 804ce06c9a15466ca3f003ffe7ec6df2 [term 7 FOLLOWER]: Starting election with config: opid_index: -1 peers { permanent_uuid: "e8b222ca9c514c17b0c8c653014e9169" member_type: VOTER last_known_private_addr { host: "127.0.0.1" port: 7100 } cloud_info { placement_cloud: "cloud1" placement_region: "datacenter1" placement_zone: "rack1" } } peers { permanent_uuid: "3e8eb6bafdb342549e324f48c3b5b69a" member_type: VOTER last_known_private_addr { host: "127.0.0.2" port: 7100 } cloud_info { placement_cloud: "cloud1" placement_region: "datacenter1" placement_zone: "rack1" } } peers { permanent_uuid: "804ce06c9a15466ca3f003ffe7ec6df2" member_type: VOTER last_known_private_addr { host: "127.0.0.3" port: 7100 } cloud_info { placement_cloud: "cloud1" placement_region: "datacenter1" placement_zone: "rack1" } }
I1010 06:15:26.526033 105791488 leader_election.cc:214] T 00000000000000000000000000000000 P 804ce06c9a15466ca3f003ffe7ec6df2 [CANDIDATE]: Term 7 election: Requesting vote from peer e8b222ca9c514c17b0c8c653014e9169
I1010 06:15:26.526141 103108608 raft_consensus.cc:1729] T 00000000000000000000000000000000 P 804ce06c9a15466ca3f003ffe7ec6df2 [term 7 FOLLOWER]: 52656A656374696E672055706461746520726571756573742066726F6D207065657220653862323232636139633531346331376230633863363533303134653931363920666F72206561726C696572207465726D20362E2043757272656E74207465726D20697320372E204F70733A205B5D
I1010 06:15:26.526475 105791488 leader_election.cc:214] T 00000000000000000000000000000000 P 804ce06c9a15466ca3f003ffe7ec6df2 [CANDIDATE]: Term 7 election: Requesting vote from peer 3e8eb6bafdb342549e324f48c3b5b69a
I1010 06:15:26.526258 103108608 raft_consensus.cc:1970] T 00000000000000000000000000000000 P 804ce06c9a15466ca3f003ffe7ec6df2 [term 7 FOLLOWER]: Returning from UpdateConsensus because of error: error { code: INVALID_TERM status { code: ILLEGAL_STATE message: "Rejecting Update request from peer e8b222ca9c514c17b0c8c653014e9169 for earlier term 6. Current term is 7. Ops: []" source_file: "../../src/yb/consensus/raft_consensus.cc" source_line: 1728 errors: "00" } }
I1010 06:15:26.528630 104718336 leader_election.cc:379] T 00000000000000000000000000000000 P 804ce06c9a15466ca3f003ffe7ec6df2 [CANDIDATE]: Term 7 election: Vote denied by peer e8b222ca9c514c17b0c8c653014e9169. Message: Invalid argument (yb/consensus/raft_consensus.cc:3087): T 00000000000000000000000000000000 P e8b222ca9c514c17b0c8c653014e9169 [term 6 LEADER]:  Leader election vote request: Denying vote to candidate 804ce06c9a15466ca3f003ffe7ec6df2 for term 7 because replica believes a valid leader to be alive (leader uuid: e8b222ca9c514c17b0c8c653014e9169). Time left: 9223185055.776s
I1010 06:15:26.531862 101498880 leader_election.cc:379] T 00000000000000000000000000000000 P 804ce06c9a15466ca3f003ffe7ec6df2 [CANDIDATE]: Term 7 election: Vote denied by peer 3e8eb6bafdb342549e324f48c3b5b69a. Message: Service unavailable (yb/consensus/raft_consensus.cc:3101): T 00000000000000000000000000000000 P 3e8eb6bafdb342549e324f48c3b5b69a [term 7 FOLLOWER]:  Leader election vote request: Denying vote to candidate 804ce06c9a15466ca3f003ffe7ec6df2 for term 7 because replica is already servicing an update from a current leader or another vote.
I1010 06:15:26.532110 101498880 leader_election.cc:240] T 00000000000000000000000000000000 P 804ce06c9a15466ca3f003ffe7ec6df2 [CANDIDATE]: Term 7 election: Election decided. Result: candidate lost.
I1010 06:15:26.532922 105791488 raft_consensus.cc:3573] T 00000000000000000000000000000000 P 804ce06c9a15466ca3f003ffe7ec6df2 [term 7 FOLLOWER]: Snoozing leader timeout detection for 3.193s
I1010 06:15:26.532967 105791488 raft_consensus.cc:3419] T 00000000000000000000000000000000 P 804ce06c9a15466ca3f003ffe7ec6df2 [term 7 FOLLOWER]: Leader election lost for term 7. Reason: None given. Originator: 
I1010 06:15:26.532994 103108608 raft_consensus.cc:3031] T 00000000000000000000000000000000 P 804ce06c9a15466ca3f003ffe7ec6df2 [term 7 FOLLOWER]:  Leader election vote request: Denying vote to candidate 3e8eb6bafdb342549e324f48c3b5b69a in current term 7: Already voted for candidate 804ce06c9a15466ca3f003ffe7ec6df2 in this term.
I1010 06:15:26.945744 104718336 raft_consensus.cc:1754] T 00000000000000000000000000000000 P 804ce06c9a15466ca3f003ffe7ec6df2 [term 7 FOLLOWER]: Refusing update from remote peer 3e8eb6bafdb342549e324f48c3b5b69a: Log matching property violated. Preceding OpId in replica: 6.635. Preceding OpId from leader: 7.636. (index mismatch)
I1010 06:15:26.945825 104718336 raft_consensus.cc:1970] T 00000000000000000000000000000000 P 804ce06c9a15466ca3f003ffe7ec6df2 [term 7 FOLLOWER]: Returning from UpdateConsensus because of error: error { code: PRECEDING_ENTRY_DIDNT_MATCH status { code: ILLEGAL_STATE message: "Log matching property violated. Preceding OpId in replica: 6.635. Preceding OpId from leader: 7.636. (index mismatch)" source_file: "../../src/yb/consensus/raft_consensus.cc" source_line: 1752 errors: "00" } }
I1010 06:15:26.947705 101498880 consensus_meta.cc:361] T 00000000000000000000000000000000 P 804ce06c9a15466ca3f003ffe7ec6df2: Updating active role from FOLLOWER to FOLLOWER. Consensus state: current_term: 7 leader_uuid: "3e8eb6bafdb342549e324f48c3b5b69a" config { opid_index: -1 peers { permanent_uuid: "e8b222ca9c514c17b0c8c653014e9169" member_type: VOTER last_known_private_addr { host: "127.0.0.1" port: 7100 } cloud_info { placement_cloud: "cloud1" placement_region: "datacenter1" placement_zone: "rack1" } } peers { permanent_uuid: "3e8eb6bafdb342549e324f48c3b5b69a" member_type: VOTER last_known_private_addr { host: "127.0.0.2" port: 7100 } cloud_info { placement_cloud: "cloud1" placement_region: "datacenter1" placement_zone: "rack1" } } peers { permanent_uuid: "804ce06c9a15466ca3f003ffe7ec6df2" member_type: VOTER last_known_private_addr { host: "127.0.0.3" port: 7100 } cloud_info { placement_cloud: "cloud1" placement_region: "datacenter1" placement_zone: "rack1" } } }, has_pending_config = 0
I1010 06:15:26.947894 101498880 raft_consensus.cc:3519] T 00000000000000000000000000000000 P 804ce06c9a15466ca3f003ffe7ec6df2 [term 7 FOLLOWER]: Calling mark dirty synchronously for reason code NEW_LEADER_ELECTED
I1010 06:15:26.947989 101498880 sys_catalog.cc:429] T 00000000000000000000000000000000 P 804ce06c9a15466ca3f003ffe7ec6df2 [sys.catalog]: SysCatalogTable state changed. Locked=1. Reason: New leader 3e8eb6bafdb342549e324f48c3b5b69a elected. Latest consensus state: current_term: 7 leader_uuid: "3e8eb6bafdb342549e324f48c3b5b69a" config { opid_index: -1 peers { permanent_uuid: "e8b222ca9c514c17b0c8c653014e9169" member_type: VOTER last_known_private_addr { host: "127.0.0.1" port: 7100 } cloud_info { placement_cloud: "cloud1" placement_region: "datacenter1" placement_zone: "rack1" } } peers { permanent_uuid: "3e8eb6bafdb342549e324f48c3b5b69a" member_type: VOTER last_known_private_addr { host: "127.0.0.2" port: 7100 } cloud_info { placement_cloud: "cloud1" placement_region: "datacenter1" placement_zone: "rack1" } } peers { permanent_uuid: "804ce06c9a15466ca3f003ffe7ec6df2" member_type: VOTER last_known_private_addr { host: "127.0.0.3" port: 7100 } cloud_info { placement_cloud: "cloud1" placement_region: "datacenter1" placement_zone: "rack1" } } }
I1010 06:15:26.948112 101498880 sys_catalog.cc:433] T 00000000000000000000000000000000 P 804ce06c9a15466ca3f003ffe7ec6df2 [sys.catalog]: This master's current role is: FOLLOWER
I1010 06:15:26.949539 98279424 client-internal.cc:2860] New master addresses: [127.0.0.1:7100,127.0.0.2:7100,127.0.0.3:7100, 127.0.0.1:7100, 127.0.0.2:7100, 127.0.0.3:7100]
I1010 06:15:26.961113 103108608 raft_consensus.cc:3519] T 00000000000000000000000000000000 P 804ce06c9a15466ca3f003ffe7ec6df2 [term 7 FOLLOWER]: Calling mark dirty synchronously for reason code FOLLOWER_NO_OP_COMPLETE
I1010 06:15:26.961287 103108608 sys_catalog.cc:429] T 00000000000000000000000000000000 P 804ce06c9a15466ca3f003ffe7ec6df2 [sys.catalog]: SysCatalogTable state changed. Locked=1. Reason: Replicate of NO_OP complete on follower. Latest consensus state: current_term: 7 leader_uuid: "3e8eb6bafdb342549e324f48c3b5b69a" config { opid_index: -1 peers { permanent_uuid: "e8b222ca9c514c17b0c8c653014e9169" member_type: VOTER last_known_private_addr { host: "127.0.0.1" port: 7100 } cloud_info { placement_cloud: "cloud1" placement_region: "datacenter1" placement_zone: "rack1" } } peers { permanent_uuid: "3e8eb6bafdb342549e324f48c3b5b69a" member_type: VOTER last_known_private_addr { host: "127.0.0.2" port: 7100 } cloud_info { placement_cloud: "cloud1" placement_region: "datacenter1" placement_zone: "rack1" } } peers { permanent_uuid: "804ce06c9a15466ca3f003ffe7ec6df2" member_type: VOTER last_known_private_addr { host: "127.0.0.3" port: 7100 } cloud_info { placement_cloud: "cloud1" placement_region: "datacenter1" placement_zone: "rack1" } } }
I1010 06:15:26.961373 103108608 sys_catalog.cc:433] T 00000000000000000000000000000000 P 804ce06c9a15466ca3f003ffe7ec6df2 [sys.catalog]: This master's current role is: FOLLOWER
W1010 06:15:26.961506 103108608 mvcc.cc:439] T 00000000000000000000000000000000 P 804ce06c9a15466ca3f003ffe7ec6df2: Received propagated safe time { physical: 1728503534446165 } less than the old value: { physical: 1728503534878002 }. This could happen on followers when a new leader is elected.
I1010 06:16:33.107385 89694208 reactor.cc:634] Master_R006: DEBUG: Closing idle connection: Connection (0x000000010d1ec658) server 127.0.0.3:52326 => 127.0.0.3:7100 - it has been idle for 65.0018s
I1010 06:16:33.107385 86474752 reactor.cc:634] Master_R000: DEBUG: Closing idle connection: Connection (0x000000010d1edb98) server 127.0.0.3:52339 => 127.0.0.3:7100 - it has been idle for 65.002s
I1010 06:16:33.107549 88084480 reactor.cc:634] Master_R003: DEBUG: Closing idle connection: Connection (0x000000010d1eca18) server 127.0.0.3:52332 => 127.0.0.3:7100 - it has been idle for 65.0016s
I1010 06:16:33.107585 89694208 reactor.cc:634] Master_R006: DEBUG: Closing idle connection: Connection (0x000000010d1ecf18) server 127.0.0.1:52336 => 127.0.0.3:7100 - it has been idle for 65.0018s
I1010 06:16:33.107703 87547904 reactor.cc:634] Master_R002: DEBUG: Closing idle connection: Connection (0x000000010d0a8298) server 127.0.0.1:52342 => 127.0.0.3:7100 - it has been idle for 65.0017s
I1010 06:16:33.121331 88621056 reactor.cc:634] Master_R004: DEBUG: Closing idle connection: Connection (0x000000010d1ec798) server 127.0.0.1:52328 => 127.0.0.3:7100 - it has been idle for 65.0025s
I1010 06:16:33.147784 87011328 reactor.cc:634] Master_R001: DEBUG: Closing idle connection: Connection (0x000000010cf4d2d8) server 127.0.0.1:52289 => 127.0.0.3:7100 - it has been idle for 65.0025s
I1010 06:16:33.207465 89694208 reactor.cc:634] Master_R006: DEBUG: Closing idle connection: Connection (0x000000010d1ede18) server 127.0.0.3:52301 => 127.0.0.3:7100 - it has been idle for 65.002s
I1010 06:16:33.207486 86474752 reactor.cc:634] Master_R000: DEBUG: Closing idle connection: Connection (0x000000010d0a8dd8) server 127.0.0.1:52344 => 127.0.0.3:7100 - it has been idle for 65.0021s
I1010 06:16:33.207571 87547904 reactor.cc:634] Master_R002: DEBUG: Closing idle connection: Connection (0x000000010d2b6a18) server 127.0.0.1:52257 => 127.0.0.3:7100 - it has been idle for 65.0016s
I1010 06:16:33.207845 87547904 reactor.cc:634] Master_R002: DEBUG: Closing idle connection: Connection (0x000000010d1ed058) server 127.0.0.1:52309 => 127.0.0.3:7100 - it has been idle for 65.0016s
I1010 06:16:33.207944 88084480 reactor.cc:634] Master_R003: DEBUG: Closing idle connection: Connection (0x000000010d0a92d8) server 127.0.0.3:52347 => 127.0.0.3:7100 - it has been idle for 65.0021s
I1010 06:16:33.209833 90230784 reactor.cc:634] Master_R007: DEBUG: Closing idle connection: Connection (0x000000010cf4dcd8) server 127.0.0.3:52300 => 127.0.0.3:7100 - it has been idle for 65.0028s
I1010 06:16:33.221385 88621056 reactor.cc:634] Master_R004: DEBUG: Closing idle connection: Connection (0x000000010cc8c298) server 127.0.0.1:52204 => 127.0.0.3:7100 - it has been idle for 65.0025s
I1010 06:16:33.221378 89157632 reactor.cc:634] Master_R005: DEBUG: Closing idle connection: Connection (0x000000010d1ec8d8) server 127.0.0.3:52306 => 127.0.0.3:7100 - it has been idle for 65.0024s
I1010 06:16:33.221599 88621056 reactor.cc:634] Master_R004: DEBUG: Closing idle connection: Connection (0x000000010cfcc018) server 127.0.0.1:52267 => 127.0.0.3:7100 - it has been idle for 65.0025s
I1010 06:16:33.221776 89157632 reactor.cc:634] Master_R005: DEBUG: Closing idle connection: Connection (0x000000010d0a9418) server 127.0.0.3:52350 => 127.0.0.3:7100 - it has been idle for 65.0024s
I1010 06:16:33.221843 88621056 reactor.cc:634] Master_R004: DEBUG: Closing idle connection: Connection (0x000000010cfcc658) server 127.0.0.3:52272 => 127.0.0.3:7100 - it has been idle for 65.0025s
I1010 06:16:33.221961 88621056 reactor.cc:634] Master_R004: DEBUG: Closing idle connection: Connection (0x000000010cfcc518) server 127.0.0.3:52274 => 127.0.0.3:7100 - it has been idle for 65.0025s
I1010 06:16:33.222067 88621056 reactor.cc:634] Master_R004: DEBUG: Closing idle connection: Connection (0x000000010b50f2d8) server 127.0.0.3:52284 => 127.0.0.3:7100 - it has been idle for 65.0025s
I1010 06:16:33.247855 87011328 reactor.cc:634] Master_R001: DEBUG: Closing idle connection: Connection (0x000000010b386a18) server 127.0.0.1:52259 => 127.0.0.3:7100 - it has been idle for 65.0021s
I1010 06:16:33.248042 87011328 reactor.cc:634] Master_R001: DEBUG: Closing idle connection: Connection (0x000000010cf4c798) server 127.0.0.3:52287 => 127.0.0.3:7100 - it has been idle for 65.0021s
I1010 06:16:33.248111 87011328 reactor.cc:634] Master_R001: DEBUG: Closing idle connection: Connection (0x000000010d1ed558) server 127.0.0.1:52314 => 127.0.0.3:7100 - it has been idle for 65.0021s
I1010 06:16:33.307303 86474752 reactor.cc:634] Master_R000: DEBUG: Closing idle connection: Connection (0x000000010cca4798) server 127.0.0.3:52249 => 127.0.0.3:7100 - it has been idle for 65.0014s
I1010 06:16:33.307453 86474752 reactor.cc:634] Master_R000: DEBUG: Closing idle connection: Connection (0x000000010cfccc98) server 127.0.0.1:52276 => 127.0.0.3:7100 - it has been idle for 65.0014s
I1010 06:16:33.307499 88084480 reactor.cc:634] Master_R003: DEBUG: Closing idle connection: Connection (0x000000010cca4a18) server 127.0.0.3:52252 => 127.0.0.3:7100 - it has been idle for 65.0015s
I1010 06:16:33.307570 86474752 reactor.cc:634] Master_R000: DEBUG: Closing idle connection: Connection (0x000000010d1ec158) server 127.0.0.3:52312 => 127.0.0.3:7100 - it has been idle for 65.0014s
I1010 06:16:33.307646 87547904 reactor.cc:634] Master_R002: DEBUG: Closing idle connection: Connection (0x000000010b387918) server 127.0.0.1:52266 => 127.0.0.3:7100 - it has been idle for 65.0017s
I1010 06:16:33.307741 87547904 reactor.cc:634] Master_R002: DEBUG: Closing idle connection: Connection (0x000000010d1ed2d8) server 127.0.0.1:52321 => 127.0.0.3:7100 - it has been idle for 65.0017s
I1010 06:16:33.347853 87011328 reactor.cc:634] Master_R001: DEBUG: Closing idle connection: Connection (0x000000010b50e8d8) server 127.0.0.1:52278 => 127.0.0.3:7100 - it has been idle for 65.0026s
I1010 06:16:34.307396 89694208 reactor.cc:634] Master_R006: DEBUG: Closing idle connection: Connection (0x000000010d1edcd8) server 127.0.0.3:52318 => 127.0.0.3:7100 - it has been idle for 65.0019s
I1010 06:16:34.307539 89694208 reactor.cc:634] Master_R006: DEBUG: Closing idle connection: Connection (0x000000010d1ed698) server 127.0.0.1:52323 => 127.0.0.3:7100 - it has been idle for 65.0019s
I1010 06:16:34.508134 87547904 reactor.cc:634] Master_R002: DEBUG: Closing idle connection: Connection (0x000000010d0a9558) server 127.0.0.2:52363 => 127.0.0.3:7100 - it has been idle for 65.002s
I1010 07:17:27.531832 82182144 log.cc:961] T 00000000000000000000000000000000 P 804ce06c9a15466ca3f003ffe7ec6df2: Max segment size 1048576 reached. Starting new segment allocation.
I1010 07:17:27.535605 82182144 log.cc:810] T 00000000000000000000000000000000 P 804ce06c9a15466ca3f003ffe7ec6df2: Last appended OpId in segment /Users/nag/yb/yugabyte-data/node3/yb-data/master/wals/table-sys.catalog.uuid/tablet-00000000000000000000000000000000/wal-000000001: 7.697
I1010 07:17:27.539266 82182144 log.cc:819] T 00000000000000000000000000000000 P 804ce06c9a15466ca3f003ffe7ec6df2: Rolled over to a new segment: /Users/nag/yb/yugabyte-data/node3/yb-data/master/wals/table-sys.catalog.uuid/tablet-00000000000000000000000000000000/wal-000000002
I1010 07:17:27.817204 82182144 log.cc:961] T 00000000000000000000000000000000 P 804ce06c9a15466ca3f003ffe7ec6df2: Max segment size 2097152 reached. Starting new segment allocation.
I1010 07:17:27.882762 82182144 log.cc:810] T 00000000000000000000000000000000 P 804ce06c9a15466ca3f003ffe7ec6df2: Last appended OpId in segment /Users/nag/yb/yugabyte-data/node3/yb-data/master/wals/table-sys.catalog.uuid/tablet-00000000000000000000000000000000/wal-000000002: 7.699
I1010 07:17:27.885450 82182144 log.cc:819] T 00000000000000000000000000000000 P 804ce06c9a15466ca3f003ffe7ec6df2: Rolled over to a new segment: /Users/nag/yb/yugabyte-data/node3/yb-data/master/wals/table-sys.catalog.uuid/tablet-00000000000000000000000000000000/wal-000000003
I1010 07:17:28.242769 82182144 log.cc:961] T 00000000000000000000000000000000 P 804ce06c9a15466ca3f003ffe7ec6df2: Max segment size 4194304 reached. Starting new segment allocation.
I1010 07:17:28.293869 82182144 log.cc:810] T 00000000000000000000000000000000 P 804ce06c9a15466ca3f003ffe7ec6df2: Last appended OpId in segment /Users/nag/yb/yugabyte-data/node3/yb-data/master/wals/table-sys.catalog.uuid/tablet-00000000000000000000000000000000/wal-000000003: 7.702
I1010 07:17:28.296077 82182144 log.cc:819] T 00000000000000000000000000000000 P 804ce06c9a15466ca3f003ffe7ec6df2: Rolled over to a new segment: /Users/nag/yb/yugabyte-data/node3/yb-data/master/wals/table-sys.catalog.uuid/tablet-00000000000000000000000000000000/wal-000000004
I1010 07:17:28.805665 82182144 log.cc:961] T 00000000000000000000000000000000 P 804ce06c9a15466ca3f003ffe7ec6df2: Max segment size 8388608 reached. Starting new segment allocation.
I1010 07:17:28.833879 82182144 log.cc:810] T 00000000000000000000000000000000 P 804ce06c9a15466ca3f003ffe7ec6df2: Last appended OpId in segment /Users/nag/yb/yugabyte-data/node3/yb-data/master/wals/table-sys.catalog.uuid/tablet-00000000000000000000000000000000/wal-000000004: 7.709
I1010 07:17:28.841313 82182144 log.cc:819] T 00000000000000000000000000000000 P 804ce06c9a15466ca3f003ffe7ec6df2: Rolled over to a new segment: /Users/nag/yb/yugabyte-data/node3/yb-data/master/wals/table-sys.catalog.uuid/tablet-00000000000000000000000000000000/wal-000000005
I1010 07:18:26.689050 87547904 reactor.cc:634] Master_R002: DEBUG: Closing idle connection: Connection (0x000000010d0a9918) server 127.0.0.1:54447 => 127.0.0.3:7100 - it has been idle for 65.0256s
I1010 07:19:01.089958 89694208 reactor.cc:634] Master_R006: DEBUG: Closing idle connection: Connection (0x000000010d0a9a58) server 127.0.0.1:54490 => 127.0.0.3:7100 - it has been idle for 65.0273s
I1010 07:19:38.589062 89694208 reactor.cc:634] Master_R006: DEBUG: Closing idle connection: Connection (0x000000010d0a9b98) server 127.0.0.1:54515 => 127.0.0.3:7100 - it has been idle for 65.0008s
I1010 07:19:40.190037 86474752 reactor.cc:634] Master_R000: DEBUG: Closing idle connection: Connection (0x000000010d0a9cd8) server 127.0.0.1:54521 => 127.0.0.3:7100 - it has been idle for 65.0024s
I1010 07:24:44.889961 87011328 reactor.cc:634] Master_R001: DEBUG: Closing idle connection: Connection (0x000000010cfc6b58) server 127.0.0.2:54717 => 127.0.0.3:7100 - it has been idle for 65.0016s
I1010 07:24:44.989226 90230784 reactor.cc:634] Master_R007: DEBUG: Closing idle connection: Connection (0x000000010cfc7cd8) server 127.0.0.3:54736 => 127.0.0.3:7100 - it has been idle for 65.0011s
I1010 07:31:16.683421 107401216 raft_consensus.cc:1047] T 00000000000000000000000000000000 P 804ce06c9a15466ca3f003ffe7ec6df2 [term 7 FOLLOWER]: ReportFailDetected: Starting NORMAL_ELECTION...
I1010 07:31:16.685578 107401216 raft_consensus.cc:640] T 00000000000000000000000000000000 P 804ce06c9a15466ca3f003ffe7ec6df2 [term 7 FOLLOWER]: Fail or stepdown of leader 3e8eb6bafdb342549e324f48c3b5b69a detected. Triggering leader pre-election, mode=NORMAL_ELECTION
I1010 07:31:16.685662 107401216 raft_consensus.cc:3573] T 00000000000000000000000000000000 P 804ce06c9a15466ca3f003ffe7ec6df2 [term 7 FOLLOWER]: Snoozing leader timeout detection for 3.202s
I1010 07:31:16.685700 107401216 raft_consensus.cc:684] T 00000000000000000000000000000000 P 804ce06c9a15466ca3f003ffe7ec6df2 [term 7 FOLLOWER]: Starting pre-election with config: opid_index: -1 peers { permanent_uuid: "e8b222ca9c514c17b0c8c653014e9169" member_type: VOTER last_known_private_addr { host: "127.0.0.1" port: 7100 } cloud_info { placement_cloud: "cloud1" placement_region: "datacenter1" placement_zone: "rack1" } } peers { permanent_uuid: "3e8eb6bafdb342549e324f48c3b5b69a" member_type: VOTER last_known_private_addr { host: "127.0.0.2" port: 7100 } cloud_info { placement_cloud: "cloud1" placement_region: "datacenter1" placement_zone: "rack1" } } peers { permanent_uuid: "804ce06c9a15466ca3f003ffe7ec6df2" member_type: VOTER last_known_private_addr { host: "127.0.0.3" port: 7100 } cloud_info { placement_cloud: "cloud1" placement_region: "datacenter1" placement_zone: "rack1" } }
I1010 07:31:16.685820 107401216 leader_election.cc:214] T 00000000000000000000000000000000 P 804ce06c9a15466ca3f003ffe7ec6df2 [CANDIDATE]: Term 8 pre-election: Requesting vote from peer e8b222ca9c514c17b0c8c653014e9169
I1010 07:31:16.685922 107401216 leader_election.cc:214] T 00000000000000000000000000000000 P 804ce06c9a15466ca3f003ffe7ec6df2 [CANDIDATE]: Term 8 pre-election: Requesting vote from peer 3e8eb6bafdb342549e324f48c3b5b69a
I1010 07:31:16.686209 90230784 tcp_stream.cc:329] { local: 127.0.0.3:55291 remote: 127.0.0.1:7100 }:  Recv failed: Network error (yb/util/net/socket.cc:540): recvmsg error: Connection refused (system error 61)
W1010 07:31:16.686271 103108608 leader_election.cc:275] T 00000000000000000000000000000000 P 804ce06c9a15466ca3f003ffe7ec6df2 [CANDIDATE]: Term 8 pre-election: RPC error from VoteRequest() call to peer 3e8eb6bafdb342549e324f48c3b5b69a: Network error (yb/util/net/socket.cc:540): recvmsg error: Connection refused (system error 61)
W1010 07:31:16.687749 104718336 leader_election.cc:275] T 00000000000000000000000000000000 P 804ce06c9a15466ca3f003ffe7ec6df2 [CANDIDATE]: Term 8 pre-election: RPC error from VoteRequest() call to peer e8b222ca9c514c17b0c8c653014e9169: Network error (yb/util/net/socket.cc:540): recvmsg error: Connection refused (system error 61)
I1010 07:31:16.687938 104718336 leader_election.cc:240] T 00000000000000000000000000000000 P 804ce06c9a15466ca3f003ffe7ec6df2 [CANDIDATE]: Term 8 pre-election: Election decided. Result: candidate lost.
I1010 07:31:16.688037 107401216 raft_consensus.cc:3573] T 00000000000000000000000000000000 P 804ce06c9a15466ca3f003ffe7ec6df2 [term 7 FOLLOWER]: Snoozing leader timeout detection for 3.110s
I1010 07:31:16.688104 107401216 raft_consensus.cc:3419] T 00000000000000000000000000000000 P 804ce06c9a15466ca3f003ffe7ec6df2 [term 7 FOLLOWER]: Leader Pre-election lost for term 8. Reason: None given. Originator: 
