I1009 23:16:57.340680 171200512 consensus_meta.cc:361] T 7584006b2fba41cd828ac06782afeb03 P d5c37cb1777946179e6692ee5e504715: Updating active role from FOLLOWER to FOLLOWER. Consensus state: current_term: 1 leader_uuid: "" config { opid_index: -1 peers { permanent_uuid: "23d881032c1249bd803e401a539be0e2" member_type: VOTER last_known_private_addr { host: "127.0.0.3" port: 9100 } cloud_info { placement_cloud: "cloud1" placement_region: "datacenter1" placement_zone: "rack1" } } peers { permanent_uuid: "6b460ba950654300b6c50d93f25aea31" member_type: VOTER last_known_private_addr { host: "127.0.0.2" port: 9100 } cloud_info { placement_cloud: "cloud1" placement_region: "datacenter1" placement_zone: "rack1" } } peers { permanent_uuid: "d5c37cb1777946179e6692ee5e504715" member_type: VOTER last_known_private_addr { host: "127.0.0.1" port: 9100 } cloud_info { placement_cloud: "cloud1" placement_region: "datacenter1" placement_zone: "rack1" } } }, has_pending_config = 0
I1009 23:16:57.341413 171200512 raft_consensus.cc:1754] T 7584006b2fba41cd828ac06782afeb03 P d5c37cb1777946179e6692ee5e504715 [term 1 FOLLOWER]: Refusing update from remote peer 6b460ba950654300b6c50d93f25aea31: Log matching property violated. Preceding OpId in replica: 0.0. Preceding OpId from leader: 1.1. (index mismatch)
I1009 23:16:57.341436 171200512 raft_consensus.cc:1970] T 7584006b2fba41cd828ac06782afeb03 P d5c37cb1777946179e6692ee5e504715 [term 1 FOLLOWER]: Returning from UpdateConsensus because of error: error { code: PRECEDING_ENTRY_DIDNT_MATCH status { code: ILLEGAL_STATE message: "Log matching property violated. Preceding OpId in replica: 0.0. Preceding OpId from leader: 1.1. (index mismatch)" source_file: "../../src/yb/consensus/raft_consensus.cc" source_line: 1752 errors: "00" } }
I1009 23:16:57.341930 174956544 consensus_meta.cc:361] T 7584006b2fba41cd828ac06782afeb03 P d5c37cb1777946179e6692ee5e504715: Updating active role from FOLLOWER to FOLLOWER. Consensus state: current_term: 1 leader_uuid: "6b460ba950654300b6c50d93f25aea31" config { opid_index: -1 peers { permanent_uuid: "23d881032c1249bd803e401a539be0e2" member_type: VOTER last_known_private_addr { host: "127.0.0.3" port: 9100 } cloud_info { placement_cloud: "cloud1" placement_region: "datacenter1" placement_zone: "rack1" } } peers { permanent_uuid: "6b460ba950654300b6c50d93f25aea31" member_type: VOTER last_known_private_addr { host: "127.0.0.2" port: 9100 } cloud_info { placement_cloud: "cloud1" placement_region: "datacenter1" placement_zone: "rack1" } } peers { permanent_uuid: "d5c37cb1777946179e6692ee5e504715" member_type: VOTER last_known_private_addr { host: "127.0.0.1" port: 9100 } cloud_info { placement_cloud: "cloud1" placement_region: "datacenter1" placement_zone: "rack1" } } }, has_pending_config = 0
I1009 23:16:57.342005 174956544 raft_consensus.cc:3519] T 7584006b2fba41cd828ac06782afeb03 P d5c37cb1777946179e6692ee5e504715 [term 1 FOLLOWER]: Calling mark dirty synchronously for reason code NEW_LEADER_ELECTED
I1009 23:16:57.342027 174956544 replica_state.cc:1176] T 7584006b2fba41cd828ac06782afeb03 P d5c37cb1777946179e6692ee5e504715 [term 1 FOLLOWER]: Reset our lease: 161871.764s
I1009 23:16:57.342481 174956544 raft_consensus.cc:3519] T 7584006b2fba41cd828ac06782afeb03 P d5c37cb1777946179e6692ee5e504715 [term 1 FOLLOWER]: Calling mark dirty synchronously for reason code FOLLOWER_NO_OP_COMPLETE
I1009 23:16:57.406647 174419968 consensus_queue.cc:1307] T f5bd6014d733492eac6dd2cfba061381 P d5c37cb1777946179e6692ee5e504715 [LEADER]: Connected to new peer: { peer: 6b460ba950654300b6c50d93f25aea31 is_new: 0 last_received: 0.0 next_index: 1 last_known_committed_idx: 0 is_last_exchange_successful: 0 needs_remote_bootstrap: 0 member_type: VOTER num_sst_files: 0 last_applied: 0.0 last_successful_communication_time: 0ms ago}
I1009 23:16:57.459813 167444480 raft_consensus.cc:3634] T 1b3f2a4877404ba898e6ff9448cf4740 P d5c37cb1777946179e6692ee5e504715 [term 0 FOLLOWER]: Advancing to term 1
I1009 23:16:57.459872 167444480 consensus_meta.cc:361] T 1b3f2a4877404ba898e6ff9448cf4740 P d5c37cb1777946179e6692ee5e504715: Updating active role from FOLLOWER to FOLLOWER. Consensus state: current_term: 1 leader_uuid: "" config { opid_index: -1 peers { permanent_uuid: "23d881032c1249bd803e401a539be0e2" member_type: VOTER last_known_private_addr { host: "127.0.0.3" port: 9100 } cloud_info { placement_cloud: "cloud1" placement_region: "datacenter1" placement_zone: "rack1" } } peers { permanent_uuid: "6b460ba950654300b6c50d93f25aea31" member_type: VOTER last_known_private_addr { host: "127.0.0.2" port: 9100 } cloud_info { placement_cloud: "cloud1" placement_region: "datacenter1" placement_zone: "rack1" } } peers { permanent_uuid: "d5c37cb1777946179e6692ee5e504715" member_type: VOTER last_known_private_addr { host: "127.0.0.1" port: 9100 } cloud_info { placement_cloud: "cloud1" placement_region: "datacenter1" placement_zone: "rack1" } } }, has_pending_config = 0
I1009 23:16:57.460518 167444480 raft_consensus.cc:1754] T 1b3f2a4877404ba898e6ff9448cf4740 P d5c37cb1777946179e6692ee5e504715 [term 1 FOLLOWER]: Refusing update from remote peer 23d881032c1249bd803e401a539be0e2: Log matching property violated. Preceding OpId in replica: 0.0. Preceding OpId from leader: 1.1. (index mismatch)
I1009 23:16:57.460541 167444480 raft_consensus.cc:1970] T 1b3f2a4877404ba898e6ff9448cf4740 P d5c37cb1777946179e6692ee5e504715 [term 1 FOLLOWER]: Returning from UpdateConsensus because of error: error { code: PRECEDING_ENTRY_DIDNT_MATCH status { code: ILLEGAL_STATE message: "Log matching property violated. Preceding OpId in replica: 0.0. Preceding OpId from leader: 1.1. (index mismatch)" source_file: "../../src/yb/consensus/raft_consensus.cc" source_line: 1752 errors: "00" } }
I1009 23:16:57.460914 172273664 consensus_meta.cc:361] T 1b3f2a4877404ba898e6ff9448cf4740 P d5c37cb1777946179e6692ee5e504715: Updating active role from FOLLOWER to FOLLOWER. Consensus state: current_term: 1 leader_uuid: "23d881032c1249bd803e401a539be0e2" config { opid_index: -1 peers { permanent_uuid: "23d881032c1249bd803e401a539be0e2" member_type: VOTER last_known_private_addr { host: "127.0.0.3" port: 9100 } cloud_info { placement_cloud: "cloud1" placement_region: "datacenter1" placement_zone: "rack1" } } peers { permanent_uuid: "6b460ba950654300b6c50d93f25aea31" member_type: VOTER last_known_private_addr { host: "127.0.0.2" port: 9100 } cloud_info { placement_cloud: "cloud1" placement_region: "datacenter1" placement_zone: "rack1" } } peers { permanent_uuid: "d5c37cb1777946179e6692ee5e504715" member_type: VOTER last_known_private_addr { host: "127.0.0.1" port: 9100 } cloud_info { placement_cloud: "cloud1" placement_region: "datacenter1" placement_zone: "rack1" } } }, has_pending_config = 0
I1009 23:16:57.460973 172273664 raft_consensus.cc:3519] T 1b3f2a4877404ba898e6ff9448cf4740 P d5c37cb1777946179e6692ee5e504715 [term 1 FOLLOWER]: Calling mark dirty synchronously for reason code NEW_LEADER_ELECTED
I1009 23:16:57.460999 172273664 replica_state.cc:1176] T 1b3f2a4877404ba898e6ff9448cf4740 P d5c37cb1777946179e6692ee5e504715 [term 1 FOLLOWER]: Reset our lease: 161871.883s
I1009 23:16:57.461449 172273664 raft_consensus.cc:3519] T 1b3f2a4877404ba898e6ff9448cf4740 P d5c37cb1777946179e6692ee5e504715 [term 1 FOLLOWER]: Calling mark dirty synchronously for reason code FOLLOWER_NO_OP_COMPLETE
I1009 23:16:57.566329 175493120 raft_consensus.cc:3634] T 60dd6403c44b41109fa083272368d0d0 P d5c37cb1777946179e6692ee5e504715 [term 0 FOLLOWER]: Advancing to term 1
I1009 23:16:57.566394 175493120 consensus_meta.cc:361] T 60dd6403c44b41109fa083272368d0d0 P d5c37cb1777946179e6692ee5e504715: Updating active role from FOLLOWER to FOLLOWER. Consensus state: current_term: 1 leader_uuid: "" config { opid_index: -1 peers { permanent_uuid: "23d881032c1249bd803e401a539be0e2" member_type: VOTER last_known_private_addr { host: "127.0.0.3" port: 9100 } cloud_info { placement_cloud: "cloud1" placement_region: "datacenter1" placement_zone: "rack1" } } peers { permanent_uuid: "6b460ba950654300b6c50d93f25aea31" member_type: VOTER last_known_private_addr { host: "127.0.0.2" port: 9100 } cloud_info { placement_cloud: "cloud1" placement_region: "datacenter1" placement_zone: "rack1" } } peers { permanent_uuid: "d5c37cb1777946179e6692ee5e504715" member_type: VOTER last_known_private_addr { host: "127.0.0.1" port: 9100 } cloud_info { placement_cloud: "cloud1" placement_region: "datacenter1" placement_zone: "rack1" } } }, has_pending_config = 0
I1009 23:16:57.567090 175493120 raft_consensus.cc:1754] T 60dd6403c44b41109fa083272368d0d0 P d5c37cb1777946179e6692ee5e504715 [term 1 FOLLOWER]: Refusing update from remote peer 23d881032c1249bd803e401a539be0e2: Log matching property violated. Preceding OpId in replica: 0.0. Preceding OpId from leader: 1.1. (index mismatch)
I1009 23:16:57.567112 175493120 raft_consensus.cc:1970] T 60dd6403c44b41109fa083272368d0d0 P d5c37cb1777946179e6692ee5e504715 [term 1 FOLLOWER]: Returning from UpdateConsensus because of error: error { code: PRECEDING_ENTRY_DIDNT_MATCH status { code: ILLEGAL_STATE message: "Log matching property violated. Preceding OpId in replica: 0.0. Preceding OpId from leader: 1.1. (index mismatch)" source_file: "../../src/yb/consensus/raft_consensus.cc" source_line: 1752 errors: "00" } }
I1009 23:16:57.567463 169054208 consensus_meta.cc:361] T 60dd6403c44b41109fa083272368d0d0 P d5c37cb1777946179e6692ee5e504715: Updating active role from FOLLOWER to FOLLOWER. Consensus state: current_term: 1 leader_uuid: "23d881032c1249bd803e401a539be0e2" config { opid_index: -1 peers { permanent_uuid: "23d881032c1249bd803e401a539be0e2" member_type: VOTER last_known_private_addr { host: "127.0.0.3" port: 9100 } cloud_info { placement_cloud: "cloud1" placement_region: "datacenter1" placement_zone: "rack1" } } peers { permanent_uuid: "6b460ba950654300b6c50d93f25aea31" member_type: VOTER last_known_private_addr { host: "127.0.0.2" port: 9100 } cloud_info { placement_cloud: "cloud1" placement_region: "datacenter1" placement_zone: "rack1" } } peers { permanent_uuid: "d5c37cb1777946179e6692ee5e504715" member_type: VOTER last_known_private_addr { host: "127.0.0.1" port: 9100 } cloud_info { placement_cloud: "cloud1" placement_region: "datacenter1" placement_zone: "rack1" } } }, has_pending_config = 0
I1009 23:16:57.567570 169054208 raft_consensus.cc:3519] T 60dd6403c44b41109fa083272368d0d0 P d5c37cb1777946179e6692ee5e504715 [term 1 FOLLOWER]: Calling mark dirty synchronously for reason code NEW_LEADER_ELECTED
I1009 23:16:57.567601 169054208 replica_state.cc:1176] T 60dd6403c44b41109fa083272368d0d0 P d5c37cb1777946179e6692ee5e504715 [term 1 FOLLOWER]: Reset our lease: 161871.989s
I1009 23:16:57.568213 169054208 raft_consensus.cc:3519] T 60dd6403c44b41109fa083272368d0d0 P d5c37cb1777946179e6692ee5e504715 [term 1 FOLLOWER]: Calling mark dirty synchronously for reason code FOLLOWER_NO_OP_COMPLETE
I1009 23:18:01.917735 112713728 reactor.cc:634] TabletServer_R002: DEBUG: Closing idle connection: Connection (0x0000000116bf3a58) server 127.0.0.1:49451 => 127.0.0.1:9100 - it has been idle for 65.0012s
I1009 23:18:01.917735 114860032 reactor.cc:634] TabletServer_R006: DEBUG: Closing idle connection: Connection (0x0000000116f1cf18) server 127.0.0.1:49456 => 127.0.0.1:9100 - it has been idle for 65.0009s
I1009 23:18:01.917735 111640576 reactor.cc:634] TabletServer_R000: DEBUG: Closing idle connection: Connection (0x0000000116300018) server 127.0.0.1:49454 => 127.0.0.1:9100 - it has been idle for 65.0009s
I1009 23:18:01.917737 113250304 reactor.cc:634] TabletServer_R003: DEBUG: Closing idle connection: Connection (0x0000000116f1d198) server 127.0.0.1:49464 => 127.0.0.1:9100 - it has been idle for 65.0012s
I1009 23:18:01.917742 115396608 reactor.cc:634] TabletServer_R007: DEBUG: Closing idle connection: Connection (0x00000001167aa298) server 127.0.0.1:49443 => 127.0.0.1:9100 - it has been idle for 65.0009s
I1009 23:18:01.917735 114323456 reactor.cc:634] TabletServer_R005: DEBUG: Closing idle connection: Connection (0x0000000116f1d058) server 127.0.0.1:49458 => 127.0.0.1:9100 - it has been idle for 65.0009s
I1009 23:18:01.918066 112713728 reactor.cc:634] TabletServer_R002: DEBUG: Closing idle connection: Connection (0x0000000116f1cdd8) server 127.0.0.1:49455 => 127.0.0.1:9100 - it has been idle for 65.0012s
I1009 23:18:01.918291 112713728 reactor.cc:634] TabletServer_R002: DEBUG: Closing idle connection: Connection (0x0000000116f1d2d8) server 127.0.0.1:49465 => 127.0.0.1:9100 - it has been idle for 65.0012s
I1010 00:15:57.534539 125054976 call_home.cc:78] Skipping collector MetricsCollector because it has a higher collection level than the requested one
I1010 00:15:57.536692 125054976 call_home.cc:78] Skipping collector RpcsCollector because it has a higher collection level than the requested one
I1010 00:15:57.547492 125054976 call_home.cc:233] Done with collector GFlagsCollector
I1010 00:15:57.547588 125054976 call_home.cc:233] Done with collector BasicCollector
I1010 00:15:57.547613 125054976 call_home.cc:233] Done with collector TabletsCollector
I1010 00:15:57.592097 125054976 call_home.cc:276] Unable to send diagnostics data to http://diagnostics.yugabyte.com
I1010 00:42:38.024012 111640576 reactor.cc:634] TabletServer_R000: DEBUG: Closing idle connection: Connection (0x0000000116f1d558) server 127.0.0.2:49472 => 127.0.0.1:9100 - it has been idle for 1202.4s
I1010 00:42:38.024012 112713728 reactor.cc:634] TabletServer_R002: DEBUG: Closing idle connection: Connection (0x00000001195ffa58) server 127.0.0.3:49478 => 127.0.0.1:9100 - it has been idle for 1202.5s
I1010 00:42:38.024024 113786880 reactor.cc:634] TabletServer_R004: DEBUG: Closing idle connection: Connection (0x0000000116f1d418) server 127.0.0.2:49470 => 127.0.0.1:9100 - it has been idle for 1202.5s
I1010 00:42:38.024034 113250304 reactor.cc:634] TabletServer_R003: DEBUG: Closing idle connection: Connection (0x00000001198d5a58) server 127.0.0.2:49493 => 127.0.0.1:9100 - it has been idle for 1202.2s
W1010 00:42:38.024047 112177152 yb_rpc.cc:532] Connection (0x0000000116300158) client 127.0.0.1:49362 => 127.0.0.1:7100: Network error (yb/rpc/yb_rpc.cc:531): Rpc timeout, passed: 1203.935s, timeout: 15.000s, now: 167012.575s, last_read_time_: 165808.640s
I1010 00:42:38.024116 115396608 reactor.cc:634] TabletServer_R007: DEBUG: Closing idle connection: Connection (0x00000001195ffcd8) server 127.0.0.3:49485 => 127.0.0.1:9100 - it has been idle for 1202.4s
I1010 00:42:38.024119 114860032 reactor.cc:634] TabletServer_R006: DEBUG: Closing idle connection: Connection (0x00000001198d57d8) server 127.0.0.2:49489 => 127.0.0.1:9100 - it has been idle for 1202.24s
I1010 00:42:38.026566 114323456 reactor.cc:634] TabletServer_R005: DEBUG: Closing idle connection: Connection (0x00000001195ff918) server 127.0.0.2:49476 => 127.0.0.1:9100 - it has been idle for 1202.4s
I1010 00:42:38.046432 159395840 raft_consensus.cc:1047] T 54eeee0960454077a8ed85a75d38bc29 P d5c37cb1777946179e6692ee5e504715 [term 1 FOLLOWER]: ReportFailDetected: Starting NORMAL_ELECTION...
I1010 00:42:38.046538 154030080 raft_consensus.cc:1047] T 541698385c044c6ab901cf03bad66398 P d5c37cb1777946179e6692ee5e504715 [term 1 FOLLOWER]: ReportFailDetected: Starting NORMAL_ELECTION...
I1010 00:42:38.049355 156176384 raft_consensus.cc:1047] T 9cd834df5c9f41b091ffb845bd6122ec P d5c37cb1777946179e6692ee5e504715 [term 1 FOLLOWER]: ReportFailDetected: Starting NORMAL_ELECTION...
I1010 00:42:38.049371 163151872 raft_consensus.cc:1047] T 46569f1a6c8746acb9da222b34f086b5 P d5c37cb1777946179e6692ee5e504715 [term 1 FOLLOWER]: ReportFailDetected: Starting NORMAL_ELECTION...
I1010 00:42:38.049446 164761600 raft_consensus.cc:1047] T f27eef4b471b4c3c800523a8cd4a34f7 P d5c37cb1777946179e6692ee5e504715 [term 1 FOLLOWER]: ReportFailDetected: Starting NORMAL_ELECTION...
I1010 00:42:38.049412 162078720 raft_consensus.cc:1047] T 9b45d3f9024e43b58a591ec35594430e P d5c37cb1777946179e6692ee5e504715 [term 1 FOLLOWER]: ReportFailDetected: Starting NORMAL_ELECTION...
I1010 00:42:38.049762 165834752 raft_consensus.cc:1047] T 7c7b0e8f396b4659b1f29a4dd140c822 P d5c37cb1777946179e6692ee5e504715 [term 1 FOLLOWER]: ReportFailDetected: Starting NORMAL_ELECTION...
I1010 00:42:38.049969 167981056 raft_consensus.cc:1047] T 8078024ab93e4400a14d8399046d9f99 P d5c37cb1777946179e6692ee5e504715 [term 1 FOLLOWER]: ReportFailDetected: Starting NORMAL_ELECTION...
I1010 00:42:38.050027 153493504 raft_consensus.cc:1047] T 30fedb9fed834e6d975c43711c3f6fd9 P d5c37cb1777946179e6692ee5e504715 [term 1 FOLLOWER]: ReportFailDetected: Starting NORMAL_ELECTION...
I1010 00:42:38.050047 157249536 raft_consensus.cc:1047] T a818e973b4b04213a257872ca0183570 P d5c37cb1777946179e6692ee5e504715 [term 1 FOLLOWER]: ReportFailDetected: Starting NORMAL_ELECTION...
I1010 00:42:38.050078 157786112 raft_consensus.cc:1047] T 1e9c042ca80e4c66a6117c85d04f6168 P d5c37cb1777946179e6692ee5e504715 [term 1 FOLLOWER]: ReportFailDetected: Starting NORMAL_ELECTION...
I1010 00:42:38.050089 176029696 raft_consensus.cc:1047] T db3b3178db1849c4b3ebbe53840c6b02 P d5c37cb1777946179e6692ee5e504715 [term 1 FOLLOWER]: ReportFailDetected: Starting NORMAL_ELECTION...
I1010 00:42:38.050071 169590784 raft_consensus.cc:1047] T bf1529417d2a441c9c33fa183a226bd3 P d5c37cb1777946179e6692ee5e504715 [term 1 FOLLOWER]: ReportFailDetected: Starting NORMAL_ELECTION...
I1010 00:42:38.050235 176566272 raft_consensus.cc:1047] T 60dd6403c44b41109fa083272368d0d0 P d5c37cb1777946179e6692ee5e504715 [term 1 FOLLOWER]: ReportFailDetected: Starting NORMAL_ELECTION...
I1010 00:42:38.050276 158322688 raft_consensus.cc:1047] T 1b3f2a4877404ba898e6ff9448cf4740 P d5c37cb1777946179e6692ee5e504715 [term 1 FOLLOWER]: ReportFailDetected: Starting NORMAL_ELECTION...
I1010 00:42:38.050272 110567424 cdc_service.cc:4688] DestroyVirtualWALBatchForCDC: Received DestroyVirtualWALBatchForCDC request: [1]
I1010 00:42:38.050922 179785728 raft_consensus.cc:1517] T 4c1e255cf37d4de58ed9d6a6f32e7473 P d5c37cb1777946179e6692ee5e504715 [term 1 LEADER]: Attempting to remove follower 23d881032c1249bd803e401a539be0e2 from the Raft config at commit index -1. Reason: Leader has been unable to successfully communicate with Peer 23d881032c1249bd803e401a539be0e2 for more than 900 seconds (1202.675s)
I1010 00:42:38.050923 178712576 raft_consensus.cc:1517] T 825df89ca459463f921e4a6d8e68a90d P d5c37cb1777946179e6692ee5e504715 [term 1 LEADER]: Attempting to remove follower 23d881032c1249bd803e401a539be0e2 from the Raft config at commit index -1. Reason: Leader has been unable to successfully communicate with Peer 23d881032c1249bd803e401a539be0e2 for more than 900 seconds (1202.491s)
I1010 00:42:38.050993 179249152 raft_consensus.cc:1517] T c09c8a2af076408b8083ae6bfc2a671e P d5c37cb1777946179e6692ee5e504715 [term 1 LEADER]: Attempting to remove follower 23d881032c1249bd803e401a539be0e2 from the Raft config at commit index -1. Reason: Leader has been unable to successfully communicate with Peer 23d881032c1249bd803e401a539be0e2 for more than 900 seconds (1202.110s)
I1010 00:42:38.051035 180858880 raft_consensus.cc:1047] T 7584006b2fba41cd828ac06782afeb03 P d5c37cb1777946179e6692ee5e504715 [term 1 FOLLOWER]: ReportFailDetected: Starting NORMAL_ELECTION...
I1010 00:42:38.051034 105201664 raft_consensus.cc:1517] T 4c1e255cf37d4de58ed9d6a6f32e7473 P d5c37cb1777946179e6692ee5e504715 [term 1 LEADER]: Attempting to remove follower 6b460ba950654300b6c50d93f25aea31 from the Raft config at commit index -1. Reason: Leader has been unable to successfully communicate with Peer 6b460ba950654300b6c50d93f25aea31 for more than 900 seconds (1202.079s)
I1010 00:42:38.051205 177102848 raft_consensus.cc:1517] T 2a30e7b2effb4ab888e1f5a8af3fb03b P d5c37cb1777946179e6692ee5e504715 [term 1 LEADER]: Attempting to remove follower 23d881032c1249bd803e401a539be0e2 from the Raft config at commit index -1. Reason: Leader has been unable to successfully communicate with Peer 23d881032c1249bd803e401a539be0e2 for more than 900 seconds (1202.576s)
I1010 00:42:38.051227 181932032 raft_consensus.cc:1517] T 5aab7c3da55c4174a9735369225d0c54 P d5c37cb1777946179e6692ee5e504715 [term 1 LEADER]: Attempting to remove follower 23d881032c1249bd803e401a539be0e2 from the Raft config at commit index -1. Reason: Leader has been unable to successfully communicate with Peer 23d881032c1249bd803e401a539be0e2 for more than 900 seconds (1202.376s)
I1010 00:42:38.051218 156712960 raft_consensus.cc:1517] T 825df89ca459463f921e4a6d8e68a90d P d5c37cb1777946179e6692ee5e504715 [term 1 LEADER]: Attempting to remove follower 6b460ba950654300b6c50d93f25aea31 from the Raft config at commit index -1. Reason: Leader has been unable to successfully communicate with Peer 6b460ba950654300b6c50d93f25aea31 for more than 900 seconds (1202.124s)
I1010 00:42:38.051271 181395456 raft_consensus.cc:1517] T 2a30e7b2effb4ab888e1f5a8af3fb03b P d5c37cb1777946179e6692ee5e504715 [term 1 LEADER]: Attempting to remove follower 6b460ba950654300b6c50d93f25aea31 from the Raft config at commit index -1. Reason: Leader has been unable to successfully communicate with Peer 6b460ba950654300b6c50d93f25aea31 for more than 900 seconds (1202.286s)
I1010 00:42:38.051280 178176000 raft_consensus.cc:1517] T 5aab7c3da55c4174a9735369225d0c54 P d5c37cb1777946179e6692ee5e504715 [term 1 LEADER]: Attempting to remove follower 6b460ba950654300b6c50d93f25aea31 from the Raft config at commit index -1. Reason: Leader has been unable to successfully communicate with Peer 6b460ba950654300b6c50d93f25aea31 for more than 900 seconds (1202.289s)
I1010 00:42:38.051324 159932416 raft_consensus.cc:1517] T a46de9d55d6845f1baaa95baceeadfe7 P d5c37cb1777946179e6692ee5e504715 [term 1 LEADER]: Attempting to remove follower 23d881032c1249bd803e401a539be0e2 from the Raft config at commit index -1. Reason: Leader has been unable to successfully communicate with Peer 23d881032c1249bd803e401a539be0e2 for more than 900 seconds (1202.392s)
I1010 00:42:38.051508 161005568 raft_consensus.cc:1517] T f5bd6014d733492eac6dd2cfba061381 P d5c37cb1777946179e6692ee5e504715 [term 1 LEADER]: Attempting to remove follower 23d881032c1249bd803e401a539be0e2 from the Raft config at commit index -1. Reason: Leader has been unable to successfully communicate with Peer 23d881032c1249bd803e401a539be0e2 for more than 900 seconds (1202.346s)
I1010 00:42:38.051529 183005184 raft_consensus.cc:1517] T 769c8b8690e648df93f41c693d55ebc3 P d5c37cb1777946179e6692ee5e504715 [term 1 LEADER]: Attempting to remove follower 6b460ba950654300b6c50d93f25aea31 from the Raft config at commit index -1. Reason: Leader has been unable to successfully communicate with Peer 6b460ba950654300b6c50d93f25aea31 for more than 900 seconds (1202.379s)
I1010 00:42:38.051538 177639424 raft_consensus.cc:1517] T 769c8b8690e648df93f41c693d55ebc3 P d5c37cb1777946179e6692ee5e504715 [term 1 LEADER]: Attempting to remove follower 23d881032c1249bd803e401a539be0e2 from the Raft config at commit index -1. Reason: Leader has been unable to successfully communicate with Peer 23d881032c1249bd803e401a539be0e2 for more than 900 seconds (1202.499s)
I1010 00:42:38.059468 154566656 raft_consensus.cc:1517] T f5bd6014d733492eac6dd2cfba061381 P d5c37cb1777946179e6692ee5e504715 [term 1 LEADER]: Attempting to remove follower 6b460ba950654300b6c50d93f25aea31 from the Raft config at commit index -1. Reason: Leader has been unable to successfully communicate with Peer 6b460ba950654300b6c50d93f25aea31 for more than 900 seconds (1202.435s)
I1010 00:42:38.059561 183541760 raft_consensus.cc:1517] T a46de9d55d6845f1baaa95baceeadfe7 P d5c37cb1777946179e6692ee5e504715 [term 1 LEADER]: Attempting to remove follower 6b460ba950654300b6c50d93f25aea31 from the Raft config at commit index -1. Reason: Leader has been unable to successfully communicate with Peer 6b460ba950654300b6c50d93f25aea31 for more than 900 seconds (1202.473s)
I1010 00:42:38.059592 180322304 raft_consensus.cc:1517] T c09c8a2af076408b8083ae6bfc2a671e P d5c37cb1777946179e6692ee5e504715 [term 1 LEADER]: Attempting to remove follower 6b460ba950654300b6c50d93f25aea31 from the Raft config at commit index -1. Reason: Leader has been unable to successfully communicate with Peer 6b460ba950654300b6c50d93f25aea31 for more than 900 seconds (1202.179s)
W1010 00:42:39.151809 111640576 yb_rpc.cc:532] Connection (0x0000000116bf2158) client 127.0.0.1:49378 => 127.0.0.1:7100: Network error (yb/rpc/yb_rpc.cc:531): Rpc timeout, passed: 1204.896s, timeout: 15.000s, now: 167012.575s, last_read_time_: 165807.679s
W1010 00:42:39.156615 112713728 yb_rpc.cc:532] Connection (0x0000000116f4c658) client 127.0.0.1:49510 => 127.0.0.3:9100: Network error (yb/rpc/yb_rpc.cc:531): Rpc timeout, passed: 1202.595s, timeout: 15.000s, now: 167012.575s, last_read_time_: 165809.979s
I1010 00:42:39.157419 113786880 reactor.cc:634] TabletServer_R004: DEBUG: Closing idle connection: Connection (0x00000001195ffe18) server 127.0.0.2:49487 => 127.0.0.1:9100 - it has been idle for 1202.3s
I1010 00:42:39.159408 113250304 reactor.cc:634] TabletServer_R003: DEBUG: Closing idle connection: Connection (0x000000011a1732d8) server 127.0.0.3:49509 => 127.0.0.1:9100 - it has been idle for 1202.5s
W1010 00:42:39.163599 112177152 yb_rpc.cc:532] Connection (0x00000001163008d8) client 127.0.0.1:49511 => 127.0.0.2:9100: Network error (yb/rpc/yb_rpc.cc:531): Rpc timeout, passed: 1202.336s, timeout: 15.000s, now: 167012.575s, last_read_time_: 165810.239s
I1010 00:42:39.164376 115396608 reactor.cc:634] TabletServer_R007: DEBUG: Closing idle connection: Connection (0x00000001198d5cd8) server 127.0.0.3:49498 => 127.0.0.1:9100 - it has been idle for 1202.3s
W1010 00:42:39.165098 114860032 yb_rpc.cc:532] Connection (0x0000000116f4cb58) client 127.0.0.1:49483 => 127.0.0.2:9100: Network error (yb/rpc/yb_rpc.cc:531): Rpc timeout, passed: 1202.534s, timeout: 15.000s, now: 167012.575s, last_read_time_: 165810.040s
I1010 00:42:39.165539 114323456 reactor.cc:634] TabletServer_R005: DEBUG: Closing idle connection: Connection (0x00000001195ffb98) server 127.0.0.2:49479 => 127.0.0.1:9100 - it has been idle for 1202.3s
I1010 00:42:39.166061 159395840 raft_consensus.cc:640] T 54eeee0960454077a8ed85a75d38bc29 P d5c37cb1777946179e6692ee5e504715 [term 1 FOLLOWER]: Fail or stepdown of leader 6b460ba950654300b6c50d93f25aea31 detected. Triggering leader pre-election, mode=NORMAL_ELECTION
I1010 00:42:39.166487 154030080 raft_consensus.cc:640] T 541698385c044c6ab901cf03bad66398 P d5c37cb1777946179e6692ee5e504715 [term 1 FOLLOWER]: Fail or stepdown of leader 23d881032c1249bd803e401a539be0e2 detected. Triggering leader pre-election, mode=NORMAL_ELECTION
I1010 00:42:39.167032 156176384 raft_consensus.cc:640] T 9cd834df5c9f41b091ffb845bd6122ec P d5c37cb1777946179e6692ee5e504715 [term 1 FOLLOWER]: Fail or stepdown of leader 6b460ba950654300b6c50d93f25aea31 detected. Triggering leader pre-election, mode=NORMAL_ELECTION
I1010 00:42:39.167409 163151872 raft_consensus.cc:640] T 46569f1a6c8746acb9da222b34f086b5 P d5c37cb1777946179e6692ee5e504715 [term 1 FOLLOWER]: Fail or stepdown of leader 6b460ba950654300b6c50d93f25aea31 detected. Triggering leader pre-election, mode=NORMAL_ELECTION
I1010 00:42:39.167708 164761600 raft_consensus.cc:640] T f27eef4b471b4c3c800523a8cd4a34f7 P d5c37cb1777946179e6692ee5e504715 [term 1 FOLLOWER]: Fail or stepdown of leader 6b460ba950654300b6c50d93f25aea31 detected. Triggering leader pre-election, mode=NORMAL_ELECTION
I1010 00:42:39.168144 162078720 raft_consensus.cc:640] T 9b45d3f9024e43b58a591ec35594430e P d5c37cb1777946179e6692ee5e504715 [term 1 FOLLOWER]: Fail or stepdown of leader 23d881032c1249bd803e401a539be0e2 detected. Triggering leader pre-election, mode=NORMAL_ELECTION
I1010 00:42:39.168545 165834752 raft_consensus.cc:640] T 7c7b0e8f396b4659b1f29a4dd140c822 P d5c37cb1777946179e6692ee5e504715 [term 1 FOLLOWER]: Fail or stepdown of leader 23d881032c1249bd803e401a539be0e2 detected. Triggering leader pre-election, mode=NORMAL_ELECTION
I1010 00:42:39.169174 167981056 raft_consensus.cc:640] T 8078024ab93e4400a14d8399046d9f99 P d5c37cb1777946179e6692ee5e504715 [term 1 FOLLOWER]: Fail or stepdown of leader 6b460ba950654300b6c50d93f25aea31 detected. Triggering leader pre-election, mode=NORMAL_ELECTION
I1010 00:42:39.169739 153493504 raft_consensus.cc:640] T 30fedb9fed834e6d975c43711c3f6fd9 P d5c37cb1777946179e6692ee5e504715 [term 1 FOLLOWER]: Fail or stepdown of leader 23d881032c1249bd803e401a539be0e2 detected. Triggering leader pre-election, mode=NORMAL_ELECTION
I1010 00:42:39.170308 157249536 raft_consensus.cc:640] T a818e973b4b04213a257872ca0183570 P d5c37cb1777946179e6692ee5e504715 [term 1 FOLLOWER]: Fail or stepdown of leader 23d881032c1249bd803e401a539be0e2 detected. Triggering leader pre-election, mode=NORMAL_ELECTION
I1010 00:42:39.170797 157786112 raft_consensus.cc:640] T 1e9c042ca80e4c66a6117c85d04f6168 P d5c37cb1777946179e6692ee5e504715 [term 1 FOLLOWER]: Fail or stepdown of leader 6b460ba950654300b6c50d93f25aea31 detected. Triggering leader pre-election, mode=NORMAL_ELECTION
I1010 00:42:39.171403 176029696 raft_consensus.cc:640] T db3b3178db1849c4b3ebbe53840c6b02 P d5c37cb1777946179e6692ee5e504715 [term 1 FOLLOWER]: Fail or stepdown of leader 23d881032c1249bd803e401a539be0e2 detected. Triggering leader pre-election, mode=NORMAL_ELECTION
I1010 00:42:39.171744 169590784 raft_consensus.cc:640] T bf1529417d2a441c9c33fa183a226bd3 P d5c37cb1777946179e6692ee5e504715 [term 1 FOLLOWER]: Fail or stepdown of leader 6b460ba950654300b6c50d93f25aea31 detected. Triggering leader pre-election, mode=NORMAL_ELECTION
I1010 00:42:39.172691 176566272 raft_consensus.cc:640] T 60dd6403c44b41109fa083272368d0d0 P d5c37cb1777946179e6692ee5e504715 [term 1 FOLLOWER]: Fail or stepdown of leader 23d881032c1249bd803e401a539be0e2 detected. Triggering leader pre-election, mode=NORMAL_ELECTION
I1010 00:42:39.174187 158322688 raft_consensus.cc:640] T 1b3f2a4877404ba898e6ff9448cf4740 P d5c37cb1777946179e6692ee5e504715 [term 1 FOLLOWER]: Fail or stepdown of leader 23d881032c1249bd803e401a539be0e2 detected. Triggering leader pre-election, mode=NORMAL_ELECTION
I1010 00:42:39.175694 179785728 raft_consensus.cc:2520] Received ChangeConfig request tablet_id: "4c1e255cf37d4de58ed9d6a6f32e7473" type: REMOVE_SERVER server { permanent_uuid: "23d881032c1249bd803e401a539be0e2" } cas_config_opid_index: -1
I1010 00:42:39.176155 178712576 raft_consensus.cc:2520] Received ChangeConfig request tablet_id: "825df89ca459463f921e4a6d8e68a90d" type: REMOVE_SERVER server { permanent_uuid: "23d881032c1249bd803e401a539be0e2" } cas_config_opid_index: -1
I1010 00:42:39.176752 179249152 raft_consensus.cc:2520] Received ChangeConfig request tablet_id: "c09c8a2af076408b8083ae6bfc2a671e" type: REMOVE_SERVER server { permanent_uuid: "23d881032c1249bd803e401a539be0e2" } cas_config_opid_index: -1
I1010 00:42:39.177362 180858880 raft_consensus.cc:640] T 7584006b2fba41cd828ac06782afeb03 P d5c37cb1777946179e6692ee5e504715 [term 1 FOLLOWER]: Fail or stepdown of leader 6b460ba950654300b6c50d93f25aea31 detected. Triggering leader pre-election, mode=NORMAL_ELECTION
I1010 00:42:39.178419 105201664 raft_consensus.cc:2520] Received ChangeConfig request tablet_id: "4c1e255cf37d4de58ed9d6a6f32e7473" type: REMOVE_SERVER server { permanent_uuid: "6b460ba950654300b6c50d93f25aea31" } cas_config_opid_index: -1
I1010 00:42:39.179678 177102848 raft_consensus.cc:2520] Received ChangeConfig request tablet_id: "2a30e7b2effb4ab888e1f5a8af3fb03b" type: REMOVE_SERVER server { permanent_uuid: "23d881032c1249bd803e401a539be0e2" } cas_config_opid_index: -1
I1010 00:42:39.180070 181932032 raft_consensus.cc:2520] Received ChangeConfig request tablet_id: "5aab7c3da55c4174a9735369225d0c54" type: REMOVE_SERVER server { permanent_uuid: "23d881032c1249bd803e401a539be0e2" } cas_config_opid_index: -1
I1010 00:42:39.180326 156712960 raft_consensus.cc:2520] Received ChangeConfig request tablet_id: "825df89ca459463f921e4a6d8e68a90d" type: REMOVE_SERVER server { permanent_uuid: "6b460ba950654300b6c50d93f25aea31" } cas_config_opid_index: -1
I1010 00:42:39.180725 181395456 raft_consensus.cc:2520] Received ChangeConfig request tablet_id: "2a30e7b2effb4ab888e1f5a8af3fb03b" type: REMOVE_SERVER server { permanent_uuid: "6b460ba950654300b6c50d93f25aea31" } cas_config_opid_index: -1
I1010 00:42:39.180945 178176000 raft_consensus.cc:2520] Received ChangeConfig request tablet_id: "5aab7c3da55c4174a9735369225d0c54" type: REMOVE_SERVER server { permanent_uuid: "6b460ba950654300b6c50d93f25aea31" } cas_config_opid_index: -1
I1010 00:42:39.181236 159932416 raft_consensus.cc:2520] Received ChangeConfig request tablet_id: "a46de9d55d6845f1baaa95baceeadfe7" type: REMOVE_SERVER server { permanent_uuid: "23d881032c1249bd803e401a539be0e2" } cas_config_opid_index: -1
I1010 00:42:39.181408 161005568 raft_consensus.cc:2520] Received ChangeConfig request tablet_id: "f5bd6014d733492eac6dd2cfba061381" type: REMOVE_SERVER server { permanent_uuid: "23d881032c1249bd803e401a539be0e2" } cas_config_opid_index: -1
I1010 00:42:39.181717 183005184 raft_consensus.cc:2520] Received ChangeConfig request tablet_id: "769c8b8690e648df93f41c693d55ebc3" type: REMOVE_SERVER server { permanent_uuid: "6b460ba950654300b6c50d93f25aea31" } cas_config_opid_index: -1
I1010 00:42:39.181964 177639424 raft_consensus.cc:2520] Received ChangeConfig request tablet_id: "769c8b8690e648df93f41c693d55ebc3" type: REMOVE_SERVER server { permanent_uuid: "23d881032c1249bd803e401a539be0e2" } cas_config_opid_index: -1
I1010 00:42:39.182142 154566656 raft_consensus.cc:2520] Received ChangeConfig request tablet_id: "f5bd6014d733492eac6dd2cfba061381" type: REMOVE_SERVER server { permanent_uuid: "6b460ba950654300b6c50d93f25aea31" } cas_config_opid_index: -1
I1010 00:42:39.182435 183541760 raft_consensus.cc:2520] Received ChangeConfig request tablet_id: "a46de9d55d6845f1baaa95baceeadfe7" type: REMOVE_SERVER server { permanent_uuid: "6b460ba950654300b6c50d93f25aea31" } cas_config_opid_index: -1
I1010 00:42:39.182714 180322304 raft_consensus.cc:2520] Received ChangeConfig request tablet_id: "c09c8a2af076408b8083ae6bfc2a671e" type: REMOVE_SERVER server { permanent_uuid: "6b460ba950654300b6c50d93f25aea31" } cas_config_opid_index: -1
W1010 00:42:39.183158 111640576 yb_rpc.cc:532] Connection (0x000000011a172c98) client 127.0.0.1:49501 => 127.0.0.2:9100: Network error (yb/rpc/yb_rpc.cc:531): Rpc timeout, passed: 1202.396s, timeout: 15.000s, now: 167012.575s, last_read_time_: 165810.179s
W1010 00:42:39.183437 112713728 yb_rpc.cc:532] Connection (0x00000001162cb7d8) client 127.0.0.1:49365 => 127.0.0.1:7100: Network error (yb/rpc/yb_rpc.cc:531): Rpc timeout, passed: 1202.896s, timeout: 15.000s, now: 167012.575s, last_read_time_: 165809.679s
I1010 00:42:39.183571 113786880 reactor.cc:634] TabletServer_R004: DEBUG: Closing idle connection: Connection (0x00000001198d5918) server 127.0.0.3:49491 => 127.0.0.1:9100 - it has been idle for 1202.4s
W1010 00:42:39.183725 113250304 yb_rpc.cc:532] Connection (0x00000001167ab058) client 127.0.0.1:49370 => 127.0.0.1:7100: Network error (yb/rpc/yb_rpc.cc:531): Rpc timeout, passed: 1204.896s, timeout: 15.000s, now: 167012.575s, last_read_time_: 165807.679s
W1010 00:42:39.183977 112177152 yb_rpc.cc:532] Connection (0x0000000116bf2658) client 127.0.0.1:49507 => 127.0.0.3:9100: Network error (yb/rpc/yb_rpc.cc:531): Rpc timeout, passed: 1202.136s, timeout: 15.000s, now: 167012.575s, last_read_time_: 165810.439s
I1010 00:42:39.184096 115396608 reactor.cc:634] TabletServer_R007: DEBUG: Closing idle connection: Connection (0x000000011a173198) server 127.0.0.3:49506 => 127.0.0.1:9100 - it has been idle for 1202.1s
W1010 00:42:39.184350 114860032 yb_rpc.cc:532] Connection (0x00000001167aa158) client 127.0.0.1:49374 => 127.0.0.1:7100: Network error (yb/rpc/yb_rpc.cc:531): Rpc timeout, passed: 1206.936s, timeout: 15.000s, now: 167012.575s, last_read_time_: 165805.639s
I1010 00:42:39.184486 114323456 reactor.cc:634] TabletServer_R005: DEBUG: Closing idle connection: Connection (0x000000011a173058) server 127.0.0.3:49504 => 127.0.0.1:9100 - it has been idle for 1202.1s
I1010 00:42:39.184589 159395840 raft_consensus.cc:3573] T 54eeee0960454077a8ed85a75d38bc29 P d5c37cb1777946179e6692ee5e504715 [term 1 FOLLOWER]: Snoozing leader timeout detection for 3.106s
I1010 00:42:39.184672 154030080 raft_consensus.cc:3573] T 541698385c044c6ab901cf03bad66398 P d5c37cb1777946179e6692ee5e504715 [term 1 FOLLOWER]: Snoozing leader timeout detection for 3.011s
I1010 00:42:39.184769 156176384 raft_consensus.cc:3573] T 9cd834df5c9f41b091ffb845bd6122ec P d5c37cb1777946179e6692ee5e504715 [term 1 FOLLOWER]: Snoozing leader timeout detection for 3.132s
I1010 00:42:39.184948 163151872 raft_consensus.cc:3573] T 46569f1a6c8746acb9da222b34f086b5 P d5c37cb1777946179e6692ee5e504715 [term 1 FOLLOWER]: Snoozing leader timeout detection for 3.293s
I1010 00:42:39.185035 164761600 raft_consensus.cc:3573] T f27eef4b471b4c3c800523a8cd4a34f7 P d5c37cb1777946179e6692ee5e504715 [term 1 FOLLOWER]: Snoozing leader timeout detection for 3.178s
I1010 00:42:39.185294 162078720 raft_consensus.cc:3573] T 9b45d3f9024e43b58a591ec35594430e P d5c37cb1777946179e6692ee5e504715 [term 1 FOLLOWER]: Snoozing leader timeout detection for 3.177s
I1010 00:42:39.185389 165834752 raft_consensus.cc:3573] T 7c7b0e8f396b4659b1f29a4dd140c822 P d5c37cb1777946179e6692ee5e504715 [term 1 FOLLOWER]: Snoozing leader timeout detection for 3.088s
I1010 00:42:39.185485 167981056 raft_consensus.cc:3573] T 8078024ab93e4400a14d8399046d9f99 P d5c37cb1777946179e6692ee5e504715 [term 1 FOLLOWER]: Snoozing leader timeout detection for 3.001s
I1010 00:42:39.185599 153493504 raft_consensus.cc:3573] T 30fedb9fed834e6d975c43711c3f6fd9 P d5c37cb1777946179e6692ee5e504715 [term 1 FOLLOWER]: Snoozing leader timeout detection for 3.050s
I1010 00:42:39.185703 157249536 raft_consensus.cc:3573] T a818e973b4b04213a257872ca0183570 P d5c37cb1777946179e6692ee5e504715 [term 1 FOLLOWER]: Snoozing leader timeout detection for 3.014s
I1010 00:42:39.185820 157786112 raft_consensus.cc:3573] T 1e9c042ca80e4c66a6117c85d04f6168 P d5c37cb1777946179e6692ee5e504715 [term 1 FOLLOWER]: Snoozing leader timeout detection for 3.143s
I1010 00:42:39.185923 176029696 raft_consensus.cc:3573] T db3b3178db1849c4b3ebbe53840c6b02 P d5c37cb1777946179e6692ee5e504715 [term 1 FOLLOWER]: Snoozing leader timeout detection for 3.183s
I1010 00:42:39.186019 169590784 raft_consensus.cc:3573] T bf1529417d2a441c9c33fa183a226bd3 P d5c37cb1777946179e6692ee5e504715 [term 1 FOLLOWER]: Snoozing leader timeout detection for 3.176s
I1010 00:42:39.186101 176566272 raft_consensus.cc:3573] T 60dd6403c44b41109fa083272368d0d0 P d5c37cb1777946179e6692ee5e504715 [term 1 FOLLOWER]: Snoozing leader timeout detection for 3.096s
I1010 00:42:39.186192 158322688 raft_consensus.cc:3573] T 1b3f2a4877404ba898e6ff9448cf4740 P d5c37cb1777946179e6692ee5e504715 [term 1 FOLLOWER]: Snoozing leader timeout detection for 3.095s
I1010 00:42:39.186407 178712576 raft_consensus.cc:3159] T 825df89ca459463f921e4a6d8e68a90d P d5c37cb1777946179e6692ee5e504715 [term 1 LEADER]: Setting replicate pending config peers { permanent_uuid: "6b460ba950654300b6c50d93f25aea31" member_type: VOTER last_known_private_addr { host: "127.0.0.2" port: 9100 } cloud_info { placement_cloud: "cloud1" placement_region: "datacenter1" placement_zone: "rack1" } } peers { permanent_uuid: "d5c37cb1777946179e6692ee5e504715" member_type: VOTER last_known_private_addr { host: "127.0.0.1" port: 9100 } cloud_info { placement_cloud: "cloud1" placement_region: "datacenter1" placement_zone: "rack1" } }, type = REMOVE_SERVER
I1010 00:42:39.186388 179785728 raft_consensus.cc:3159] T 4c1e255cf37d4de58ed9d6a6f32e7473 P d5c37cb1777946179e6692ee5e504715 [term 1 LEADER]: Setting replicate pending config peers { permanent_uuid: "6b460ba950654300b6c50d93f25aea31" member_type: VOTER last_known_private_addr { host: "127.0.0.2" port: 9100 } cloud_info { placement_cloud: "cloud1" placement_region: "datacenter1" placement_zone: "rack1" } } peers { permanent_uuid: "d5c37cb1777946179e6692ee5e504715" member_type: VOTER last_known_private_addr { host: "127.0.0.1" port: 9100 } cloud_info { placement_cloud: "cloud1" placement_region: "datacenter1" placement_zone: "rack1" } }, type = REMOVE_SERVER
I1010 00:42:39.186597 180858880 raft_consensus.cc:3573] T 7584006b2fba41cd828ac06782afeb03 P d5c37cb1777946179e6692ee5e504715 [term 1 FOLLOWER]: Snoozing leader timeout detection for 3.195s
I1010 00:42:39.186594 179249152 raft_consensus.cc:3159] T c09c8a2af076408b8083ae6bfc2a671e P d5c37cb1777946179e6692ee5e504715 [term 1 LEADER]: Setting replicate pending config peers { permanent_uuid: "6b460ba950654300b6c50d93f25aea31" member_type: VOTER last_known_private_addr { host: "127.0.0.2" port: 9100 } cloud_info { placement_cloud: "cloud1" placement_region: "datacenter1" placement_zone: "rack1" } } peers { permanent_uuid: "d5c37cb1777946179e6692ee5e504715" member_type: VOTER last_known_private_addr { host: "127.0.0.1" port: 9100 } cloud_info { placement_cloud: "cloud1" placement_region: "datacenter1" placement_zone: "rack1" } }, type = REMOVE_SERVER
I1010 00:42:39.186920 177102848 raft_consensus.cc:3159] T 2a30e7b2effb4ab888e1f5a8af3fb03b P d5c37cb1777946179e6692ee5e504715 [term 1 LEADER]: Setting replicate pending config peers { permanent_uuid: "6b460ba950654300b6c50d93f25aea31" member_type: VOTER last_known_private_addr { host: "127.0.0.2" port: 9100 } cloud_info { placement_cloud: "cloud1" placement_region: "datacenter1" placement_zone: "rack1" } } peers { permanent_uuid: "d5c37cb1777946179e6692ee5e504715" member_type: VOTER last_known_private_addr { host: "127.0.0.1" port: 9100 } cloud_info { placement_cloud: "cloud1" placement_region: "datacenter1" placement_zone: "rack1" } }, type = REMOVE_SERVER
I1010 00:42:39.187028 181932032 raft_consensus.cc:3159] T 5aab7c3da55c4174a9735369225d0c54 P d5c37cb1777946179e6692ee5e504715 [term 1 LEADER]: Setting replicate pending config peers { permanent_uuid: "6b460ba950654300b6c50d93f25aea31" member_type: VOTER last_known_private_addr { host: "127.0.0.2" port: 9100 } cloud_info { placement_cloud: "cloud1" placement_region: "datacenter1" placement_zone: "rack1" } } peers { permanent_uuid: "d5c37cb1777946179e6692ee5e504715" member_type: VOTER last_known_private_addr { host: "127.0.0.1" port: 9100 } cloud_info { placement_cloud: "cloud1" placement_region: "datacenter1" placement_zone: "rack1" } }, type = REMOVE_SERVER
I1010 00:42:39.187366 159932416 raft_consensus.cc:3159] T a46de9d55d6845f1baaa95baceeadfe7 P d5c37cb1777946179e6692ee5e504715 [term 1 LEADER]: Setting replicate pending config peers { permanent_uuid: "6b460ba950654300b6c50d93f25aea31" member_type: VOTER last_known_private_addr { host: "127.0.0.2" port: 9100 } cloud_info { placement_cloud: "cloud1" placement_region: "datacenter1" placement_zone: "rack1" } } peers { permanent_uuid: "d5c37cb1777946179e6692ee5e504715" member_type: VOTER last_known_private_addr { host: "127.0.0.1" port: 9100 } cloud_info { placement_cloud: "cloud1" placement_region: "datacenter1" placement_zone: "rack1" } }, type = REMOVE_SERVER
I1010 00:42:39.187474 161005568 raft_consensus.cc:3159] T f5bd6014d733492eac6dd2cfba061381 P d5c37cb1777946179e6692ee5e504715 [term 1 LEADER]: Setting replicate pending config peers { permanent_uuid: "6b460ba950654300b6c50d93f25aea31" member_type: VOTER last_known_private_addr { host: "127.0.0.2" port: 9100 } cloud_info { placement_cloud: "cloud1" placement_region: "datacenter1" placement_zone: "rack1" } } peers { permanent_uuid: "d5c37cb1777946179e6692ee5e504715" member_type: VOTER last_known_private_addr { host: "127.0.0.1" port: 9100 } cloud_info { placement_cloud: "cloud1" placement_region: "datacenter1" placement_zone: "rack1" } }, type = REMOVE_SERVER
I1010 00:42:39.187593 183005184 raft_consensus.cc:3159] T 769c8b8690e648df93f41c693d55ebc3 P d5c37cb1777946179e6692ee5e504715 [term 1 LEADER]: Setting replicate pending config peers { permanent_uuid: "23d881032c1249bd803e401a539be0e2" member_type: VOTER last_known_private_addr { host: "127.0.0.3" port: 9100 } cloud_info { placement_cloud: "cloud1" placement_region: "datacenter1" placement_zone: "rack1" } } peers { permanent_uuid: "d5c37cb1777946179e6692ee5e504715" member_type: VOTER last_known_private_addr { host: "127.0.0.1" port: 9100 } cloud_info { placement_cloud: "cloud1" placement_region: "datacenter1" placement_zone: "rack1" } }, type = REMOVE_SERVER
W1010 00:42:39.188329 111640576 yb_rpc.cc:532] Connection (0x000000011a172dd8) client 127.0.0.1:49503 => 127.0.0.3:9100: Network error (yb/rpc/yb_rpc.cc:531): Rpc timeout, passed: 1202.396s, timeout: 15.000s, now: 167012.575s, last_read_time_: 165810.179s
W1010 00:42:39.188859 112713728 yb_rpc.cc:532] Connection (0x000000011a6eea18) client 127.0.0.1:49514 => 127.0.0.2:9100: Network error (yb/rpc/yb_rpc.cc:531): Rpc timeout, passed: 1202.296s, timeout: 15.000s, now: 167012.575s, last_read_time_: 165810.278s
I1010 00:42:39.189015 113786880 reactor.cc:634] TabletServer_R004: DEBUG: Closing idle connection: Connection (0x00000001198d5b98) server 127.0.0.2:49496 => 127.0.0.1:9100 - it has been idle for 1202.6s
W1010 00:42:39.189209 113250304 yb_rpc.cc:532] Connection (0x000000011a6efb98) client 127.0.0.1:49515 => 127.0.0.2:9100: Network error (yb/rpc/yb_rpc.cc:531): Rpc timeout, passed: 1202.195s, timeout: 15.000s, now: 167012.575s, last_read_time_: 165810.380s
W1010 00:42:39.189270 115396608 yb_rpc.cc:532] Connection (0x0000000119d5f698) client 127.0.0.1:49495 => 127.0.0.2:9100: Network error (yb/rpc/yb_rpc.cc:531): Rpc timeout, passed: 1202.496s, timeout: 15.000s, now: 167012.575s, last_read_time_: 165810.079s
W1010 00:42:39.189414 114860032 yb_rpc.cc:532] Connection (0x0000000116f4ca18) client 127.0.0.1:49481 => 127.0.0.3:9100: Network error (yb/rpc/yb_rpc.cc:531): Rpc timeout, passed: 1202.436s, timeout: 15.000s, now: 167012.575s, last_read_time_: 165810.139s
W1010 00:42:39.189636 114323456 yb_rpc.cc:532] Connection (0x00000001162cb698) client 127.0.0.1:49372 => 127.0.0.1:7100: Network error (yb/rpc/yb_rpc.cc:531): Rpc timeout, passed: 1202.896s, timeout: 15.000s, now: 167012.575s, last_read_time_: 165809.679s
I1010 00:42:39.189867 159395840 raft_consensus.cc:684] T 54eeee0960454077a8ed85a75d38bc29 P d5c37cb1777946179e6692ee5e504715 [term 1 FOLLOWER]: Starting pre-election with config: opid_index: -1 peers { permanent_uuid: "23d881032c1249bd803e401a539be0e2" member_type: VOTER last_known_private_addr { host: "127.0.0.3" port: 9100 } cloud_info { placement_cloud: "cloud1" placement_region: "datacenter1" placement_zone: "rack1" } } peers { permanent_uuid: "6b460ba950654300b6c50d93f25aea31" member_type: VOTER last_known_private_addr { host: "127.0.0.2" port: 9100 } cloud_info { placement_cloud: "cloud1" placement_region: "datacenter1" placement_zone: "rack1" } } peers { permanent_uuid: "d5c37cb1777946179e6692ee5e504715" member_type: VOTER last_known_private_addr { host: "127.0.0.1" port: 9100 } cloud_info { placement_cloud: "cloud1" placement_region: "datacenter1" placement_zone: "rack1" } }
I1010 00:42:39.190351 154030080 raft_consensus.cc:684] T 541698385c044c6ab901cf03bad66398 P d5c37cb1777946179e6692ee5e504715 [term 1 FOLLOWER]: Starting pre-election with config: opid_index: -1 peers { permanent_uuid: "23d881032c1249bd803e401a539be0e2" member_type: VOTER last_known_private_addr { host: "127.0.0.3" port: 9100 } cloud_info { placement_cloud: "cloud1" placement_region: "datacenter1" placement_zone: "rack1" } } peers { permanent_uuid: "6b460ba950654300b6c50d93f25aea31" member_type: VOTER last_known_private_addr { host: "127.0.0.2" port: 9100 } cloud_info { placement_cloud: "cloud1" placement_region: "datacenter1" placement_zone: "rack1" } } peers { permanent_uuid: "d5c37cb1777946179e6692ee5e504715" member_type: VOTER last_known_private_addr { host: "127.0.0.1" port: 9100 } cloud_info { placement_cloud: "cloud1" placement_region: "datacenter1" placement_zone: "rack1" } }
I1010 00:42:39.190439 156176384 raft_consensus.cc:684] T 9cd834df5c9f41b091ffb845bd6122ec P d5c37cb1777946179e6692ee5e504715 [term 1 FOLLOWER]: Starting pre-election with config: opid_index: -1 peers { permanent_uuid: "23d881032c1249bd803e401a539be0e2" member_type: VOTER last_known_private_addr { host: "127.0.0.3" port: 9100 } cloud_info { placement_cloud: "cloud1" placement_region: "datacenter1" placement_zone: "rack1" } } peers { permanent_uuid: "6b460ba950654300b6c50d93f25aea31" member_type: VOTER last_known_private_addr { host: "127.0.0.2" port: 9100 } cloud_info { placement_cloud: "cloud1" placement_region: "datacenter1" placement_zone: "rack1" } } peers { permanent_uuid: "d5c37cb1777946179e6692ee5e504715" member_type: VOTER last_known_private_addr { host: "127.0.0.1" port: 9100 } cloud_info { placement_cloud: "cloud1" placement_region: "datacenter1" placement_zone: "rack1" } }
I1010 00:42:39.190735 163151872 raft_consensus.cc:684] T 46569f1a6c8746acb9da222b34f086b5 P d5c37cb1777946179e6692ee5e504715 [term 1 FOLLOWER]: Starting pre-election with config: opid_index: -1 peers { permanent_uuid: "23d881032c1249bd803e401a539be0e2" member_type: VOTER last_known_private_addr { host: "127.0.0.3" port: 9100 } cloud_info { placement_cloud: "cloud1" placement_region: "datacenter1" placement_zone: "rack1" } } peers { permanent_uuid: "6b460ba950654300b6c50d93f25aea31" member_type: VOTER last_known_private_addr { host: "127.0.0.2" port: 9100 } cloud_info { placement_cloud: "cloud1" placement_region: "datacenter1" placement_zone: "rack1" } } peers { permanent_uuid: "d5c37cb1777946179e6692ee5e504715" member_type: VOTER last_known_private_addr { host: "127.0.0.1" port: 9100 } cloud_info { placement_cloud: "cloud1" placement_region: "datacenter1" placement_zone: "rack1" } }
