I1010 10:35:58.584565 123977728 tablet_peer.cc:1643] T 1e9c042ca80e4c66a6117c85d04f6168 P d5c37cb1777946179e6692ee5e504715 [state=BOOTSTRAPPING]: Changed state from NOT_STARTED to BOOTSTRAPPING
I1010 10:35:58.584602 124514304 log.cc:1461] T bf1529417d2a441c9c33fa183a226bd3 P d5c37cb1777946179e6692ee5e504715: Setting log wal retention time to 0 seconds
I1010 10:35:58.584878 121831424 tablet_peer.cc:1643] T 5aab7c3da55c4174a9735369225d0c54 P d5c37cb1777946179e6692ee5e504715 [state=RUNNING]: Changed state from BOOTSTRAPPING to RUNNING
I1010 10:35:58.585013 122368000 log.cc:1461] T 1b3f2a4877404ba898e6ff9448cf4740 P d5c37cb1777946179e6692ee5e504715: Setting log wal retention time to 0 seconds
W1010 10:35:58.585516 127197184 heartbeater.cc:671] P d5c37cb1777946179e6692ee5e504715: Failed to heartbeat to 127.0.0.3:7100: Remote error (yb/rpc/outbound_call.cc:561): Failed to send heartbeat: Invalid argument (yb/master/master_heartbeat_service.cc:251): Received wrong universe_uuid 21b2e3d0-495a-4149-9f2a-913ddeb95eff, expected 7252bc1a-cf22-48a4-9dd6-459a6f24aa4e (rpc error 1) tries=14, num=3, masters=0x000000011260a8b8 -> [[127.0.0.1:7100], [127.0.0.2:7100], [127.0.0.3:7100]], code=Remote error
I1010 10:35:58.585582 123441152 tablet_peer.cc:1643] T 9cd834df5c9f41b091ffb845bd6122ec P d5c37cb1777946179e6692ee5e504715 [state=RUNNING]: Changed state from BOOTSTRAPPING to RUNNING
I1010 10:35:58.585539 122904576 consensus_meta.cc:361] T 58e6490841794dbeb8a8ffeaeaa9d87d P d5c37cb1777946179e6692ee5e504715: Updating active role from UNKNOWN_ROLE to FOLLOWER. Consensus state: current_term: 1 leader_uuid: "" config { opid_index: -1 peers { permanent_uuid: "23d881032c1249bd803e401a539be0e2" member_type: VOTER last_known_private_addr { host: "127.0.0.3" port: 9100 } cloud_info { placement_cloud: "cloud1" placement_region: "datacenter1" placement_zone: "rack1" } } peers { permanent_uuid: "6b460ba950654300b6c50d93f25aea31" member_type: VOTER last_known_private_addr { host: "127.0.0.2" port: 9100 } cloud_info { placement_cloud: "cloud1" placement_region: "datacenter1" placement_zone: "rack1" } } peers { permanent_uuid: "d5c37cb1777946179e6692ee5e504715" member_type: VOTER last_known_private_addr { host: "127.0.0.1" port: 9100 } cloud_info { placement_cloud: "cloud1" placement_region: "datacenter1" placement_zone: "rack1" } } }, has_pending_config = 0
I1010 10:35:58.585629 123977728 tablet_bootstrap_if.cc:96] T 1e9c042ca80e4c66a6117c85d04f6168 P d5c37cb1777946179e6692ee5e504715: Bootstrap starting.
I1010 10:35:58.585739 121831424 tablet_peer.cc:1516] T 5aab7c3da55c4174a9735369225d0c54 P d5c37cb1777946179e6692ee5e504715 [state=RUNNING]: Registered log gc
I1010 10:35:58.585847 127197184 heartbeater.cc:379] P d5c37cb1777946179e6692ee5e504715: Registering TS with master...
I1010 10:35:58.586061 123441152 tablet_peer.cc:1516] T 9cd834df5c9f41b091ffb845bd6122ec P d5c37cb1777946179e6692ee5e504715 [state=RUNNING]: Registered log gc
I1010 10:35:58.586311 122904576 tablet_bootstrap_state_manager.cc:68] Initialized TabletBootstrapStateManager, found a file ? no, wal dir=/Users/nag/yb/yugabyte-data/node1/yb-data/tserver/wals/table-00004000000030008000000000004007/tablet-58e6490841794dbeb8a8ffeaeaa9d87d
I1010 10:35:58.586409 123977728 tablet.cc:637] T 1e9c042ca80e4c66a6117c85d04f6168 P d5c37cb1777946179e6692ee5e504715: Schema version for transactions is 0
I1010 10:35:58.586408 121831424 ts_tablet_manager.cc:2063] T 5aab7c3da55c4174a9735369225d0c54 P d5c37cb1777946179e6692ee5e504715: Time spent starting tablet: real 0.008s	user 0.001s	sys 0.001s
I1010 10:35:58.586427 127197184 server_base.cc:598] Using private rpc address 127.0.0.1
I1010 10:35:58.586467 123441152 ts_tablet_manager.cc:2063] T 9cd834df5c9f41b091ffb845bd6122ec P d5c37cb1777946179e6692ee5e504715: Time spent starting tablet: real 0.008s	user 0.001s	sys 0.001s
W1010 10:35:58.586512 124514304 log_util.cc:241] Could not read footer for segment: /Users/nag/yb/yugabyte-data/node1/yb-data/tserver/wals/table-f80c17935cc9489ab3c6c05dceb25976/tablet-bf1529417d2a441c9c33fa183a226bd3/wal-000000001: Not found (yb/consensus/log_util.cc:581): Footer not found. Footer magic doesn't match
I1010 10:35:58.586539 122904576 tablet_peer.cc:1643] T 58e6490841794dbeb8a8ffeaeaa9d87d P d5c37cb1777946179e6692ee5e504715 [state=BOOTSTRAPPING]: Changed state from NOT_STARTED to BOOTSTRAPPING
I1010 10:35:58.586633 121831424 ts_tablet_manager.cc:3478] Deleted transition in progress opening tablet for tablet 5aab7c3da55c4174a9735369225d0c54
I1010 10:35:58.586670 127197184 server_base.cc:620] Using http address 127.0.0.1
I1010 10:35:58.586704 120758272 consensus_meta.cc:361] T 1b590108fd474e13a02c154dfedc3952 P d5c37cb1777946179e6692ee5e504715: Updating active role from UNKNOWN_ROLE to FOLLOWER. Consensus state: current_term: 1 leader_uuid: "" config { opid_index: -1 peers { permanent_uuid: "23d881032c1249bd803e401a539be0e2" member_type: VOTER last_known_private_addr { host: "127.0.0.3" port: 9100 } cloud_info { placement_cloud: "cloud1" placement_region: "datacenter1" placement_zone: "rack1" } } peers { permanent_uuid: "6b460ba950654300b6c50d93f25aea31" member_type: VOTER last_known_private_addr { host: "127.0.0.2" port: 9100 } cloud_info { placement_cloud: "cloud1" placement_region: "datacenter1" placement_zone: "rack1" } } peers { permanent_uuid: "d5c37cb1777946179e6692ee5e504715" member_type: VOTER last_known_private_addr { host: "127.0.0.1" port: 9100 } cloud_info { placement_cloud: "cloud1" placement_region: "datacenter1" placement_zone: "rack1" } } }, has_pending_config = 0
I1010 10:35:58.586752 123441152 ts_tablet_manager.cc:3478] Deleted transition in progress opening tablet for tablet 9cd834df5c9f41b091ffb845bd6122ec
W1010 10:35:58.586794 124514304 log_reader.cc:217] T bf1529417d2a441c9c33fa183a226bd3 P d5c37cb1777946179e6692ee5e504715: Log segment /Users/nag/yb/yugabyte-data/node1/yb-data/tserver/wals/table-f80c17935cc9489ab3c6c05dceb25976/tablet-bf1529417d2a441c9c33fa183a226bd3/wal-000000001 was likely left in-progressafter a previous crash. Will try to reuse this segment as writable active segment
I1010 10:35:58.586824 122904576 tablet_bootstrap_if.cc:96] T 58e6490841794dbeb8a8ffeaeaa9d87d P d5c37cb1777946179e6692ee5e504715: Bootstrap starting.
I1010 10:35:58.586854 121831424 ts_tablet_manager.cc:1936] T 8e0f68212e424483898ada80f57d111e P d5c37cb1777946179e6692ee5e504715: Bootstrapping tablet
W1010 10:35:58.586884 122368000 log_util.cc:241] Could not read footer for segment: /Users/nag/yb/yugabyte-data/node1/yb-data/tserver/wals/table-f80c17935cc9489ab3c6c05dceb25976/tablet-1b3f2a4877404ba898e6ff9448cf4740/wal-000000001: Not found (yb/consensus/log_util.cc:581): Footer not found. Footer magic doesn't match
I1010 10:35:58.586959 123977728 tablet_bootstrap.cc:644] T 1e9c042ca80e4c66a6117c85d04f6168 P d5c37cb1777946179e6692ee5e504715: Time spent opening tablet: real 0.000s	user 0.000s	sys 0.000s
I1010 10:35:58.587100 120758272 tablet_bootstrap_state_manager.cc:68] Initialized TabletBootstrapStateManager, found a file ? no, wal dir=/Users/nag/yb/yugabyte-data/node1/yb-data/tserver/wals/table-0000400000003000800000000000400e/tablet-1b590108fd474e13a02c154dfedc3952
I1010 10:35:58.587105 123441152 ts_tablet_manager.cc:1936] T e1f4e53199844455a5eebccf2866688d P d5c37cb1777946179e6692ee5e504715: Bootstrapping tablet
I1010 10:35:58.587513 124514304 log.cc:722] T bf1529417d2a441c9c33fa183a226bd3 P d5c37cb1777946179e6692ee5e504715: Opened existing logs. Last segment is /Users/nag/yb/yugabyte-data/node1/yb-data/tserver/wals/table-f80c17935cc9489ab3c6c05dceb25976/tablet-bf1529417d2a441c9c33fa183a226bd3/wal-000000001
W1010 10:35:58.587854 127197184 heartbeater.cc:671] P d5c37cb1777946179e6692ee5e504715: Failed to heartbeat to 127.0.0.3:7100: Remote error (yb/rpc/outbound_call.cc:561): Failed to send heartbeat: Invalid argument (yb/master/master_heartbeat_service.cc:251): Received wrong universe_uuid 21b2e3d0-495a-4149-9f2a-913ddeb95eff, expected 7252bc1a-cf22-48a4-9dd6-459a6f24aa4e (rpc error 1) tries=15, num=3, masters=0x000000011260a8b8 -> [[127.0.0.1:7100], [127.0.0.2:7100], [127.0.0.3:7100]], code=Remote error
W1010 10:35:58.587883 122368000 log_reader.cc:217] T 1b3f2a4877404ba898e6ff9448cf4740 P d5c37cb1777946179e6692ee5e504715: Log segment /Users/nag/yb/yugabyte-data/node1/yb-data/tserver/wals/table-f80c17935cc9489ab3c6c05dceb25976/tablet-1b3f2a4877404ba898e6ff9448cf4740/wal-000000001 was likely left in-progressafter a previous crash. Will try to reuse this segment as writable active segment
I1010 10:35:58.587939 122904576 tablet.cc:637] T 58e6490841794dbeb8a8ffeaeaa9d87d P d5c37cb1777946179e6692ee5e504715: Schema version for user_info is 1
I1010 10:35:58.588023 120758272 tablet_peer.cc:1643] T 1b590108fd474e13a02c154dfedc3952 P d5c37cb1777946179e6692ee5e504715 [state=BOOTSTRAPPING]: Changed state from NOT_STARTED to BOOTSTRAPPING
I1010 10:35:58.588058 123977728 tablet_bootstrap.cc:740] T 1e9c042ca80e4c66a6117c85d04f6168 P d5c37cb1777946179e6692ee5e504715: Will attempt to recover log segment /Users/nag/yb/yugabyte-data/node1/yb-data/tserver/wals/table-f80c17935cc9489ab3c6c05dceb25976/tablet-1e9c042ca80e4c66a6117c85d04f6168/wal-000000001
I1010 10:35:58.588089 121831424 consensus_meta.cc:361] T 8e0f68212e424483898ada80f57d111e P d5c37cb1777946179e6692ee5e504715: Updating active role from UNKNOWN_ROLE to FOLLOWER. Consensus state: current_term: 1 leader_uuid: "" config { opid_index: -1 peers { permanent_uuid: "23d881032c1249bd803e401a539be0e2" member_type: VOTER last_known_private_addr { host: "127.0.0.3" port: 9100 } cloud_info { placement_cloud: "cloud1" placement_region: "datacenter1" placement_zone: "rack1" } } peers { permanent_uuid: "6b460ba950654300b6c50d93f25aea31" member_type: VOTER last_known_private_addr { host: "127.0.0.2" port: 9100 } cloud_info { placement_cloud: "cloud1" placement_region: "datacenter1" placement_zone: "rack1" } } peers { permanent_uuid: "d5c37cb1777946179e6692ee5e504715" member_type: VOTER last_known_private_addr { host: "127.0.0.1" port: 9100 } cloud_info { placement_cloud: "cloud1" placement_region: "datacenter1" placement_zone: "rack1" } } }, has_pending_config = 0
I1010 10:35:58.588176 124514304 tablet_bootstrap.cc:396] T bf1529417d2a441c9c33fa183a226bd3 P d5c37cb1777946179e6692ee5e504715: Bootstrap optimizer (skip_flushed_entries): op_id_replay_lowest=-1.-1 (regular_op_id=-1.-1, intents_op_id=-1.-1, has_intents_db=0)
I1010 10:35:58.588227 127197184 heartbeater.cc:379] P d5c37cb1777946179e6692ee5e504715: Registering TS with master...
I1010 10:35:58.588276 122368000 log.cc:722] T 1b3f2a4877404ba898e6ff9448cf4740 P d5c37cb1777946179e6692ee5e504715: Opened existing logs. Last segment is /Users/nag/yb/yugabyte-data/node1/yb-data/tserver/wals/table-f80c17935cc9489ab3c6c05dceb25976/tablet-1b3f2a4877404ba898e6ff9448cf4740/wal-000000001
I1010 10:35:58.589548 123441152 consensus_meta.cc:361] T e1f4e53199844455a5eebccf2866688d P d5c37cb1777946179e6692ee5e504715: Updating active role from UNKNOWN_ROLE to FOLLOWER. Consensus state: current_term: 1 leader_uuid: "" config { opid_index: -1 peers { permanent_uuid: "23d881032c1249bd803e401a539be0e2" member_type: VOTER last_known_private_addr { host: "127.0.0.3" port: 9100 } cloud_info { placement_cloud: "cloud1" placement_region: "datacenter1" placement_zone: "rack1" } } peers { permanent_uuid: "6b460ba950654300b6c50d93f25aea31" member_type: VOTER last_known_private_addr { host: "127.0.0.2" port: 9100 } cloud_info { placement_cloud: "cloud1" placement_region: "datacenter1" placement_zone: "rack1" } } peers { permanent_uuid: "d5c37cb1777946179e6692ee5e504715" member_type: VOTER last_known_private_addr { host: "127.0.0.1" port: 9100 } cloud_info { placement_cloud: "cloud1" placement_region: "datacenter1" placement_zone: "rack1" } } }, has_pending_config = 0
I1010 10:35:58.589720 123977728 tablet_bootstrap.cc:1238] T 1e9c042ca80e4c66a6117c85d04f6168 P d5c37cb1777946179e6692ee5e504715: Flushed DocDB OpIds: { regular: -1.-1 intents: -1.-1 }
I1010 10:35:58.589872 121831424 tablet_bootstrap_state_manager.cc:68] Initialized TabletBootstrapStateManager, found a file ? no, wal dir=/Users/nag/yb/yugabyte-data/node1/yb-data/tserver/wals/table-b9a0b9d79c3a45f4842ed441df7c3e59/tablet-8e0f68212e424483898ada80f57d111e
I1010 10:35:58.590058 127197184 server_base.cc:598] Using private rpc address 127.0.0.1
I1010 10:35:58.590097 124514304 tablet_bootstrap.cc:1461] T bf1529417d2a441c9c33fa183a226bd3 P d5c37cb1777946179e6692ee5e504715: Segment /Users/nag/yb/yugabyte-data/node1/yb-data/tserver/wals/table-f80c17935cc9489ab3c6c05dceb25976/tablet-bf1529417d2a441c9c33fa183a226bd3/wal-000000001 cannot be used as the first segment to start replay with according to our OpId and retention criteria. However, this is already the earliest segment so we have to start replay here. We should probably investigate how we got into this situation. op_id=1.1, op_id_replay_lowest=-1.-1, last_op_id_in_retryable_requests=0.0, first_op_time=161875.974s, retryable_requests_retain_interval=60.000s, *retryable_requests_replay_from_this_or_earlier_time=161815.974s, is_first_op_id_low_enough_for_retryable_requests=0, is_first_op_time_early_enough_for_retryable_requests=0, is_first_op_id_low_enough=0
I1010 10:35:58.590271 122368000 tablet_bootstrap.cc:396] T 1b3f2a4877404ba898e6ff9448cf4740 P d5c37cb1777946179e6692ee5e504715: Bootstrap optimizer (skip_flushed_entries): op_id_replay_lowest=-1.-1 (regular_op_id=-1.-1, intents_op_id=-1.-1, has_intents_db=0)
I1010 10:35:58.590533 123441152 tablet_bootstrap_state_manager.cc:68] Initialized TabletBootstrapStateManager, found a file ? no, wal dir=/Users/nag/yb/yugabyte-data/node1/yb-data/tserver/wals/table-00004000000030008000000000004007/tablet-e1f4e53199844455a5eebccf2866688d
I1010 10:35:58.590915 123977728 tablet_bootstrap.cc:1514] T 1e9c042ca80e4c66a6117c85d04f6168 P d5c37cb1777946179e6692ee5e504715: Max persistent index in RocksDB's SSTables before bootstrap: regular RocksDB: -1.-1; intents RocksDB: -1.-1
I1010 10:35:58.591001 121831424 tablet_peer.cc:1643] T 8e0f68212e424483898ada80f57d111e P d5c37cb1777946179e6692ee5e504715 [state=BOOTSTRAPPING]: Changed state from NOT_STARTED to BOOTSTRAPPING
I1010 10:35:58.591019 127197184 server_base.cc:620] Using http address 127.0.0.1
I1010 10:35:58.591123 124514304 tablet_bootstrap.cc:1476] T bf1529417d2a441c9c33fa183a226bd3 P d5c37cb1777946179e6692ee5e504715: Bootstrap optimizer (skip_flushed_entries): will replay all segments starting from the very first one.
I1010 10:35:58.591197 122368000 tablet_bootstrap.cc:1461] T 1b3f2a4877404ba898e6ff9448cf4740 P d5c37cb1777946179e6692ee5e504715: Segment /Users/nag/yb/yugabyte-data/node1/yb-data/tserver/wals/table-f80c17935cc9489ab3c6c05dceb25976/tablet-1b3f2a4877404ba898e6ff9448cf4740/wal-000000001 cannot be used as the first segment to start replay with according to our OpId and retention criteria. However, this is already the earliest segment so we have to start replay here. We should probably investigate how we got into this situation. op_id=1.1, op_id_replay_lowest=-1.-1, last_op_id_in_retryable_requests=0.0, first_op_time=161876.522s, retryable_requests_retain_interval=60.000s, *retryable_requests_replay_from_this_or_earlier_time=161816.522s, is_first_op_id_low_enough_for_retryable_requests=0, is_first_op_time_early_enough_for_retryable_requests=0, is_first_op_id_low_enough=0
I1010 10:35:58.591272 123441152 tablet_peer.cc:1643] T e1f4e53199844455a5eebccf2866688d P d5c37cb1777946179e6692ee5e504715 [state=BOOTSTRAPPING]: Changed state from NOT_STARTED to BOOTSTRAPPING
I1010 10:35:58.591464 123977728 log.cc:1461] T 1e9c042ca80e4c66a6117c85d04f6168 P d5c37cb1777946179e6692ee5e504715: Setting log wal retention time to 0 seconds
I1010 10:35:58.591503 121831424 tablet_bootstrap_if.cc:96] T 8e0f68212e424483898ada80f57d111e P d5c37cb1777946179e6692ee5e504715: Bootstrap starting.
I1010 10:35:58.592384 122368000 tablet_bootstrap.cc:1476] T 1b3f2a4877404ba898e6ff9448cf4740 P d5c37cb1777946179e6692ee5e504715: Bootstrap optimizer (skip_flushed_entries): will replay all segments starting from the very first one.
W1010 10:35:58.592481 127197184 heartbeater.cc:671] P d5c37cb1777946179e6692ee5e504715: Failed to heartbeat to 127.0.0.3:7100: Remote error (yb/rpc/outbound_call.cc:561): Failed to send heartbeat: Invalid argument (yb/master/master_heartbeat_service.cc:251): Received wrong universe_uuid 21b2e3d0-495a-4149-9f2a-913ddeb95eff, expected 7252bc1a-cf22-48a4-9dd6-459a6f24aa4e (rpc error 1) tries=16, num=3, masters=0x000000011260a8b8 -> [[127.0.0.1:7100], [127.0.0.2:7100], [127.0.0.3:7100]], code=Remote error
I1010 10:35:58.592495 124514304 tablet_bootstrap_if.cc:96] T bf1529417d2a441c9c33fa183a226bd3 P d5c37cb1777946179e6692ee5e504715: Bootstrap replayed 1/1 log segments. Read operations: 5, overwritten operations: 0. Pending: 1 replicates. Last read committed op id: 3.5, last entry metadata: { entry_time: 187126.168s offset: 1350 active_segment_sequence_number: 1 }, last read entry op id: 3.5
I1010 10:35:58.592573 123441152 tablet_bootstrap_if.cc:96] T e1f4e53199844455a5eebccf2866688d P d5c37cb1777946179e6692ee5e504715: Bootstrap starting.
I1010 10:35:58.592869 121831424 tablet.cc:637] T 8e0f68212e424483898ada80f57d111e P d5c37cb1777946179e6692ee5e504715: Schema version for cdc_state is 0
I1010 10:35:58.593238 124514304 tablet_bootstrap.cc:1654] T bf1529417d2a441c9c33fa183a226bd3 P d5c37cb1777946179e6692ee5e504715: Dumping replay state to log at the end of PlaySegments
I1010 10:35:58.593350 122368000 log_util.cc:797] Scanning /Users/nag/yb/yugabyte-data/node1/yb-data/tserver/wals/table-f80c17935cc9489ab3c6c05dceb25976/tablet-1b3f2a4877404ba898e6ff9448cf4740/wal-000000001 for valid entry headers following offset 4184...
I1010 10:35:58.593416 123441152 tablet.cc:637] T e1f4e53199844455a5eebccf2866688d P d5c37cb1777946179e6692ee5e504715: Schema version for user_info is 1
W1010 10:35:58.593588 123977728 log_util.cc:241] Could not read footer for segment: /Users/nag/yb/yugabyte-data/node1/yb-data/tserver/wals/table-f80c17935cc9489ab3c6c05dceb25976/tablet-1e9c042ca80e4c66a6117c85d04f6168/wal-000000001: Not found (yb/consensus/log_util.cc:581): Footer not found. Footer magic doesn't match
I1010 10:35:58.593613 124514304 tablet_bootstrap.cc:1212] T bf1529417d2a441c9c33fa183a226bd3 P d5c37cb1777946179e6692ee5e504715: ReplayState: Previous OpId: 3.5, Committed OpId: 3.5, Pending Replicates: 0, Flushed Regular: -1.-1, Flushed Intents: -1.-1
I1010 10:35:58.593722 121831424 docdb_rocksdb_util.cc:367] FLAGS_rocksdb_max_background_flushes was not set, automatically configuring 2 max background flushes
W1010 10:35:58.593886 123977728 log_reader.cc:217] T 1e9c042ca80e4c66a6117c85d04f6168 P d5c37cb1777946179e6692ee5e504715: Log segment /Users/nag/yb/yugabyte-data/node1/yb-data/tserver/wals/table-f80c17935cc9489ab3c6c05dceb25976/tablet-1e9c042ca80e4c66a6117c85d04f6168/wal-000000001 was likely left in-progressafter a previous crash. Will try to reuse this segment as writable active segment
I1010 10:35:58.593923 124514304 tablet_bootstrap.cc:1212] T bf1529417d2a441c9c33fa183a226bd3 P d5c37cb1777946179e6692ee5e504715: Log entries applied to RocksDB: 5
I1010 10:35:58.593958 121831424 docdb_rocksdb_util.cc:402] FLAGS_rocksdb_max_background_compactions was not set, automatically configuring 2 background compactions.
I1010 10:35:58.593972 123441152 transaction_participant.cc:193] T e1f4e53199844455a5eebccf2866688d P d5c37cb1777946179e6692ee5e504715: Create
I1010 10:35:58.594105 123977728 log.cc:722] T 1e9c042ca80e4c66a6117c85d04f6168 P d5c37cb1777946179e6692ee5e504715: Opened existing logs. Last segment is /Users/nag/yb/yugabyte-data/node1/yb-data/tserver/wals/table-f80c17935cc9489ab3c6c05dceb25976/tablet-1e9c042ca80e4c66a6117c85d04f6168/wal-000000001
I1010 10:35:58.594291 124514304 tablet_bootstrap.cc:1666] T bf1529417d2a441c9c33fa183a226bd3 P d5c37cb1777946179e6692ee5e504715: Number of orphaned replicates: 0, last id: 3.5, committed id: 3.5
I1010 10:35:58.594353 121831424 docdb_rocksdb_util.cc:415] FLAGS_rocksdb_base_background_compactions was not set, automatically configuring 2 base background compactions.
I1010 10:35:58.595162 123977728 tablet_bootstrap.cc:396] T 1e9c042ca80e4c66a6117c85d04f6168 P d5c37cb1777946179e6692ee5e504715: Bootstrap optimizer (skip_flushed_entries): op_id_replay_lowest=-1.-1 (regular_op_id=-1.-1, intents_op_id=-1.-1, has_intents_db=0)
I1010 10:35:58.595932 121831424 docdb_rocksdb_util.cc:659] T 8e0f68212e424483898ada80f57d111e P d5c37cb1777946179e6692ee5e504715 [R]: Write buffer size: 134217728
I1010 10:35:58.596726 123977728 tablet_bootstrap.cc:1461] T 1e9c042ca80e4c66a6117c85d04f6168 P d5c37cb1777946179e6692ee5e504715: Segment /Users/nag/yb/yugabyte-data/node1/yb-data/tserver/wals/table-f80c17935cc9489ab3c6c05dceb25976/tablet-1e9c042ca80e4c66a6117c85d04f6168/wal-000000001 cannot be used as the first segment to start replay with according to our OpId and retention criteria. However, this is already the earliest segment so we have to start replay here. We should probably investigate how we got into this situation. op_id=1.1, op_id_replay_lowest=-1.-1, last_op_id_in_retryable_requests=0.0, first_op_time=161876.022s, retryable_requests_retain_interval=60.000s, *retryable_requests_replay_from_this_or_earlier_time=161816.022s, is_first_op_id_low_enough_for_retryable_requests=0, is_first_op_time_early_enough_for_retryable_requests=0, is_first_op_id_low_enough=0
I1010 10:35:58.596823 123977728 tablet_bootstrap.cc:1476] T 1e9c042ca80e4c66a6117c85d04f6168 P d5c37cb1777946179e6692ee5e504715: Bootstrap optimizer (skip_flushed_entries): will replay all segments starting from the very first one.
I1010 10:35:58.596858 121831424 tablet.cc:764] T 8e0f68212e424483898ada80f57d111e P d5c37cb1777946179e6692ee5e504715: Creating RocksDB database in dir /Users/nag/yb/yugabyte-data/node1/yb-data/tserver/data/rocksdb/table-b9a0b9d79c3a45f4842ed441df7c3e59/tablet-8e0f68212e424483898ada80f57d111e
I1010 10:35:58.597051 123977728 log_util.cc:797] Scanning /Users/nag/yb/yugabyte-data/node1/yb-data/tserver/wals/table-f80c17935cc9489ab3c6c05dceb25976/tablet-1e9c042ca80e4c66a6117c85d04f6168/wal-000000001 for valid entry headers following offset 2008...
I1010 10:35:58.597082 123441152 docdb_rocksdb_util.cc:659] T e1f4e53199844455a5eebccf2866688d P d5c37cb1777946179e6692ee5e504715 [R]: Write buffer size: 134217728
I1010 10:35:58.597141 121831424 tablet.cc:980] Opening RocksDB at: /Users/nag/yb/yugabyte-data/node1/yb-data/tserver/data/rocksdb/table-b9a0b9d79c3a45f4842ed441df7c3e59/tablet-8e0f68212e424483898ada80f57d111e
I1010 10:35:58.597374 123441152 tablet.cc:764] T e1f4e53199844455a5eebccf2866688d P d5c37cb1777946179e6692ee5e504715: Creating RocksDB database in dir /Users/nag/yb/yugabyte-data/node1/yb-data/tserver/data/rocksdb/table-00004000000030008000000000004007/tablet-e1f4e53199844455a5eebccf2866688d
I1010 10:35:58.598708 124514304 tablet_bootstrap_if.cc:96] T bf1529417d2a441c9c33fa183a226bd3 P d5c37cb1777946179e6692ee5e504715: Bootstrap complete.
I1010 10:35:58.600387 122368000 log_util.cc:841] Found no log entry headers
I1010 10:35:58.601119 121831424 version_set.cc:2966] T 8e0f68212e424483898ada80f57d111e P d5c37cb1777946179e6692ee5e504715 [R]: Recovered from manifest file:/Users/nag/yb/yugabyte-data/node1/yb-data/tserver/data/rocksdb/table-b9a0b9d79c3a45f4842ed441df7c3e59/tablet-8e0f68212e424483898ada80f57d111e/MANIFEST-000001 succeeded,manifest_file_number is 1, next_file_number is 3, last_sequence is 1125899906842624, log_number is 0,prev_log_number is 0,max_column_family is 0, flushed_values is <NULL>
I1010 10:35:58.601236 123441152 tablet.cc:980] Opening RocksDB at: /Users/nag/yb/yugabyte-data/node1/yb-data/tserver/data/rocksdb/table-00004000000030008000000000004007/tablet-e1f4e53199844455a5eebccf2866688d
I1010 10:35:58.601236 123977728 log_util.cc:841] Found no log entry headers
I1010 10:35:58.601325 122368000 log_util.cc:702] Ignoring partially flushed segment in write ahead log /Users/nag/yb/yugabyte-data/node1/yb-data/tserver/wals/table-f80c17935cc9489ab3c6c05dceb25976/tablet-1b3f2a4877404ba898e6ff9448cf4740/wal-000000001 because there are no log entries following this one. The server probably crashed in the middle of writing an entry to the write-ahead log or downloaded an active log via remote bootstrap. Error detail: Corruption (yb/consensus/log_util.cc:912): Invalid checksum in log entry head header: found=0, computed=2351477386: Failed trying to read batch #42 at offset 4184 for log segment /Users/nag/yb/yugabyte-data/node1/yb-data/tserver/wals/table-f80c17935cc9489ab3c6c05dceb25976/tablet-1b3f2a4877404ba898e6ff9448cf4740/wal-000000001: Prior batch offsets: 4047 4073 4158 4184; Last log entries read: [REPLICATE (2.18)] [REPLICATE (2.19)] [REPLICATE (2.20)] [REPLICATE (2.21)]
I1010 10:35:58.601387 121831424 version_set.cc:2974] T 8e0f68212e424483898ada80f57d111e P d5c37cb1777946179e6692ee5e504715 [R]: Column family [default] (ID 0), log number is 0
I1010 10:35:58.601409 124514304 log.cc:1112] Successfully restored footer_builder_ and log_index_ for segment: /Users/nag/yb/yugabyte-data/node1/yb-data/tserver/wals/table-f80c17935cc9489ab3c6c05dceb25976/tablet-bf1529417d2a441c9c33fa183a226bd3/wal-000000001. Reopen the file for write with starting offset: 1956
I1010 10:35:58.601682 123977728 log_util.cc:702] Ignoring partially flushed segment in write ahead log /Users/nag/yb/yugabyte-data/node1/yb-data/tserver/wals/table-f80c17935cc9489ab3c6c05dceb25976/tablet-1e9c042ca80e4c66a6117c85d04f6168/wal-000000001 because there are no log entries following this one. The server probably crashed in the middle of writing an entry to the write-ahead log or downloaded an active log via remote bootstrap. Error detail: Corruption (yb/consensus/log_util.cc:912): Invalid checksum in log entry head header: found=0, computed=2351477386: Failed trying to read batch #11 at offset 2008 for log segment /Users/nag/yb/yugabyte-data/node1/yb-data/tserver/wals/table-f80c17935cc9489ab3c6c05dceb25976/tablet-1e9c042ca80e4c66a6117c85d04f6168/wal-000000001: Prior batch offsets: 1350 1376 1982 2008; Last log entries read: [REPLICATE (1.2)] [REPLICATE (3.3)] [REPLICATE (3.4)] [REPLICATE (3.5)]
I1010 10:35:58.602288 121831424 event_logger.cc:66] T 8e0f68212e424483898ada80f57d111e P d5c37cb1777946179e6692ee5e504715 [R]: EVENT_LOG_v1 {"time_micros": 1728536758602276, "job": 1, "event": "recovery_started", "log_files": [3]}
I1010 10:35:58.602380 124514304 log.cc:1461] T bf1529417d2a441c9c33fa183a226bd3 P d5c37cb1777946179e6692ee5e504715: Setting log wal retention time to 0 seconds
I1010 10:35:58.602492 122368000 tablet_bootstrap_if.cc:96] T 1b3f2a4877404ba898e6ff9448cf4740 P d5c37cb1777946179e6692ee5e504715: Bootstrap replayed 1/1 log segments. Read operations: 21, overwritten operations: 0. Pending: 1 replicates. Last read committed op id: 2.21, last entry metadata: { entry_time: 190734.855s offset: 4073 active_segment_sequence_number: 1 }, last read entry op id: 2.21
I1010 10:35:58.602936 121831424 db_impl.cc:1622] T 8e0f68212e424483898ada80f57d111e P d5c37cb1777946179e6692ee5e504715 [R]: Recovering log #3 mode 0 skip-recovery 0
I1010 10:35:58.603019 123441152 version_set.cc:2966] T e1f4e53199844455a5eebccf2866688d P d5c37cb1777946179e6692ee5e504715 [R]: Recovered from manifest file:/Users/nag/yb/yugabyte-data/node1/yb-data/tserver/data/rocksdb/table-00004000000030008000000000004007/tablet-e1f4e53199844455a5eebccf2866688d/MANIFEST-000001 succeeded,manifest_file_number is 1, next_file_number is 3, last_sequence is 1125899906842624, log_number is 0,prev_log_number is 0,max_column_family is 0, flushed_values is <NULL>
I1010 10:35:58.603152 123977728 tablet_bootstrap_if.cc:96] T 1e9c042ca80e4c66a6117c85d04f6168 P d5c37cb1777946179e6692ee5e504715: Bootstrap replayed 1/1 log segments. Read operations: 5, overwritten operations: 0. Pending: 1 replicates. Last read committed op id: 3.5, last entry metadata: { entry_time: 187107.709s offset: 1376 active_segment_sequence_number: 1 }, last read entry op id: 3.5
I1010 10:35:58.603147 124514304 ts_tablet_manager.cc:1982] T bf1529417d2a441c9c33fa183a226bd3 P d5c37cb1777946179e6692ee5e504715: Time spent bootstrapping tablet: real 0.026s	user 0.002s	sys 0.003s
I1010 10:35:58.603240 122368000 tablet_bootstrap.cc:1654] T 1b3f2a4877404ba898e6ff9448cf4740 P d5c37cb1777946179e6692ee5e504715: Dumping replay state to log at the end of PlaySegments
I1010 10:35:58.603299 121831424 version_set.cc:2407] T 8e0f68212e424483898ada80f57d111e P d5c37cb1777946179e6692ee5e504715 [R]: Creating manifest 5
I1010 10:35:58.603369 123441152 version_set.cc:2974] T e1f4e53199844455a5eebccf2866688d P d5c37cb1777946179e6692ee5e504715 [R]: Column family [default] (ID 0), log number is 0
I1010 10:35:58.603626 123977728 tablet_bootstrap.cc:1654] T 1e9c042ca80e4c66a6117c85d04f6168 P d5c37cb1777946179e6692ee5e504715: Dumping replay state to log at the end of PlaySegments
I1010 10:35:58.604041 122368000 tablet_bootstrap.cc:1212] T 1b3f2a4877404ba898e6ff9448cf4740 P d5c37cb1777946179e6692ee5e504715: ReplayState: Previous OpId: 2.21, Committed OpId: 2.21, Pending Replicates: 0, Flushed Regular: -1.-1, Flushed Intents: -1.-1
I1010 10:35:58.604460 123977728 tablet_bootstrap.cc:1212] T 1e9c042ca80e4c66a6117c85d04f6168 P d5c37cb1777946179e6692ee5e504715: ReplayState: Previous OpId: 3.5, Committed OpId: 3.5, Pending Replicates: 0, Flushed Regular: -1.-1, Flushed Intents: -1.-1
I1010 10:35:58.604470 123441152 event_logger.cc:66] T e1f4e53199844455a5eebccf2866688d P d5c37cb1777946179e6692ee5e504715 [R]: EVENT_LOG_v1 {"time_micros": 1728536758604462, "job": 1, "event": "recovery_started", "log_files": [3]}
I1010 10:35:58.604547 122368000 tablet_bootstrap.cc:1212] T 1b3f2a4877404ba898e6ff9448cf4740 P d5c37cb1777946179e6692ee5e504715: Log entries applied to RocksDB: 21
I1010 10:35:58.604796 123977728 tablet_bootstrap.cc:1212] T 1e9c042ca80e4c66a6117c85d04f6168 P d5c37cb1777946179e6692ee5e504715: Log entries applied to RocksDB: 5
I1010 10:35:58.604975 123441152 db_impl.cc:1622] T e1f4e53199844455a5eebccf2866688d P d5c37cb1777946179e6692ee5e504715 [R]: Recovering log #3 mode 0 skip-recovery 0
I1010 10:35:58.605042 122368000 tablet_bootstrap.cc:1666] T 1b3f2a4877404ba898e6ff9448cf4740 P d5c37cb1777946179e6692ee5e504715: Number of orphaned replicates: 0, last id: 2.21, committed id: 2.21
I1010 10:35:58.605121 123977728 tablet_bootstrap.cc:1666] T 1e9c042ca80e4c66a6117c85d04f6168 P d5c37cb1777946179e6692ee5e504715: Number of orphaned replicates: 0, last id: 3.5, committed id: 3.5
I1010 10:35:58.605343 123441152 version_set.cc:2407] T e1f4e53199844455a5eebccf2866688d P d5c37cb1777946179e6692ee5e504715 [R]: Creating manifest 5
I1010 10:35:58.589634 120758272 tablet_bootstrap_if.cc:96] T 1b590108fd474e13a02c154dfedc3952 P d5c37cb1777946179e6692ee5e504715: Bootstrap starting.
I1010 10:35:58.605468 122904576 transaction_participant.cc:193] T 58e6490841794dbeb8a8ffeaeaa9d87d P d5c37cb1777946179e6692ee5e504715: Create
I1010 10:35:58.605630 121831424 event_logger.cc:66] T 8e0f68212e424483898ada80f57d111e P d5c37cb1777946179e6692ee5e504715 [R]: EVENT_LOG_v1 {"time_micros": 1728536758605624, "job": 1, "event": "recovery_finished"}
I1010 10:35:58.607280 124514304 consensus_meta.cc:361] T bf1529417d2a441c9c33fa183a226bd3 P d5c37cb1777946179e6692ee5e504715: Updating active role from FOLLOWER to FOLLOWER. Consensus state: current_term: 3 leader_uuid: "" config { opid_index: 5 peers { permanent_uuid: "23d881032c1249bd803e401a539be0e2" member_type: VOTER last_known_private_addr { host: "127.0.0.3" port: 9100 } cloud_info { placement_cloud: "cloud1" placement_region: "datacenter1" placement_zone: "rack1" } } peers { permanent_uuid: "6b460ba950654300b6c50d93f25aea31" member_type: VOTER last_known_private_addr { host: "127.0.0.2" port: 9100 } cloud_info { placement_cloud: "cloud1" placement_region: "datacenter1" placement_zone: "rack1" } } peers { permanent_uuid: "d5c37cb1777946179e6692ee5e504715" member_type: VOTER last_known_private_addr { host: "127.0.0.1" port: 9100 } cloud_info { placement_cloud: "cloud1" placement_region: "datacenter1" placement_zone: "rack1" } } }, has_pending_config = 0
I1010 10:35:58.607302 123977728 tablet_bootstrap_if.cc:96] T 1e9c042ca80e4c66a6117c85d04f6168 P d5c37cb1777946179e6692ee5e504715: Bootstrap complete.
I1010 10:35:58.607370 123441152 event_logger.cc:66] T e1f4e53199844455a5eebccf2866688d P d5c37cb1777946179e6692ee5e504715 [R]: EVENT_LOG_v1 {"time_micros": 1728536758607364, "job": 1, "event": "recovery_finished"}
I1010 10:35:58.607405 122368000 tablet_bootstrap_if.cc:96] T 1b3f2a4877404ba898e6ff9448cf4740 P d5c37cb1777946179e6692ee5e504715: Bootstrap complete.
I1010 10:35:58.607471 120758272 tablet.cc:637] T 1b590108fd474e13a02c154dfedc3952 P d5c37cb1777946179e6692ee5e504715: Schema version for user_info_email_key is 0
I1010 10:35:58.607605 124514304 raft_consensus.cc:498] T bf1529417d2a441c9c33fa183a226bd3 P d5c37cb1777946179e6692ee5e504715 [term 3 FOLLOWER]: Replica starting. Triggering 0 pending operations. Active config: opid_index: 5 peers { permanent_uuid: "23d881032c1249bd803e401a539be0e2" member_type: VOTER last_known_private_addr { host: "127.0.0.3" port: 9100 } cloud_info { placement_cloud: "cloud1" placement_region: "datacenter1" placement_zone: "rack1" } } peers { permanent_uuid: "6b460ba950654300b6c50d93f25aea31" member_type: VOTER last_known_private_addr { host: "127.0.0.2" port: 9100 } cloud_info { placement_cloud: "cloud1" placement_region: "datacenter1" placement_zone: "rack1" } } peers { permanent_uuid: "d5c37cb1777946179e6692ee5e504715" member_type: VOTER last_known_private_addr { host: "127.0.0.1" port: 9100 } cloud_info { placement_cloud: "cloud1" placement_region: "datacenter1" placement_zone: "rack1" } }
I1010 10:35:58.607908 121831424 db_impl.cc:1277] T 8e0f68212e424483898ada80f57d111e P d5c37cb1777946179e6692ee5e504715 [R]: [JOB 2] Delete /Users/nag/yb/yugabyte-data/node1/yb-data/tserver/data/rocksdb/table-b9a0b9d79c3a45f4842ed441df7c3e59/tablet-8e0f68212e424483898ada80f57d111e//MANIFEST-000001 type=4 #1 -- OK
I1010 10:35:58.607935 123977728 log_util.cc:797] Scanning /Users/nag/yb/yugabyte-data/node1/yb-data/tserver/wals/table-f80c17935cc9489ab3c6c05dceb25976/tablet-1e9c042ca80e4c66a6117c85d04f6168/wal-000000001 for valid entry headers following offset 2008...
I1010 10:35:58.608073 122904576 docdb_rocksdb_util.cc:659] T 58e6490841794dbeb8a8ffeaeaa9d87d P d5c37cb1777946179e6692ee5e504715 [R]: Write buffer size: 134217728
I1010 10:35:58.608383 122368000 log_util.cc:797] Scanning /Users/nag/yb/yugabyte-data/node1/yb-data/tserver/wals/table-f80c17935cc9489ab3c6c05dceb25976/tablet-1b3f2a4877404ba898e6ff9448cf4740/wal-000000001 for valid entry headers following offset 4184...
I1010 10:35:58.608403 124514304 raft_consensus.cc:1135] T bf1529417d2a441c9c33fa183a226bd3 P d5c37cb1777946179e6692ee5e504715 [term 3 FOLLOWER]: Becoming Follower/Learner. State: Replica: d5c37cb1777946179e6692ee5e504715, State: 1, Role: FOLLOWER, Watermarks: {Received: 3.5 Committed: 3.5} Leader: 0.0, new leader: , initial_fd_wait: <uninitialized>
I1010 10:35:58.608459 123441152 db_impl.cc:1277] T e1f4e53199844455a5eebccf2866688d P d5c37cb1777946179e6692ee5e504715 [R]: [JOB 2] Delete /Users/nag/yb/yugabyte-data/node1/yb-data/tserver/data/rocksdb/table-00004000000030008000000000004007/tablet-e1f4e53199844455a5eebccf2866688d//MANIFEST-000001 type=4 #1 -- OK
I1010 10:35:58.608513 121831424 db_impl.cc:1277] T 8e0f68212e424483898ada80f57d111e P d5c37cb1777946179e6692ee5e504715 [R]: [JOB 2] Delete /Users/nag/yb/yugabyte-data/node1/yb-data/tserver/data/rocksdb/table-b9a0b9d79c3a45f4842ed441df7c3e59/tablet-8e0f68212e424483898ada80f57d111e//000003.log type=0 #3 -- OK
I1010 10:35:58.608572 120758272 transaction_participant.cc:193] T 1b590108fd474e13a02c154dfedc3952 P d5c37cb1777946179e6692ee5e504715: Create
I1010 10:35:58.608625 122904576 tablet.cc:764] T 58e6490841794dbeb8a8ffeaeaa9d87d P d5c37cb1777946179e6692ee5e504715: Creating RocksDB database in dir /Users/nag/yb/yugabyte-data/node1/yb-data/tserver/data/rocksdb/table-00004000000030008000000000004007/tablet-58e6490841794dbeb8a8ffeaeaa9d87d
I1010 10:35:58.608762 124514304 consensus_meta.cc:361] T bf1529417d2a441c9c33fa183a226bd3 P d5c37cb1777946179e6692ee5e504715: Updating active role from FOLLOWER to FOLLOWER. Consensus state: current_term: 3 leader_uuid: "" config { opid_index: 5 peers { permanent_uuid: "23d881032c1249bd803e401a539be0e2" member_type: VOTER last_known_private_addr { host: "127.0.0.3" port: 9100 } cloud_info { placement_cloud: "cloud1" placement_region: "datacenter1" placement_zone: "rack1" } } peers { permanent_uuid: "6b460ba950654300b6c50d93f25aea31" member_type: VOTER last_known_private_addr { host: "127.0.0.2" port: 9100 } cloud_info { placement_cloud: "cloud1" placement_region: "datacenter1" placement_zone: "rack1" } } peers { permanent_uuid: "d5c37cb1777946179e6692ee5e504715" member_type: VOTER last_known_private_addr { host: "127.0.0.1" port: 9100 } cloud_info { placement_cloud: "cloud1" placement_region: "datacenter1" placement_zone: "rack1" } } }, has_pending_config = 0
I1010 10:35:58.608839 123977728 log_util.cc:841] Found no log entry headers
I1010 10:35:58.608903 123441152 db_impl.cc:1277] T e1f4e53199844455a5eebccf2866688d P d5c37cb1777946179e6692ee5e504715 [R]: [JOB 2] Delete /Users/nag/yb/yugabyte-data/node1/yb-data/tserver/data/rocksdb/table-00004000000030008000000000004007/tablet-e1f4e53199844455a5eebccf2866688d//000003.log type=0 #3 -- OK
I1010 10:35:58.609251 120758272 docdb_rocksdb_util.cc:659] T 1b590108fd474e13a02c154dfedc3952 P d5c37cb1777946179e6692ee5e504715 [R]: Write buffer size: 134217728
I1010 10:35:58.609334 124514304 consensus_queue.cc:270] T bf1529417d2a441c9c33fa183a226bd3 P d5c37cb1777946179e6692ee5e504715 [NON_LEADER]: Queue going to NON_LEADER mode. State: All replicated op: 0.0, Majority replicated op: 0.0, Committed index: 0.0, Last applied: 0.0, Last appended: 3.5, Current term: 0, Majority size: -1, State: QUEUE_OPEN, Mode: NON_LEADER
I1010 10:35:58.609377 123977728 log_util.cc:702] Ignoring partially flushed segment in write ahead log /Users/nag/yb/yugabyte-data/node1/yb-data/tserver/wals/table-f80c17935cc9489ab3c6c05dceb25976/tablet-1e9c042ca80e4c66a6117c85d04f6168/wal-000000001 because there are no log entries following this one. The server probably crashed in the middle of writing an entry to the write-ahead log or downloaded an active log via remote bootstrap. Error detail: Corruption (yb/consensus/log_util.cc:912): Invalid checksum in log entry head header: found=0, computed=2351477386: Failed trying to read batch #11 at offset 2008 for log segment /Users/nag/yb/yugabyte-data/node1/yb-data/tserver/wals/table-f80c17935cc9489ab3c6c05dceb25976/tablet-1e9c042ca80e4c66a6117c85d04f6168/wal-000000001: Prior batch offsets: 1350 1376 1982 2008; Last log entries read: [REPLICATE (1.2)] [REPLICATE (3.3)] [REPLICATE (3.4)] [REPLICATE (3.5)]
I1010 10:35:58.609414 122904576 tablet.cc:980] Opening RocksDB at: /Users/nag/yb/yugabyte-data/node1/yb-data/tserver/data/rocksdb/table-00004000000030008000000000004007/tablet-58e6490841794dbeb8a8ffeaeaa9d87d
I1010 10:35:58.609613 122368000 log_util.cc:841] Found no log entry headers
I1010 10:35:58.609809 124514304 raft_consensus.cc:3519] T bf1529417d2a441c9c33fa183a226bd3 P d5c37cb1777946179e6692ee5e504715 [term 3 FOLLOWER]: Calling mark dirty synchronously for reason code CONSENSUS_STARTED
I1010 10:35:58.609964 120758272 tablet.cc:764] T 1b590108fd474e13a02c154dfedc3952 P d5c37cb1777946179e6692ee5e504715: Creating RocksDB database in dir /Users/nag/yb/yugabyte-data/node1/yb-data/tserver/data/rocksdb/table-0000400000003000800000000000400e/tablet-1b590108fd474e13a02c154dfedc3952
I1010 10:35:58.610023 123977728 log.cc:1112] Successfully restored footer_builder_ and log_index_ for segment: /Users/nag/yb/yugabyte-data/node1/yb-data/tserver/wals/table-f80c17935cc9489ab3c6c05dceb25976/tablet-1e9c042ca80e4c66a6117c85d04f6168/wal-000000001. Reopen the file for write with starting offset: 2008
I1010 10:35:58.610132 122368000 log_util.cc:702] Ignoring partially flushed segment in write ahead log /Users/nag/yb/yugabyte-data/node1/yb-data/tserver/wals/table-f80c17935cc9489ab3c6c05dceb25976/tablet-1b3f2a4877404ba898e6ff9448cf4740/wal-000000001 because there are no log entries following this one. The server probably crashed in the middle of writing an entry to the write-ahead log or downloaded an active log via remote bootstrap. Error detail: Corruption (yb/consensus/log_util.cc:912): Invalid checksum in log entry head header: found=0, computed=2351477386: Failed trying to read batch #42 at offset 4184 for log segment /Users/nag/yb/yugabyte-data/node1/yb-data/tserver/wals/table-f80c17935cc9489ab3c6c05dceb25976/tablet-1b3f2a4877404ba898e6ff9448cf4740/wal-000000001: Prior batch offsets: 4047 4073 4158 4184; Last log entries read: [REPLICATE (2.18)] [REPLICATE (2.19)] [REPLICATE (2.20)] [REPLICATE (2.21)]
I1010 10:35:58.610204 124514304 tablet_peer.cc:1643] T bf1529417d2a441c9c33fa183a226bd3 P d5c37cb1777946179e6692ee5e504715 [state=RUNNING]: Changed state from BOOTSTRAPPING to RUNNING
I1010 10:35:58.610241 127197184 heartbeater.cc:379] P d5c37cb1777946179e6692ee5e504715: Registering TS with master...
I1010 10:35:58.610430 120758272 tablet.cc:980] Opening RocksDB at: /Users/nag/yb/yugabyte-data/node1/yb-data/tserver/data/rocksdb/table-0000400000003000800000000000400e/tablet-1b590108fd474e13a02c154dfedc3952
I1010 10:35:58.610481 123977728 log.cc:1461] T 1e9c042ca80e4c66a6117c85d04f6168 P d5c37cb1777946179e6692ee5e504715: Setting log wal retention time to 0 seconds
I1010 10:35:58.610607 122368000 log.cc:1112] Successfully restored footer_builder_ and log_index_ for segment: /Users/nag/yb/yugabyte-data/node1/yb-data/tserver/wals/table-f80c17935cc9489ab3c6c05dceb25976/tablet-1b3f2a4877404ba898e6ff9448cf4740/wal-000000001. Reopen the file for write with starting offset: 4184
I1010 10:35:58.610654 127197184 server_base.cc:598] Using private rpc address 127.0.0.1
I1010 10:35:58.610718 124514304 tablet_peer.cc:1516] T bf1529417d2a441c9c33fa183a226bd3 P d5c37cb1777946179e6692ee5e504715 [state=RUNNING]: Registered log gc
I1010 10:35:58.611032 121831424 tablet.cc:1051] T 8e0f68212e424483898ada80f57d111e P d5c37cb1777946179e6692ee5e504715: Successfully opened a RocksDB database at /Users/nag/yb/yugabyte-data/node1/yb-data/tserver/data/rocksdb/table-b9a0b9d79c3a45f4842ed441df7c3e59/tablet-8e0f68212e424483898ada80f57d111e, obj: 0x113ef3e00
I1010 10:35:58.611037 123977728 ts_tablet_manager.cc:1982] T 1e9c042ca80e4c66a6117c85d04f6168 P d5c37cb1777946179e6692ee5e504715: Time spent bootstrapping tablet: real 0.026s	user 0.002s	sys 0.005s
I1010 10:35:58.611078 122368000 log.cc:1461] T 1b3f2a4877404ba898e6ff9448cf4740 P d5c37cb1777946179e6692ee5e504715: Setting log wal retention time to 0 seconds
I1010 10:35:58.611121 127197184 server_base.cc:620] Using http address 127.0.0.1
I1010 10:35:58.611169 124514304 ts_tablet_manager.cc:2063] T bf1529417d2a441c9c33fa183a226bd3 P d5c37cb1777946179e6692ee5e504715: Time spent starting tablet: real 0.007s	user 0.001s	sys 0.001s
I1010 10:35:58.611203 123441152 tablet.cc:995] T e1f4e53199844455a5eebccf2866688d P d5c37cb1777946179e6692ee5e504715: Opening intents DB at: /Users/nag/yb/yugabyte-data/node1/yb-data/tserver/data/rocksdb/table-00004000000030008000000000004007/tablet-e1f4e53199844455a5eebccf2866688d.intents
I1010 10:35:58.611225 121831424 tablet_bootstrap.cc:644] T 8e0f68212e424483898ada80f57d111e P d5c37cb1777946179e6692ee5e504715: Time spent opening tablet: real 0.018s	user 0.002s	sys 0.006s
I1010 10:35:58.611398 122368000 ts_tablet_manager.cc:1982] T 1b3f2a4877404ba898e6ff9448cf4740 P d5c37cb1777946179e6692ee5e504715: Time spent bootstrapping tablet: real 0.033s	user 0.003s	sys 0.006s
I1010 10:35:58.611483 124514304 ts_tablet_manager.cc:3478] Deleted transition in progress opening tablet for tablet bf1529417d2a441c9c33fa183a226bd3
I1010 10:35:58.611688 121831424 tablet_bootstrap.cc:740] T 8e0f68212e424483898ada80f57d111e P d5c37cb1777946179e6692ee5e504715: Will attempt to recover log segment /Users/nag/yb/yugabyte-data/node1/yb-data/tserver/wals/table-b9a0b9d79c3a45f4842ed441df7c3e59/tablet-8e0f68212e424483898ada80f57d111e/wal-000000001
I1010 10:35:58.612125 124514304 ts_tablet_manager.cc:1936] T 47b939d4eeae41109c7abd422a1cc910 P d5c37cb1777946179e6692ee5e504715: Bootstrapping tablet
I1010 10:35:58.612172 121831424 tablet_bootstrap.cc:1238] T 8e0f68212e424483898ada80f57d111e P d5c37cb1777946179e6692ee5e504715: Flushed DocDB OpIds: { regular: 0.0 intents: -1.-1 }
I1010 10:35:58.612287 121831424 tablet_bootstrap.cc:1514] T 8e0f68212e424483898ada80f57d111e P d5c37cb1777946179e6692ee5e504715: Max persistent index in RocksDB's SSTables before bootstrap: regular RocksDB: 0.0; intents RocksDB: -1.-1
W1010 10:35:58.612322 127197184 heartbeater.cc:671] P d5c37cb1777946179e6692ee5e504715: Failed to heartbeat to 127.0.0.3:7100: Remote error (yb/rpc/outbound_call.cc:561): Failed to send heartbeat: Invalid argument (yb/master/master_heartbeat_service.cc:251): Received wrong universe_uuid 21b2e3d0-495a-4149-9f2a-913ddeb95eff, expected 7252bc1a-cf22-48a4-9dd6-459a6f24aa4e (rpc error 1) tries=17, num=3, masters=0x000000011260a8b8 -> [[127.0.0.1:7100], [127.0.0.2:7100], [127.0.0.3:7100]], code=Remote error
I1010 10:35:58.612342 121831424 log.cc:1461] T 8e0f68212e424483898ada80f57d111e P d5c37cb1777946179e6692ee5e504715: Setting log wal retention time to 0 seconds
I1010 10:35:58.612383 127197184 heartbeater.cc:379] P d5c37cb1777946179e6692ee5e504715: Registering TS with master...
I1010 10:35:58.612473 127197184 server_base.cc:598] Using private rpc address 127.0.0.1
I1010 10:35:58.612500 127197184 server_base.cc:620] Using http address 127.0.0.1
I1010 10:35:58.612679 123441152 version_set.cc:2966] T e1f4e53199844455a5eebccf2866688d P d5c37cb1777946179e6692ee5e504715 [I]: Recovered from manifest file:/Users/nag/yb/yugabyte-data/node1/yb-data/tserver/data/rocksdb/table-00004000000030008000000000004007/tablet-e1f4e53199844455a5eebccf2866688d.intents/MANIFEST-000001 succeeded,manifest_file_number is 1, next_file_number is 3, last_sequence is 1125899906842624, log_number is 0,prev_log_number is 0,max_column_family is 0, flushed_values is <NULL>
I1010 10:35:58.612685 122904576 version_set.cc:2966] T 58e6490841794dbeb8a8ffeaeaa9d87d P d5c37cb1777946179e6692ee5e504715 [R]: Recovered from manifest file:/Users/nag/yb/yugabyte-data/node1/yb-data/tserver/data/rocksdb/table-00004000000030008000000000004007/tablet-58e6490841794dbeb8a8ffeaeaa9d87d/MANIFEST-000001 succeeded,manifest_file_number is 1, next_file_number is 3, last_sequence is 1125899906842624, log_number is 0,prev_log_number is 0,max_column_family is 0, flushed_values is <NULL>
I1010 10:35:58.612736 123441152 version_set.cc:2974] T e1f4e53199844455a5eebccf2866688d P d5c37cb1777946179e6692ee5e504715 [I]: Column family [default] (ID 0), log number is 0
I1010 10:35:58.612715 124514304 consensus_meta.cc:361] T 47b939d4eeae41109c7abd422a1cc910 P d5c37cb1777946179e6692ee5e504715: Updating active role from UNKNOWN_ROLE to FOLLOWER. Consensus state: current_term: 1 leader_uuid: "" config { opid_index: -1 peers { permanent_uuid: "23d881032c1249bd803e401a539be0e2" member_type: VOTER last_known_private_addr { host: "127.0.0.3" port: 9100 } cloud_info { placement_cloud: "cloud1" placement_region: "datacenter1" placement_zone: "rack1" } } peers { permanent_uuid: "6b460ba950654300b6c50d93f25aea31" member_type: VOTER last_known_private_addr { host: "127.0.0.2" port: 9100 } cloud_info { placement_cloud: "cloud1" placement_region: "datacenter1" placement_zone: "rack1" } } peers { permanent_uuid: "d5c37cb1777946179e6692ee5e504715" member_type: VOTER last_known_private_addr { host: "127.0.0.1" port: 9100 } cloud_info { placement_cloud: "cloud1" placement_region: "datacenter1" placement_zone: "rack1" } } }, has_pending_config = 0
I1010 10:35:58.612927 123441152 event_logger.cc:66] T e1f4e53199844455a5eebccf2866688d P d5c37cb1777946179e6692ee5e504715 [I]: EVENT_LOG_v1 {"time_micros": 1728536758612921, "job": 1, "event": "recovery_started", "log_files": [3]}
I1010 10:35:58.612927 124514304 tablet_bootstrap_state_manager.cc:68] Initialized TabletBootstrapStateManager, found a file ? no, wal dir=/Users/nag/yb/yugabyte-data/node1/yb-data/tserver/wals/table-b9a0b9d79c3a45f4842ed441df7c3e59/tablet-47b939d4eeae41109c7abd422a1cc910
I1010 10:35:58.613049 123441152 db_impl.cc:1622] T e1f4e53199844455a5eebccf2866688d P d5c37cb1777946179e6692ee5e504715 [I]: Recovering log #3 mode 0 skip-recovery 0
I1010 10:35:58.613086 123441152 version_set.cc:2407] T e1f4e53199844455a5eebccf2866688d P d5c37cb1777946179e6692ee5e504715 [I]: Creating manifest 5
W1010 10:35:58.613085 121831424 log_util.cc:241] Could not read footer for segment: /Users/nag/yb/yugabyte-data/node1/yb-data/tserver/wals/table-b9a0b9d79c3a45f4842ed441df7c3e59/tablet-8e0f68212e424483898ada80f57d111e/wal-000000001: Not found (yb/consensus/log_util.cc:581): Footer not found. Footer magic doesn't match
I1010 10:35:58.613030 124514304 tablet_peer.cc:1643] T 47b939d4eeae41109c7abd422a1cc910 P d5c37cb1777946179e6692ee5e504715 [state=BOOTSTRAPPING]: Changed state from NOT_STARTED to BOOTSTRAPPING
W1010 10:35:58.613173 121831424 log_reader.cc:217] T 8e0f68212e424483898ada80f57d111e P d5c37cb1777946179e6692ee5e504715: Log segment /Users/nag/yb/yugabyte-data/node1/yb-data/tserver/wals/table-b9a0b9d79c3a45f4842ed441df7c3e59/tablet-8e0f68212e424483898ada80f57d111e/wal-000000001 was likely left in-progressafter a previous crash. Will try to reuse this segment as writable active segment
I1010 10:35:58.613270 124514304 tablet_bootstrap_if.cc:96] T 47b939d4eeae41109c7abd422a1cc910 P d5c37cb1777946179e6692ee5e504715: Bootstrap starting.
