I1010 10:35:58.545502 122368000 tablet_bootstrap.cc:740] T f5bd6014d733492eac6dd2cfba061381 P d5c37cb1777946179e6692ee5e504715: Will attempt to recover log segment /Users/nag/yb/yugabyte-data/node1/yb-data/tserver/wals/table-f80c17935cc9489ab3c6c05dceb25976/tablet-f5bd6014d733492eac6dd2cfba061381/wal-000000001
I1010 10:35:58.545608 124514304 tablet_bootstrap.cc:1238] T 30fedb9fed834e6d975c43711c3f6fd9 P d5c37cb1777946179e6692ee5e504715: Flushed DocDB OpIds: { regular: -1.-1 intents: -1.-1 }
I1010 10:35:58.545735 123441152 ts_tablet_manager.cc:3478] Deleted transition in progress opening tablet for tablet a818e973b4b04213a257872ca0183570
I1010 10:35:58.545718 123977728 tablet.cc:637] T f27eef4b471b4c3c800523a8cd4a34f7 P d5c37cb1777946179e6692ee5e504715: Schema version for transactions is 0
I1010 10:35:58.545789 122904576 tablet_peer.cc:1643] T 2a30e7b2effb4ab888e1f5a8af3fb03b P d5c37cb1777946179e6692ee5e504715 [state=RUNNING]: Changed state from BOOTSTRAPPING to RUNNING
I1010 10:35:58.545826 122368000 tablet_bootstrap.cc:1238] T f5bd6014d733492eac6dd2cfba061381 P d5c37cb1777946179e6692ee5e504715: Flushed DocDB OpIds: { regular: -1.-1 intents: -1.-1 }
I1010 10:35:58.545807 121831424 consensus_meta.cc:361] T 5aab7c3da55c4174a9735369225d0c54 P d5c37cb1777946179e6692ee5e504715: Updating active role from UNKNOWN_ROLE to FOLLOWER. Consensus state: current_term: 3 leader_uuid: "" config { opid_index: 5 peers { permanent_uuid: "6b460ba950654300b6c50d93f25aea31" member_type: VOTER last_known_private_addr { host: "127.0.0.2" port: 9100 } cloud_info { placement_cloud: "cloud1" placement_region: "datacenter1" placement_zone: "rack1" } } peers { permanent_uuid: "d5c37cb1777946179e6692ee5e504715" member_type: VOTER last_known_private_addr { host: "127.0.0.1" port: 9100 } cloud_info { placement_cloud: "cloud1" placement_region: "datacenter1" placement_zone: "rack1" } } peers { permanent_uuid: "23d881032c1249bd803e401a539be0e2" member_type: VOTER last_known_private_addr { host: "127.0.0.3" port: 9100 } cloud_info { placement_cloud: "cloud1" placement_region: "datacenter1" placement_zone: "rack1" } } }, has_pending_config = 0
I1010 10:35:58.545933 124514304 tablet_bootstrap.cc:1514] T 30fedb9fed834e6d975c43711c3f6fd9 P d5c37cb1777946179e6692ee5e504715: Max persistent index in RocksDB's SSTables before bootstrap: regular RocksDB: -1.-1; intents RocksDB: -1.-1
I1010 10:35:58.545985 123441152 ts_tablet_manager.cc:1936] T 9cd834df5c9f41b091ffb845bd6122ec P d5c37cb1777946179e6692ee5e504715: Bootstrapping tablet
I1010 10:35:58.546137 122368000 tablet_bootstrap.cc:1514] T f5bd6014d733492eac6dd2cfba061381 P d5c37cb1777946179e6692ee5e504715: Max persistent index in RocksDB's SSTables before bootstrap: regular RocksDB: -1.-1; intents RocksDB: -1.-1
I1010 10:35:58.546248 122904576 tablet_peer.cc:1516] T 2a30e7b2effb4ab888e1f5a8af3fb03b P d5c37cb1777946179e6692ee5e504715 [state=RUNNING]: Registered log gc
I1010 10:35:58.546319 121831424 tablet_bootstrap_state_manager.cc:68] Initialized TabletBootstrapStateManager, found a file ? no, wal dir=/Users/nag/yb/yugabyte-data/node1/yb-data/tserver/wals/table-f80c17935cc9489ab3c6c05dceb25976/tablet-5aab7c3da55c4174a9735369225d0c54
I1010 10:35:58.546335 123977728 tablet_bootstrap.cc:644] T f27eef4b471b4c3c800523a8cd4a34f7 P d5c37cb1777946179e6692ee5e504715: Time spent opening tablet: real 0.000s	user 0.000s	sys 0.000s
I1010 10:35:58.546464 124514304 log.cc:1461] T 30fedb9fed834e6d975c43711c3f6fd9 P d5c37cb1777946179e6692ee5e504715: Setting log wal retention time to 0 seconds
I1010 10:35:58.546522 122368000 log.cc:1461] T f5bd6014d733492eac6dd2cfba061381 P d5c37cb1777946179e6692ee5e504715: Setting log wal retention time to 0 seconds
I1010 10:35:58.546568 122904576 ts_tablet_manager.cc:2063] T 2a30e7b2effb4ab888e1f5a8af3fb03b P d5c37cb1777946179e6692ee5e504715: Time spent starting tablet: real 0.007s	user 0.001s	sys 0.002s
I1010 10:35:58.546600 121831424 tablet_peer.cc:1643] T 5aab7c3da55c4174a9735369225d0c54 P d5c37cb1777946179e6692ee5e504715 [state=BOOTSTRAPPING]: Changed state from NOT_STARTED to BOOTSTRAPPING
W1010 10:35:58.546605 127197184 heartbeater.cc:671] P d5c37cb1777946179e6692ee5e504715: Failed to heartbeat to 127.0.0.3:7100: Remote error (yb/rpc/outbound_call.cc:561): Failed to send heartbeat: Invalid argument (yb/master/master_heartbeat_service.cc:251): Received wrong universe_uuid 21b2e3d0-495a-4149-9f2a-913ddeb95eff, expected 7252bc1a-cf22-48a4-9dd6-459a6f24aa4e (rpc error 1) tries=9, num=3, masters=0x000000011260a8b8 -> [[127.0.0.1:7100], [127.0.0.2:7100], [127.0.0.3:7100]], code=Remote error
I1010 10:35:58.546736 123977728 tablet_bootstrap.cc:740] T f27eef4b471b4c3c800523a8cd4a34f7 P d5c37cb1777946179e6692ee5e504715: Will attempt to recover log segment /Users/nag/yb/yugabyte-data/node1/yb-data/tserver/wals/table-f80c17935cc9489ab3c6c05dceb25976/tablet-f27eef4b471b4c3c800523a8cd4a34f7/wal-000000001
I1010 10:35:58.546788 122904576 ts_tablet_manager.cc:3478] Deleted transition in progress opening tablet for tablet 2a30e7b2effb4ab888e1f5a8af3fb03b
I1010 10:35:58.546829 121831424 tablet_bootstrap_if.cc:96] T 5aab7c3da55c4174a9735369225d0c54 P d5c37cb1777946179e6692ee5e504715: Bootstrap starting.
I1010 10:35:58.546926 123977728 tablet_bootstrap.cc:1238] T f27eef4b471b4c3c800523a8cd4a34f7 P d5c37cb1777946179e6692ee5e504715: Flushed DocDB OpIds: { regular: -1.-1 intents: -1.-1 }
I1010 10:35:58.546943 127197184 heartbeater.cc:379] P d5c37cb1777946179e6692ee5e504715: Registering TS with master...
I1010 10:35:58.546974 122904576 ts_tablet_manager.cc:1936] T 7c7b0e8f396b4659b1f29a4dd140c822 P d5c37cb1777946179e6692ee5e504715: Bootstrapping tablet
I1010 10:35:58.547096 121831424 tablet.cc:637] T 5aab7c3da55c4174a9735369225d0c54 P d5c37cb1777946179e6692ee5e504715: Schema version for transactions is 0
I1010 10:35:58.547230 123977728 tablet_bootstrap.cc:1514] T f27eef4b471b4c3c800523a8cd4a34f7 P d5c37cb1777946179e6692ee5e504715: Max persistent index in RocksDB's SSTables before bootstrap: regular RocksDB: -1.-1; intents RocksDB: -1.-1
I1010 10:35:58.547276 123441152 consensus_meta.cc:361] T 9cd834df5c9f41b091ffb845bd6122ec P d5c37cb1777946179e6692ee5e504715: Updating active role from UNKNOWN_ROLE to FOLLOWER. Consensus state: current_term: 1 leader_uuid: "" config { opid_index: 4 peers { permanent_uuid: "6b460ba950654300b6c50d93f25aea31" member_type: VOTER last_known_private_addr { host: "127.0.0.2" port: 9100 } cloud_info { placement_cloud: "cloud1" placement_region: "datacenter1" placement_zone: "rack1" } } peers { permanent_uuid: "d5c37cb1777946179e6692ee5e504715" member_type: VOTER last_known_private_addr { host: "127.0.0.1" port: 9100 } cloud_info { placement_cloud: "cloud1" placement_region: "datacenter1" placement_zone: "rack1" } } peers { permanent_uuid: "23d881032c1249bd803e401a539be0e2" member_type: VOTER last_known_private_addr { host: "127.0.0.3" port: 9100 } cloud_info { placement_cloud: "cloud1" placement_region: "datacenter1" placement_zone: "rack1" } } }, has_pending_config = 0
I1010 10:35:58.547542 127197184 server_base.cc:598] Using private rpc address 127.0.0.1
W1010 10:35:58.547771 122368000 log_util.cc:241] Could not read footer for segment: /Users/nag/yb/yugabyte-data/node1/yb-data/tserver/wals/table-f80c17935cc9489ab3c6c05dceb25976/tablet-f5bd6014d733492eac6dd2cfba061381/wal-000000001: Not found (yb/consensus/log_util.cc:581): Footer not found. Footer magic doesn't match
I1010 10:35:58.547889 123977728 log.cc:1461] T f27eef4b471b4c3c800523a8cd4a34f7 P d5c37cb1777946179e6692ee5e504715: Setting log wal retention time to 0 seconds
I1010 10:35:58.548090 122904576 consensus_meta.cc:361] T 7c7b0e8f396b4659b1f29a4dd140c822 P d5c37cb1777946179e6692ee5e504715: Updating active role from UNKNOWN_ROLE to FOLLOWER. Consensus state: current_term: 1 leader_uuid: "" config { opid_index: 4 peers { permanent_uuid: "23d881032c1249bd803e401a539be0e2" member_type: VOTER last_known_private_addr { host: "127.0.0.3" port: 9100 } cloud_info { placement_cloud: "cloud1" placement_region: "datacenter1" placement_zone: "rack1" } } peers { permanent_uuid: "6b460ba950654300b6c50d93f25aea31" member_type: VOTER last_known_private_addr { host: "127.0.0.2" port: 9100 } cloud_info { placement_cloud: "cloud1" placement_region: "datacenter1" placement_zone: "rack1" } } peers { permanent_uuid: "d5c37cb1777946179e6692ee5e504715" member_type: VOTER last_known_private_addr { host: "127.0.0.1" port: 9100 } cloud_info { placement_cloud: "cloud1" placement_region: "datacenter1" placement_zone: "rack1" } } }, has_pending_config = 0
I1010 10:35:58.548128 123441152 tablet_bootstrap_state_manager.cc:68] Initialized TabletBootstrapStateManager, found a file ? no, wal dir=/Users/nag/yb/yugabyte-data/node1/yb-data/tserver/wals/table-f80c17935cc9489ab3c6c05dceb25976/tablet-9cd834df5c9f41b091ffb845bd6122ec
W1010 10:35:58.548151 124514304 log_util.cc:241] Could not read footer for segment: /Users/nag/yb/yugabyte-data/node1/yb-data/tserver/wals/table-f80c17935cc9489ab3c6c05dceb25976/tablet-30fedb9fed834e6d975c43711c3f6fd9/wal-000000001: Not found (yb/consensus/log_util.cc:581): Footer not found. Footer magic doesn't match
I1010 10:35:58.548182 127197184 server_base.cc:620] Using http address 127.0.0.1
W1010 10:35:58.548230 120758272 log_util.cc:241] Could not read footer for segment: /Users/nag/yb/yugabyte-data/node1/yb-data/tserver/wals/table-f80c17935cc9489ab3c6c05dceb25976/tablet-4c1e255cf37d4de58ed9d6a6f32e7473/wal-000000001: Not found (yb/consensus/log_util.cc:581): Footer not found. Footer magic doesn't match
W1010 10:35:58.548298 122368000 log_reader.cc:217] T f5bd6014d733492eac6dd2cfba061381 P d5c37cb1777946179e6692ee5e504715: Log segment /Users/nag/yb/yugabyte-data/node1/yb-data/tserver/wals/table-f80c17935cc9489ab3c6c05dceb25976/tablet-f5bd6014d733492eac6dd2cfba061381/wal-000000001 was likely left in-progressafter a previous crash. Will try to reuse this segment as writable active segment
I1010 10:35:58.548336 121831424 tablet_bootstrap.cc:644] T 5aab7c3da55c4174a9735369225d0c54 P d5c37cb1777946179e6692ee5e504715: Time spent opening tablet: real 0.000s	user 0.000s	sys 0.000s
I1010 10:35:58.548431 122904576 tablet_bootstrap_state_manager.cc:68] Initialized TabletBootstrapStateManager, found a file ? no, wal dir=/Users/nag/yb/yugabyte-data/node1/yb-data/tserver/wals/table-f80c17935cc9489ab3c6c05dceb25976/tablet-7c7b0e8f396b4659b1f29a4dd140c822
I1010 10:35:58.548467 123441152 tablet_peer.cc:1643] T 9cd834df5c9f41b091ffb845bd6122ec P d5c37cb1777946179e6692ee5e504715 [state=BOOTSTRAPPING]: Changed state from NOT_STARTED to BOOTSTRAPPING
W1010 10:35:58.548517 124514304 log_reader.cc:217] T 30fedb9fed834e6d975c43711c3f6fd9 P d5c37cb1777946179e6692ee5e504715: Log segment /Users/nag/yb/yugabyte-data/node1/yb-data/tserver/wals/table-f80c17935cc9489ab3c6c05dceb25976/tablet-30fedb9fed834e6d975c43711c3f6fd9/wal-000000001 was likely left in-progressafter a previous crash. Will try to reuse this segment as writable active segment
W1010 10:35:58.548630 120758272 log_reader.cc:217] T 4c1e255cf37d4de58ed9d6a6f32e7473 P d5c37cb1777946179e6692ee5e504715: Log segment /Users/nag/yb/yugabyte-data/node1/yb-data/tserver/wals/table-f80c17935cc9489ab3c6c05dceb25976/tablet-4c1e255cf37d4de58ed9d6a6f32e7473/wal-000000001 was likely left in-progressafter a previous crash. Will try to reuse this segment as writable active segment
I1010 10:35:58.548722 122368000 log.cc:722] T f5bd6014d733492eac6dd2cfba061381 P d5c37cb1777946179e6692ee5e504715: Opened existing logs. Last segment is /Users/nag/yb/yugabyte-data/node1/yb-data/tserver/wals/table-f80c17935cc9489ab3c6c05dceb25976/tablet-f5bd6014d733492eac6dd2cfba061381/wal-000000001
I1010 10:35:58.548825 122904576 tablet_peer.cc:1643] T 7c7b0e8f396b4659b1f29a4dd140c822 P d5c37cb1777946179e6692ee5e504715 [state=BOOTSTRAPPING]: Changed state from NOT_STARTED to BOOTSTRAPPING
I1010 10:35:58.548833 123441152 tablet_bootstrap_if.cc:96] T 9cd834df5c9f41b091ffb845bd6122ec P d5c37cb1777946179e6692ee5e504715: Bootstrap starting.
I1010 10:35:58.548863 121831424 tablet_bootstrap.cc:740] T 5aab7c3da55c4174a9735369225d0c54 P d5c37cb1777946179e6692ee5e504715: Will attempt to recover log segment /Users/nag/yb/yugabyte-data/node1/yb-data/tserver/wals/table-f80c17935cc9489ab3c6c05dceb25976/tablet-5aab7c3da55c4174a9735369225d0c54/wal-000000001
I1010 10:35:58.548905 124514304 log.cc:722] T 30fedb9fed834e6d975c43711c3f6fd9 P d5c37cb1777946179e6692ee5e504715: Opened existing logs. Last segment is /Users/nag/yb/yugabyte-data/node1/yb-data/tserver/wals/table-f80c17935cc9489ab3c6c05dceb25976/tablet-30fedb9fed834e6d975c43711c3f6fd9/wal-000000001
I1010 10:35:58.548949 120758272 log.cc:722] T 4c1e255cf37d4de58ed9d6a6f32e7473 P d5c37cb1777946179e6692ee5e504715: Opened existing logs. Last segment is /Users/nag/yb/yugabyte-data/node1/yb-data/tserver/wals/table-f80c17935cc9489ab3c6c05dceb25976/tablet-4c1e255cf37d4de58ed9d6a6f32e7473/wal-000000001
I1010 10:35:58.548979 122368000 tablet_bootstrap.cc:396] T f5bd6014d733492eac6dd2cfba061381 P d5c37cb1777946179e6692ee5e504715: Bootstrap optimizer (skip_flushed_entries): op_id_replay_lowest=-1.-1 (regular_op_id=-1.-1, intents_op_id=-1.-1, has_intents_db=0)
I1010 10:35:58.549008 122904576 tablet_bootstrap_if.cc:96] T 7c7b0e8f396b4659b1f29a4dd140c822 P d5c37cb1777946179e6692ee5e504715: Bootstrap starting.
I1010 10:35:58.549062 121831424 tablet_bootstrap.cc:1238] T 5aab7c3da55c4174a9735369225d0c54 P d5c37cb1777946179e6692ee5e504715: Flushed DocDB OpIds: { regular: -1.-1 intents: -1.-1 }
I1010 10:35:58.549093 124514304 tablet_bootstrap.cc:396] T 30fedb9fed834e6d975c43711c3f6fd9 P d5c37cb1777946179e6692ee5e504715: Bootstrap optimizer (skip_flushed_entries): op_id_replay_lowest=-1.-1 (regular_op_id=-1.-1, intents_op_id=-1.-1, has_intents_db=0)
I1010 10:35:58.549114 123441152 tablet.cc:637] T 9cd834df5c9f41b091ffb845bd6122ec P d5c37cb1777946179e6692ee5e504715: Schema version for transactions is 0
I1010 10:35:58.549122 120758272 tablet_bootstrap.cc:396] T 4c1e255cf37d4de58ed9d6a6f32e7473 P d5c37cb1777946179e6692ee5e504715: Bootstrap optimizer (skip_flushed_entries): op_id_replay_lowest=-1.-1 (regular_op_id=-1.-1, intents_op_id=-1.-1, has_intents_db=0)
W1010 10:35:58.549168 123977728 log_util.cc:241] Could not read footer for segment: /Users/nag/yb/yugabyte-data/node1/yb-data/tserver/wals/table-f80c17935cc9489ab3c6c05dceb25976/tablet-f27eef4b471b4c3c800523a8cd4a34f7/wal-000000001: Not found (yb/consensus/log_util.cc:581): Footer not found. Footer magic doesn't match
I1010 10:35:58.549165 122368000 tablet_bootstrap.cc:1461] T f5bd6014d733492eac6dd2cfba061381 P d5c37cb1777946179e6692ee5e504715: Segment /Users/nag/yb/yugabyte-data/node1/yb-data/tserver/wals/table-f80c17935cc9489ab3c6c05dceb25976/tablet-f5bd6014d733492eac6dd2cfba061381/wal-000000001 cannot be used as the first segment to start replay with according to our OpId and retention criteria. However, this is already the earliest segment so we have to start replay here. We should probably investigate how we got into this situation. op_id=1.1, op_id_replay_lowest=-1.-1, last_op_id_in_retryable_requests=0.0, first_op_time=161876.025s, retryable_requests_retain_interval=60.000s, *retryable_requests_replay_from_this_or_earlier_time=161816.025s, is_first_op_id_low_enough_for_retryable_requests=0, is_first_op_time_early_enough_for_retryable_requests=0, is_first_op_id_low_enough=0
I1010 10:35:58.549208 121831424 tablet_bootstrap.cc:1514] T 5aab7c3da55c4174a9735369225d0c54 P d5c37cb1777946179e6692ee5e504715: Max persistent index in RocksDB's SSTables before bootstrap: regular RocksDB: -1.-1; intents RocksDB: -1.-1
I1010 10:35:58.549265 122904576 tablet.cc:637] T 7c7b0e8f396b4659b1f29a4dd140c822 P d5c37cb1777946179e6692ee5e504715: Schema version for transactions is 0
I1010 10:35:58.549258 124514304 tablet_bootstrap.cc:1461] T 30fedb9fed834e6d975c43711c3f6fd9 P d5c37cb1777946179e6692ee5e504715: Segment /Users/nag/yb/yugabyte-data/node1/yb-data/tserver/wals/table-f80c17935cc9489ab3c6c05dceb25976/tablet-30fedb9fed834e6d975c43711c3f6fd9/wal-000000001 cannot be used as the first segment to start replay with according to our OpId and retention criteria. However, this is already the earliest segment so we have to start replay here. We should probably investigate how we got into this situation. op_id=1.1, op_id_replay_lowest=-1.-1, last_op_id_in_retryable_requests=0.0, first_op_time=161876.019s, retryable_requests_retain_interval=60.000s, *retryable_requests_replay_from_this_or_earlier_time=161816.019s, is_first_op_id_low_enough_for_retryable_requests=0, is_first_op_time_early_enough_for_retryable_requests=0, is_first_op_id_low_enough=0
I1010 10:35:58.549319 120758272 tablet_bootstrap.cc:1461] T 4c1e255cf37d4de58ed9d6a6f32e7473 P d5c37cb1777946179e6692ee5e504715: Segment /Users/nag/yb/yugabyte-data/node1/yb-data/tserver/wals/table-f80c17935cc9489ab3c6c05dceb25976/tablet-4c1e255cf37d4de58ed9d6a6f32e7473/wal-000000001 cannot be used as the first segment to start replay with according to our OpId and retention criteria. However, this is already the earliest segment so we have to start replay here. We should probably investigate how we got into this situation. op_id=1.1, op_id_replay_lowest=-1.-1, last_op_id_in_retryable_requests=0.0, first_op_time=161871.395s, retryable_requests_retain_interval=60.000s, *retryable_requests_replay_from_this_or_earlier_time=161811.395s, is_first_op_id_low_enough_for_retryable_requests=0, is_first_op_time_early_enough_for_retryable_requests=0, is_first_op_id_low_enough=0
W1010 10:35:58.549367 123977728 log_reader.cc:217] T f27eef4b471b4c3c800523a8cd4a34f7 P d5c37cb1777946179e6692ee5e504715: Log segment /Users/nag/yb/yugabyte-data/node1/yb-data/tserver/wals/table-f80c17935cc9489ab3c6c05dceb25976/tablet-f27eef4b471b4c3c800523a8cd4a34f7/wal-000000001 was likely left in-progressafter a previous crash. Will try to reuse this segment as writable active segment
I1010 10:35:58.549396 122368000 tablet_bootstrap.cc:1476] T f5bd6014d733492eac6dd2cfba061381 P d5c37cb1777946179e6692ee5e504715: Bootstrap optimizer (skip_flushed_entries): will replay all segments starting from the very first one.
I1010 10:35:58.549472 121831424 log.cc:1461] T 5aab7c3da55c4174a9735369225d0c54 P d5c37cb1777946179e6692ee5e504715: Setting log wal retention time to 0 seconds
I1010 10:35:58.549494 124514304 tablet_bootstrap.cc:1476] T 30fedb9fed834e6d975c43711c3f6fd9 P d5c37cb1777946179e6692ee5e504715: Bootstrap optimizer (skip_flushed_entries): will replay all segments starting from the very first one.
I1010 10:35:58.549535 120758272 tablet_bootstrap.cc:1476] T 4c1e255cf37d4de58ed9d6a6f32e7473 P d5c37cb1777946179e6692ee5e504715: Bootstrap optimizer (skip_flushed_entries): will replay all segments starting from the very first one.
I1010 10:35:58.549571 123441152 tablet_bootstrap.cc:644] T 9cd834df5c9f41b091ffb845bd6122ec P d5c37cb1777946179e6692ee5e504715: Time spent opening tablet: real 0.000s	user 0.000s	sys 0.000s
I1010 10:35:58.549594 123977728 log.cc:722] T f27eef4b471b4c3c800523a8cd4a34f7 P d5c37cb1777946179e6692ee5e504715: Opened existing logs. Last segment is /Users/nag/yb/yugabyte-data/node1/yb-data/tserver/wals/table-f80c17935cc9489ab3c6c05dceb25976/tablet-f27eef4b471b4c3c800523a8cd4a34f7/wal-000000001
W1010 10:35:58.549592 127197184 heartbeater.cc:671] P d5c37cb1777946179e6692ee5e504715: Failed to heartbeat to 127.0.0.3:7100: Remote error (yb/rpc/outbound_call.cc:561): Failed to send heartbeat: Invalid argument (yb/master/master_heartbeat_service.cc:251): Received wrong universe_uuid 21b2e3d0-495a-4149-9f2a-913ddeb95eff, expected 7252bc1a-cf22-48a4-9dd6-459a6f24aa4e (rpc error 1) tries=10, num=3, masters=0x000000011260a8b8 -> [[127.0.0.1:7100], [127.0.0.2:7100], [127.0.0.3:7100]], code=Remote error
I1010 10:35:58.549702 122368000 log_util.cc:797] Scanning /Users/nag/yb/yugabyte-data/node1/yb-data/tserver/wals/table-f80c17935cc9489ab3c6c05dceb25976/tablet-f5bd6014d733492eac6dd2cfba061381/wal-000000001 for valid entry headers following offset 2008...
I1010 10:35:58.549751 122904576 tablet_bootstrap.cc:644] T 7c7b0e8f396b4659b1f29a4dd140c822 P d5c37cb1777946179e6692ee5e504715: Time spent opening tablet: real 0.000s	user 0.000s	sys 0.000s
I1010 10:35:58.549762 124514304 log_util.cc:797] Scanning /Users/nag/yb/yugabyte-data/node1/yb-data/tserver/wals/table-f80c17935cc9489ab3c6c05dceb25976/tablet-30fedb9fed834e6d975c43711c3f6fd9/wal-000000001 for valid entry headers following offset 1982...
I1010 10:35:58.549834 123977728 tablet_bootstrap.cc:396] T f27eef4b471b4c3c800523a8cd4a34f7 P d5c37cb1777946179e6692ee5e504715: Bootstrap optimizer (skip_flushed_entries): op_id_replay_lowest=-1.-1 (regular_op_id=-1.-1, intents_op_id=-1.-1, has_intents_db=0)
I1010 10:35:58.549957 123441152 tablet_bootstrap.cc:740] T 9cd834df5c9f41b091ffb845bd6122ec P d5c37cb1777946179e6692ee5e504715: Will attempt to recover log segment /Users/nag/yb/yugabyte-data/node1/yb-data/tserver/wals/table-f80c17935cc9489ab3c6c05dceb25976/tablet-9cd834df5c9f41b091ffb845bd6122ec/wal-000000001
I1010 10:35:58.550101 122904576 tablet_bootstrap.cc:740] T 7c7b0e8f396b4659b1f29a4dd140c822 P d5c37cb1777946179e6692ee5e504715: Will attempt to recover log segment /Users/nag/yb/yugabyte-data/node1/yb-data/tserver/wals/table-f80c17935cc9489ab3c6c05dceb25976/tablet-7c7b0e8f396b4659b1f29a4dd140c822/wal-000000001
I1010 10:35:58.550165 123441152 tablet_bootstrap.cc:1238] T 9cd834df5c9f41b091ffb845bd6122ec P d5c37cb1777946179e6692ee5e504715: Flushed DocDB OpIds: { regular: -1.-1 intents: -1.-1 }
I1010 10:35:58.550175 123977728 tablet_bootstrap.cc:1461] T f27eef4b471b4c3c800523a8cd4a34f7 P d5c37cb1777946179e6692ee5e504715: Segment /Users/nag/yb/yugabyte-data/node1/yb-data/tserver/wals/table-f80c17935cc9489ab3c6c05dceb25976/tablet-f27eef4b471b4c3c800523a8cd4a34f7/wal-000000001 cannot be used as the first segment to start replay with according to our OpId and retention criteria. However, this is already the earliest segment so we have to start replay here. We should probably investigate how we got into this situation. op_id=1.1, op_id_replay_lowest=-1.-1, last_op_id_in_retryable_requests=0.0, first_op_time=161875.999s, retryable_requests_retain_interval=60.000s, *retryable_requests_replay_from_this_or_earlier_time=161815.999s, is_first_op_id_low_enough_for_retryable_requests=0, is_first_op_time_early_enough_for_retryable_requests=0, is_first_op_id_low_enough=0
I1010 10:35:58.550213 122904576 tablet_bootstrap.cc:1238] T 7c7b0e8f396b4659b1f29a4dd140c822 P d5c37cb1777946179e6692ee5e504715: Flushed DocDB OpIds: { regular: -1.-1 intents: -1.-1 }
I1010 10:35:58.550278 123441152 tablet_bootstrap.cc:1514] T 9cd834df5c9f41b091ffb845bd6122ec P d5c37cb1777946179e6692ee5e504715: Max persistent index in RocksDB's SSTables before bootstrap: regular RocksDB: -1.-1; intents RocksDB: -1.-1
I1010 10:35:58.550328 123977728 tablet_bootstrap.cc:1476] T f27eef4b471b4c3c800523a8cd4a34f7 P d5c37cb1777946179e6692ee5e504715: Bootstrap optimizer (skip_flushed_entries): will replay all segments starting from the very first one.
I1010 10:35:58.550410 122904576 tablet_bootstrap.cc:1514] T 7c7b0e8f396b4659b1f29a4dd140c822 P d5c37cb1777946179e6692ee5e504715: Max persistent index in RocksDB's SSTables before bootstrap: regular RocksDB: -1.-1; intents RocksDB: -1.-1
I1010 10:35:58.550501 123441152 log.cc:1461] T 9cd834df5c9f41b091ffb845bd6122ec P d5c37cb1777946179e6692ee5e504715: Setting log wal retention time to 0 seconds
I1010 10:35:58.550562 122904576 log.cc:1461] T 7c7b0e8f396b4659b1f29a4dd140c822 P d5c37cb1777946179e6692ee5e504715: Setting log wal retention time to 0 seconds
I1010 10:35:58.550614 123977728 log_util.cc:797] Scanning /Users/nag/yb/yugabyte-data/node1/yb-data/tserver/wals/table-f80c17935cc9489ab3c6c05dceb25976/tablet-f27eef4b471b4c3c800523a8cd4a34f7/wal-000000001 for valid entry headers following offset 1956...
I1010 10:35:58.551334 120758272 log_util.cc:797] Scanning /Users/nag/yb/yugabyte-data/node1/yb-data/tserver/wals/table-f80c17935cc9489ab3c6c05dceb25976/tablet-4c1e255cf37d4de58ed9d6a6f32e7473/wal-000000001 for valid entry headers following offset 4815...
I1010 10:35:58.551705 122368000 log_util.cc:841] Found no log entry headers
I1010 10:35:58.551741 122368000 log_util.cc:702] Ignoring partially flushed segment in write ahead log /Users/nag/yb/yugabyte-data/node1/yb-data/tserver/wals/table-f80c17935cc9489ab3c6c05dceb25976/tablet-f5bd6014d733492eac6dd2cfba061381/wal-000000001 because there are no log entries following this one. The server probably crashed in the middle of writing an entry to the write-ahead log or downloaded an active log via remote bootstrap. Error detail: Corruption (yb/consensus/log_util.cc:912): Invalid checksum in log entry head header: found=0, computed=2351477386: Failed trying to read batch #11 at offset 2008 for log segment /Users/nag/yb/yugabyte-data/node1/yb-data/tserver/wals/table-f80c17935cc9489ab3c6c05dceb25976/tablet-f5bd6014d733492eac6dd2cfba061381/wal-000000001: Prior batch offsets: 1898 1924 1982 2008; Last log entries read: [REPLICATE (1.2)] [REPLICATE (1.3)] [REPLICATE (1.4)] [REPLICATE (3.5)]
I1010 10:35:58.552085 122368000 tablet_bootstrap_if.cc:96] T f5bd6014d733492eac6dd2cfba061381 P d5c37cb1777946179e6692ee5e504715: Bootstrap replayed 1/1 log segments. Read operations: 5, overwritten operations: 0. Pending: 1 replicates. Last read committed op id: 3.5, last entry metadata: { entry_time: 187133.476s offset: 1924 active_segment_sequence_number: 1 }, last read entry op id: 3.5
I1010 10:35:58.552146 122368000 tablet_bootstrap.cc:1654] T f5bd6014d733492eac6dd2cfba061381 P d5c37cb1777946179e6692ee5e504715: Dumping replay state to log at the end of PlaySegments
I1010 10:35:58.552177 122368000 tablet_bootstrap.cc:1212] T f5bd6014d733492eac6dd2cfba061381 P d5c37cb1777946179e6692ee5e504715: ReplayState: Previous OpId: 3.5, Committed OpId: 3.5, Pending Replicates: 0, Flushed Regular: -1.-1, Flushed Intents: -1.-1
I1010 10:35:58.552203 122368000 tablet_bootstrap.cc:1212] T f5bd6014d733492eac6dd2cfba061381 P d5c37cb1777946179e6692ee5e504715: Log entries applied to RocksDB: 5
I1010 10:35:58.552228 122368000 tablet_bootstrap.cc:1666] T f5bd6014d733492eac6dd2cfba061381 P d5c37cb1777946179e6692ee5e504715: Number of orphaned replicates: 0, last id: 3.5, committed id: 3.5
I1010 10:35:58.552699 124514304 log_util.cc:841] Found no log entry headers
I1010 10:35:58.552731 124514304 log_util.cc:702] Ignoring partially flushed segment in write ahead log /Users/nag/yb/yugabyte-data/node1/yb-data/tserver/wals/table-f80c17935cc9489ab3c6c05dceb25976/tablet-30fedb9fed834e6d975c43711c3f6fd9/wal-000000001 because there are no log entries following this one. The server probably crashed in the middle of writing an entry to the write-ahead log or downloaded an active log via remote bootstrap. Error detail: Corruption (yb/consensus/log_util.cc:912): Invalid checksum in log entry head header: found=0, computed=2351477386: Failed trying to read batch #10 at offset 1982 for log segment /Users/nag/yb/yugabyte-data/node1/yb-data/tserver/wals/table-f80c17935cc9489ab3c6c05dceb25976/tablet-30fedb9fed834e6d975c43711c3f6fd9/wal-000000001: Prior batch offsets: 1324 1350 1956 1982; Last log entries read: [REPLICATE (1.2)] [REPLICATE (3.3)] [REPLICATE (3.4)] [REPLICATE (3.5)]
I1010 10:35:58.553059 124514304 tablet_bootstrap_if.cc:96] T 30fedb9fed834e6d975c43711c3f6fd9 P d5c37cb1777946179e6692ee5e504715: Bootstrap replayed 1/1 log segments. Read operations: 5, overwritten operations: 0. Pending: 1 replicates. Last read committed op id: 3.5, last entry metadata: { entry_time: 187109.714s offset: 1350 active_segment_sequence_number: 1 }, last read entry op id: 3.5
I1010 10:35:58.553102 124514304 tablet_bootstrap.cc:1654] T 30fedb9fed834e6d975c43711c3f6fd9 P d5c37cb1777946179e6692ee5e504715: Dumping replay state to log at the end of PlaySegments
I1010 10:35:58.553133 124514304 tablet_bootstrap.cc:1212] T 30fedb9fed834e6d975c43711c3f6fd9 P d5c37cb1777946179e6692ee5e504715: ReplayState: Previous OpId: 3.5, Committed OpId: 3.5, Pending Replicates: 0, Flushed Regular: -1.-1, Flushed Intents: -1.-1
I1010 10:35:58.553154 124514304 tablet_bootstrap.cc:1212] T 30fedb9fed834e6d975c43711c3f6fd9 P d5c37cb1777946179e6692ee5e504715: Log entries applied to RocksDB: 5
I1010 10:35:58.553174 124514304 tablet_bootstrap.cc:1666] T 30fedb9fed834e6d975c43711c3f6fd9 P d5c37cb1777946179e6692ee5e504715: Number of orphaned replicates: 0, last id: 3.5, committed id: 3.5
W1010 10:35:58.553649 122904576 log_util.cc:241] Could not read footer for segment: /Users/nag/yb/yugabyte-data/node1/yb-data/tserver/wals/table-f80c17935cc9489ab3c6c05dceb25976/tablet-7c7b0e8f396b4659b1f29a4dd140c822/wal-000000001: Not found (yb/consensus/log_util.cc:581): Footer not found. Footer magic doesn't match
W1010 10:35:58.553700 122904576 log_reader.cc:217] T 7c7b0e8f396b4659b1f29a4dd140c822 P d5c37cb1777946179e6692ee5e504715: Log segment /Users/nag/yb/yugabyte-data/node1/yb-data/tserver/wals/table-f80c17935cc9489ab3c6c05dceb25976/tablet-7c7b0e8f396b4659b1f29a4dd140c822/wal-000000001 was likely left in-progressafter a previous crash. Will try to reuse this segment as writable active segment
I1010 10:35:58.553779 122904576 log.cc:722] T 7c7b0e8f396b4659b1f29a4dd140c822 P d5c37cb1777946179e6692ee5e504715: Opened existing logs. Last segment is /Users/nag/yb/yugabyte-data/node1/yb-data/tserver/wals/table-f80c17935cc9489ab3c6c05dceb25976/tablet-7c7b0e8f396b4659b1f29a4dd140c822/wal-000000001
I1010 10:35:58.553855 122904576 tablet_bootstrap.cc:396] T 7c7b0e8f396b4659b1f29a4dd140c822 P d5c37cb1777946179e6692ee5e504715: Bootstrap optimizer (skip_flushed_entries): op_id_replay_lowest=-1.-1 (regular_op_id=-1.-1, intents_op_id=-1.-1, has_intents_db=0)
I1010 10:35:58.553901 122904576 tablet_bootstrap.cc:1461] T 7c7b0e8f396b4659b1f29a4dd140c822 P d5c37cb1777946179e6692ee5e504715: Segment /Users/nag/yb/yugabyte-data/node1/yb-data/tserver/wals/table-f80c17935cc9489ab3c6c05dceb25976/tablet-7c7b0e8f396b4659b1f29a4dd140c822/wal-000000001 cannot be used as the first segment to start replay with according to our OpId and retention criteria. However, this is already the earliest segment so we have to start replay here. We should probably investigate how we got into this situation. op_id=1.1, op_id_replay_lowest=-1.-1, last_op_id_in_retryable_requests=0.0, first_op_time=161875.964s, retryable_requests_retain_interval=60.000s, *retryable_requests_replay_from_this_or_earlier_time=161815.964s, is_first_op_id_low_enough_for_retryable_requests=0, is_first_op_time_early_enough_for_retryable_requests=0, is_first_op_id_low_enough=0
I1010 10:35:58.553956 122904576 tablet_bootstrap.cc:1476] T 7c7b0e8f396b4659b1f29a4dd140c822 P d5c37cb1777946179e6692ee5e504715: Bootstrap optimizer (skip_flushed_entries): will replay all segments starting from the very first one.
I1010 10:35:58.553987 123977728 log_util.cc:841] Found no log entry headers
W1010 10:35:58.553983 121831424 log_util.cc:241] Could not read footer for segment: /Users/nag/yb/yugabyte-data/node1/yb-data/tserver/wals/table-f80c17935cc9489ab3c6c05dceb25976/tablet-5aab7c3da55c4174a9735369225d0c54/wal-000000001: Not found (yb/consensus/log_util.cc:581): Footer not found. Footer magic doesn't match
I1010 10:35:58.554440 123977728 log_util.cc:702] Ignoring partially flushed segment in write ahead log /Users/nag/yb/yugabyte-data/node1/yb-data/tserver/wals/table-f80c17935cc9489ab3c6c05dceb25976/tablet-f27eef4b471b4c3c800523a8cd4a34f7/wal-000000001 because there are no log entries following this one. The server probably crashed in the middle of writing an entry to the write-ahead log or downloaded an active log via remote bootstrap. Error detail: Corruption (yb/consensus/log_util.cc:912): Invalid checksum in log entry head header: found=0, computed=2351477386: Failed trying to read batch #9 at offset 1956 for log segment /Users/nag/yb/yugabyte-data/node1/yb-data/tserver/wals/table-f80c17935cc9489ab3c6c05dceb25976/tablet-f27eef4b471b4c3c800523a8cd4a34f7/wal-000000001: Prior batch offsets: 1298 1324 1930 1956; Last log entries read: [REPLICATE (1.2)] [REPLICATE (3.3)] [REPLICATE (3.4)] [REPLICATE (3.5)]
I1010 10:35:58.554507 122904576 tablet_bootstrap_if.cc:96] T 7c7b0e8f396b4659b1f29a4dd140c822 P d5c37cb1777946179e6692ee5e504715: Bootstrap replayed 1/1 log segments. Read operations: 4, overwritten operations: 0. Pending: 1 replicates. Last read committed op id: 1.4, last entry metadata: { entry_time: 187119.183s offset: 1292 active_segment_sequence_number: 1 }, last read entry op id: 1.4
I1010 10:35:58.554774 120758272 log_util.cc:841] Found no log entry headers
W1010 10:35:58.554837 121831424 log_reader.cc:217] T 5aab7c3da55c4174a9735369225d0c54 P d5c37cb1777946179e6692ee5e504715: Log segment /Users/nag/yb/yugabyte-data/node1/yb-data/tserver/wals/table-f80c17935cc9489ab3c6c05dceb25976/tablet-5aab7c3da55c4174a9735369225d0c54/wal-000000001 was likely left in-progressafter a previous crash. Will try to reuse this segment as writable active segment
I1010 10:35:58.554878 124514304 tablet_bootstrap_if.cc:96] T 30fedb9fed834e6d975c43711c3f6fd9 P d5c37cb1777946179e6692ee5e504715: Bootstrap complete.
W1010 10:35:58.554877 123441152 log_util.cc:241] Could not read footer for segment: /Users/nag/yb/yugabyte-data/node1/yb-data/tserver/wals/table-f80c17935cc9489ab3c6c05dceb25976/tablet-9cd834df5c9f41b091ffb845bd6122ec/wal-000000001: Not found (yb/consensus/log_util.cc:581): Footer not found. Footer magic doesn't match
I1010 10:35:58.554944 122368000 tablet_bootstrap_if.cc:96] T f5bd6014d733492eac6dd2cfba061381 P d5c37cb1777946179e6692ee5e504715: Bootstrap complete.
I1010 10:35:58.555013 122904576 tablet_bootstrap.cc:1654] T 7c7b0e8f396b4659b1f29a4dd140c822 P d5c37cb1777946179e6692ee5e504715: Dumping replay state to log at the end of PlaySegments
I1010 10:35:58.555061 120758272 log_util.cc:702] Ignoring partially flushed segment in write ahead log /Users/nag/yb/yugabyte-data/node1/yb-data/tserver/wals/table-f80c17935cc9489ab3c6c05dceb25976/tablet-4c1e255cf37d4de58ed9d6a6f32e7473/wal-000000001 because there are no log entries following this one. The server probably crashed in the middle of writing an entry to the write-ahead log or downloaded an active log via remote bootstrap. Error detail: Corruption (yb/consensus/log_util.cc:912): Invalid checksum in log entry head header: found=0, computed=2351477386: Failed trying to read batch #51 at offset 4815 for log segment /Users/nag/yb/yugabyte-data/node1/yb-data/tserver/wals/table-f80c17935cc9489ab3c6c05dceb25976/tablet-4c1e255cf37d4de58ed9d6a6f32e7473/wal-000000001: Prior batch offsets: 4678 4704 4789 4815; Last log entries read: [REPLICATE (1.22)] [REPLICATE (1.23)] [REPLICATE (1.24)] [REPLICATE (1.25)]
I1010 10:35:58.555155 121831424 log.cc:722] T 5aab7c3da55c4174a9735369225d0c54 P d5c37cb1777946179e6692ee5e504715: Opened existing logs. Last segment is /Users/nag/yb/yugabyte-data/node1/yb-data/tserver/wals/table-f80c17935cc9489ab3c6c05dceb25976/tablet-5aab7c3da55c4174a9735369225d0c54/wal-000000001
I1010 10:35:58.555208 123977728 tablet_bootstrap_if.cc:96] T f27eef4b471b4c3c800523a8cd4a34f7 P d5c37cb1777946179e6692ee5e504715: Bootstrap replayed 1/1 log segments. Read operations: 5, overwritten operations: 0. Pending: 1 replicates. Last read committed op id: 3.5, last entry metadata: { entry_time: 187128.826s offset: 1324 active_segment_sequence_number: 1 }, last read entry op id: 3.5
I1010 10:35:58.555222 124514304 log_util.cc:797] Scanning /Users/nag/yb/yugabyte-data/node1/yb-data/tserver/wals/table-f80c17935cc9489ab3c6c05dceb25976/tablet-30fedb9fed834e6d975c43711c3f6fd9/wal-000000001 for valid entry headers following offset 1982...
W1010 10:35:58.555229 123441152 log_reader.cc:217] T 9cd834df5c9f41b091ffb845bd6122ec P d5c37cb1777946179e6692ee5e504715: Log segment /Users/nag/yb/yugabyte-data/node1/yb-data/tserver/wals/table-f80c17935cc9489ab3c6c05dceb25976/tablet-9cd834df5c9f41b091ffb845bd6122ec/wal-000000001 was likely left in-progressafter a previous crash. Will try to reuse this segment as writable active segment
I1010 10:35:58.555269 122904576 tablet_bootstrap.cc:1212] T 7c7b0e8f396b4659b1f29a4dd140c822 P d5c37cb1777946179e6692ee5e504715: ReplayState: Previous OpId: 1.4, Committed OpId: 1.4, Pending Replicates: 0, Flushed Regular: -1.-1, Flushed Intents: -1.-1
I1010 10:35:58.555311 122368000 log_util.cc:797] Scanning /Users/nag/yb/yugabyte-data/node1/yb-data/tserver/wals/table-f80c17935cc9489ab3c6c05dceb25976/tablet-f5bd6014d733492eac6dd2cfba061381/wal-000000001 for valid entry headers following offset 2008...
I1010 10:35:58.555351 121831424 tablet_bootstrap.cc:396] T 5aab7c3da55c4174a9735369225d0c54 P d5c37cb1777946179e6692ee5e504715: Bootstrap optimizer (skip_flushed_entries): op_id_replay_lowest=-1.-1 (regular_op_id=-1.-1, intents_op_id=-1.-1, has_intents_db=0)
I1010 10:35:58.555394 123977728 tablet_bootstrap.cc:1654] T f27eef4b471b4c3c800523a8cd4a34f7 P d5c37cb1777946179e6692ee5e504715: Dumping replay state to log at the end of PlaySegments
I1010 10:35:58.555464 123441152 log.cc:722] T 9cd834df5c9f41b091ffb845bd6122ec P d5c37cb1777946179e6692ee5e504715: Opened existing logs. Last segment is /Users/nag/yb/yugabyte-data/node1/yb-data/tserver/wals/table-f80c17935cc9489ab3c6c05dceb25976/tablet-9cd834df5c9f41b091ffb845bd6122ec/wal-000000001
I1010 10:35:58.555501 122904576 tablet_bootstrap.cc:1212] T 7c7b0e8f396b4659b1f29a4dd140c822 P d5c37cb1777946179e6692ee5e504715: Log entries applied to RocksDB: 4
I1010 10:35:58.555578 121831424 tablet_bootstrap.cc:1461] T 5aab7c3da55c4174a9735369225d0c54 P d5c37cb1777946179e6692ee5e504715: Segment /Users/nag/yb/yugabyte-data/node1/yb-data/tserver/wals/table-f80c17935cc9489ab3c6c05dceb25976/tablet-5aab7c3da55c4174a9735369225d0c54/wal-000000001 cannot be used as the first segment to start replay with according to our OpId and retention criteria. However, this is already the earliest segment so we have to start replay here. We should probably investigate how we got into this situation. op_id=1.1, op_id_replay_lowest=-1.-1, last_op_id_in_retryable_requests=0.0, first_op_time=161871.411s, retryable_requests_retain_interval=60.000s, *retryable_requests_replay_from_this_or_earlier_time=161811.411s, is_first_op_id_low_enough_for_retryable_requests=0, is_first_op_time_early_enough_for_retryable_requests=0, is_first_op_id_low_enough=0
I1010 10:35:58.555605 123977728 tablet_bootstrap.cc:1212] T f27eef4b471b4c3c800523a8cd4a34f7 P d5c37cb1777946179e6692ee5e504715: ReplayState: Previous OpId: 3.5, Committed OpId: 3.5, Pending Replicates: 0, Flushed Regular: -1.-1, Flushed Intents: -1.-1
I1010 10:35:58.555613 120758272 tablet_bootstrap_if.cc:96] T 4c1e255cf37d4de58ed9d6a6f32e7473 P d5c37cb1777946179e6692ee5e504715: Bootstrap replayed 1/1 log segments. Read operations: 25, overwritten operations: 0. Pending: 1 replicates. Last read committed op id: 1.25, last entry metadata: { entry_time: 190809.321s offset: 4704 active_segment_sequence_number: 1 }, last read entry op id: 1.25
I1010 10:35:58.555650 123441152 tablet_bootstrap.cc:396] T 9cd834df5c9f41b091ffb845bd6122ec P d5c37cb1777946179e6692ee5e504715: Bootstrap optimizer (skip_flushed_entries): op_id_replay_lowest=-1.-1 (regular_op_id=-1.-1, intents_op_id=-1.-1, has_intents_db=0)
I1010 10:35:58.555678 122904576 tablet_bootstrap.cc:1666] T 7c7b0e8f396b4659b1f29a4dd140c822 P d5c37cb1777946179e6692ee5e504715: Number of orphaned replicates: 0, last id: 1.4, committed id: 1.4
I1010 10:35:58.555709 121831424 tablet_bootstrap.cc:1476] T 5aab7c3da55c4174a9735369225d0c54 P d5c37cb1777946179e6692ee5e504715: Bootstrap optimizer (skip_flushed_entries): will replay all segments starting from the very first one.
I1010 10:35:58.555742 123977728 tablet_bootstrap.cc:1212] T f27eef4b471b4c3c800523a8cd4a34f7 P d5c37cb1777946179e6692ee5e504715: Log entries applied to RocksDB: 5
I1010 10:35:58.555752 124514304 log_util.cc:841] Found no log entry headers
I1010 10:35:58.555831 120758272 tablet_bootstrap.cc:1654] T 4c1e255cf37d4de58ed9d6a6f32e7473 P d5c37cb1777946179e6692ee5e504715: Dumping replay state to log at the end of PlaySegments
I1010 10:35:58.555858 123441152 tablet_bootstrap.cc:1461] T 9cd834df5c9f41b091ffb845bd6122ec P d5c37cb1777946179e6692ee5e504715: Segment /Users/nag/yb/yugabyte-data/node1/yb-data/tserver/wals/table-f80c17935cc9489ab3c6c05dceb25976/tablet-9cd834df5c9f41b091ffb845bd6122ec/wal-000000001 cannot be used as the first segment to start replay with according to our OpId and retention criteria. However, this is already the earliest segment so we have to start replay here. We should probably investigate how we got into this situation. op_id=1.1, op_id_replay_lowest=-1.-1, last_op_id_in_retryable_requests=0.0, first_op_time=161871.393s, retryable_requests_retain_interval=60.000s, *retryable_requests_replay_from_this_or_earlier_time=161811.393s, is_first_op_id_low_enough_for_retryable_requests=0, is_first_op_time_early_enough_for_retryable_requests=0, is_first_op_id_low_enough=0
I1010 10:35:58.555887 122368000 log_util.cc:841] Found no log entry headers
I1010 10:35:58.555933 123977728 tablet_bootstrap.cc:1666] T f27eef4b471b4c3c800523a8cd4a34f7 P d5c37cb1777946179e6692ee5e504715: Number of orphaned replicates: 0, last id: 3.5, committed id: 3.5
I1010 10:35:58.555964 124514304 log_util.cc:702] Ignoring partially flushed segment in write ahead log /Users/nag/yb/yugabyte-data/node1/yb-data/tserver/wals/table-f80c17935cc9489ab3c6c05dceb25976/tablet-30fedb9fed834e6d975c43711c3f6fd9/wal-000000001 because there are no log entries following this one. The server probably crashed in the middle of writing an entry to the write-ahead log or downloaded an active log via remote bootstrap. Error detail: Corruption (yb/consensus/log_util.cc:912): Invalid checksum in log entry head header: found=0, computed=2351477386: Failed trying to read batch #10 at offset 1982 for log segment /Users/nag/yb/yugabyte-data/node1/yb-data/tserver/wals/table-f80c17935cc9489ab3c6c05dceb25976/tablet-30fedb9fed834e6d975c43711c3f6fd9/wal-000000001: Prior batch offsets: 1324 1350 1956 1982; Last log entries read: [REPLICATE (1.2)] [REPLICATE (3.3)] [REPLICATE (3.4)] [REPLICATE (3.5)]
I1010 10:35:58.555980 121831424 log_util.cc:797] Scanning /Users/nag/yb/yugabyte-data/node1/yb-data/tserver/wals/table-f80c17935cc9489ab3c6c05dceb25976/tablet-5aab7c3da55c4174a9735369225d0c54/wal-000000001 for valid entry headers following offset 2008...
I1010 10:35:58.555994 120758272 tablet_bootstrap.cc:1212] T 4c1e255cf37d4de58ed9d6a6f32e7473 P d5c37cb1777946179e6692ee5e504715: ReplayState: Previous OpId: 1.25, Committed OpId: 1.25, Pending Replicates: 0, Flushed Regular: -1.-1, Flushed Intents: -1.-1
I1010 10:35:58.556015 123441152 tablet_bootstrap.cc:1476] T 9cd834df5c9f41b091ffb845bd6122ec P d5c37cb1777946179e6692ee5e504715: Bootstrap optimizer (skip_flushed_entries): will replay all segments starting from the very first one.
I1010 10:35:58.556046 122368000 log_util.cc:702] Ignoring partially flushed segment in write ahead log /Users/nag/yb/yugabyte-data/node1/yb-data/tserver/wals/table-f80c17935cc9489ab3c6c05dceb25976/tablet-f5bd6014d733492eac6dd2cfba061381/wal-000000001 because there are no log entries following this one. The server probably crashed in the middle of writing an entry to the write-ahead log or downloaded an active log via remote bootstrap. Error detail: Corruption (yb/consensus/log_util.cc:912): Invalid checksum in log entry head header: found=0, computed=2351477386: Failed trying to read batch #11 at offset 2008 for log segment /Users/nag/yb/yugabyte-data/node1/yb-data/tserver/wals/table-f80c17935cc9489ab3c6c05dceb25976/tablet-f5bd6014d733492eac6dd2cfba061381/wal-000000001: Prior batch offsets: 1898 1924 1982 2008; Last log entries read: [REPLICATE (1.2)] [REPLICATE (1.3)] [REPLICATE (1.4)] [REPLICATE (3.5)]
I1010 10:35:58.556174 120758272 tablet_bootstrap.cc:1212] T 4c1e255cf37d4de58ed9d6a6f32e7473 P d5c37cb1777946179e6692ee5e504715: Log entries applied to RocksDB: 25
I1010 10:35:58.556190 124514304 log.cc:1112] Successfully restored footer_builder_ and log_index_ for segment: /Users/nag/yb/yugabyte-data/node1/yb-data/tserver/wals/table-f80c17935cc9489ab3c6c05dceb25976/tablet-30fedb9fed834e6d975c43711c3f6fd9/wal-000000001. Reopen the file for write with starting offset: 1982
I1010 10:35:58.556310 123441152 log_util.cc:797] Scanning /Users/nag/yb/yugabyte-data/node1/yb-data/tserver/wals/table-f80c17935cc9489ab3c6c05dceb25976/tablet-9cd834df5c9f41b091ffb845bd6122ec/wal-000000001 for valid entry headers following offset 1904...
I1010 10:35:58.556528 120758272 tablet_bootstrap.cc:1666] T 4c1e255cf37d4de58ed9d6a6f32e7473 P d5c37cb1777946179e6692ee5e504715: Number of orphaned replicates: 0, last id: 1.25, committed id: 1.25
I1010 10:35:58.556560 122368000 log.cc:1112] Successfully restored footer_builder_ and log_index_ for segment: /Users/nag/yb/yugabyte-data/node1/yb-data/tserver/wals/table-f80c17935cc9489ab3c6c05dceb25976/tablet-f5bd6014d733492eac6dd2cfba061381/wal-000000001. Reopen the file for write with starting offset: 2008
I1010 10:35:58.556574 124514304 log.cc:1461] T 30fedb9fed834e6d975c43711c3f6fd9 P d5c37cb1777946179e6692ee5e504715: Setting log wal retention time to 0 seconds
I1010 10:35:58.556861 122368000 log.cc:1461] T f5bd6014d733492eac6dd2cfba061381 P d5c37cb1777946179e6692ee5e504715: Setting log wal retention time to 0 seconds
I1010 10:35:58.556939 124514304 ts_tablet_manager.cc:1982] T 30fedb9fed834e6d975c43711c3f6fd9 P d5c37cb1777946179e6692ee5e504715: Time spent bootstrapping tablet: real 0.014s	user 0.002s	sys 0.004s
I1010 10:35:58.556948 122904576 tablet_bootstrap_if.cc:96] T 7c7b0e8f396b4659b1f29a4dd140c822 P d5c37cb1777946179e6692ee5e504715: Bootstrap complete.
I1010 10:35:58.557075 122368000 ts_tablet_manager.cc:1982] T f5bd6014d733492eac6dd2cfba061381 P d5c37cb1777946179e6692ee5e504715: Time spent bootstrapping tablet: real 0.014s	user 0.002s	sys 0.004s
I1010 10:35:58.557132 123977728 tablet_bootstrap_if.cc:96] T f27eef4b471b4c3c800523a8cd4a34f7 P d5c37cb1777946179e6692ee5e504715: Bootstrap complete.
I1010 10:35:58.557737 122904576 log.cc:1112] Successfully restored footer_builder_ and log_index_ for segment: /Users/nag/yb/yugabyte-data/node1/yb-data/tserver/wals/table-f80c17935cc9489ab3c6c05dceb25976/tablet-7c7b0e8f396b4659b1f29a4dd140c822/wal-000000001. Reopen the file for write with starting offset: 1898
I1010 10:35:58.557832 121831424 log_util.cc:841] Found no log entry headers
I1010 10:35:58.558360 123977728 log_util.cc:797] Scanning /Users/nag/yb/yugabyte-data/node1/yb-data/tserver/wals/table-f80c17935cc9489ab3c6c05dceb25976/tablet-f27eef4b471b4c3c800523a8cd4a34f7/wal-000000001 for valid entry headers following offset 1956...
I1010 10:35:58.558408 120758272 tablet_bootstrap_if.cc:96] T 4c1e255cf37d4de58ed9d6a6f32e7473 P d5c37cb1777946179e6692ee5e504715: Bootstrap complete.
I1010 10:35:58.558452 122904576 log.cc:1461] T 7c7b0e8f396b4659b1f29a4dd140c822 P d5c37cb1777946179e6692ee5e504715: Setting log wal retention time to 0 seconds
I1010 10:35:58.559229 121831424 log_util.cc:702] Ignoring partially flushed segment in write ahead log /Users/nag/yb/yugabyte-data/node1/yb-data/tserver/wals/table-f80c17935cc9489ab3c6c05dceb25976/tablet-5aab7c3da55c4174a9735369225d0c54/wal-000000001 because there are no log entries following this one. The server probably crashed in the middle of writing an entry to the write-ahead log or downloaded an active log via remote bootstrap. Error detail: Corruption (yb/consensus/log_util.cc:912): Invalid checksum in log entry head header: found=0, computed=2351477386: Failed trying to read batch #11 at offset 2008 for log segment /Users/nag/yb/yugabyte-data/node1/yb-data/tserver/wals/table-f80c17935cc9489ab3c6c05dceb25976/tablet-5aab7c3da55c4174a9735369225d0c54/wal-000000001: Prior batch offsets: 1350 1376 1982 2008; Last log entries read: [REPLICATE (1.2)] [REPLICATE (3.3)] [REPLICATE (3.4)] [REPLICATE (3.5)]
I1010 10:35:58.559528 123441152 log_util.cc:841] Found no log entry headers
I1010 10:35:58.559993 123977728 log_util.cc:841] Found no log entry headers
I1010 10:35:58.560242 124514304 consensus_meta.cc:361] T 30fedb9fed834e6d975c43711c3f6fd9 P d5c37cb1777946179e6692ee5e504715: Updating active role from FOLLOWER to FOLLOWER. Consensus state: current_term: 3 leader_uuid: "" config { opid_index: 5 peers { permanent_uuid: "23d881032c1249bd803e401a539be0e2" member_type: VOTER last_known_private_addr { host: "127.0.0.3" port: 9100 } cloud_info { placement_cloud: "cloud1" placement_region: "datacenter1" placement_zone: "rack1" } } peers { permanent_uuid: "d5c37cb1777946179e6692ee5e504715" member_type: VOTER last_known_private_addr { host: "127.0.0.1" port: 9100 } cloud_info { placement_cloud: "cloud1" placement_region: "datacenter1" placement_zone: "rack1" } } peers { permanent_uuid: "6b460ba950654300b6c50d93f25aea31" member_type: VOTER last_known_private_addr { host: "127.0.0.2" port: 9100 } cloud_info { placement_cloud: "cloud1" placement_region: "datacenter1" placement_zone: "rack1" } } }, has_pending_config = 0
I1010 10:35:58.560292 120758272 log_util.cc:797] Scanning /Users/nag/yb/yugabyte-data/node1/yb-data/tserver/wals/table-f80c17935cc9489ab3c6c05dceb25976/tablet-4c1e255cf37d4de58ed9d6a6f32e7473/wal-000000001 for valid entry headers following offset 4815...
