I1009 23:16:56.892143 155639808 consensus_meta.cc:361] T 825df89ca459463f921e4a6d8e68a90d P d5c37cb1777946179e6692ee5e504715: Updating active role from UNKNOWN_ROLE to FOLLOWER. Consensus state: current_term: 0 leader_uuid: "" config { opid_index: -1 peers { permanent_uuid: "23d881032c1249bd803e401a539be0e2" member_type: VOTER last_known_private_addr { host: "127.0.0.3" port: 9100 } cloud_info { placement_cloud: "cloud1" placement_region: "datacenter1" placement_zone: "rack1" } } peers { permanent_uuid: "6b460ba950654300b6c50d93f25aea31" member_type: VOTER last_known_private_addr { host: "127.0.0.2" port: 9100 } cloud_info { placement_cloud: "cloud1" placement_region: "datacenter1" placement_zone: "rack1" } } peers { permanent_uuid: "d5c37cb1777946179e6692ee5e504715" member_type: VOTER last_known_private_addr { host: "127.0.0.1" port: 9100 } cloud_info { placement_cloud: "cloud1" placement_region: "datacenter1" placement_zone: "rack1" } } }, has_pending_config = 0
I1009 23:16:56.892226 156712960 raft_consensus.cc:498] T 9b45d3f9024e43b58a591ec35594430e P d5c37cb1777946179e6692ee5e504715 [term 0 FOLLOWER]: Replica starting. Triggering 0 pending operations. Active config: opid_index: -1 peers { permanent_uuid: "23d881032c1249bd803e401a539be0e2" member_type: VOTER last_known_private_addr { host: "127.0.0.3" port: 9100 } cloud_info { placement_cloud: "cloud1" placement_region: "datacenter1" placement_zone: "rack1" } } peers { permanent_uuid: "6b460ba950654300b6c50d93f25aea31" member_type: VOTER last_known_private_addr { host: "127.0.0.2" port: 9100 } cloud_info { placement_cloud: "cloud1" placement_region: "datacenter1" placement_zone: "rack1" } } peers { permanent_uuid: "d5c37cb1777946179e6692ee5e504715" member_type: VOTER last_known_private_addr { host: "127.0.0.1" port: 9100 } cloud_info { placement_cloud: "cloud1" placement_region: "datacenter1" placement_zone: "rack1" } }
I1009 23:16:56.892385 155103232 tablet_bootstrap_state_manager.cc:61] Wal dir is not created, skip initializing TabletBootstrapStateManager for c09c8a2af076408b8083ae6bfc2a671e
I1009 23:16:56.892469 105201664 raft_consensus.cc:3573] T f5bd6014d733492eac6dd2cfba061381 P d5c37cb1777946179e6692ee5e504715 [term 0 FOLLOWER]: Snoozing leader timeout detection for 3.243s
I1009 23:16:56.892473 154030080 consensus_meta.cc:361] T f27eef4b471b4c3c800523a8cd4a34f7 P d5c37cb1777946179e6692ee5e504715: Updating active role from FOLLOWER to FOLLOWER. Consensus state: current_term: 0 leader_uuid: "" config { opid_index: -1 peers { permanent_uuid: "23d881032c1249bd803e401a539be0e2" member_type: VOTER last_known_private_addr { host: "127.0.0.3" port: 9100 } cloud_info { placement_cloud: "cloud1" placement_region: "datacenter1" placement_zone: "rack1" } } peers { permanent_uuid: "6b460ba950654300b6c50d93f25aea31" member_type: VOTER last_known_private_addr { host: "127.0.0.2" port: 9100 } cloud_info { placement_cloud: "cloud1" placement_region: "datacenter1" placement_zone: "rack1" } } peers { permanent_uuid: "d5c37cb1777946179e6692ee5e504715" member_type: VOTER last_known_private_addr { host: "127.0.0.1" port: 9100 } cloud_info { placement_cloud: "cloud1" placement_region: "datacenter1" placement_zone: "rack1" } } }, has_pending_config = 0
I1009 23:16:56.892552 154566656 raft_consensus.cc:527] T 30fedb9fed834e6d975c43711c3f6fd9 P d5c37cb1777946179e6692ee5e504715 [term 0 FOLLOWER]: Consensus starting up: Expiring fail detector timer to make a prompt election more likely
I1009 23:16:56.892684 155639808 tablet_bootstrap_state_manager.cc:61] Wal dir is not created, skip initializing TabletBootstrapStateManager for 825df89ca459463f921e4a6d8e68a90d
I1009 23:16:56.892731 156712960 raft_consensus.cc:527] T 9b45d3f9024e43b58a591ec35594430e P d5c37cb1777946179e6692ee5e504715 [term 0 FOLLOWER]: Consensus starting up: Expiring fail detector timer to make a prompt election more likely
I1009 23:16:56.892799 155103232 tablet_peer.cc:1643] T c09c8a2af076408b8083ae6bfc2a671e P d5c37cb1777946179e6692ee5e504715 [state=BOOTSTRAPPING]: Changed state from NOT_STARTED to BOOTSTRAPPING
I1009 23:16:56.892871 105201664 raft_consensus.cc:3466] T f5bd6014d733492eac6dd2cfba061381 P d5c37cb1777946179e6692ee5e504715 [term 0 FOLLOWER]: Leader pre-election won for term 1
I1009 23:16:56.892983 154030080 consensus_queue.cc:270] T f27eef4b471b4c3c800523a8cd4a34f7 P d5c37cb1777946179e6692ee5e504715 [NON_LEADER]: Queue going to NON_LEADER mode. State: All replicated op: 0.0, Majority replicated op: 0.0, Committed index: 0.0, Last applied: 0.0, Last appended: 0.0, Current term: 0, Majority size: -1, State: QUEUE_OPEN, Mode: NON_LEADER
I1009 23:16:56.893051 154566656 raft_consensus.cc:1135] T 30fedb9fed834e6d975c43711c3f6fd9 P d5c37cb1777946179e6692ee5e504715 [term 0 FOLLOWER]: Becoming Follower/Learner. State: Replica: d5c37cb1777946179e6692ee5e504715, State: 1, Role: FOLLOWER, Watermarks: {Received: 0.0 Committed: 0.0} Leader: 0.0, new leader: , initial_fd_wait: <uninitialized>
I1009 23:16:56.893129 155639808 tablet_peer.cc:1643] T 825df89ca459463f921e4a6d8e68a90d P d5c37cb1777946179e6692ee5e504715 [state=BOOTSTRAPPING]: Changed state from NOT_STARTED to BOOTSTRAPPING
I1009 23:16:56.893204 156712960 raft_consensus.cc:1135] T 9b45d3f9024e43b58a591ec35594430e P d5c37cb1777946179e6692ee5e504715 [term 0 FOLLOWER]: Becoming Follower/Learner. State: Replica: d5c37cb1777946179e6692ee5e504715, State: 1, Role: FOLLOWER, Watermarks: {Received: 0.0 Committed: 0.0} Leader: 0.0, new leader: , initial_fd_wait: <uninitialized>
I1009 23:16:56.893246 155103232 tablet_bootstrap_if.cc:96] T c09c8a2af076408b8083ae6bfc2a671e P d5c37cb1777946179e6692ee5e504715: Bootstrap starting.
I1009 23:16:56.893328 105201664 raft_consensus.cc:644] T f5bd6014d733492eac6dd2cfba061381 P d5c37cb1777946179e6692ee5e504715 [term 0 FOLLOWER]: Triggering leader election, mode=ELECT_EVEN_IF_LEADER_IS_ALIVE
I1009 23:16:56.893311 153493504 consensus_meta.cc:361] T 7584006b2fba41cd828ac06782afeb03 P d5c37cb1777946179e6692ee5e504715: Updating active role from FOLLOWER to FOLLOWER. Consensus state: current_term: 0 leader_uuid: "" config { opid_index: -1 peers { permanent_uuid: "23d881032c1249bd803e401a539be0e2" member_type: VOTER last_known_private_addr { host: "127.0.0.3" port: 9100 } cloud_info { placement_cloud: "cloud1" placement_region: "datacenter1" placement_zone: "rack1" } } peers { permanent_uuid: "6b460ba950654300b6c50d93f25aea31" member_type: VOTER last_known_private_addr { host: "127.0.0.2" port: 9100 } cloud_info { placement_cloud: "cloud1" placement_region: "datacenter1" placement_zone: "rack1" } } peers { permanent_uuid: "d5c37cb1777946179e6692ee5e504715" member_type: VOTER last_known_private_addr { host: "127.0.0.1" port: 9100 } cloud_info { placement_cloud: "cloud1" placement_region: "datacenter1" placement_zone: "rack1" } } }, has_pending_config = 0
I1009 23:16:56.893404 154030080 raft_consensus.cc:3519] T f27eef4b471b4c3c800523a8cd4a34f7 P d5c37cb1777946179e6692ee5e504715 [term 0 FOLLOWER]: Calling mark dirty synchronously for reason code CONSENSUS_STARTED
I1009 23:16:56.893419 154566656 consensus_meta.cc:361] T 30fedb9fed834e6d975c43711c3f6fd9 P d5c37cb1777946179e6692ee5e504715: Updating active role from FOLLOWER to FOLLOWER. Consensus state: current_term: 0 leader_uuid: "" config { opid_index: -1 peers { permanent_uuid: "23d881032c1249bd803e401a539be0e2" member_type: VOTER last_known_private_addr { host: "127.0.0.3" port: 9100 } cloud_info { placement_cloud: "cloud1" placement_region: "datacenter1" placement_zone: "rack1" } } peers { permanent_uuid: "6b460ba950654300b6c50d93f25aea31" member_type: VOTER last_known_private_addr { host: "127.0.0.2" port: 9100 } cloud_info { placement_cloud: "cloud1" placement_region: "datacenter1" placement_zone: "rack1" } } peers { permanent_uuid: "d5c37cb1777946179e6692ee5e504715" member_type: VOTER last_known_private_addr { host: "127.0.0.1" port: 9100 } cloud_info { placement_cloud: "cloud1" placement_region: "datacenter1" placement_zone: "rack1" } } }, has_pending_config = 0
I1009 23:16:56.893468 155639808 tablet_bootstrap_if.cc:96] T 825df89ca459463f921e4a6d8e68a90d P d5c37cb1777946179e6692ee5e504715: Bootstrap starting.
I1009 23:16:56.893507 156712960 consensus_meta.cc:361] T 9b45d3f9024e43b58a591ec35594430e P d5c37cb1777946179e6692ee5e504715: Updating active role from FOLLOWER to FOLLOWER. Consensus state: current_term: 0 leader_uuid: "" config { opid_index: -1 peers { permanent_uuid: "23d881032c1249bd803e401a539be0e2" member_type: VOTER last_known_private_addr { host: "127.0.0.3" port: 9100 } cloud_info { placement_cloud: "cloud1" placement_region: "datacenter1" placement_zone: "rack1" } } peers { permanent_uuid: "6b460ba950654300b6c50d93f25aea31" member_type: VOTER last_known_private_addr { host: "127.0.0.2" port: 9100 } cloud_info { placement_cloud: "cloud1" placement_region: "datacenter1" placement_zone: "rack1" } } peers { permanent_uuid: "d5c37cb1777946179e6692ee5e504715" member_type: VOTER last_known_private_addr { host: "127.0.0.1" port: 9100 } cloud_info { placement_cloud: "cloud1" placement_region: "datacenter1" placement_zone: "rack1" } } }, has_pending_config = 0
I1009 23:16:56.893597 155103232 tablet.cc:637] T c09c8a2af076408b8083ae6bfc2a671e P d5c37cb1777946179e6692ee5e504715: Schema version for transactions is 0
I1009 23:16:56.893600 105201664 raft_consensus.cc:3573] T f5bd6014d733492eac6dd2cfba061381 P d5c37cb1777946179e6692ee5e504715 [term 0 FOLLOWER]: Snoozing leader timeout detection for 3.122s
I1009 23:16:56.893628 153493504 raft_consensus.cc:498] T 7584006b2fba41cd828ac06782afeb03 P d5c37cb1777946179e6692ee5e504715 [term 0 FOLLOWER]: Replica starting. Triggering 0 pending operations. Active config: opid_index: -1 peers { permanent_uuid: "23d881032c1249bd803e401a539be0e2" member_type: VOTER last_known_private_addr { host: "127.0.0.3" port: 9100 } cloud_info { placement_cloud: "cloud1" placement_region: "datacenter1" placement_zone: "rack1" } } peers { permanent_uuid: "6b460ba950654300b6c50d93f25aea31" member_type: VOTER last_known_private_addr { host: "127.0.0.2" port: 9100 } cloud_info { placement_cloud: "cloud1" placement_region: "datacenter1" placement_zone: "rack1" } } peers { permanent_uuid: "d5c37cb1777946179e6692ee5e504715" member_type: VOTER last_known_private_addr { host: "127.0.0.1" port: 9100 } cloud_info { placement_cloud: "cloud1" placement_region: "datacenter1" placement_zone: "rack1" } }
I1009 23:16:56.893676 154030080 tablet_peer.cc:1643] T f27eef4b471b4c3c800523a8cd4a34f7 P d5c37cb1777946179e6692ee5e504715 [state=RUNNING]: Changed state from BOOTSTRAPPING to RUNNING
I1009 23:16:56.893748 154566656 consensus_queue.cc:270] T 30fedb9fed834e6d975c43711c3f6fd9 P d5c37cb1777946179e6692ee5e504715 [NON_LEADER]: Queue going to NON_LEADER mode. State: All replicated op: 0.0, Majority replicated op: 0.0, Committed index: 0.0, Last applied: 0.0, Last appended: 0.0, Current term: 0, Majority size: -1, State: QUEUE_OPEN, Mode: NON_LEADER
I1009 23:16:56.893777 155639808 tablet.cc:637] T 825df89ca459463f921e4a6d8e68a90d P d5c37cb1777946179e6692ee5e504715: Schema version for transactions is 0
I1009 23:16:56.893836 156712960 consensus_queue.cc:270] T 9b45d3f9024e43b58a591ec35594430e P d5c37cb1777946179e6692ee5e504715 [NON_LEADER]: Queue going to NON_LEADER mode. State: All replicated op: 0.0, Majority replicated op: 0.0, Committed index: 0.0, Last applied: 0.0, Last appended: 0.0, Current term: 0, Majority size: -1, State: QUEUE_OPEN, Mode: NON_LEADER
I1009 23:16:56.893976 156176384 consensus_meta.cc:361] T a818e973b4b04213a257872ca0183570 P d5c37cb1777946179e6692ee5e504715: Updating active role from FOLLOWER to FOLLOWER. Consensus state: current_term: 0 leader_uuid: "" config { opid_index: -1 peers { permanent_uuid: "23d881032c1249bd803e401a539be0e2" member_type: VOTER last_known_private_addr { host: "127.0.0.3" port: 9100 } cloud_info { placement_cloud: "cloud1" placement_region: "datacenter1" placement_zone: "rack1" } } peers { permanent_uuid: "6b460ba950654300b6c50d93f25aea31" member_type: VOTER last_known_private_addr { host: "127.0.0.2" port: 9100 } cloud_info { placement_cloud: "cloud1" placement_region: "datacenter1" placement_zone: "rack1" } } peers { permanent_uuid: "d5c37cb1777946179e6692ee5e504715" member_type: VOTER last_known_private_addr { host: "127.0.0.1" port: 9100 } cloud_info { placement_cloud: "cloud1" placement_region: "datacenter1" placement_zone: "rack1" } } }, has_pending_config = 0
I1009 23:16:56.894124 105201664 raft_consensus.cc:3634] T f5bd6014d733492eac6dd2cfba061381 P d5c37cb1777946179e6692ee5e504715 [term 0 FOLLOWER]: Advancing to term 1
I1009 23:16:56.894196 153493504 raft_consensus.cc:527] T 7584006b2fba41cd828ac06782afeb03 P d5c37cb1777946179e6692ee5e504715 [term 0 FOLLOWER]: Consensus starting up: Expiring fail detector timer to make a prompt election more likely
I1009 23:16:56.894348 155103232 tablet_bootstrap.cc:644] T c09c8a2af076408b8083ae6bfc2a671e P d5c37cb1777946179e6692ee5e504715: Time spent opening tablet: real 0.000s	user 0.000s	sys 0.000s
I1009 23:16:56.894428 154030080 tablet_peer.cc:1516] T f27eef4b471b4c3c800523a8cd4a34f7 P d5c37cb1777946179e6692ee5e504715 [state=RUNNING]: Registered log gc
I1009 23:16:56.894572 154566656 raft_consensus.cc:3519] T 30fedb9fed834e6d975c43711c3f6fd9 P d5c37cb1777946179e6692ee5e504715 [term 0 FOLLOWER]: Calling mark dirty synchronously for reason code CONSENSUS_STARTED
I1009 23:16:56.894795 156712960 raft_consensus.cc:3519] T 9b45d3f9024e43b58a591ec35594430e P d5c37cb1777946179e6692ee5e504715 [term 0 FOLLOWER]: Calling mark dirty synchronously for reason code CONSENSUS_STARTED
I1009 23:16:56.895036 155639808 tablet_bootstrap.cc:644] T 825df89ca459463f921e4a6d8e68a90d P d5c37cb1777946179e6692ee5e504715: Time spent opening tablet: real 0.000s	user 0.000s	sys 0.000s
I1009 23:16:56.895051 156176384 raft_consensus.cc:498] T a818e973b4b04213a257872ca0183570 P d5c37cb1777946179e6692ee5e504715 [term 0 FOLLOWER]: Replica starting. Triggering 0 pending operations. Active config: opid_index: -1 peers { permanent_uuid: "23d881032c1249bd803e401a539be0e2" member_type: VOTER last_known_private_addr { host: "127.0.0.3" port: 9100 } cloud_info { placement_cloud: "cloud1" placement_region: "datacenter1" placement_zone: "rack1" } } peers { permanent_uuid: "6b460ba950654300b6c50d93f25aea31" member_type: VOTER last_known_private_addr { host: "127.0.0.2" port: 9100 } cloud_info { placement_cloud: "cloud1" placement_region: "datacenter1" placement_zone: "rack1" } } peers { permanent_uuid: "d5c37cb1777946179e6692ee5e504715" member_type: VOTER last_known_private_addr { host: "127.0.0.1" port: 9100 } cloud_info { placement_cloud: "cloud1" placement_region: "datacenter1" placement_zone: "rack1" } }
I1009 23:16:56.895097 105201664 consensus_meta.cc:361] T f5bd6014d733492eac6dd2cfba061381 P d5c37cb1777946179e6692ee5e504715: Updating active role from FOLLOWER to FOLLOWER. Consensus state: current_term: 1 leader_uuid: "" config { opid_index: -1 peers { permanent_uuid: "23d881032c1249bd803e401a539be0e2" member_type: VOTER last_known_private_addr { host: "127.0.0.3" port: 9100 } cloud_info { placement_cloud: "cloud1" placement_region: "datacenter1" placement_zone: "rack1" } } peers { permanent_uuid: "6b460ba950654300b6c50d93f25aea31" member_type: VOTER last_known_private_addr { host: "127.0.0.2" port: 9100 } cloud_info { placement_cloud: "cloud1" placement_region: "datacenter1" placement_zone: "rack1" } } peers { permanent_uuid: "d5c37cb1777946179e6692ee5e504715" member_type: VOTER last_known_private_addr { host: "127.0.0.1" port: 9100 } cloud_info { placement_cloud: "cloud1" placement_region: "datacenter1" placement_zone: "rack1" } } }, has_pending_config = 0
I1009 23:16:56.895172 153493504 raft_consensus.cc:1135] T 7584006b2fba41cd828ac06782afeb03 P d5c37cb1777946179e6692ee5e504715 [term 0 FOLLOWER]: Becoming Follower/Learner. State: Replica: d5c37cb1777946179e6692ee5e504715, State: 1, Role: FOLLOWER, Watermarks: {Received: 0.0 Committed: 0.0} Leader: 0.0, new leader: , initial_fd_wait: <uninitialized>
I1009 23:16:56.895404 154030080 ts_tablet_manager.cc:2063] T f27eef4b471b4c3c800523a8cd4a34f7 P d5c37cb1777946179e6692ee5e504715: Time spent starting tablet: real 0.009s	user 0.001s	sys 0.001s
I1009 23:16:56.895469 155103232 tablet_bootstrap.cc:551] T c09c8a2af076408b8083ae6bfc2a671e P d5c37cb1777946179e6692ee5e504715: No blocks or log segments found. Creating new log.
I1009 23:16:56.895550 156712960 tablet_peer.cc:1643] T 9b45d3f9024e43b58a591ec35594430e P d5c37cb1777946179e6692ee5e504715 [state=RUNNING]: Changed state from BOOTSTRAPPING to RUNNING
I1009 23:16:56.895519 154566656 tablet_peer.cc:1643] T 30fedb9fed834e6d975c43711c3f6fd9 P d5c37cb1777946179e6692ee5e504715 [state=RUNNING]: Changed state from BOOTSTRAPPING to RUNNING
I1009 23:16:56.895618 156176384 raft_consensus.cc:527] T a818e973b4b04213a257872ca0183570 P d5c37cb1777946179e6692ee5e504715 [term 0 FOLLOWER]: Consensus starting up: Expiring fail detector timer to make a prompt election more likely
I1009 23:16:56.895681 153493504 consensus_meta.cc:361] T 7584006b2fba41cd828ac06782afeb03 P d5c37cb1777946179e6692ee5e504715: Updating active role from FOLLOWER to FOLLOWER. Consensus state: current_term: 0 leader_uuid: "" config { opid_index: -1 peers { permanent_uuid: "23d881032c1249bd803e401a539be0e2" member_type: VOTER last_known_private_addr { host: "127.0.0.3" port: 9100 } cloud_info { placement_cloud: "cloud1" placement_region: "datacenter1" placement_zone: "rack1" } } peers { permanent_uuid: "6b460ba950654300b6c50d93f25aea31" member_type: VOTER last_known_private_addr { host: "127.0.0.2" port: 9100 } cloud_info { placement_cloud: "cloud1" placement_region: "datacenter1" placement_zone: "rack1" } } peers { permanent_uuid: "d5c37cb1777946179e6692ee5e504715" member_type: VOTER last_known_private_addr { host: "127.0.0.1" port: 9100 } cloud_info { placement_cloud: "cloud1" placement_region: "datacenter1" placement_zone: "rack1" } } }, has_pending_config = 0
I1009 23:16:56.895817 154030080 ts_tablet_manager.cc:3478] Deleted transition in progress creating tablet for tablet f27eef4b471b4c3c800523a8cd4a34f7
I1009 23:16:56.895872 155103232 log.cc:1461] T c09c8a2af076408b8083ae6bfc2a671e P d5c37cb1777946179e6692ee5e504715: Setting log wal retention time to 0 seconds
I1009 23:16:56.895913 155639808 tablet_bootstrap.cc:551] T 825df89ca459463f921e4a6d8e68a90d P d5c37cb1777946179e6692ee5e504715: No blocks or log segments found. Creating new log.
I1009 23:16:56.895937 156712960 tablet_peer.cc:1516] T 9b45d3f9024e43b58a591ec35594430e P d5c37cb1777946179e6692ee5e504715 [state=RUNNING]: Registered log gc
I1009 23:16:56.896023 154566656 tablet_peer.cc:1516] T 30fedb9fed834e6d975c43711c3f6fd9 P d5c37cb1777946179e6692ee5e504715 [state=RUNNING]: Registered log gc
I1009 23:16:56.896201 156176384 raft_consensus.cc:1135] T a818e973b4b04213a257872ca0183570 P d5c37cb1777946179e6692ee5e504715 [term 0 FOLLOWER]: Becoming Follower/Learner. State: Replica: d5c37cb1777946179e6692ee5e504715, State: 1, Role: FOLLOWER, Watermarks: {Received: 0.0 Committed: 0.0} Leader: 0.0, new leader: , initial_fd_wait: <uninitialized>
I1009 23:16:56.896291 153493504 consensus_queue.cc:270] T 7584006b2fba41cd828ac06782afeb03 P d5c37cb1777946179e6692ee5e504715 [NON_LEADER]: Queue going to NON_LEADER mode. State: All replicated op: 0.0, Majority replicated op: 0.0, Committed index: 0.0, Last applied: 0.0, Last appended: 0.0, Current term: 0, Majority size: -1, State: QUEUE_OPEN, Mode: NON_LEADER
I1009 23:16:56.896345 154030080 ts_tablet_manager.cc:1936] T 1e9c042ca80e4c66a6117c85d04f6168 P d5c37cb1777946179e6692ee5e504715: Bootstrapping tablet
I1009 23:16:56.896600 105201664 raft_consensus.cc:684] T f5bd6014d733492eac6dd2cfba061381 P d5c37cb1777946179e6692ee5e504715 [term 1 FOLLOWER]: Starting election with config: opid_index: -1 peers { permanent_uuid: "23d881032c1249bd803e401a539be0e2" member_type: VOTER last_known_private_addr { host: "127.0.0.3" port: 9100 } cloud_info { placement_cloud: "cloud1" placement_region: "datacenter1" placement_zone: "rack1" } } peers { permanent_uuid: "6b460ba950654300b6c50d93f25aea31" member_type: VOTER last_known_private_addr { host: "127.0.0.2" port: 9100 } cloud_info { placement_cloud: "cloud1" placement_region: "datacenter1" placement_zone: "rack1" } } peers { permanent_uuid: "d5c37cb1777946179e6692ee5e504715" member_type: VOTER last_known_private_addr { host: "127.0.0.1" port: 9100 } cloud_info { placement_cloud: "cloud1" placement_region: "datacenter1" placement_zone: "rack1" } }
I1009 23:16:56.896812 155639808 log.cc:1461] T 825df89ca459463f921e4a6d8e68a90d P d5c37cb1777946179e6692ee5e504715: Setting log wal retention time to 0 seconds
I1009 23:16:56.896981 156712960 ts_tablet_manager.cc:2063] T 9b45d3f9024e43b58a591ec35594430e P d5c37cb1777946179e6692ee5e504715: Time spent starting tablet: real 0.007s	user 0.001s	sys 0.001s
I1009 23:16:56.897089 154566656 ts_tablet_manager.cc:2063] T 30fedb9fed834e6d975c43711c3f6fd9 P d5c37cb1777946179e6692ee5e504715: Time spent starting tablet: real 0.009s	user 0.001s	sys 0.001s
I1009 23:16:56.897172 156176384 consensus_meta.cc:361] T a818e973b4b04213a257872ca0183570 P d5c37cb1777946179e6692ee5e504715: Updating active role from FOLLOWER to FOLLOWER. Consensus state: current_term: 0 leader_uuid: "" config { opid_index: -1 peers { permanent_uuid: "23d881032c1249bd803e401a539be0e2" member_type: VOTER last_known_private_addr { host: "127.0.0.3" port: 9100 } cloud_info { placement_cloud: "cloud1" placement_region: "datacenter1" placement_zone: "rack1" } } peers { permanent_uuid: "6b460ba950654300b6c50d93f25aea31" member_type: VOTER last_known_private_addr { host: "127.0.0.2" port: 9100 } cloud_info { placement_cloud: "cloud1" placement_region: "datacenter1" placement_zone: "rack1" } } peers { permanent_uuid: "d5c37cb1777946179e6692ee5e504715" member_type: VOTER last_known_private_addr { host: "127.0.0.1" port: 9100 } cloud_info { placement_cloud: "cloud1" placement_region: "datacenter1" placement_zone: "rack1" } } }, has_pending_config = 0
I1009 23:16:56.897394 153493504 raft_consensus.cc:3519] T 7584006b2fba41cd828ac06782afeb03 P d5c37cb1777946179e6692ee5e504715 [term 0 FOLLOWER]: Calling mark dirty synchronously for reason code CONSENSUS_STARTED
I1009 23:16:56.897822 154030080 consensus_meta.cc:361] T 1e9c042ca80e4c66a6117c85d04f6168 P d5c37cb1777946179e6692ee5e504715: Updating active role from UNKNOWN_ROLE to FOLLOWER. Consensus state: current_term: 0 leader_uuid: "" config { opid_index: -1 peers { permanent_uuid: "23d881032c1249bd803e401a539be0e2" member_type: VOTER last_known_private_addr { host: "127.0.0.3" port: 9100 } cloud_info { placement_cloud: "cloud1" placement_region: "datacenter1" placement_zone: "rack1" } } peers { permanent_uuid: "6b460ba950654300b6c50d93f25aea31" member_type: VOTER last_known_private_addr { host: "127.0.0.2" port: 9100 } cloud_info { placement_cloud: "cloud1" placement_region: "datacenter1" placement_zone: "rack1" } } peers { permanent_uuid: "d5c37cb1777946179e6692ee5e504715" member_type: VOTER last_known_private_addr { host: "127.0.0.1" port: 9100 } cloud_info { placement_cloud: "cloud1" placement_region: "datacenter1" placement_zone: "rack1" } } }, has_pending_config = 0
I1009 23:16:56.898139 155103232 tablet_bootstrap_if.cc:96] T c09c8a2af076408b8083ae6bfc2a671e P d5c37cb1777946179e6692ee5e504715: No bootstrap required, opened a new log
I1009 23:16:56.898514 156712960 ts_tablet_manager.cc:3478] Deleted transition in progress creating tablet for tablet 9b45d3f9024e43b58a591ec35594430e
I1009 23:16:56.898721 154566656 ts_tablet_manager.cc:3478] Deleted transition in progress creating tablet for tablet 30fedb9fed834e6d975c43711c3f6fd9
I1009 23:16:56.898828 105201664 leader_election.cc:214] T f5bd6014d733492eac6dd2cfba061381 P d5c37cb1777946179e6692ee5e504715 [CANDIDATE]: Term 1 election: Requesting vote from peer 23d881032c1249bd803e401a539be0e2
I1009 23:16:56.899134 156176384 consensus_queue.cc:270] T a818e973b4b04213a257872ca0183570 P d5c37cb1777946179e6692ee5e504715 [NON_LEADER]: Queue going to NON_LEADER mode. State: All replicated op: 0.0, Majority replicated op: 0.0, Committed index: 0.0, Last applied: 0.0, Last appended: 0.0, Current term: 0, Majority size: -1, State: QUEUE_OPEN, Mode: NON_LEADER
I1009 23:16:56.899214 153493504 tablet_peer.cc:1643] T 7584006b2fba41cd828ac06782afeb03 P d5c37cb1777946179e6692ee5e504715 [state=RUNNING]: Changed state from BOOTSTRAPPING to RUNNING
I1009 23:16:56.899351 154030080 tablet_bootstrap_state_manager.cc:61] Wal dir is not created, skip initializing TabletBootstrapStateManager for 1e9c042ca80e4c66a6117c85d04f6168
I1009 23:16:56.899420 155103232 log.cc:1461] T c09c8a2af076408b8083ae6bfc2a671e P d5c37cb1777946179e6692ee5e504715: Setting log wal retention time to 0 seconds
I1009 23:16:56.899521 156712960 ts_tablet_manager.cc:1936] T 46569f1a6c8746acb9da222b34f086b5 P d5c37cb1777946179e6692ee5e504715: Bootstrapping tablet
I1009 23:16:56.899653 154566656 ts_tablet_manager.cc:1936] T 2a30e7b2effb4ab888e1f5a8af3fb03b P d5c37cb1777946179e6692ee5e504715: Bootstrapping tablet
I1009 23:16:56.899745 156176384 raft_consensus.cc:3519] T a818e973b4b04213a257872ca0183570 P d5c37cb1777946179e6692ee5e504715 [term 0 FOLLOWER]: Calling mark dirty synchronously for reason code CONSENSUS_STARTED
I1009 23:16:56.899721 105201664 leader_election.cc:214] T f5bd6014d733492eac6dd2cfba061381 P d5c37cb1777946179e6692ee5e504715 [CANDIDATE]: Term 1 election: Requesting vote from peer 6b460ba950654300b6c50d93f25aea31
I1009 23:16:56.899888 153493504 tablet_peer.cc:1516] T 7584006b2fba41cd828ac06782afeb03 P d5c37cb1777946179e6692ee5e504715 [state=RUNNING]: Registered log gc
I1009 23:16:56.900089 154030080 tablet_peer.cc:1643] T 1e9c042ca80e4c66a6117c85d04f6168 P d5c37cb1777946179e6692ee5e504715 [state=BOOTSTRAPPING]: Changed state from NOT_STARTED to BOOTSTRAPPING
I1009 23:16:56.900182 155103232 ts_tablet_manager.cc:1982] T c09c8a2af076408b8083ae6bfc2a671e P d5c37cb1777946179e6692ee5e504715: Time spent bootstrapping tablet: real 0.007s	user 0.001s	sys 0.001s
I1009 23:16:56.900521 156712960 consensus_meta.cc:361] T 46569f1a6c8746acb9da222b34f086b5 P d5c37cb1777946179e6692ee5e504715: Updating active role from UNKNOWN_ROLE to FOLLOWER. Consensus state: current_term: 0 leader_uuid: "" config { opid_index: -1 peers { permanent_uuid: "23d881032c1249bd803e401a539be0e2" member_type: VOTER last_known_private_addr { host: "127.0.0.3" port: 9100 } cloud_info { placement_cloud: "cloud1" placement_region: "datacenter1" placement_zone: "rack1" } } peers { permanent_uuid: "6b460ba950654300b6c50d93f25aea31" member_type: VOTER last_known_private_addr { host: "127.0.0.2" port: 9100 } cloud_info { placement_cloud: "cloud1" placement_region: "datacenter1" placement_zone: "rack1" } } peers { permanent_uuid: "d5c37cb1777946179e6692ee5e504715" member_type: VOTER last_known_private_addr { host: "127.0.0.1" port: 9100 } cloud_info { placement_cloud: "cloud1" placement_region: "datacenter1" placement_zone: "rack1" } } }, has_pending_config = 0
I1009 23:16:56.900673 155639808 tablet_bootstrap_if.cc:96] T 825df89ca459463f921e4a6d8e68a90d P d5c37cb1777946179e6692ee5e504715: No bootstrap required, opened a new log
I1009 23:16:56.900890 154566656 consensus_meta.cc:361] T 2a30e7b2effb4ab888e1f5a8af3fb03b P d5c37cb1777946179e6692ee5e504715: Updating active role from UNKNOWN_ROLE to FOLLOWER. Consensus state: current_term: 0 leader_uuid: "" config { opid_index: -1 peers { permanent_uuid: "23d881032c1249bd803e401a539be0e2" member_type: VOTER last_known_private_addr { host: "127.0.0.3" port: 9100 } cloud_info { placement_cloud: "cloud1" placement_region: "datacenter1" placement_zone: "rack1" } } peers { permanent_uuid: "6b460ba950654300b6c50d93f25aea31" member_type: VOTER last_known_private_addr { host: "127.0.0.2" port: 9100 } cloud_info { placement_cloud: "cloud1" placement_region: "datacenter1" placement_zone: "rack1" } } peers { permanent_uuid: "d5c37cb1777946179e6692ee5e504715" member_type: VOTER last_known_private_addr { host: "127.0.0.1" port: 9100 } cloud_info { placement_cloud: "cloud1" placement_region: "datacenter1" placement_zone: "rack1" } } }, has_pending_config = 0
I1009 23:16:56.900978 156176384 tablet_peer.cc:1643] T a818e973b4b04213a257872ca0183570 P d5c37cb1777946179e6692ee5e504715 [state=RUNNING]: Changed state from BOOTSTRAPPING to RUNNING
I1009 23:16:56.901196 153493504 ts_tablet_manager.cc:2063] T 7584006b2fba41cd828ac06782afeb03 P d5c37cb1777946179e6692ee5e504715: Time spent starting tablet: real 0.010s	user 0.001s	sys 0.001s
I1009 23:16:56.901266 154030080 tablet_bootstrap_if.cc:96] T 1e9c042ca80e4c66a6117c85d04f6168 P d5c37cb1777946179e6692ee5e504715: Bootstrap starting.
I1009 23:16:56.901525 156712960 tablet_bootstrap_state_manager.cc:61] Wal dir is not created, skip initializing TabletBootstrapStateManager for 46569f1a6c8746acb9da222b34f086b5
I1009 23:16:56.901654 155639808 log.cc:1461] T 825df89ca459463f921e4a6d8e68a90d P d5c37cb1777946179e6692ee5e504715: Setting log wal retention time to 0 seconds
I1009 23:16:56.901845 154566656 tablet_bootstrap_state_manager.cc:61] Wal dir is not created, skip initializing TabletBootstrapStateManager for 2a30e7b2effb4ab888e1f5a8af3fb03b
I1009 23:16:56.901906 156176384 tablet_peer.cc:1516] T a818e973b4b04213a257872ca0183570 P d5c37cb1777946179e6692ee5e504715 [state=RUNNING]: Registered log gc
I1009 23:16:56.902113 153493504 ts_tablet_manager.cc:3478] Deleted transition in progress creating tablet for tablet 7584006b2fba41cd828ac06782afeb03
I1009 23:16:56.902269 154030080 tablet.cc:637] T 1e9c042ca80e4c66a6117c85d04f6168 P d5c37cb1777946179e6692ee5e504715: Schema version for transactions is 0
I1009 23:16:56.902383 156712960 tablet_peer.cc:1643] T 46569f1a6c8746acb9da222b34f086b5 P d5c37cb1777946179e6692ee5e504715 [state=BOOTSTRAPPING]: Changed state from NOT_STARTED to BOOTSTRAPPING
I1009 23:16:56.902498 155639808 ts_tablet_manager.cc:1982] T 825df89ca459463f921e4a6d8e68a90d P d5c37cb1777946179e6692ee5e504715: Time spent bootstrapping tablet: real 0.009s	user 0.001s	sys 0.001s
W1009 23:16:56.902678 158859264 leader_election.cc:281] T f5bd6014d733492eac6dd2cfba061381 P d5c37cb1777946179e6692ee5e504715 [CANDIDATE]: Term 1 election: Tablet error from VoteRequest() call to peer 6b460ba950654300b6c50d93f25aea31: Illegal state (yb/tserver/service_util.cc:271): Tablet f5bd6014d733492eac6dd2cfba061381 not RUNNING: NOT_STARTED (tablet server error 12) (raft group state error 5)
I1009 23:16:56.902701 154566656 tablet_peer.cc:1643] T 2a30e7b2effb4ab888e1f5a8af3fb03b P d5c37cb1777946179e6692ee5e504715 [state=BOOTSTRAPPING]: Changed state from NOT_STARTED to BOOTSTRAPPING
I1009 23:16:56.902947 156176384 ts_tablet_manager.cc:2063] T a818e973b4b04213a257872ca0183570 P d5c37cb1777946179e6692ee5e504715: Time spent starting tablet: real 0.011s	user 0.001s	sys 0.001s
I1009 23:16:56.902994 155103232 consensus_meta.cc:361] T c09c8a2af076408b8083ae6bfc2a671e P d5c37cb1777946179e6692ee5e504715: Updating active role from FOLLOWER to FOLLOWER. Consensus state: current_term: 0 leader_uuid: "" config { opid_index: -1 peers { permanent_uuid: "23d881032c1249bd803e401a539be0e2" member_type: VOTER last_known_private_addr { host: "127.0.0.3" port: 9100 } cloud_info { placement_cloud: "cloud1" placement_region: "datacenter1" placement_zone: "rack1" } } peers { permanent_uuid: "6b460ba950654300b6c50d93f25aea31" member_type: VOTER last_known_private_addr { host: "127.0.0.2" port: 9100 } cloud_info { placement_cloud: "cloud1" placement_region: "datacenter1" placement_zone: "rack1" } } peers { permanent_uuid: "d5c37cb1777946179e6692ee5e504715" member_type: VOTER last_known_private_addr { host: "127.0.0.1" port: 9100 } cloud_info { placement_cloud: "cloud1" placement_region: "datacenter1" placement_zone: "rack1" } } }, has_pending_config = 0
I1009 23:16:56.903084 153493504 ts_tablet_manager.cc:1936] T 541698385c044c6ab901cf03bad66398 P d5c37cb1777946179e6692ee5e504715: Bootstrapping tablet
I1009 23:16:56.903266 162615296 replica_state.cc:1356] T 9b45d3f9024e43b58a591ec35594430e P d5c37cb1777946179e6692ee5e504715 [term 0 FOLLOWER]: Reset our lease: 161871.325s
I1009 23:16:56.903333 156712960 tablet_bootstrap_if.cc:96] T 46569f1a6c8746acb9da222b34f086b5 P d5c37cb1777946179e6692ee5e504715: Bootstrap starting.
I1009 23:16:56.903486 154030080 tablet_bootstrap.cc:644] T 1e9c042ca80e4c66a6117c85d04f6168 P d5c37cb1777946179e6692ee5e504715: Time spent opening tablet: real 0.000s	user 0.000s	sys 0.000s
I1009 23:16:56.903816 154566656 tablet_bootstrap_if.cc:96] T 2a30e7b2effb4ab888e1f5a8af3fb03b P d5c37cb1777946179e6692ee5e504715: Bootstrap starting.
I1009 23:16:56.903872 156176384 ts_tablet_manager.cc:3478] Deleted transition in progress creating tablet for tablet a818e973b4b04213a257872ca0183570
I1009 23:16:56.903935 155103232 raft_consensus.cc:498] T c09c8a2af076408b8083ae6bfc2a671e P d5c37cb1777946179e6692ee5e504715 [term 0 FOLLOWER]: Replica starting. Triggering 0 pending operations. Active config: opid_index: -1 peers { permanent_uuid: "23d881032c1249bd803e401a539be0e2" member_type: VOTER last_known_private_addr { host: "127.0.0.3" port: 9100 } cloud_info { placement_cloud: "cloud1" placement_region: "datacenter1" placement_zone: "rack1" } } peers { permanent_uuid: "6b460ba950654300b6c50d93f25aea31" member_type: VOTER last_known_private_addr { host: "127.0.0.2" port: 9100 } cloud_info { placement_cloud: "cloud1" placement_region: "datacenter1" placement_zone: "rack1" } } peers { permanent_uuid: "d5c37cb1777946179e6692ee5e504715" member_type: VOTER last_known_private_addr { host: "127.0.0.1" port: 9100 } cloud_info { placement_cloud: "cloud1" placement_region: "datacenter1" placement_zone: "rack1" } }
I1009 23:16:56.904013 162615296 raft_consensus.cc:2421] T 9b45d3f9024e43b58a591ec35594430e P d5c37cb1777946179e6692ee5e504715 [term 0 FOLLOWER]: Pre-election. Granting vote for candidate 23d881032c1249bd803e401a539be0e2 in term 1
I1009 23:16:56.904099 156712960 tablet.cc:637] T 46569f1a6c8746acb9da222b34f086b5 P d5c37cb1777946179e6692ee5e504715: Schema version for transactions is 0
I1009 23:16:56.904114 153493504 consensus_meta.cc:361] T 541698385c044c6ab901cf03bad66398 P d5c37cb1777946179e6692ee5e504715: Updating active role from UNKNOWN_ROLE to FOLLOWER. Consensus state: current_term: 0 leader_uuid: "" config { opid_index: -1 peers { permanent_uuid: "23d881032c1249bd803e401a539be0e2" member_type: VOTER last_known_private_addr { host: "127.0.0.3" port: 9100 } cloud_info { placement_cloud: "cloud1" placement_region: "datacenter1" placement_zone: "rack1" } } peers { permanent_uuid: "6b460ba950654300b6c50d93f25aea31" member_type: VOTER last_known_private_addr { host: "127.0.0.2" port: 9100 } cloud_info { placement_cloud: "cloud1" placement_region: "datacenter1" placement_zone: "rack1" } } peers { permanent_uuid: "d5c37cb1777946179e6692ee5e504715" member_type: VOTER last_known_private_addr { host: "127.0.0.1" port: 9100 } cloud_info { placement_cloud: "cloud1" placement_region: "datacenter1" placement_zone: "rack1" } } }, has_pending_config = 0
I1009 23:16:56.904275 154566656 tablet.cc:637] T 2a30e7b2effb4ab888e1f5a8af3fb03b P d5c37cb1777946179e6692ee5e504715: Schema version for transactions is 0
I1009 23:16:56.904405 156176384 ts_tablet_manager.cc:1936] T 4c1e255cf37d4de58ed9d6a6f32e7473 P d5c37cb1777946179e6692ee5e504715: Bootstrapping tablet
I1009 23:16:56.904469 154030080 tablet_bootstrap.cc:551] T 1e9c042ca80e4c66a6117c85d04f6168 P d5c37cb1777946179e6692ee5e504715: No blocks or log segments found. Creating new log.
I1009 23:16:56.904559 155103232 raft_consensus.cc:527] T c09c8a2af076408b8083ae6bfc2a671e P d5c37cb1777946179e6692ee5e504715 [term 0 FOLLOWER]: Consensus starting up: Expiring fail detector timer to make a prompt election more likely
I1009 23:16:56.904807 153493504 tablet_bootstrap_state_manager.cc:61] Wal dir is not created, skip initializing TabletBootstrapStateManager for 541698385c044c6ab901cf03bad66398
I1009 23:16:56.904884 163688448 raft_consensus.cc:3634] T f27eef4b471b4c3c800523a8cd4a34f7 P d5c37cb1777946179e6692ee5e504715 [term 0 FOLLOWER]: Advancing to term 1
I1009 23:16:56.905023 156712960 tablet_bootstrap.cc:644] T 46569f1a6c8746acb9da222b34f086b5 P d5c37cb1777946179e6692ee5e504715: Time spent opening tablet: real 0.000s	user 0.000s	sys 0.000s
I1009 23:16:56.905249 154030080 log.cc:1461] T 1e9c042ca80e4c66a6117c85d04f6168 P d5c37cb1777946179e6692ee5e504715: Setting log wal retention time to 0 seconds
I1009 23:16:56.905292 154566656 tablet_bootstrap.cc:644] T 2a30e7b2effb4ab888e1f5a8af3fb03b P d5c37cb1777946179e6692ee5e504715: Time spent opening tablet: real 0.000s	user 0.000s	sys 0.000s
I1009 23:16:56.905325 156176384 consensus_meta.cc:361] T 4c1e255cf37d4de58ed9d6a6f32e7473 P d5c37cb1777946179e6692ee5e504715: Updating active role from UNKNOWN_ROLE to FOLLOWER. Consensus state: current_term: 0 leader_uuid: "" config { opid_index: -1 peers { permanent_uuid: "23d881032c1249bd803e401a539be0e2" member_type: VOTER last_known_private_addr { host: "127.0.0.3" port: 9100 } cloud_info { placement_cloud: "cloud1" placement_region: "datacenter1" placement_zone: "rack1" } } peers { permanent_uuid: "6b460ba950654300b6c50d93f25aea31" member_type: VOTER last_known_private_addr { host: "127.0.0.2" port: 9100 } cloud_info { placement_cloud: "cloud1" placement_region: "datacenter1" placement_zone: "rack1" } } peers { permanent_uuid: "d5c37cb1777946179e6692ee5e504715" member_type: VOTER last_known_private_addr { host: "127.0.0.1" port: 9100 } cloud_info { placement_cloud: "cloud1" placement_region: "datacenter1" placement_zone: "rack1" } } }, has_pending_config = 0
I1009 23:16:56.905354 155103232 raft_consensus.cc:1135] T c09c8a2af076408b8083ae6bfc2a671e P d5c37cb1777946179e6692ee5e504715 [term 0 FOLLOWER]: Becoming Follower/Learner. State: Replica: d5c37cb1777946179e6692ee5e504715, State: 1, Role: FOLLOWER, Watermarks: {Received: 0.0 Committed: 0.0} Leader: 0.0, new leader: , initial_fd_wait: <uninitialized>
I1009 23:16:56.905441 153493504 tablet_peer.cc:1643] T 541698385c044c6ab901cf03bad66398 P d5c37cb1777946179e6692ee5e504715 [state=BOOTSTRAPPING]: Changed state from NOT_STARTED to BOOTSTRAPPING
I1009 23:16:56.905453 163688448 consensus_meta.cc:361] T f27eef4b471b4c3c800523a8cd4a34f7 P d5c37cb1777946179e6692ee5e504715: Updating active role from FOLLOWER to FOLLOWER. Consensus state: current_term: 1 leader_uuid: "" config { opid_index: -1 peers { permanent_uuid: "23d881032c1249bd803e401a539be0e2" member_type: VOTER last_known_private_addr { host: "127.0.0.3" port: 9100 } cloud_info { placement_cloud: "cloud1" placement_region: "datacenter1" placement_zone: "rack1" } } peers { permanent_uuid: "6b460ba950654300b6c50d93f25aea31" member_type: VOTER last_known_private_addr { host: "127.0.0.2" port: 9100 } cloud_info { placement_cloud: "cloud1" placement_region: "datacenter1" placement_zone: "rack1" } } peers { permanent_uuid: "d5c37cb1777946179e6692ee5e504715" member_type: VOTER last_known_private_addr { host: "127.0.0.1" port: 9100 } cloud_info { placement_cloud: "cloud1" placement_region: "datacenter1" placement_zone: "rack1" } } }, has_pending_config = 0
I1009 23:16:56.905499 155639808 consensus_meta.cc:361] T 825df89ca459463f921e4a6d8e68a90d P d5c37cb1777946179e6692ee5e504715: Updating active role from FOLLOWER to FOLLOWER. Consensus state: current_term: 0 leader_uuid: "" config { opid_index: -1 peers { permanent_uuid: "23d881032c1249bd803e401a539be0e2" member_type: VOTER last_known_private_addr { host: "127.0.0.3" port: 9100 } cloud_info { placement_cloud: "cloud1" placement_region: "datacenter1" placement_zone: "rack1" } } peers { permanent_uuid: "6b460ba950654300b6c50d93f25aea31" member_type: VOTER last_known_private_addr { host: "127.0.0.2" port: 9100 } cloud_info { placement_cloud: "cloud1" placement_region: "datacenter1" placement_zone: "rack1" } } peers { permanent_uuid: "d5c37cb1777946179e6692ee5e504715" member_type: VOTER last_known_private_addr { host: "127.0.0.1" port: 9100 } cloud_info { placement_cloud: "cloud1" placement_region: "datacenter1" placement_zone: "rack1" } } }, has_pending_config = 0
I1009 23:16:56.905872 156712960 tablet_bootstrap.cc:551] T 46569f1a6c8746acb9da222b34f086b5 P d5c37cb1777946179e6692ee5e504715: No blocks or log segments found. Creating new log.
I1009 23:16:56.906100 154566656 tablet_bootstrap.cc:551] T 2a30e7b2effb4ab888e1f5a8af3fb03b P d5c37cb1777946179e6692ee5e504715: No blocks or log segments found. Creating new log.
I1009 23:16:56.906136 156176384 tablet_bootstrap_state_manager.cc:61] Wal dir is not created, skip initializing TabletBootstrapStateManager for 4c1e255cf37d4de58ed9d6a6f32e7473
I1009 23:16:56.906165 155103232 consensus_meta.cc:361] T c09c8a2af076408b8083ae6bfc2a671e P d5c37cb1777946179e6692ee5e504715: Updating active role from FOLLOWER to FOLLOWER. Consensus state: current_term: 0 leader_uuid: "" config { opid_index: -1 peers { permanent_uuid: "23d881032c1249bd803e401a539be0e2" member_type: VOTER last_known_private_addr { host: "127.0.0.3" port: 9100 } cloud_info { placement_cloud: "cloud1" placement_region: "datacenter1" placement_zone: "rack1" } } peers { permanent_uuid: "6b460ba950654300b6c50d93f25aea31" member_type: VOTER last_known_private_addr { host: "127.0.0.2" port: 9100 } cloud_info { placement_cloud: "cloud1" placement_region: "datacenter1" placement_zone: "rack1" } } peers { permanent_uuid: "d5c37cb1777946179e6692ee5e504715" member_type: VOTER last_known_private_addr { host: "127.0.0.1" port: 9100 } cloud_info { placement_cloud: "cloud1" placement_region: "datacenter1" placement_zone: "rack1" } } }, has_pending_config = 0
I1009 23:16:56.906227 153493504 tablet_bootstrap_if.cc:96] T 541698385c044c6ab901cf03bad66398 P d5c37cb1777946179e6692ee5e504715: Bootstrap starting.
I1009 23:16:56.906440 155639808 raft_consensus.cc:498] T 825df89ca459463f921e4a6d8e68a90d P d5c37cb1777946179e6692ee5e504715 [term 0 FOLLOWER]: Replica starting. Triggering 0 pending operations. Active config: opid_index: -1 peers { permanent_uuid: "23d881032c1249bd803e401a539be0e2" member_type: VOTER last_known_private_addr { host: "127.0.0.3" port: 9100 } cloud_info { placement_cloud: "cloud1" placement_region: "datacenter1" placement_zone: "rack1" } } peers { permanent_uuid: "6b460ba950654300b6c50d93f25aea31" member_type: VOTER last_known_private_addr { host: "127.0.0.2" port: 9100 } cloud_info { placement_cloud: "cloud1" placement_region: "datacenter1" placement_zone: "rack1" } } peers { permanent_uuid: "d5c37cb1777946179e6692ee5e504715" member_type: VOTER last_known_private_addr { host: "127.0.0.1" port: 9100 } cloud_info { placement_cloud: "cloud1" placement_region: "datacenter1" placement_zone: "rack1" } }
I1009 23:16:56.906608 156712960 log.cc:1461] T 46569f1a6c8746acb9da222b34f086b5 P d5c37cb1777946179e6692ee5e504715: Setting log wal retention time to 0 seconds
I1009 23:16:56.906667 154566656 log.cc:1461] T 2a30e7b2effb4ab888e1f5a8af3fb03b P d5c37cb1777946179e6692ee5e504715: Setting log wal retention time to 0 seconds
I1009 23:16:56.906857 156176384 tablet_peer.cc:1643] T 4c1e255cf37d4de58ed9d6a6f32e7473 P d5c37cb1777946179e6692ee5e504715 [state=BOOTSTRAPPING]: Changed state from NOT_STARTED to BOOTSTRAPPING
I1009 23:16:56.906878 154030080 tablet_bootstrap_if.cc:96] T 1e9c042ca80e4c66a6117c85d04f6168 P d5c37cb1777946179e6692ee5e504715: No bootstrap required, opened a new log
I1009 23:16:56.906966 155103232 consensus_queue.cc:270] T c09c8a2af076408b8083ae6bfc2a671e P d5c37cb1777946179e6692ee5e504715 [NON_LEADER]: Queue going to NON_LEADER mode. State: All replicated op: 0.0, Majority replicated op: 0.0, Committed index: 0.0, Last applied: 0.0, Last appended: 0.0, Current term: 0, Majority size: -1, State: QUEUE_OPEN, Mode: NON_LEADER
I1009 23:16:56.907090 153493504 tablet.cc:637] T 541698385c044c6ab901cf03bad66398 P d5c37cb1777946179e6692ee5e504715: Schema version for transactions is 0
I1009 23:16:56.907172 155639808 raft_consensus.cc:527] T 825df89ca459463f921e4a6d8e68a90d P d5c37cb1777946179e6692ee5e504715 [term 0 FOLLOWER]: Consensus starting up: Expiring fail detector timer to make a prompt election more likely
I1009 23:16:56.907260 163688448 replica_state.cc:1356] T f27eef4b471b4c3c800523a8cd4a34f7 P d5c37cb1777946179e6692ee5e504715 [term 1 FOLLOWER]: Reset our lease: 161871.329s
I1009 23:16:56.907636 156176384 tablet_bootstrap_if.cc:96] T 4c1e255cf37d4de58ed9d6a6f32e7473 P d5c37cb1777946179e6692ee5e504715: Bootstrap starting.
I1009 23:16:56.907764 154030080 log.cc:1461] T 1e9c042ca80e4c66a6117c85d04f6168 P d5c37cb1777946179e6692ee5e504715: Setting log wal retention time to 0 seconds
I1009 23:16:56.907945 155103232 raft_consensus.cc:3519] T c09c8a2af076408b8083ae6bfc2a671e P d5c37cb1777946179e6692ee5e504715 [term 0 FOLLOWER]: Calling mark dirty synchronously for reason code CONSENSUS_STARTED
I1009 23:16:56.908144 155639808 raft_consensus.cc:1135] T 825df89ca459463f921e4a6d8e68a90d P d5c37cb1777946179e6692ee5e504715 [term 0 FOLLOWER]: Becoming Follower/Learner. State: Replica: d5c37cb1777946179e6692ee5e504715, State: 1, Role: FOLLOWER, Watermarks: {Received: 0.0 Committed: 0.0} Leader: 0.0, new leader: , initial_fd_wait: <uninitialized>
I1009 23:16:56.908243 163688448 raft_consensus.cc:3573] T f27eef4b471b4c3c800523a8cd4a34f7 P d5c37cb1777946179e6692ee5e504715 [term 1 FOLLOWER]: Snoozing leader timeout detection for 3.218s
I1009 23:16:56.908326 156176384 tablet.cc:637] T 4c1e255cf37d4de58ed9d6a6f32e7473 P d5c37cb1777946179e6692ee5e504715: Schema version for transactions is 0
I1009 23:16:56.908419 153493504 tablet_bootstrap.cc:644] T 541698385c044c6ab901cf03bad66398 P d5c37cb1777946179e6692ee5e504715: Time spent opening tablet: real 0.000s	user 0.000s	sys 0.000s
I1009 23:16:56.908571 156712960 tablet_bootstrap_if.cc:96] T 46569f1a6c8746acb9da222b34f086b5 P d5c37cb1777946179e6692ee5e504715: No bootstrap required, opened a new log
I1009 23:16:56.908540 154030080 ts_tablet_manager.cc:1982] T 1e9c042ca80e4c66a6117c85d04f6168 P d5c37cb1777946179e6692ee5e504715: Time spent bootstrapping tablet: real 0.008s	user 0.001s	sys 0.001s
I1009 23:16:56.908623 154566656 tablet_bootstrap_if.cc:96] T 2a30e7b2effb4ab888e1f5a8af3fb03b P d5c37cb1777946179e6692ee5e504715: No bootstrap required, opened a new log
I1009 23:16:56.908648 155103232 tablet_peer.cc:1643] T c09c8a2af076408b8083ae6bfc2a671e P d5c37cb1777946179e6692ee5e504715 [state=RUNNING]: Changed state from BOOTSTRAPPING to RUNNING
I1009 23:16:56.908689 158859264 leader_election.cc:365] T f5bd6014d733492eac6dd2cfba061381 P d5c37cb1777946179e6692ee5e504715 [CANDIDATE]: Term 1 election: Vote granted by peer 23d881032c1249bd803e401a539be0e2
I1009 23:16:56.908758 155639808 consensus_meta.cc:361] T 825df89ca459463f921e4a6d8e68a90d P d5c37cb1777946179e6692ee5e504715: Updating active role from FOLLOWER to FOLLOWER. Consensus state: current_term: 0 leader_uuid: "" config { opid_index: -1 peers { permanent_uuid: "23d881032c1249bd803e401a539be0e2" member_type: VOTER last_known_private_addr { host: "127.0.0.3" port: 9100 } cloud_info { placement_cloud: "cloud1" placement_region: "datacenter1" placement_zone: "rack1" } } peers { permanent_uuid: "6b460ba950654300b6c50d93f25aea31" member_type: VOTER last_known_private_addr { host: "127.0.0.2" port: 9100 } cloud_info { placement_cloud: "cloud1" placement_region: "datacenter1" placement_zone: "rack1" } } peers { permanent_uuid: "d5c37cb1777946179e6692ee5e504715" member_type: VOTER last_known_private_addr { host: "127.0.0.1" port: 9100 } cloud_info { placement_cloud: "cloud1" placement_region: "datacenter1" placement_zone: "rack1" } } }, has_pending_config = 0
I1009 23:16:56.909183 156712960 log.cc:1461] T 46569f1a6c8746acb9da222b34f086b5 P d5c37cb1777946179e6692ee5e504715: Setting log wal retention time to 0 seconds
I1009 23:16:56.909276 153493504 tablet_bootstrap.cc:551] T 541698385c044c6ab901cf03bad66398 P d5c37cb1777946179e6692ee5e504715: No blocks or log segments found. Creating new log.
I1009 23:16:56.909274 156176384 tablet_bootstrap.cc:644] T 4c1e255cf37d4de58ed9d6a6f32e7473 P d5c37cb1777946179e6692ee5e504715: Time spent opening tablet: real 0.000s	user 0.000s	sys 0.000s
I1009 23:16:56.909507 154566656 log.cc:1461] T 2a30e7b2effb4ab888e1f5a8af3fb03b P d5c37cb1777946179e6692ee5e504715: Setting log wal retention time to 0 seconds
I1009 23:16:56.909673 155103232 tablet_peer.cc:1516] T c09c8a2af076408b8083ae6bfc2a671e P d5c37cb1777946179e6692ee5e504715 [state=RUNNING]: Registered log gc
I1009 23:16:56.909905 162615296 replica_state.cc:1356] T a818e973b4b04213a257872ca0183570 P d5c37cb1777946179e6692ee5e504715 [term 0 FOLLOWER]: Reset our lease: 161871.332s
I1009 23:16:56.910080 163688448 raft_consensus.cc:3123] T f27eef4b471b4c3c800523a8cd4a34f7 P d5c37cb1777946179e6692ee5e504715 [term 1 FOLLOWER]:  Leader election vote request: Granting yes vote for candidate 6b460ba950654300b6c50d93f25aea31 in term 1.
I1009 23:16:56.910104 158859264 leader_election.cc:240] T f5bd6014d733492eac6dd2cfba061381 P d5c37cb1777946179e6692ee5e504715 [CANDIDATE]: Term 1 election: Election decided. Result: candidate won.
I1009 23:16:56.910192 155639808 consensus_queue.cc:270] T 825df89ca459463f921e4a6d8e68a90d P d5c37cb1777946179e6692ee5e504715 [NON_LEADER]: Queue going to NON_LEADER mode. State: All replicated op: 0.0, Majority replicated op: 0.0, Committed index: 0.0, Last applied: 0.0, Last appended: 0.0, Current term: 0, Majority size: -1, State: QUEUE_OPEN, Mode: NON_LEADER
I1009 23:16:56.910475 156712960 ts_tablet_manager.cc:1982] T 46569f1a6c8746acb9da222b34f086b5 P d5c37cb1777946179e6692ee5e504715: Time spent bootstrapping tablet: real 0.008s	user 0.001s	sys 0.001s
I1009 23:16:56.910617 153493504 log.cc:1461] T 541698385c044c6ab901cf03bad66398 P d5c37cb1777946179e6692ee5e504715: Setting log wal retention time to 0 seconds
