I1010 10:35:58.399863 124514304 tablet_bootstrap.cc:644] T 8078024ab93e4400a14d8399046d9f99 P d5c37cb1777946179e6692ee5e504715: Time spent opening tablet: real 0.000s	user 0.000s	sys 0.000s
I1010 10:35:58.399884 121831424 tablet_bootstrap.cc:740] T 60dd6403c44b41109fa083272368d0d0 P d5c37cb1777946179e6692ee5e504715: Will attempt to recover log segment /Users/nag/yb/yugabyte-data/node1/yb-data/tserver/wals/table-f80c17935cc9489ab3c6c05dceb25976/tablet-60dd6403c44b41109fa083272368d0d0/wal-000000002
I1010 10:35:58.399904 122368000 tablet_bootstrap.cc:644] T db3b3178db1849c4b3ebbe53840c6b02 P d5c37cb1777946179e6692ee5e504715: Time spent opening tablet: real 0.000s	user 0.000s	sys 0.000s
I1010 10:35:58.399925 120758272 tablet_bootstrap.cc:1514] T a46de9d55d6845f1baaa95baceeadfe7 P d5c37cb1777946179e6692ee5e504715: Max persistent index in RocksDB's SSTables before bootstrap: regular RocksDB: -1.-1; intents RocksDB: -1.-1
I1010 10:35:58.399971 127197184 server_base.cc:598] Using private rpc address 127.0.0.1
I1010 10:35:58.400153 122904576 tablet_bootstrap.cc:740] T 825df89ca459463f921e4a6d8e68a90d P d5c37cb1777946179e6692ee5e504715: Will attempt to recover log segment /Users/nag/yb/yugabyte-data/node1/yb-data/tserver/wals/table-f80c17935cc9489ab3c6c05dceb25976/tablet-825df89ca459463f921e4a6d8e68a90d/wal-000000001
I1010 10:35:58.400157 124514304 tablet_bootstrap.cc:740] T 8078024ab93e4400a14d8399046d9f99 P d5c37cb1777946179e6692ee5e504715: Will attempt to recover log segment /Users/nag/yb/yugabyte-data/node1/yb-data/tserver/wals/table-f80c17935cc9489ab3c6c05dceb25976/tablet-8078024ab93e4400a14d8399046d9f99/wal-000000001
I1010 10:35:58.400197 121831424 tablet_bootstrap.cc:1238] T 60dd6403c44b41109fa083272368d0d0 P d5c37cb1777946179e6692ee5e504715: Flushed DocDB OpIds: { regular: -1.-1 intents: -1.-1 }
I1010 10:35:58.400375 123441152 tablet_bootstrap.cc:644] T 769c8b8690e648df93f41c693d55ebc3 P d5c37cb1777946179e6692ee5e504715: Time spent opening tablet: real 0.000s	user 0.000s	sys 0.000s
I1010 10:35:58.400395 122368000 tablet_bootstrap.cc:740] T db3b3178db1849c4b3ebbe53840c6b02 P d5c37cb1777946179e6692ee5e504715: Will attempt to recover log segment /Users/nag/yb/yugabyte-data/node1/yb-data/tserver/wals/table-f80c17935cc9489ab3c6c05dceb25976/tablet-db3b3178db1849c4b3ebbe53840c6b02/wal-000000001
I1010 10:35:58.400478 120758272 log.cc:1461] T a46de9d55d6845f1baaa95baceeadfe7 P d5c37cb1777946179e6692ee5e504715: Setting log wal retention time to 0 seconds
I1010 10:35:58.400488 127197184 server_base.cc:620] Using http address 127.0.0.1
I1010 10:35:58.400514 122904576 tablet_bootstrap.cc:1238] T 825df89ca459463f921e4a6d8e68a90d P d5c37cb1777946179e6692ee5e504715: Flushed DocDB OpIds: { regular: -1.-1 intents: -1.-1 }
I1010 10:35:58.400545 124514304 tablet_bootstrap.cc:1238] T 8078024ab93e4400a14d8399046d9f99 P d5c37cb1777946179e6692ee5e504715: Flushed DocDB OpIds: { regular: -1.-1 intents: -1.-1 }
I1010 10:35:58.400580 121831424 tablet_bootstrap.cc:1514] T 60dd6403c44b41109fa083272368d0d0 P d5c37cb1777946179e6692ee5e504715: Max persistent index in RocksDB's SSTables before bootstrap: regular RocksDB: -1.-1; intents RocksDB: -1.-1
I1010 10:35:58.400727 122368000 tablet_bootstrap.cc:1238] T db3b3178db1849c4b3ebbe53840c6b02 P d5c37cb1777946179e6692ee5e504715: Flushed DocDB OpIds: { regular: -1.-1 intents: -1.-1 }
I1010 10:35:58.400740 123441152 tablet_bootstrap.cc:740] T 769c8b8690e648df93f41c693d55ebc3 P d5c37cb1777946179e6692ee5e504715: Will attempt to recover log segment /Users/nag/yb/yugabyte-data/node1/yb-data/tserver/wals/table-f80c17935cc9489ab3c6c05dceb25976/tablet-769c8b8690e648df93f41c693d55ebc3/wal-000000001
I1010 10:35:58.401187 122904576 tablet_bootstrap.cc:1514] T 825df89ca459463f921e4a6d8e68a90d P d5c37cb1777946179e6692ee5e504715: Max persistent index in RocksDB's SSTables before bootstrap: regular RocksDB: -1.-1; intents RocksDB: -1.-1
I1010 10:35:58.401324 124514304 tablet_bootstrap.cc:1514] T 8078024ab93e4400a14d8399046d9f99 P d5c37cb1777946179e6692ee5e504715: Max persistent index in RocksDB's SSTables before bootstrap: regular RocksDB: -1.-1; intents RocksDB: -1.-1
I1010 10:35:58.401542 121831424 log.cc:1461] T 60dd6403c44b41109fa083272368d0d0 P d5c37cb1777946179e6692ee5e504715: Setting log wal retention time to 0 seconds
I1010 10:35:58.401710 122368000 tablet_bootstrap.cc:1514] T db3b3178db1849c4b3ebbe53840c6b02 P d5c37cb1777946179e6692ee5e504715: Max persistent index in RocksDB's SSTables before bootstrap: regular RocksDB: -1.-1; intents RocksDB: -1.-1
I1010 10:35:58.401916 123441152 tablet_bootstrap.cc:1238] T 769c8b8690e648df93f41c693d55ebc3 P d5c37cb1777946179e6692ee5e504715: Flushed DocDB OpIds: { regular: -1.-1 intents: -1.-1 }
I1010 10:35:58.402040 122904576 log.cc:1461] T 825df89ca459463f921e4a6d8e68a90d P d5c37cb1777946179e6692ee5e504715: Setting log wal retention time to 0 seconds
I1010 10:35:58.402144 124514304 log.cc:1461] T 8078024ab93e4400a14d8399046d9f99 P d5c37cb1777946179e6692ee5e504715: Setting log wal retention time to 0 seconds
W1010 10:35:58.402166 120758272 log_util.cc:241] Could not read footer for segment: /Users/nag/yb/yugabyte-data/node1/yb-data/tserver/wals/table-f80c17935cc9489ab3c6c05dceb25976/tablet-a46de9d55d6845f1baaa95baceeadfe7/wal-000000001: Not found (yb/consensus/log_util.cc:581): Footer not found. Footer magic doesn't match
I1010 10:35:58.402431 122368000 log.cc:1461] T db3b3178db1849c4b3ebbe53840c6b02 P d5c37cb1777946179e6692ee5e504715: Setting log wal retention time to 0 seconds
I1010 10:35:58.402549 123441152 tablet_bootstrap.cc:1514] T 769c8b8690e648df93f41c693d55ebc3 P d5c37cb1777946179e6692ee5e504715: Max persistent index in RocksDB's SSTables before bootstrap: regular RocksDB: -1.-1; intents RocksDB: -1.-1
W1010 10:35:58.402698 127197184 heartbeater.cc:671] P d5c37cb1777946179e6692ee5e504715: Failed to heartbeat to 127.0.0.3:7100: Remote error (yb/rpc/outbound_call.cc:561): Failed to send heartbeat: Invalid argument (yb/master/master_heartbeat_service.cc:251): Received wrong universe_uuid 21b2e3d0-495a-4149-9f2a-913ddeb95eff, expected 7252bc1a-cf22-48a4-9dd6-459a6f24aa4e (rpc error 1) tries=1, num=3, masters=0x000000011260a8b8 -> [[127.0.0.1:7100], [127.0.0.2:7100], [127.0.0.3:7100]], code=Remote error
W1010 10:35:58.402837 120758272 log_reader.cc:217] T a46de9d55d6845f1baaa95baceeadfe7 P d5c37cb1777946179e6692ee5e504715: Log segment /Users/nag/yb/yugabyte-data/node1/yb-data/tserver/wals/table-f80c17935cc9489ab3c6c05dceb25976/tablet-a46de9d55d6845f1baaa95baceeadfe7/wal-000000001 was likely left in-progressafter a previous crash. Will try to reuse this segment as writable active segment
I1010 10:35:58.402990 123441152 log.cc:1461] T 769c8b8690e648df93f41c693d55ebc3 P d5c37cb1777946179e6692ee5e504715: Setting log wal retention time to 0 seconds
I1010 10:35:58.403021 127197184 heartbeater.cc:379] P d5c37cb1777946179e6692ee5e504715: Registering TS with master...
W1010 10:35:58.403098 121831424 log_util.cc:241] Could not read footer for segment: /Users/nag/yb/yugabyte-data/node1/yb-data/tserver/wals/table-f80c17935cc9489ab3c6c05dceb25976/tablet-60dd6403c44b41109fa083272368d0d0/wal-000000002: Not found (yb/consensus/log_util.cc:581): Footer not found. Footer magic doesn't match
I1010 10:35:58.403220 120758272 log.cc:722] T a46de9d55d6845f1baaa95baceeadfe7 P d5c37cb1777946179e6692ee5e504715: Opened existing logs. Last segment is /Users/nag/yb/yugabyte-data/node1/yb-data/tserver/wals/table-f80c17935cc9489ab3c6c05dceb25976/tablet-a46de9d55d6845f1baaa95baceeadfe7/wal-000000001
I1010 10:35:58.403316 127197184 server_base.cc:598] Using private rpc address 127.0.0.1
W1010 10:35:58.403461 121831424 log_reader.cc:217] T 60dd6403c44b41109fa083272368d0d0 P d5c37cb1777946179e6692ee5e504715: Log segment /Users/nag/yb/yugabyte-data/node1/yb-data/tserver/wals/table-f80c17935cc9489ab3c6c05dceb25976/tablet-60dd6403c44b41109fa083272368d0d0/wal-000000002 was likely left in-progressafter a previous crash. Will try to reuse this segment as writable active segment
I1010 10:35:58.394901 123977728 tablet_peer.cc:1643] T 54eeee0960454077a8ed85a75d38bc29 P d5c37cb1777946179e6692ee5e504715 [state=BOOTSTRAPPING]: Changed state from NOT_STARTED to BOOTSTRAPPING
I1010 10:35:58.403553 120758272 log.cc:737] interval_durable_wal_write_ms is turned on to sync every 1000 ms.
I1010 10:35:58.403630 127197184 server_base.cc:620] Using http address 127.0.0.1
I1010 10:35:58.403757 121831424 log.cc:722] T 60dd6403c44b41109fa083272368d0d0 P d5c37cb1777946179e6692ee5e504715: Opened existing logs. Last segment is /Users/nag/yb/yugabyte-data/node1/yb-data/tserver/wals/table-f80c17935cc9489ab3c6c05dceb25976/tablet-60dd6403c44b41109fa083272368d0d0/wal-000000002
I1010 10:35:58.403818 123977728 tablet_bootstrap_if.cc:96] T 54eeee0960454077a8ed85a75d38bc29 P d5c37cb1777946179e6692ee5e504715: Bootstrap starting.
I1010 10:35:58.403868 120758272 tablet_bootstrap.cc:396] T a46de9d55d6845f1baaa95baceeadfe7 P d5c37cb1777946179e6692ee5e504715: Bootstrap optimizer (skip_flushed_entries): op_id_replay_lowest=-1.-1 (regular_op_id=-1.-1, intents_op_id=-1.-1, has_intents_db=0)
I1010 10:35:58.404681 121831424 tablet_bootstrap.cc:396] T 60dd6403c44b41109fa083272368d0d0 P d5c37cb1777946179e6692ee5e504715: Bootstrap optimizer (skip_flushed_entries): op_id_replay_lowest=-1.-1 (regular_op_id=-1.-1, intents_op_id=-1.-1, has_intents_db=0)
I1010 10:35:58.404901 123977728 tablet.cc:637] T 54eeee0960454077a8ed85a75d38bc29 P d5c37cb1777946179e6692ee5e504715: Schema version for transactions is 0
I1010 10:35:58.405064 120758272 tablet_bootstrap.cc:1461] T a46de9d55d6845f1baaa95baceeadfe7 P d5c37cb1777946179e6692ee5e504715: Segment /Users/nag/yb/yugabyte-data/node1/yb-data/tserver/wals/table-f80c17935cc9489ab3c6c05dceb25976/tablet-a46de9d55d6845f1baaa95baceeadfe7/wal-000000001 cannot be used as the first segment to start replay with according to our OpId and retention criteria. However, this is already the earliest segment so we have to start replay here. We should probably investigate how we got into this situation. op_id=1.1, op_id_replay_lowest=-1.-1, last_op_id_in_retryable_requests=0.0, first_op_time=161871.408s, retryable_requests_retain_interval=60.000s, *retryable_requests_replay_from_this_or_earlier_time=161811.408s, is_first_op_id_low_enough_for_retryable_requests=0, is_first_op_time_early_enough_for_retryable_requests=0, is_first_op_id_low_enough=0
W1010 10:35:58.404986 123441152 log_util.cc:241] Could not read footer for segment: /Users/nag/yb/yugabyte-data/node1/yb-data/tserver/wals/table-f80c17935cc9489ab3c6c05dceb25976/tablet-769c8b8690e648df93f41c693d55ebc3/wal-000000001: Not found (yb/consensus/log_util.cc:581): Footer not found. Footer magic doesn't match
I1010 10:35:58.405239 121831424 log_util.cc:797] Scanning /Users/nag/yb/yugabyte-data/node1/yb-data/tserver/wals/table-f80c17935cc9489ab3c6c05dceb25976/tablet-60dd6403c44b41109fa083272368d0d0/wal-000000002 for valid entry headers following offset 135...
W1010 10:35:58.405254 122904576 log_util.cc:241] Could not read footer for segment: /Users/nag/yb/yugabyte-data/node1/yb-data/tserver/wals/table-f80c17935cc9489ab3c6c05dceb25976/tablet-825df89ca459463f921e4a6d8e68a90d/wal-000000001: Not found (yb/consensus/log_util.cc:581): Footer not found. Footer magic doesn't match
W1010 10:35:58.405264 124514304 log_util.cc:241] Could not read footer for segment: /Users/nag/yb/yugabyte-data/node1/yb-data/tserver/wals/table-f80c17935cc9489ab3c6c05dceb25976/tablet-8078024ab93e4400a14d8399046d9f99/wal-000000001: Not found (yb/consensus/log_util.cc:581): Footer not found. Footer magic doesn't match
W1010 10:35:58.405095 122368000 log_util.cc:241] Could not read footer for segment: /Users/nag/yb/yugabyte-data/node1/yb-data/tserver/wals/table-f80c17935cc9489ab3c6c05dceb25976/tablet-db3b3178db1849c4b3ebbe53840c6b02/wal-000000001: Not found (yb/consensus/log_util.cc:581): Footer not found. Footer magic doesn't match
I1010 10:35:58.405428 120758272 tablet_bootstrap.cc:1476] T a46de9d55d6845f1baaa95baceeadfe7 P d5c37cb1777946179e6692ee5e504715: Bootstrap optimizer (skip_flushed_entries): will replay all segments starting from the very first one.
W1010 10:35:58.405488 123441152 log_reader.cc:217] T 769c8b8690e648df93f41c693d55ebc3 P d5c37cb1777946179e6692ee5e504715: Log segment /Users/nag/yb/yugabyte-data/node1/yb-data/tserver/wals/table-f80c17935cc9489ab3c6c05dceb25976/tablet-769c8b8690e648df93f41c693d55ebc3/wal-000000001 was likely left in-progressafter a previous crash. Will try to reuse this segment as writable active segment
I1010 10:35:58.405656 121831424 log_util.cc:841] Found no log entry headers
W1010 10:35:58.405685 122904576 log_reader.cc:217] T 825df89ca459463f921e4a6d8e68a90d P d5c37cb1777946179e6692ee5e504715: Log segment /Users/nag/yb/yugabyte-data/node1/yb-data/tserver/wals/table-f80c17935cc9489ab3c6c05dceb25976/tablet-825df89ca459463f921e4a6d8e68a90d/wal-000000001 was likely left in-progressafter a previous crash. Will try to reuse this segment as writable active segment
W1010 10:35:58.405822 124514304 log_reader.cc:217] T 8078024ab93e4400a14d8399046d9f99 P d5c37cb1777946179e6692ee5e504715: Log segment /Users/nag/yb/yugabyte-data/node1/yb-data/tserver/wals/table-f80c17935cc9489ab3c6c05dceb25976/tablet-8078024ab93e4400a14d8399046d9f99/wal-000000001 was likely left in-progressafter a previous crash. Will try to reuse this segment as writable active segment
W1010 10:35:58.405975 122368000 log_reader.cc:217] T db3b3178db1849c4b3ebbe53840c6b02 P d5c37cb1777946179e6692ee5e504715: Log segment /Users/nag/yb/yugabyte-data/node1/yb-data/tserver/wals/table-f80c17935cc9489ab3c6c05dceb25976/tablet-db3b3178db1849c4b3ebbe53840c6b02/wal-000000001 was likely left in-progressafter a previous crash. Will try to reuse this segment as writable active segment
W1010 10:35:58.406033 127197184 heartbeater.cc:671] P d5c37cb1777946179e6692ee5e504715: Failed to heartbeat to 127.0.0.3:7100: Remote error (yb/rpc/outbound_call.cc:561): Failed to send heartbeat: Invalid argument (yb/master/master_heartbeat_service.cc:251): Received wrong universe_uuid 21b2e3d0-495a-4149-9f2a-913ddeb95eff, expected 7252bc1a-cf22-48a4-9dd6-459a6f24aa4e (rpc error 1) tries=2, num=3, masters=0x000000011260a8b8 -> [[127.0.0.1:7100], [127.0.0.2:7100], [127.0.0.3:7100]], code=Remote error
I1010 10:35:58.406190 123441152 log.cc:722] T 769c8b8690e648df93f41c693d55ebc3 P d5c37cb1777946179e6692ee5e504715: Opened existing logs. Last segment is /Users/nag/yb/yugabyte-data/node1/yb-data/tserver/wals/table-f80c17935cc9489ab3c6c05dceb25976/tablet-769c8b8690e648df93f41c693d55ebc3/wal-000000001
I1010 10:35:58.406232 121831424 log_util.cc:702] Ignoring partially flushed segment in write ahead log /Users/nag/yb/yugabyte-data/node1/yb-data/tserver/wals/table-f80c17935cc9489ab3c6c05dceb25976/tablet-60dd6403c44b41109fa083272368d0d0/wal-000000002 because there are no log entries following this one. The server probably crashed in the middle of writing an entry to the write-ahead log or downloaded an active log via remote bootstrap. Error detail: Corruption (yb/consensus/log_util.cc:912): Invalid checksum in log entry head header: found=0, computed=2351477386: Failed trying to read batch #2 at offset 135 for log segment /Users/nag/yb/yugabyte-data/node1/yb-data/tserver/wals/table-f80c17935cc9489ab3c6c05dceb25976/tablet-60dd6403c44b41109fa083272368d0d0/wal-000000002: Prior batch offsets: 109 135
I1010 10:35:58.406260 120758272 log_util.cc:797] Scanning /Users/nag/yb/yugabyte-data/node1/yb-data/tserver/wals/table-f80c17935cc9489ab3c6c05dceb25976/tablet-a46de9d55d6845f1baaa95baceeadfe7/wal-000000001 for valid entry headers following offset 2008...
I1010 10:35:58.406263 122904576 log.cc:722] T 825df89ca459463f921e4a6d8e68a90d P d5c37cb1777946179e6692ee5e504715: Opened existing logs. Last segment is /Users/nag/yb/yugabyte-data/node1/yb-data/tserver/wals/table-f80c17935cc9489ab3c6c05dceb25976/tablet-825df89ca459463f921e4a6d8e68a90d/wal-000000001
I1010 10:35:58.406322 124514304 log.cc:722] T 8078024ab93e4400a14d8399046d9f99 P d5c37cb1777946179e6692ee5e504715: Opened existing logs. Last segment is /Users/nag/yb/yugabyte-data/node1/yb-data/tserver/wals/table-f80c17935cc9489ab3c6c05dceb25976/tablet-8078024ab93e4400a14d8399046d9f99/wal-000000001
I1010 10:35:58.406585 122368000 log.cc:722] T db3b3178db1849c4b3ebbe53840c6b02 P d5c37cb1777946179e6692ee5e504715: Opened existing logs. Last segment is /Users/nag/yb/yugabyte-data/node1/yb-data/tserver/wals/table-f80c17935cc9489ab3c6c05dceb25976/tablet-db3b3178db1849c4b3ebbe53840c6b02/wal-000000001
W1010 10:35:58.406606 127197184 heartbeater.cc:353] P d5c37cb1777946179e6692ee5e504715: Failed 3 heartbeats in a row: no longer allowing fast heartbeat attempts.
I1010 10:35:58.406641 123441152 tablet_bootstrap.cc:396] T 769c8b8690e648df93f41c693d55ebc3 P d5c37cb1777946179e6692ee5e504715: Bootstrap optimizer (skip_flushed_entries): op_id_replay_lowest=-1.-1 (regular_op_id=-1.-1, intents_op_id=-1.-1, has_intents_db=0)
W1010 10:35:58.406792 121831424 tablet_bootstrap.cc:1356] T 60dd6403c44b41109fa083272368d0d0 P d5c37cb1777946179e6692ee5e504715: Bootstrap optimizer (skip_flushed_entries): Could not read the first entry's metadata of log segment /Users/nag/yb/yugabyte-data/node1/yb-data/tserver/wals/table-f80c17935cc9489ab3c6c05dceb25976/tablet-60dd6403c44b41109fa083272368d0d0/wal-000000002. Simply continuing to earlier segments to determine the first segment to start the replay at. The error was: Not found (yb/consensus/log_util.cc:758): No entries found
I1010 10:35:58.406867 123977728 tablet_bootstrap.cc:644] T 54eeee0960454077a8ed85a75d38bc29 P d5c37cb1777946179e6692ee5e504715: Time spent opening tablet: real 0.000s	user 0.000s	sys 0.000s
I1010 10:35:58.406952 122904576 tablet_bootstrap.cc:396] T 825df89ca459463f921e4a6d8e68a90d P d5c37cb1777946179e6692ee5e504715: Bootstrap optimizer (skip_flushed_entries): op_id_replay_lowest=-1.-1 (regular_op_id=-1.-1, intents_op_id=-1.-1, has_intents_db=0)
I1010 10:35:58.407043 124514304 tablet_bootstrap.cc:396] T 8078024ab93e4400a14d8399046d9f99 P d5c37cb1777946179e6692ee5e504715: Bootstrap optimizer (skip_flushed_entries): op_id_replay_lowest=-1.-1 (regular_op_id=-1.-1, intents_op_id=-1.-1, has_intents_db=0)
I1010 10:35:58.407070 122368000 tablet_bootstrap.cc:396] T db3b3178db1849c4b3ebbe53840c6b02 P d5c37cb1777946179e6692ee5e504715: Bootstrap optimizer (skip_flushed_entries): op_id_replay_lowest=-1.-1 (regular_op_id=-1.-1, intents_op_id=-1.-1, has_intents_db=0)
I1010 10:35:58.407181 123441152 tablet_bootstrap.cc:1461] T 769c8b8690e648df93f41c693d55ebc3 P d5c37cb1777946179e6692ee5e504715: Segment /Users/nag/yb/yugabyte-data/node1/yb-data/tserver/wals/table-f80c17935cc9489ab3c6c05dceb25976/tablet-769c8b8690e648df93f41c693d55ebc3/wal-000000001 cannot be used as the first segment to start replay with according to our OpId and retention criteria. However, this is already the earliest segment so we have to start replay here. We should probably investigate how we got into this situation. op_id=1.1, op_id_replay_lowest=-1.-1, last_op_id_in_retryable_requests=0.0, first_op_time=161871.383s, retryable_requests_retain_interval=60.000s, *retryable_requests_replay_from_this_or_earlier_time=161811.383s, is_first_op_id_low_enough_for_retryable_requests=0, is_first_op_time_early_enough_for_retryable_requests=0, is_first_op_id_low_enough=0
I1010 10:35:58.407224 121831424 tablet_bootstrap.cc:1461] T 60dd6403c44b41109fa083272368d0d0 P d5c37cb1777946179e6692ee5e504715: Segment /Users/nag/yb/yugabyte-data/node1/yb-data/tserver/wals/table-f80c17935cc9489ab3c6c05dceb25976/tablet-60dd6403c44b41109fa083272368d0d0/wal-000000001 cannot be used as the first segment to start replay with according to our OpId and retention criteria. However, this is already the earliest segment so we have to start replay here. We should probably investigate how we got into this situation. op_id=1.1, op_id_replay_lowest=-1.-1, last_op_id_in_retryable_requests=0.0, first_op_time=161875.968s, retryable_requests_retain_interval=60.000s, *retryable_requests_replay_from_this_or_earlier_time=161815.968s, is_first_op_id_low_enough_for_retryable_requests=0, is_first_op_time_early_enough_for_retryable_requests=0, is_first_op_id_low_enough=0
I1010 10:35:58.407580 123977728 tablet_bootstrap.cc:740] T 54eeee0960454077a8ed85a75d38bc29 P d5c37cb1777946179e6692ee5e504715: Will attempt to recover log segment /Users/nag/yb/yugabyte-data/node1/yb-data/tserver/wals/table-f80c17935cc9489ab3c6c05dceb25976/tablet-54eeee0960454077a8ed85a75d38bc29/wal-000000001
I1010 10:35:58.407588 122904576 tablet_bootstrap.cc:1461] T 825df89ca459463f921e4a6d8e68a90d P d5c37cb1777946179e6692ee5e504715: Segment /Users/nag/yb/yugabyte-data/node1/yb-data/tserver/wals/table-f80c17935cc9489ab3c6c05dceb25976/tablet-825df89ca459463f921e4a6d8e68a90d/wal-000000001 cannot be used as the first segment to start replay with according to our OpId and retention criteria. However, this is already the earliest segment so we have to start replay here. We should probably investigate how we got into this situation. op_id=1.1, op_id_replay_lowest=-1.-1, last_op_id_in_retryable_requests=0.0, first_op_time=161876.037s, retryable_requests_retain_interval=60.000s, *retryable_requests_replay_from_this_or_earlier_time=161816.037s, is_first_op_id_low_enough_for_retryable_requests=0, is_first_op_time_early_enough_for_retryable_requests=0, is_first_op_id_low_enough=0
I1010 10:35:58.407892 124514304 tablet_bootstrap.cc:1461] T 8078024ab93e4400a14d8399046d9f99 P d5c37cb1777946179e6692ee5e504715: Segment /Users/nag/yb/yugabyte-data/node1/yb-data/tserver/wals/table-f80c17935cc9489ab3c6c05dceb25976/tablet-8078024ab93e4400a14d8399046d9f99/wal-000000001 cannot be used as the first segment to start replay with according to our OpId and retention criteria. However, this is already the earliest segment so we have to start replay here. We should probably investigate how we got into this situation. op_id=1.1, op_id_replay_lowest=-1.-1, last_op_id_in_retryable_requests=0.0, first_op_time=161876.032s, retryable_requests_retain_interval=60.000s, *retryable_requests_replay_from_this_or_earlier_time=161816.032s, is_first_op_id_low_enough_for_retryable_requests=0, is_first_op_time_early_enough_for_retryable_requests=0, is_first_op_id_low_enough=0
I1010 10:35:58.408172 122368000 tablet_bootstrap.cc:1461] T db3b3178db1849c4b3ebbe53840c6b02 P d5c37cb1777946179e6692ee5e504715: Segment /Users/nag/yb/yugabyte-data/node1/yb-data/tserver/wals/table-f80c17935cc9489ab3c6c05dceb25976/tablet-db3b3178db1849c4b3ebbe53840c6b02/wal-000000001 cannot be used as the first segment to start replay with according to our OpId and retention criteria. However, this is already the earliest segment so we have to start replay here. We should probably investigate how we got into this situation. op_id=1.1, op_id_replay_lowest=-1.-1, last_op_id_in_retryable_requests=0.0, first_op_time=161876.019s, retryable_requests_retain_interval=60.000s, *retryable_requests_replay_from_this_or_earlier_time=161816.019s, is_first_op_id_low_enough_for_retryable_requests=0, is_first_op_time_early_enough_for_retryable_requests=0, is_first_op_id_low_enough=0
I1010 10:35:58.408475 123441152 tablet_bootstrap.cc:1476] T 769c8b8690e648df93f41c693d55ebc3 P d5c37cb1777946179e6692ee5e504715: Bootstrap optimizer (skip_flushed_entries): will replay all segments starting from the very first one.
I1010 10:35:58.408505 120758272 log_util.cc:841] Found no log entry headers
I1010 10:35:58.408694 121831424 tablet_bootstrap.cc:1476] T 60dd6403c44b41109fa083272368d0d0 P d5c37cb1777946179e6692ee5e504715: Bootstrap optimizer (skip_flushed_entries): will replay all segments starting from the very first one.
I1010 10:35:58.408821 123977728 tablet_bootstrap.cc:1238] T 54eeee0960454077a8ed85a75d38bc29 P d5c37cb1777946179e6692ee5e504715: Flushed DocDB OpIds: { regular: -1.-1 intents: -1.-1 }
I1010 10:35:58.409021 122904576 tablet_bootstrap.cc:1476] T 825df89ca459463f921e4a6d8e68a90d P d5c37cb1777946179e6692ee5e504715: Bootstrap optimizer (skip_flushed_entries): will replay all segments starting from the very first one.
I1010 10:35:58.409107 124514304 tablet_bootstrap.cc:1476] T 8078024ab93e4400a14d8399046d9f99 P d5c37cb1777946179e6692ee5e504715: Bootstrap optimizer (skip_flushed_entries): will replay all segments starting from the very first one.
I1010 10:35:58.409173 122368000 tablet_bootstrap.cc:1476] T db3b3178db1849c4b3ebbe53840c6b02 P d5c37cb1777946179e6692ee5e504715: Bootstrap optimizer (skip_flushed_entries): will replay all segments starting from the very first one.
I1010 10:35:58.409585 120758272 log_util.cc:702] Ignoring partially flushed segment in write ahead log /Users/nag/yb/yugabyte-data/node1/yb-data/tserver/wals/table-f80c17935cc9489ab3c6c05dceb25976/tablet-a46de9d55d6845f1baaa95baceeadfe7/wal-000000001 because there are no log entries following this one. The server probably crashed in the middle of writing an entry to the write-ahead log or downloaded an active log via remote bootstrap. Error detail: Corruption (yb/consensus/log_util.cc:912): Invalid checksum in log entry head header: found=0, computed=2351477386: Failed trying to read batch #11 at offset 2008 for log segment /Users/nag/yb/yugabyte-data/node1/yb-data/tserver/wals/table-f80c17935cc9489ab3c6c05dceb25976/tablet-a46de9d55d6845f1baaa95baceeadfe7/wal-000000001: Prior batch offsets: 1350 1376 1982 2008; Last log entries read: [REPLICATE (1.2)] [REPLICATE (3.3)] [REPLICATE (3.4)] [REPLICATE (3.5)]
I1010 10:35:58.410228 121831424 tablet_bootstrap_if.cc:96] T 60dd6403c44b41109fa083272368d0d0 P d5c37cb1777946179e6692ee5e504715: Bootstrap replayed 1/2 log segments. Read operations: 5, overwritten operations: 0. Pending: 1 replicates. Last read committed op id: 1.4, last entry metadata: { entry_time: 187121.373s offset: 1292 active_segment_sequence_number: 1 }, last read entry op id: 3.5
I1010 10:35:58.410261 123441152 log_util.cc:797] Scanning /Users/nag/yb/yugabyte-data/node1/yb-data/tserver/wals/table-f80c17935cc9489ab3c6c05dceb25976/tablet-769c8b8690e648df93f41c693d55ebc3/wal-000000001 for valid entry headers following offset 4427...
I1010 10:35:58.410288 123977728 tablet_bootstrap.cc:1514] T 54eeee0960454077a8ed85a75d38bc29 P d5c37cb1777946179e6692ee5e504715: Max persistent index in RocksDB's SSTables before bootstrap: regular RocksDB: -1.-1; intents RocksDB: -1.-1
I1010 10:35:58.410909 124514304 log_util.cc:797] Scanning /Users/nag/yb/yugabyte-data/node1/yb-data/tserver/wals/table-f80c17935cc9489ab3c6c05dceb25976/tablet-8078024ab93e4400a14d8399046d9f99/wal-000000001 for valid entry headers following offset 1962...
I1010 10:35:58.410943 122368000 log_util.cc:797] Scanning /Users/nag/yb/yugabyte-data/node1/yb-data/tserver/wals/table-f80c17935cc9489ab3c6c05dceb25976/tablet-db3b3178db1849c4b3ebbe53840c6b02/wal-000000001 for valid entry headers following offset 2008...
I1010 10:35:58.410995 122904576 log_util.cc:797] Scanning /Users/nag/yb/yugabyte-data/node1/yb-data/tserver/wals/table-f80c17935cc9489ab3c6c05dceb25976/tablet-825df89ca459463f921e4a6d8e68a90d/wal-000000001 for valid entry headers following offset 5213...
I1010 10:35:58.411017 127197184 heartbeater.cc:325] P d5c37cb1777946179e6692ee5e504715: Connected to a leader master server at 127.0.0.3:7100
I1010 10:35:58.411067 121831424 log_util.cc:797] Scanning /Users/nag/yb/yugabyte-data/node1/yb-data/tserver/wals/table-f80c17935cc9489ab3c6c05dceb25976/tablet-60dd6403c44b41109fa083272368d0d0/wal-000000002 for valid entry headers following offset 135...
I1010 10:35:58.411239 120758272 tablet_bootstrap_if.cc:96] T a46de9d55d6845f1baaa95baceeadfe7 P d5c37cb1777946179e6692ee5e504715: Bootstrap replayed 1/1 log segments. Read operations: 5, overwritten operations: 0. Pending: 1 replicates. Last read committed op id: 3.5, last entry metadata: { entry_time: 187119.162s offset: 1376 active_segment_sequence_number: 1 }, last read entry op id: 3.5
I1010 10:35:58.411316 123977728 log.cc:1461] T 54eeee0960454077a8ed85a75d38bc29 P d5c37cb1777946179e6692ee5e504715: Setting log wal retention time to 0 seconds
I1010 10:35:58.411737 127197184 heartbeater.cc:379] P d5c37cb1777946179e6692ee5e504715: Registering TS with master...
I1010 10:35:58.411794 121831424 log_util.cc:841] Found no log entry headers
I1010 10:35:58.411856 120758272 tablet_bootstrap.cc:1654] T a46de9d55d6845f1baaa95baceeadfe7 P d5c37cb1777946179e6692ee5e504715: Dumping replay state to log at the end of PlaySegments
I1010 10:35:58.412098 127197184 server_base.cc:598] Using private rpc address 127.0.0.1
I1010 10:35:58.412139 121831424 log_util.cc:702] Ignoring partially flushed segment in write ahead log /Users/nag/yb/yugabyte-data/node1/yb-data/tserver/wals/table-f80c17935cc9489ab3c6c05dceb25976/tablet-60dd6403c44b41109fa083272368d0d0/wal-000000002 because there are no log entries following this one. The server probably crashed in the middle of writing an entry to the write-ahead log or downloaded an active log via remote bootstrap. Error detail: Corruption (yb/consensus/log_util.cc:912): Invalid checksum in log entry head header: found=0, computed=2351477386: Failed trying to read batch #2 at offset 135 for log segment /Users/nag/yb/yugabyte-data/node1/yb-data/tserver/wals/table-f80c17935cc9489ab3c6c05dceb25976/tablet-60dd6403c44b41109fa083272368d0d0/wal-000000002: Prior batch offsets: 109 135
I1010 10:35:58.412220 120758272 tablet_bootstrap.cc:1212] T a46de9d55d6845f1baaa95baceeadfe7 P d5c37cb1777946179e6692ee5e504715: ReplayState: Previous OpId: 3.5, Committed OpId: 3.5, Pending Replicates: 0, Flushed Regular: -1.-1, Flushed Intents: -1.-1
I1010 10:35:58.412755 127197184 server_base.cc:620] Using http address 127.0.0.1
I1010 10:35:58.412885 123441152 log_util.cc:841] Found no log entry headers
I1010 10:35:58.413024 121831424 tablet_bootstrap_if.cc:96] T 60dd6403c44b41109fa083272368d0d0 P d5c37cb1777946179e6692ee5e504715: Bootstrap replayed 2/2 log segments. Read operations: 5, overwritten operations: 0. Pending: 1 replicates. Last read committed op id: 3.5, no entries in last segment
W1010 10:35:58.413322 206652928 pg_wrapper.cc:590] No hba configuration lines found, defaulting to trust all configuration.
I1010 10:35:58.413581 120758272 tablet_bootstrap.cc:1212] T a46de9d55d6845f1baaa95baceeadfe7 P d5c37cb1777946179e6692ee5e504715: Log entries applied to RocksDB: 5
I1010 10:35:58.414137 124514304 log_util.cc:841] Found no log entry headers
I1010 10:35:58.415685 123441152 log_util.cc:702] Ignoring partially flushed segment in write ahead log /Users/nag/yb/yugabyte-data/node1/yb-data/tserver/wals/table-f80c17935cc9489ab3c6c05dceb25976/tablet-769c8b8690e648df93f41c693d55ebc3/wal-000000001 because there are no log entries following this one. The server probably crashed in the middle of writing an entry to the write-ahead log or downloaded an active log via remote bootstrap. Error detail: Corruption (yb/consensus/log_util.cc:912): Invalid checksum in log entry head header: found=0, computed=2351477386: Failed trying to read batch #47 at offset 4427 for log segment /Users/nag/yb/yugabyte-data/node1/yb-data/tserver/wals/table-f80c17935cc9489ab3c6c05dceb25976/tablet-769c8b8690e648df93f41c693d55ebc3/wal-000000001: Prior batch offsets: 4290 4316 4401 4427; Last log entries read: [REPLICATE (4.20)] [REPLICATE (4.21)] [REPLICATE (4.22)] [REPLICATE (4.23)]
I1010 10:35:58.415979 122368000 log_util.cc:841] Found no log entry headers
I1010 10:35:58.416400 122904576 log_util.cc:841] Found no log entry headers
W1010 10:35:58.416465 123977728 log_util.cc:241] Could not read footer for segment: /Users/nag/yb/yugabyte-data/node1/yb-data/tserver/wals/table-f80c17935cc9489ab3c6c05dceb25976/tablet-54eeee0960454077a8ed85a75d38bc29/wal-000000001: Not found (yb/consensus/log_util.cc:581): Footer not found. Footer magic doesn't match
I1010 10:35:58.416707 121831424 tablet_bootstrap.cc:1654] T 60dd6403c44b41109fa083272368d0d0 P d5c37cb1777946179e6692ee5e504715: Dumping replay state to log at the end of PlaySegments
I1010 10:35:58.417567 206652928 pg_wrapper.cc:614] No user name mapping configuration lines found.
I1010 10:35:58.418051 120758272 tablet_bootstrap.cc:1666] T a46de9d55d6845f1baaa95baceeadfe7 P d5c37cb1777946179e6692ee5e504715: Number of orphaned replicates: 0, last id: 3.5, committed id: 3.5
I1010 10:35:58.418632 124514304 log_util.cc:702] Ignoring partially flushed segment in write ahead log /Users/nag/yb/yugabyte-data/node1/yb-data/tserver/wals/table-f80c17935cc9489ab3c6c05dceb25976/tablet-8078024ab93e4400a14d8399046d9f99/wal-000000001 because there are no log entries following this one. The server probably crashed in the middle of writing an entry to the write-ahead log or downloaded an active log via remote bootstrap. Error detail: Corruption (yb/consensus/log_util.cc:912): Invalid checksum in log entry head header: found=0, computed=2351477386: Failed trying to read batch #9 at offset 1962 for log segment /Users/nag/yb/yugabyte-data/node1/yb-data/tserver/wals/table-f80c17935cc9489ab3c6c05dceb25976/tablet-8078024ab93e4400a14d8399046d9f99/wal-000000001: Prior batch offsets: 1304 1330 1936 1962; Last log entries read: [REPLICATE (1.2)] [REPLICATE (3.3)] [REPLICATE (3.4)] [REPLICATE (3.5)]
I1010 10:35:58.421237 123441152 tablet_bootstrap_if.cc:96] T 769c8b8690e648df93f41c693d55ebc3 P d5c37cb1777946179e6692ee5e504715: Bootstrap replayed 1/1 log segments. Read operations: 23, overwritten operations: 0. Pending: 1 replicates. Last read committed op id: 4.23, last entry metadata: { entry_time: 190737.710s offset: 4316 active_segment_sequence_number: 1 }, last read entry op id: 4.23
W1010 10:35:58.421423 127197184 heartbeater.cc:671] P d5c37cb1777946179e6692ee5e504715: Failed to heartbeat to 127.0.0.3:7100: Remote error (yb/rpc/outbound_call.cc:561): Failed to send heartbeat: Invalid argument (yb/master/master_heartbeat_service.cc:251): Received wrong universe_uuid 21b2e3d0-495a-4149-9f2a-913ddeb95eff, expected 7252bc1a-cf22-48a4-9dd6-459a6f24aa4e (rpc error 1) tries=3, num=3, masters=0x000000011260a8b8 -> [[127.0.0.1:7100], [127.0.0.2:7100], [127.0.0.3:7100]], code=Remote error
I1010 10:35:58.421260 122368000 log_util.cc:702] Ignoring partially flushed segment in write ahead log /Users/nag/yb/yugabyte-data/node1/yb-data/tserver/wals/table-f80c17935cc9489ab3c6c05dceb25976/tablet-db3b3178db1849c4b3ebbe53840c6b02/wal-000000001 because there are no log entries following this one. The server probably crashed in the middle of writing an entry to the write-ahead log or downloaded an active log via remote bootstrap. Error detail: Corruption (yb/consensus/log_util.cc:912): Invalid checksum in log entry head header: found=0, computed=2351477386: Failed trying to read batch #11 at offset 2008 for log segment /Users/nag/yb/yugabyte-data/node1/yb-data/tserver/wals/table-f80c17935cc9489ab3c6c05dceb25976/tablet-db3b3178db1849c4b3ebbe53840c6b02/wal-000000001: Prior batch offsets: 1898 1924 1982 2008; Last log entries read: [REPLICATE (1.2)] [REPLICATE (1.3)] [REPLICATE (1.4)] [REPLICATE (3.5)]
I1010 10:35:58.421766 122904576 log_util.cc:702] Ignoring partially flushed segment in write ahead log /Users/nag/yb/yugabyte-data/node1/yb-data/tserver/wals/table-f80c17935cc9489ab3c6c05dceb25976/tablet-825df89ca459463f921e4a6d8e68a90d/wal-000000001 because there are no log entries following this one. The server probably crashed in the middle of writing an entry to the write-ahead log or downloaded an active log via remote bootstrap. Error detail: Corruption (yb/consensus/log_util.cc:912): Invalid checksum in log entry head header: found=0, computed=2351477386: Failed trying to read batch #57 at offset 5213 for log segment /Users/nag/yb/yugabyte-data/node1/yb-data/tserver/wals/table-f80c17935cc9489ab3c6c05dceb25976/tablet-825df89ca459463f921e4a6d8e68a90d/wal-000000001: Prior batch offsets: 5076 5102 5187 5213; Last log entries read: [REPLICATE (1.25)] [REPLICATE (1.26)] [REPLICATE (1.27)] [REPLICATE (1.28)]
W1010 10:35:58.422127 123977728 log_reader.cc:217] T 54eeee0960454077a8ed85a75d38bc29 P d5c37cb1777946179e6692ee5e504715: Log segment /Users/nag/yb/yugabyte-data/node1/yb-data/tserver/wals/table-f80c17935cc9489ab3c6c05dceb25976/tablet-54eeee0960454077a8ed85a75d38bc29/wal-000000001 was likely left in-progressafter a previous crash. Will try to reuse this segment as writable active segment
I1010 10:35:58.422523 121831424 tablet_bootstrap.cc:1212] T 60dd6403c44b41109fa083272368d0d0 P d5c37cb1777946179e6692ee5e504715: ReplayState: Previous OpId: 3.5, Committed OpId: 3.5, Pending Replicates: 0, Flushed Regular: -1.-1, Flushed Intents: -1.-1
I1010 10:35:58.424540 120758272 tablet_bootstrap_if.cc:96] T a46de9d55d6845f1baaa95baceeadfe7 P d5c37cb1777946179e6692ee5e504715: Bootstrap complete.
I1010 10:35:58.426066 124514304 tablet_bootstrap_if.cc:96] T 8078024ab93e4400a14d8399046d9f99 P d5c37cb1777946179e6692ee5e504715: Bootstrap replayed 1/1 log segments. Read operations: 5, overwritten operations: 0. Pending: 1 replicates. Last read committed op id: 3.5, last entry metadata: { entry_time: 187119.784s offset: 1330 active_segment_sequence_number: 1 }, last read entry op id: 3.5
I1010 10:35:58.428303 123441152 tablet_bootstrap.cc:1654] T 769c8b8690e648df93f41c693d55ebc3 P d5c37cb1777946179e6692ee5e504715: Dumping replay state to log at the end of PlaySegments
I1010 10:35:58.432180 206652928 pg_wrapper.cc:807] PostgreSQL server running as pid 83609
I1010 10:35:58.433770 122904576 tablet_bootstrap_if.cc:96] T 825df89ca459463f921e4a6d8e68a90d P d5c37cb1777946179e6692ee5e504715: Bootstrap replayed 1/1 log segments. Read operations: 28, overwritten operations: 0. Pending: 1 replicates. Last read committed op id: 1.28, last entry metadata: { entry_time: 190804.440s offset: 5102 active_segment_sequence_number: 1 }, last read entry op id: 1.28
I1010 10:35:58.433856 123977728 log.cc:722] T 54eeee0960454077a8ed85a75d38bc29 P d5c37cb1777946179e6692ee5e504715: Opened existing logs. Last segment is /Users/nag/yb/yugabyte-data/node1/yb-data/tserver/wals/table-f80c17935cc9489ab3c6c05dceb25976/tablet-54eeee0960454077a8ed85a75d38bc29/wal-000000001
I1010 10:35:58.434545 122368000 tablet_bootstrap_if.cc:96] T db3b3178db1849c4b3ebbe53840c6b02 P d5c37cb1777946179e6692ee5e504715: Bootstrap replayed 1/1 log segments. Read operations: 5, overwritten operations: 0. Pending: 1 replicates. Last read committed op id: 3.5, last entry metadata: { entry_time: 187133.785s offset: 1924 active_segment_sequence_number: 1 }, last read entry op id: 3.5
I1010 10:35:58.435465 121831424 tablet_bootstrap.cc:1212] T 60dd6403c44b41109fa083272368d0d0 P d5c37cb1777946179e6692ee5e504715: Log entries applied to RocksDB: 5
I1010 10:35:58.437975 120758272 log_util.cc:797] Scanning /Users/nag/yb/yugabyte-data/node1/yb-data/tserver/wals/table-f80c17935cc9489ab3c6c05dceb25976/tablet-a46de9d55d6845f1baaa95baceeadfe7/wal-000000001 for valid entry headers following offset 2008...
I1010 10:35:58.439391 124514304 tablet_bootstrap.cc:1654] T 8078024ab93e4400a14d8399046d9f99 P d5c37cb1777946179e6692ee5e504715: Dumping replay state to log at the end of PlaySegments
I1010 10:35:58.442145 123441152 tablet_bootstrap.cc:1212] T 769c8b8690e648df93f41c693d55ebc3 P d5c37cb1777946179e6692ee5e504715: ReplayState: Previous OpId: 4.23, Committed OpId: 4.23, Pending Replicates: 0, Flushed Regular: -1.-1, Flushed Intents: -1.-1
I1010 10:35:58.449034 122904576 tablet_bootstrap.cc:1654] T 825df89ca459463f921e4a6d8e68a90d P d5c37cb1777946179e6692ee5e504715: Dumping replay state to log at the end of PlaySegments
I1010 10:35:58.449486 206652928 server_base_options.cc:165] Updating master addrs to {127.0.0.1:7100},{127.0.0.2:7100},{127.0.0.3:7100}
I1010 10:35:58.450114 122368000 tablet_bootstrap.cc:1654] T db3b3178db1849c4b3ebbe53840c6b02 P d5c37cb1777946179e6692ee5e504715: Dumping replay state to log at the end of PlaySegments
I1010 10:35:58.450234 123977728 tablet_bootstrap.cc:396] T 54eeee0960454077a8ed85a75d38bc29 P d5c37cb1777946179e6692ee5e504715: Bootstrap optimizer (skip_flushed_entries): op_id_replay_lowest=-1.-1 (regular_op_id=-1.-1, intents_op_id=-1.-1, has_intents_db=0)
I1010 10:35:58.450933 121831424 tablet_bootstrap.cc:1666] T 60dd6403c44b41109fa083272368d0d0 P d5c37cb1777946179e6692ee5e504715: Number of orphaned replicates: 0, last id: 3.5, committed id: 3.5
I1010 10:35:58.453424 120758272 log_util.cc:841] Found no log entry headers
I1010 10:35:58.453482 124514304 tablet_bootstrap.cc:1212] T 8078024ab93e4400a14d8399046d9f99 P d5c37cb1777946179e6692ee5e504715: ReplayState: Previous OpId: 3.5, Committed OpId: 3.5, Pending Replicates: 0, Flushed Regular: -1.-1, Flushed Intents: -1.-1
I1010 10:35:58.453914 123441152 tablet_bootstrap.cc:1212] T 769c8b8690e648df93f41c693d55ebc3 P d5c37cb1777946179e6692ee5e504715: Log entries applied to RocksDB: 23
I1010 10:35:58.454532 122904576 tablet_bootstrap.cc:1212] T 825df89ca459463f921e4a6d8e68a90d P d5c37cb1777946179e6692ee5e504715: ReplayState: Previous OpId: 1.28, Committed OpId: 1.28, Pending Replicates: 0, Flushed Regular: -1.-1, Flushed Intents: -1.-1
I1010 10:35:58.454957 206652928 server_base_options.cc:165] Updating master addrs to {127.0.0.1:7100},{127.0.0.2:7100},{127.0.0.3:7100}
I1010 10:35:58.455255 122368000 tablet_bootstrap.cc:1212] T db3b3178db1849c4b3ebbe53840c6b02 P d5c37cb1777946179e6692ee5e504715: ReplayState: Previous OpId: 3.5, Committed OpId: 3.5, Pending Replicates: 0, Flushed Regular: -1.-1, Flushed Intents: -1.-1
I1010 10:35:58.455603 123977728 tablet_bootstrap.cc:1461] T 54eeee0960454077a8ed85a75d38bc29 P d5c37cb1777946179e6692ee5e504715: Segment /Users/nag/yb/yugabyte-data/node1/yb-data/tserver/wals/table-f80c17935cc9489ab3c6c05dceb25976/tablet-54eeee0960454077a8ed85a75d38bc29/wal-000000001 cannot be used as the first segment to start replay with according to our OpId and retention criteria. However, this is already the earliest segment so we have to start replay here. We should probably investigate how we got into this situation. op_id=1.1, op_id_replay_lowest=-1.-1, last_op_id_in_retryable_requests=0.0, first_op_time=161875.871s, retryable_requests_retain_interval=60.000s, *retryable_requests_replay_from_this_or_earlier_time=161815.871s, is_first_op_id_low_enough_for_retryable_requests=0, is_first_op_time_early_enough_for_retryable_requests=0, is_first_op_id_low_enough=0
I1010 10:35:58.456887 120758272 log_util.cc:702] Ignoring partially flushed segment in write ahead log /Users/nag/yb/yugabyte-data/node1/yb-data/tserver/wals/table-f80c17935cc9489ab3c6c05dceb25976/tablet-a46de9d55d6845f1baaa95baceeadfe7/wal-000000001 because there are no log entries following this one. The server probably crashed in the middle of writing an entry to the write-ahead log or downloaded an active log via remote bootstrap. Error detail: Corruption (yb/consensus/log_util.cc:912): Invalid checksum in log entry head header: found=0, computed=2351477386: Failed trying to read batch #11 at offset 2008 for log segment /Users/nag/yb/yugabyte-data/node1/yb-data/tserver/wals/table-f80c17935cc9489ab3c6c05dceb25976/tablet-a46de9d55d6845f1baaa95baceeadfe7/wal-000000001: Prior batch offsets: 1350 1376 1982 2008; Last log entries read: [REPLICATE (1.2)] [REPLICATE (3.3)] [REPLICATE (3.4)] [REPLICATE (3.5)]
I1010 10:35:58.457140 124514304 tablet_bootstrap.cc:1212] T 8078024ab93e4400a14d8399046d9f99 P d5c37cb1777946179e6692ee5e504715: Log entries applied to RocksDB: 5
I1010 10:35:58.457621 123441152 tablet_bootstrap.cc:1666] T 769c8b8690e648df93f41c693d55ebc3 P d5c37cb1777946179e6692ee5e504715: Number of orphaned replicates: 0, last id: 4.23, committed id: 4.23
I1010 10:35:58.457988 121831424 tablet_bootstrap_if.cc:96] T 60dd6403c44b41109fa083272368d0d0 P d5c37cb1777946179e6692ee5e504715: Bootstrap complete.
I1010 10:35:58.458034 122904576 tablet_bootstrap.cc:1212] T 825df89ca459463f921e4a6d8e68a90d P d5c37cb1777946179e6692ee5e504715: Log entries applied to RocksDB: 28
I1010 10:35:58.458608 122368000 tablet_bootstrap.cc:1212] T db3b3178db1849c4b3ebbe53840c6b02 P d5c37cb1777946179e6692ee5e504715: Log entries applied to RocksDB: 5
I1010 10:35:58.458724 123977728 tablet_bootstrap.cc:1476] T 54eeee0960454077a8ed85a75d38bc29 P d5c37cb1777946179e6692ee5e504715: Bootstrap optimizer (skip_flushed_entries): will replay all segments starting from the very first one.
I1010 10:35:58.458739 206652928 server_base_options.cc:165] Updating master addrs to {127.0.0.1:7100},{127.0.0.2:7100},{127.0.0.3:7100}
I1010 10:35:58.458920 120758272 log.cc:1112] Successfully restored footer_builder_ and log_index_ for segment: /Users/nag/yb/yugabyte-data/node1/yb-data/tserver/wals/table-f80c17935cc9489ab3c6c05dceb25976/tablet-a46de9d55d6845f1baaa95baceeadfe7/wal-000000001. Reopen the file for write with starting offset: 2008
I1010 10:35:58.458961 124514304 tablet_bootstrap.cc:1666] T 8078024ab93e4400a14d8399046d9f99 P d5c37cb1777946179e6692ee5e504715: Number of orphaned replicates: 0, last id: 3.5, committed id: 3.5
I1010 10:35:58.459836 121831424 log_util.cc:797] Scanning /Users/nag/yb/yugabyte-data/node1/yb-data/tserver/wals/table-f80c17935cc9489ab3c6c05dceb25976/tablet-60dd6403c44b41109fa083272368d0d0/wal-000000002 for valid entry headers following offset 135...
I1010 10:35:58.459981 122904576 tablet_bootstrap.cc:1666] T 825df89ca459463f921e4a6d8e68a90d P d5c37cb1777946179e6692ee5e504715: Number of orphaned replicates: 0, last id: 1.28, committed id: 1.28
I1010 10:35:58.460175 122368000 tablet_bootstrap.cc:1666] T db3b3178db1849c4b3ebbe53840c6b02 P d5c37cb1777946179e6692ee5e504715: Number of orphaned replicates: 0, last id: 3.5, committed id: 3.5
I1010 10:35:58.460374 123441152 tablet_bootstrap_if.cc:96] T 769c8b8690e648df93f41c693d55ebc3 P d5c37cb1777946179e6692ee5e504715: Bootstrap complete.
I1010 10:35:58.460512 206652928 rpc_server.cc:84] yb::server::RpcServer created at 0x113c980a0
I1010 10:35:58.460569 120758272 log.cc:1461] T a46de9d55d6845f1baaa95baceeadfe7 P d5c37cb1777946179e6692ee5e504715: Setting log wal retention time to 0 seconds
I1010 10:35:58.461143 123977728 tablet_bootstrap_if.cc:96] T 54eeee0960454077a8ed85a75d38bc29 P d5c37cb1777946179e6692ee5e504715: Bootstrap replayed 1/1 log segments. Read operations: 6, overwritten operations: 0. Pending: 1 replicates. Last read committed op id: 4.6, last entry metadata: { entry_time: 187114.096s offset: 1460 active_segment_sequence_number: 1 }, last read entry op id: 4.6
I1010 10:35:58.461208 121831424 log_util.cc:841] Found no log entry headers
I1010 10:35:58.463122 122904576 tablet_bootstrap_if.cc:96] T 825df89ca459463f921e4a6d8e68a90d P d5c37cb1777946179e6692ee5e504715: Bootstrap complete.
I1010 10:35:58.463562 123441152 log_util.cc:797] Scanning /Users/nag/yb/yugabyte-data/node1/yb-data/tserver/wals/table-f80c17935cc9489ab3c6c05dceb25976/tablet-769c8b8690e648df93f41c693d55ebc3/wal-000000001 for valid entry headers following offset 4427...
I1010 10:35:58.463789 124514304 tablet_bootstrap_if.cc:96] T 8078024ab93e4400a14d8399046d9f99 P d5c37cb1777946179e6692ee5e504715: Bootstrap complete.
I1010 10:35:58.463903 206652928 tablet_server_main_impl.cc:340] Starting redis server...
I1010 10:35:58.464303 122368000 tablet_bootstrap_if.cc:96] T db3b3178db1849c4b3ebbe53840c6b02 P d5c37cb1777946179e6692ee5e504715: Bootstrap complete.
I1010 10:35:58.464550 120758272 ts_tablet_manager.cc:1982] T a46de9d55d6845f1baaa95baceeadfe7 P d5c37cb1777946179e6692ee5e504715: Time spent bootstrapping tablet: real 0.070s	user 0.003s	sys 0.007s
I1010 10:35:58.464638 123977728 tablet_bootstrap.cc:1654] T 54eeee0960454077a8ed85a75d38bc29 P d5c37cb1777946179e6692ee5e504715: Dumping replay state to log at the end of PlaySegments
I1010 10:35:58.464910 121831424 log_util.cc:702] Ignoring partially flushed segment in write ahead log /Users/nag/yb/yugabyte-data/node1/yb-data/tserver/wals/table-f80c17935cc9489ab3c6c05dceb25976/tablet-60dd6403c44b41109fa083272368d0d0/wal-000000002 because there are no log entries following this one. The server probably crashed in the middle of writing an entry to the write-ahead log or downloaded an active log via remote bootstrap. Error detail: Corruption (yb/consensus/log_util.cc:912): Invalid checksum in log entry head header: found=0, computed=2351477386: Failed trying to read batch #2 at offset 135 for log segment /Users/nag/yb/yugabyte-data/node1/yb-data/tserver/wals/table-f80c17935cc9489ab3c6c05dceb25976/tablet-60dd6403c44b41109fa083272368d0d0/wal-000000002: Prior batch offsets: 109 135
I1010 10:35:58.465679 122904576 log_util.cc:797] Scanning /Users/nag/yb/yugabyte-data/node1/yb-data/tserver/wals/table-f80c17935cc9489ab3c6c05dceb25976/tablet-825df89ca459463f921e4a6d8e68a90d/wal-000000001 for valid entry headers following offset 5213...
I1010 10:35:58.466266 124514304 log_util.cc:797] Scanning /Users/nag/yb/yugabyte-data/node1/yb-data/tserver/wals/table-f80c17935cc9489ab3c6c05dceb25976/tablet-8078024ab93e4400a14d8399046d9f99/wal-000000001 for valid entry headers following offset 1962...
I1010 10:35:58.466806 122368000 log_util.cc:797] Scanning /Users/nag/yb/yugabyte-data/node1/yb-data/tserver/wals/table-f80c17935cc9489ab3c6c05dceb25976/tablet-db3b3178db1849c4b3ebbe53840c6b02/wal-000000001 for valid entry headers following offset 2008...
I1010 10:35:58.466969 123441152 log_util.cc:841] Found no log entry headers
I1010 10:35:58.467945 206652928 fs_manager.cc:415] Opened local filesystem: /Users/nag/yb/yugabyte-data/node1
uuid: "d5c37cb1777946179e6692ee5e504715"
format_stamp: "Formatted at 2024-10-09 17:45:47 on NAG-MAC.local"
initdb_done_set_after_sys_catalog_restore: true
tserver_instance_metadata {
  universe_uuid: "21b2e3d0-495a-4149-9f2a-913ddeb95eff"
}
