I1010 10:35:58.529963 120758272 consensus_meta.cc:361] T c09c8a2af076408b8083ae6bfc2a671e P d5c37cb1777946179e6692ee5e504715: Updating active role from FOLLOWER to FOLLOWER. Consensus state: current_term: 5 leader_uuid: "" config { opid_index: 6 peers { permanent_uuid: "23d881032c1249bd803e401a539be0e2" member_type: VOTER last_known_private_addr { host: "127.0.0.3" port: 9100 } cloud_info { placement_cloud: "cloud1" placement_region: "datacenter1" placement_zone: "rack1" } } peers { permanent_uuid: "6b460ba950654300b6c50d93f25aea31" member_type: VOTER last_known_private_addr { host: "127.0.0.2" port: 9100 } cloud_info { placement_cloud: "cloud1" placement_region: "datacenter1" placement_zone: "rack1" } } peers { permanent_uuid: "d5c37cb1777946179e6692ee5e504715" member_type: VOTER last_known_private_addr { host: "127.0.0.1" port: 9100 } cloud_info { placement_cloud: "cloud1" placement_region: "datacenter1" placement_zone: "rack1" } } }, has_pending_config = 0
I1010 10:35:58.530056 124514304 ts_tablet_manager.cc:1982] T 7584006b2fba41cd828ac06782afeb03 P d5c37cb1777946179e6692ee5e504715: Time spent bootstrapping tablet: real 0.013s	user 0.001s	sys 0.003s
I1010 10:35:58.530092 121831424 tablet_bootstrap_if.cc:96] T 46569f1a6c8746acb9da222b34f086b5 P d5c37cb1777946179e6692ee5e504715: Bootstrap complete.
I1010 10:35:58.530081 122904576 tablet_bootstrap.cc:1654] T 2a30e7b2effb4ab888e1f5a8af3fb03b P d5c37cb1777946179e6692ee5e504715: Dumping replay state to log at the end of PlaySegments
I1010 10:35:58.530182 123977728 tablet_bootstrap_if.cc:96] T 9b45d3f9024e43b58a591ec35594430e P d5c37cb1777946179e6692ee5e504715: Bootstrap complete.
I1010 10:35:58.530189 120758272 raft_consensus.cc:498] T c09c8a2af076408b8083ae6bfc2a671e P d5c37cb1777946179e6692ee5e504715 [term 5 FOLLOWER]: Replica starting. Triggering 0 pending operations. Active config: opid_index: 6 peers { permanent_uuid: "23d881032c1249bd803e401a539be0e2" member_type: VOTER last_known_private_addr { host: "127.0.0.3" port: 9100 } cloud_info { placement_cloud: "cloud1" placement_region: "datacenter1" placement_zone: "rack1" } } peers { permanent_uuid: "6b460ba950654300b6c50d93f25aea31" member_type: VOTER last_known_private_addr { host: "127.0.0.2" port: 9100 } cloud_info { placement_cloud: "cloud1" placement_region: "datacenter1" placement_zone: "rack1" } } peers { permanent_uuid: "d5c37cb1777946179e6692ee5e504715" member_type: VOTER last_known_private_addr { host: "127.0.0.1" port: 9100 } cloud_info { placement_cloud: "cloud1" placement_region: "datacenter1" placement_zone: "rack1" } }
I1010 10:35:58.530359 122904576 tablet_bootstrap.cc:1212] T 2a30e7b2effb4ab888e1f5a8af3fb03b P d5c37cb1777946179e6692ee5e504715: ReplayState: Previous OpId: 1.14, Committed OpId: 1.14, Pending Replicates: 0, Flushed Regular: -1.-1, Flushed Intents: -1.-1
I1010 10:35:58.530370 121831424 log_util.cc:797] Scanning /Users/nag/yb/yugabyte-data/node1/yb-data/tserver/wals/table-f80c17935cc9489ab3c6c05dceb25976/tablet-46569f1a6c8746acb9da222b34f086b5/wal-000000002 for valid entry headers following offset 193...
I1010 10:35:58.530642 123977728 log.cc:1112] Successfully restored footer_builder_ and log_index_ for segment: /Users/nag/yb/yugabyte-data/node1/yb-data/tserver/wals/table-f80c17935cc9489ab3c6c05dceb25976/tablet-9b45d3f9024e43b58a591ec35594430e/wal-000000001. Reopen the file for write with starting offset: 1898
I1010 10:35:58.530871 123441152 tablet_bootstrap_if.cc:96] T a818e973b4b04213a257872ca0183570 P d5c37cb1777946179e6692ee5e504715: Bootstrap complete.
I1010 10:35:58.531126 120758272 raft_consensus.cc:1135] T c09c8a2af076408b8083ae6bfc2a671e P d5c37cb1777946179e6692ee5e504715 [term 5 FOLLOWER]: Becoming Follower/Learner. State: Replica: d5c37cb1777946179e6692ee5e504715, State: 1, Role: FOLLOWER, Watermarks: {Received: 5.6 Committed: 5.6} Leader: 0.0, new leader: , initial_fd_wait: <uninitialized>
I1010 10:35:58.531265 122904576 tablet_bootstrap.cc:1212] T 2a30e7b2effb4ab888e1f5a8af3fb03b P d5c37cb1777946179e6692ee5e504715: Log entries applied to RocksDB: 14
I1010 10:35:58.531385 121831424 log_util.cc:841] Found no log entry headers
I1010 10:35:58.531386 123977728 log.cc:1461] T 9b45d3f9024e43b58a591ec35594430e P d5c37cb1777946179e6692ee5e504715: Setting log wal retention time to 0 seconds
I1010 10:35:58.531504 123441152 log_util.cc:797] Scanning /Users/nag/yb/yugabyte-data/node1/yb-data/tserver/wals/table-f80c17935cc9489ab3c6c05dceb25976/tablet-a818e973b4b04213a257872ca0183570/wal-000000001 for valid entry headers following offset 1924...
I1010 10:35:58.531471 120758272 consensus_meta.cc:361] T c09c8a2af076408b8083ae6bfc2a671e P d5c37cb1777946179e6692ee5e504715: Updating active role from FOLLOWER to FOLLOWER. Consensus state: current_term: 5 leader_uuid: "" config { opid_index: 6 peers { permanent_uuid: "23d881032c1249bd803e401a539be0e2" member_type: VOTER last_known_private_addr { host: "127.0.0.3" port: 9100 } cloud_info { placement_cloud: "cloud1" placement_region: "datacenter1" placement_zone: "rack1" } } peers { permanent_uuid: "6b460ba950654300b6c50d93f25aea31" member_type: VOTER last_known_private_addr { host: "127.0.0.2" port: 9100 } cloud_info { placement_cloud: "cloud1" placement_region: "datacenter1" placement_zone: "rack1" } } peers { permanent_uuid: "d5c37cb1777946179e6692ee5e504715" member_type: VOTER last_known_private_addr { host: "127.0.0.1" port: 9100 } cloud_info { placement_cloud: "cloud1" placement_region: "datacenter1" placement_zone: "rack1" } } }, has_pending_config = 0
I1010 10:35:58.531648 122904576 tablet_bootstrap.cc:1666] T 2a30e7b2effb4ab888e1f5a8af3fb03b P d5c37cb1777946179e6692ee5e504715: Number of orphaned replicates: 0, last id: 1.14, committed id: 1.14
I1010 10:35:58.531706 121831424 log_util.cc:702] Ignoring partially flushed segment in write ahead log /Users/nag/yb/yugabyte-data/node1/yb-data/tserver/wals/table-f80c17935cc9489ab3c6c05dceb25976/tablet-46569f1a6c8746acb9da222b34f086b5/wal-000000002 because there are no log entries following this one. The server probably crashed in the middle of writing an entry to the write-ahead log or downloaded an active log via remote bootstrap. Error detail: Corruption (yb/consensus/log_util.cc:912): Invalid checksum in log entry head header: found=0, computed=2351477386: Failed trying to read batch #3 at offset 193 for log segment /Users/nag/yb/yugabyte-data/node1/yb-data/tserver/wals/table-f80c17935cc9489ab3c6c05dceb25976/tablet-46569f1a6c8746acb9da222b34f086b5/wal-000000002: Prior batch offsets: 109 167 193; Last log entries read: [REPLICATE (3.6)]
I1010 10:35:58.531843 123977728 ts_tablet_manager.cc:1982] T 9b45d3f9024e43b58a591ec35594430e P d5c37cb1777946179e6692ee5e504715: Time spent bootstrapping tablet: real 0.015s	user 0.001s	sys 0.003s
I1010 10:35:58.531975 120758272 consensus_queue.cc:270] T c09c8a2af076408b8083ae6bfc2a671e P d5c37cb1777946179e6692ee5e504715 [NON_LEADER]: Queue going to NON_LEADER mode. State: All replicated op: 0.0, Majority replicated op: 0.0, Committed index: 0.0, Last applied: 0.0, Last appended: 5.6, Current term: 0, Majority size: -1, State: QUEUE_OPEN, Mode: NON_LEADER
I1010 10:35:58.532210 124514304 consensus_meta.cc:361] T 7584006b2fba41cd828ac06782afeb03 P d5c37cb1777946179e6692ee5e504715: Updating active role from FOLLOWER to FOLLOWER. Consensus state: current_term: 3 leader_uuid: "" config { opid_index: 5 peers { permanent_uuid: "23d881032c1249bd803e401a539be0e2" member_type: VOTER last_known_private_addr { host: "127.0.0.3" port: 9100 } cloud_info { placement_cloud: "cloud1" placement_region: "datacenter1" placement_zone: "rack1" } } peers { permanent_uuid: "6b460ba950654300b6c50d93f25aea31" member_type: VOTER last_known_private_addr { host: "127.0.0.2" port: 9100 } cloud_info { placement_cloud: "cloud1" placement_region: "datacenter1" placement_zone: "rack1" } } peers { permanent_uuid: "d5c37cb1777946179e6692ee5e504715" member_type: VOTER last_known_private_addr { host: "127.0.0.1" port: 9100 } cloud_info { placement_cloud: "cloud1" placement_region: "datacenter1" placement_zone: "rack1" } } }, has_pending_config = 0
I1010 10:35:58.532423 121831424 log.cc:1112] Successfully restored footer_builder_ and log_index_ for segment: /Users/nag/yb/yugabyte-data/node1/yb-data/tserver/wals/table-f80c17935cc9489ab3c6c05dceb25976/tablet-46569f1a6c8746acb9da222b34f086b5/wal-000000002. Reopen the file for write with starting offset: 193
I1010 10:35:58.532696 120758272 raft_consensus.cc:3519] T c09c8a2af076408b8083ae6bfc2a671e P d5c37cb1777946179e6692ee5e504715 [term 5 FOLLOWER]: Calling mark dirty synchronously for reason code CONSENSUS_STARTED
I1010 10:35:58.532878 122368000 consensus_meta.cc:361] T 541698385c044c6ab901cf03bad66398 P d5c37cb1777946179e6692ee5e504715: Updating active role from FOLLOWER to FOLLOWER. Consensus state: current_term: 2 leader_uuid: "" config { opid_index: 5 peers { permanent_uuid: "23d881032c1249bd803e401a539be0e2" member_type: VOTER last_known_private_addr { host: "127.0.0.3" port: 9100 } cloud_info { placement_cloud: "cloud1" placement_region: "datacenter1" placement_zone: "rack1" } } peers { permanent_uuid: "6b460ba950654300b6c50d93f25aea31" member_type: VOTER last_known_private_addr { host: "127.0.0.2" port: 9100 } cloud_info { placement_cloud: "cloud1" placement_region: "datacenter1" placement_zone: "rack1" } } peers { permanent_uuid: "d5c37cb1777946179e6692ee5e504715" member_type: VOTER last_known_private_addr { host: "127.0.0.1" port: 9100 } cloud_info { placement_cloud: "cloud1" placement_region: "datacenter1" placement_zone: "rack1" } } }, has_pending_config = 0
I1010 10:35:58.533605 124514304 raft_consensus.cc:498] T 7584006b2fba41cd828ac06782afeb03 P d5c37cb1777946179e6692ee5e504715 [term 3 FOLLOWER]: Replica starting. Triggering 0 pending operations. Active config: opid_index: 5 peers { permanent_uuid: "23d881032c1249bd803e401a539be0e2" member_type: VOTER last_known_private_addr { host: "127.0.0.3" port: 9100 } cloud_info { placement_cloud: "cloud1" placement_region: "datacenter1" placement_zone: "rack1" } } peers { permanent_uuid: "6b460ba950654300b6c50d93f25aea31" member_type: VOTER last_known_private_addr { host: "127.0.0.2" port: 9100 } cloud_info { placement_cloud: "cloud1" placement_region: "datacenter1" placement_zone: "rack1" } } peers { permanent_uuid: "d5c37cb1777946179e6692ee5e504715" member_type: VOTER last_known_private_addr { host: "127.0.0.1" port: 9100 } cloud_info { placement_cloud: "cloud1" placement_region: "datacenter1" placement_zone: "rack1" } }
I1010 10:35:58.533690 121831424 log.cc:1461] T 46569f1a6c8746acb9da222b34f086b5 P d5c37cb1777946179e6692ee5e504715: Setting log wal retention time to 0 seconds
I1010 10:35:58.533917 120758272 tablet_peer.cc:1643] T c09c8a2af076408b8083ae6bfc2a671e P d5c37cb1777946179e6692ee5e504715 [state=RUNNING]: Changed state from BOOTSTRAPPING to RUNNING
I1010 10:35:58.534401 123441152 log_util.cc:841] Found no log entry headers
I1010 10:35:58.534385 122368000 raft_consensus.cc:498] T 541698385c044c6ab901cf03bad66398 P d5c37cb1777946179e6692ee5e504715 [term 2 FOLLOWER]: Replica starting. Triggering 0 pending operations. Active config: opid_index: 5 peers { permanent_uuid: "23d881032c1249bd803e401a539be0e2" member_type: VOTER last_known_private_addr { host: "127.0.0.3" port: 9100 } cloud_info { placement_cloud: "cloud1" placement_region: "datacenter1" placement_zone: "rack1" } } peers { permanent_uuid: "6b460ba950654300b6c50d93f25aea31" member_type: VOTER last_known_private_addr { host: "127.0.0.2" port: 9100 } cloud_info { placement_cloud: "cloud1" placement_region: "datacenter1" placement_zone: "rack1" } } peers { permanent_uuid: "d5c37cb1777946179e6692ee5e504715" member_type: VOTER last_known_private_addr { host: "127.0.0.1" port: 9100 } cloud_info { placement_cloud: "cloud1" placement_region: "datacenter1" placement_zone: "rack1" } }
I1010 10:35:58.534781 127197184 heartbeater.cc:379] P d5c37cb1777946179e6692ee5e504715: Registering TS with master...
I1010 10:35:58.534931 124514304 raft_consensus.cc:1135] T 7584006b2fba41cd828ac06782afeb03 P d5c37cb1777946179e6692ee5e504715 [term 3 FOLLOWER]: Becoming Follower/Learner. State: Replica: d5c37cb1777946179e6692ee5e504715, State: 1, Role: FOLLOWER, Watermarks: {Received: 3.5 Committed: 3.5} Leader: 0.0, new leader: , initial_fd_wait: <uninitialized>
I1010 10:35:58.535012 122904576 tablet_bootstrap_if.cc:96] T 2a30e7b2effb4ab888e1f5a8af3fb03b P d5c37cb1777946179e6692ee5e504715: Bootstrap complete.
I1010 10:35:58.535118 120758272 tablet_peer.cc:1516] T c09c8a2af076408b8083ae6bfc2a671e P d5c37cb1777946179e6692ee5e504715 [state=RUNNING]: Registered log gc
I1010 10:35:58.535172 121831424 ts_tablet_manager.cc:1982] T 46569f1a6c8746acb9da222b34f086b5 P d5c37cb1777946179e6692ee5e504715: Time spent bootstrapping tablet: real 0.021s	user 0.002s	sys 0.003s
I1010 10:35:58.535182 123441152 log_util.cc:702] Ignoring partially flushed segment in write ahead log /Users/nag/yb/yugabyte-data/node1/yb-data/tserver/wals/table-f80c17935cc9489ab3c6c05dceb25976/tablet-a818e973b4b04213a257872ca0183570/wal-000000001 because there are no log entries following this one. The server probably crashed in the middle of writing an entry to the write-ahead log or downloaded an active log via remote bootstrap. Error detail: Corruption (yb/consensus/log_util.cc:912): Invalid checksum in log entry head header: found=0, computed=2351477386: Failed trying to read batch #9 at offset 1924 for log segment /Users/nag/yb/yugabyte-data/node1/yb-data/tserver/wals/table-f80c17935cc9489ab3c6c05dceb25976/tablet-a818e973b4b04213a257872ca0183570/wal-000000001: Prior batch offsets: 1266 1292 1898 1924; Last log entries read: [REPLICATE (1.1)] [REPLICATE (1.2)] [REPLICATE (1.3)] [REPLICATE (1.4)]
I1010 10:35:58.535501 127197184 server_base.cc:598] Using private rpc address 127.0.0.1
I1010 10:35:58.535521 122368000 raft_consensus.cc:1135] T 541698385c044c6ab901cf03bad66398 P d5c37cb1777946179e6692ee5e504715 [term 2 FOLLOWER]: Becoming Follower/Learner. State: Replica: d5c37cb1777946179e6692ee5e504715, State: 1, Role: FOLLOWER, Watermarks: {Received: 2.5 Committed: 2.5} Leader: 0.0, new leader: , initial_fd_wait: <uninitialized>
I1010 10:35:58.535614 124514304 consensus_meta.cc:361] T 7584006b2fba41cd828ac06782afeb03 P d5c37cb1777946179e6692ee5e504715: Updating active role from FOLLOWER to FOLLOWER. Consensus state: current_term: 3 leader_uuid: "" config { opid_index: 5 peers { permanent_uuid: "23d881032c1249bd803e401a539be0e2" member_type: VOTER last_known_private_addr { host: "127.0.0.3" port: 9100 } cloud_info { placement_cloud: "cloud1" placement_region: "datacenter1" placement_zone: "rack1" } } peers { permanent_uuid: "6b460ba950654300b6c50d93f25aea31" member_type: VOTER last_known_private_addr { host: "127.0.0.2" port: 9100 } cloud_info { placement_cloud: "cloud1" placement_region: "datacenter1" placement_zone: "rack1" } } peers { permanent_uuid: "d5c37cb1777946179e6692ee5e504715" member_type: VOTER last_known_private_addr { host: "127.0.0.1" port: 9100 } cloud_info { placement_cloud: "cloud1" placement_region: "datacenter1" placement_zone: "rack1" } } }, has_pending_config = 0
I1010 10:35:58.535945 122904576 log_util.cc:797] Scanning /Users/nag/yb/yugabyte-data/node1/yb-data/tserver/wals/table-f80c17935cc9489ab3c6c05dceb25976/tablet-2a30e7b2effb4ab888e1f5a8af3fb03b/wal-000000001 for valid entry headers following offset 3312...
I1010 10:35:58.536006 120758272 ts_tablet_manager.cc:2063] T c09c8a2af076408b8083ae6bfc2a671e P d5c37cb1777946179e6692ee5e504715: Time spent starting tablet: real 0.008s	user 0.002s	sys 0.001s
I1010 10:35:58.536439 123441152 log.cc:1112] Successfully restored footer_builder_ and log_index_ for segment: /Users/nag/yb/yugabyte-data/node1/yb-data/tserver/wals/table-f80c17935cc9489ab3c6c05dceb25976/tablet-a818e973b4b04213a257872ca0183570/wal-000000001. Reopen the file for write with starting offset: 1924
I1010 10:35:58.536461 127197184 server_base.cc:620] Using http address 127.0.0.1
I1010 10:35:58.536566 122368000 consensus_meta.cc:361] T 541698385c044c6ab901cf03bad66398 P d5c37cb1777946179e6692ee5e504715: Updating active role from FOLLOWER to FOLLOWER. Consensus state: current_term: 2 leader_uuid: "" config { opid_index: 5 peers { permanent_uuid: "23d881032c1249bd803e401a539be0e2" member_type: VOTER last_known_private_addr { host: "127.0.0.3" port: 9100 } cloud_info { placement_cloud: "cloud1" placement_region: "datacenter1" placement_zone: "rack1" } } peers { permanent_uuid: "6b460ba950654300b6c50d93f25aea31" member_type: VOTER last_known_private_addr { host: "127.0.0.2" port: 9100 } cloud_info { placement_cloud: "cloud1" placement_region: "datacenter1" placement_zone: "rack1" } } peers { permanent_uuid: "d5c37cb1777946179e6692ee5e504715" member_type: VOTER last_known_private_addr { host: "127.0.0.1" port: 9100 } cloud_info { placement_cloud: "cloud1" placement_region: "datacenter1" placement_zone: "rack1" } } }, has_pending_config = 0
I1010 10:35:58.536768 124514304 consensus_queue.cc:270] T 7584006b2fba41cd828ac06782afeb03 P d5c37cb1777946179e6692ee5e504715 [NON_LEADER]: Queue going to NON_LEADER mode. State: All replicated op: 0.0, Majority replicated op: 0.0, Committed index: 0.0, Last applied: 0.0, Last appended: 3.5, Current term: 0, Majority size: -1, State: QUEUE_OPEN, Mode: NON_LEADER
I1010 10:35:58.537021 123977728 consensus_meta.cc:361] T 9b45d3f9024e43b58a591ec35594430e P d5c37cb1777946179e6692ee5e504715: Updating active role from FOLLOWER to FOLLOWER. Consensus state: current_term: 1 leader_uuid: "" config { opid_index: 4 peers { permanent_uuid: "23d881032c1249bd803e401a539be0e2" member_type: VOTER last_known_private_addr { host: "127.0.0.3" port: 9100 } cloud_info { placement_cloud: "cloud1" placement_region: "datacenter1" placement_zone: "rack1" } } peers { permanent_uuid: "6b460ba950654300b6c50d93f25aea31" member_type: VOTER last_known_private_addr { host: "127.0.0.2" port: 9100 } cloud_info { placement_cloud: "cloud1" placement_region: "datacenter1" placement_zone: "rack1" } } peers { permanent_uuid: "d5c37cb1777946179e6692ee5e504715" member_type: VOTER last_known_private_addr { host: "127.0.0.1" port: 9100 } cloud_info { placement_cloud: "cloud1" placement_region: "datacenter1" placement_zone: "rack1" } } }, has_pending_config = 0
I1010 10:35:58.537253 120758272 ts_tablet_manager.cc:3478] Deleted transition in progress opening tablet for tablet c09c8a2af076408b8083ae6bfc2a671e
I1010 10:35:58.537292 123441152 log.cc:1461] T a818e973b4b04213a257872ca0183570 P d5c37cb1777946179e6692ee5e504715: Setting log wal retention time to 0 seconds
I1010 10:35:58.537664 122368000 consensus_queue.cc:270] T 541698385c044c6ab901cf03bad66398 P d5c37cb1777946179e6692ee5e504715 [NON_LEADER]: Queue going to NON_LEADER mode. State: All replicated op: 0.0, Majority replicated op: 0.0, Committed index: 0.0, Last applied: 0.0, Last appended: 2.5, Current term: 0, Majority size: -1, State: QUEUE_OPEN, Mode: NON_LEADER
I1010 10:35:58.537864 124514304 raft_consensus.cc:3519] T 7584006b2fba41cd828ac06782afeb03 P d5c37cb1777946179e6692ee5e504715 [term 3 FOLLOWER]: Calling mark dirty synchronously for reason code CONSENSUS_STARTED
I1010 10:35:58.537974 120758272 ts_tablet_manager.cc:1936] T 4c1e255cf37d4de58ed9d6a6f32e7473 P d5c37cb1777946179e6692ee5e504715: Bootstrapping tablet
I1010 10:35:58.537966 123977728 raft_consensus.cc:498] T 9b45d3f9024e43b58a591ec35594430e P d5c37cb1777946179e6692ee5e504715 [term 1 FOLLOWER]: Replica starting. Triggering 0 pending operations. Active config: opid_index: 4 peers { permanent_uuid: "23d881032c1249bd803e401a539be0e2" member_type: VOTER last_known_private_addr { host: "127.0.0.3" port: 9100 } cloud_info { placement_cloud: "cloud1" placement_region: "datacenter1" placement_zone: "rack1" } } peers { permanent_uuid: "6b460ba950654300b6c50d93f25aea31" member_type: VOTER last_known_private_addr { host: "127.0.0.2" port: 9100 } cloud_info { placement_cloud: "cloud1" placement_region: "datacenter1" placement_zone: "rack1" } } peers { permanent_uuid: "d5c37cb1777946179e6692ee5e504715" member_type: VOTER last_known_private_addr { host: "127.0.0.1" port: 9100 } cloud_info { placement_cloud: "cloud1" placement_region: "datacenter1" placement_zone: "rack1" } }
I1010 10:35:58.538045 122904576 log_util.cc:841] Found no log entry headers
I1010 10:35:58.538064 122368000 raft_consensus.cc:3519] T 541698385c044c6ab901cf03bad66398 P d5c37cb1777946179e6692ee5e504715 [term 2 FOLLOWER]: Calling mark dirty synchronously for reason code CONSENSUS_STARTED
I1010 10:35:58.538065 123441152 ts_tablet_manager.cc:1982] T a818e973b4b04213a257872ca0183570 P d5c37cb1777946179e6692ee5e504715: Time spent bootstrapping tablet: real 0.022s	user 0.002s	sys 0.005s
I1010 10:35:58.538112 124514304 tablet_peer.cc:1643] T 7584006b2fba41cd828ac06782afeb03 P d5c37cb1777946179e6692ee5e504715 [state=RUNNING]: Changed state from BOOTSTRAPPING to RUNNING
I1010 10:35:58.538208 123977728 raft_consensus.cc:1135] T 9b45d3f9024e43b58a591ec35594430e P d5c37cb1777946179e6692ee5e504715 [term 1 FOLLOWER]: Becoming Follower/Learner. State: Replica: d5c37cb1777946179e6692ee5e504715, State: 1, Role: FOLLOWER, Watermarks: {Received: 1.4 Committed: 1.4} Leader: 0.0, new leader: , initial_fd_wait: <uninitialized>
I1010 10:35:58.538232 122904576 log_util.cc:702] Ignoring partially flushed segment in write ahead log /Users/nag/yb/yugabyte-data/node1/yb-data/tserver/wals/table-f80c17935cc9489ab3c6c05dceb25976/tablet-2a30e7b2effb4ab888e1f5a8af3fb03b/wal-000000001 because there are no log entries following this one. The server probably crashed in the middle of writing an entry to the write-ahead log or downloaded an active log via remote bootstrap. Error detail: Corruption (yb/consensus/log_util.cc:912): Invalid checksum in log entry head header: found=0, computed=2351477386: Failed trying to read batch #29 at offset 3312 for log segment /Users/nag/yb/yugabyte-data/node1/yb-data/tserver/wals/table-f80c17935cc9489ab3c6c05dceb25976/tablet-2a30e7b2effb4ab888e1f5a8af3fb03b/wal-000000001: Prior batch offsets: 3175 3201 3286 3312; Last log entries read: [REPLICATE (1.11)] [REPLICATE (1.12)] [REPLICATE (1.13)] [REPLICATE (1.14)]
I1010 10:35:58.538275 122368000 tablet_peer.cc:1643] T 541698385c044c6ab901cf03bad66398 P d5c37cb1777946179e6692ee5e504715 [state=RUNNING]: Changed state from BOOTSTRAPPING to RUNNING
I1010 10:35:58.538396 123977728 consensus_meta.cc:361] T 9b45d3f9024e43b58a591ec35594430e P d5c37cb1777946179e6692ee5e504715: Updating active role from FOLLOWER to FOLLOWER. Consensus state: current_term: 1 leader_uuid: "" config { opid_index: 4 peers { permanent_uuid: "23d881032c1249bd803e401a539be0e2" member_type: VOTER last_known_private_addr { host: "127.0.0.3" port: 9100 } cloud_info { placement_cloud: "cloud1" placement_region: "datacenter1" placement_zone: "rack1" } } peers { permanent_uuid: "6b460ba950654300b6c50d93f25aea31" member_type: VOTER last_known_private_addr { host: "127.0.0.2" port: 9100 } cloud_info { placement_cloud: "cloud1" placement_region: "datacenter1" placement_zone: "rack1" } } peers { permanent_uuid: "d5c37cb1777946179e6692ee5e504715" member_type: VOTER last_known_private_addr { host: "127.0.0.1" port: 9100 } cloud_info { placement_cloud: "cloud1" placement_region: "datacenter1" placement_zone: "rack1" } } }, has_pending_config = 0
I1010 10:35:58.538431 124514304 tablet_peer.cc:1516] T 7584006b2fba41cd828ac06782afeb03 P d5c37cb1777946179e6692ee5e504715 [state=RUNNING]: Registered log gc
I1010 10:35:58.538609 122904576 log.cc:1112] Successfully restored footer_builder_ and log_index_ for segment: /Users/nag/yb/yugabyte-data/node1/yb-data/tserver/wals/table-f80c17935cc9489ab3c6c05dceb25976/tablet-2a30e7b2effb4ab888e1f5a8af3fb03b/wal-000000001. Reopen the file for write with starting offset: 3312
I1010 10:35:58.538620 120758272 consensus_meta.cc:361] T 4c1e255cf37d4de58ed9d6a6f32e7473 P d5c37cb1777946179e6692ee5e504715: Updating active role from UNKNOWN_ROLE to FOLLOWER. Consensus state: current_term: 1 leader_uuid: "" config { opid_index: 4 peers { permanent_uuid: "6b460ba950654300b6c50d93f25aea31" member_type: VOTER last_known_private_addr { host: "127.0.0.2" port: 9100 } cloud_info { placement_cloud: "cloud1" placement_region: "datacenter1" placement_zone: "rack1" } } peers { permanent_uuid: "d5c37cb1777946179e6692ee5e504715" member_type: VOTER last_known_private_addr { host: "127.0.0.1" port: 9100 } cloud_info { placement_cloud: "cloud1" placement_region: "datacenter1" placement_zone: "rack1" } } peers { permanent_uuid: "23d881032c1249bd803e401a539be0e2" member_type: VOTER last_known_private_addr { host: "127.0.0.3" port: 9100 } cloud_info { placement_cloud: "cloud1" placement_region: "datacenter1" placement_zone: "rack1" } } }, has_pending_config = 0
I1010 10:35:58.538775 123977728 consensus_queue.cc:270] T 9b45d3f9024e43b58a591ec35594430e P d5c37cb1777946179e6692ee5e504715 [NON_LEADER]: Queue going to NON_LEADER mode. State: All replicated op: 0.0, Majority replicated op: 0.0, Committed index: 0.0, Last applied: 0.0, Last appended: 1.4, Current term: 0, Majority size: -1, State: QUEUE_OPEN, Mode: NON_LEADER
I1010 10:35:58.538801 122368000 tablet_peer.cc:1516] T 541698385c044c6ab901cf03bad66398 P d5c37cb1777946179e6692ee5e504715 [state=RUNNING]: Registered log gc
I1010 10:35:58.538852 124514304 ts_tablet_manager.cc:2063] T 7584006b2fba41cd828ac06782afeb03 P d5c37cb1777946179e6692ee5e504715: Time spent starting tablet: real 0.009s	user 0.001s	sys 0.002s
I1010 10:35:58.538949 121831424 consensus_meta.cc:361] T 46569f1a6c8746acb9da222b34f086b5 P d5c37cb1777946179e6692ee5e504715: Updating active role from FOLLOWER to FOLLOWER. Consensus state: current_term: 3 leader_uuid: "" config { opid_index: 4 peers { permanent_uuid: "23d881032c1249bd803e401a539be0e2" member_type: VOTER last_known_private_addr { host: "127.0.0.3" port: 9100 } cloud_info { placement_cloud: "cloud1" placement_region: "datacenter1" placement_zone: "rack1" } } peers { permanent_uuid: "6b460ba950654300b6c50d93f25aea31" member_type: VOTER last_known_private_addr { host: "127.0.0.2" port: 9100 } cloud_info { placement_cloud: "cloud1" placement_region: "datacenter1" placement_zone: "rack1" } } peers { permanent_uuid: "d5c37cb1777946179e6692ee5e504715" member_type: VOTER last_known_private_addr { host: "127.0.0.1" port: 9100 } cloud_info { placement_cloud: "cloud1" placement_region: "datacenter1" placement_zone: "rack1" } } }, has_pending_config = 0
I1010 10:35:58.538995 122904576 log.cc:1461] T 2a30e7b2effb4ab888e1f5a8af3fb03b P d5c37cb1777946179e6692ee5e504715: Setting log wal retention time to 0 seconds
W1010 10:35:58.539000 127197184 heartbeater.cc:671] P d5c37cb1777946179e6692ee5e504715: Failed to heartbeat to 127.0.0.3:7100: Remote error (yb/rpc/outbound_call.cc:561): Failed to send heartbeat: Invalid argument (yb/master/master_heartbeat_service.cc:251): Received wrong universe_uuid 21b2e3d0-495a-4149-9f2a-913ddeb95eff, expected 7252bc1a-cf22-48a4-9dd6-459a6f24aa4e (rpc error 1) tries=7, num=3, masters=0x000000011260a8b8 -> [[127.0.0.1:7100], [127.0.0.2:7100], [127.0.0.3:7100]], code=Remote error
I1010 10:35:58.539127 123977728 raft_consensus.cc:3519] T 9b45d3f9024e43b58a591ec35594430e P d5c37cb1777946179e6692ee5e504715 [term 1 FOLLOWER]: Calling mark dirty synchronously for reason code CONSENSUS_STARTED
I1010 10:35:58.539171 122368000 ts_tablet_manager.cc:2063] T 541698385c044c6ab901cf03bad66398 P d5c37cb1777946179e6692ee5e504715: Time spent starting tablet: real 0.009s	user 0.002s	sys 0.002s
I1010 10:35:58.539217 124514304 ts_tablet_manager.cc:3478] Deleted transition in progress opening tablet for tablet 7584006b2fba41cd828ac06782afeb03
I1010 10:35:58.539234 120758272 tablet_bootstrap_state_manager.cc:68] Initialized TabletBootstrapStateManager, found a file ? no, wal dir=/Users/nag/yb/yugabyte-data/node1/yb-data/tserver/wals/table-f80c17935cc9489ab3c6c05dceb25976/tablet-4c1e255cf37d4de58ed9d6a6f32e7473
I1010 10:35:58.539325 122904576 ts_tablet_manager.cc:1982] T 2a30e7b2effb4ab888e1f5a8af3fb03b P d5c37cb1777946179e6692ee5e504715: Time spent bootstrapping tablet: real 0.023s	user 0.002s	sys 0.006s
I1010 10:35:58.539323 121831424 raft_consensus.cc:498] T 46569f1a6c8746acb9da222b34f086b5 P d5c37cb1777946179e6692ee5e504715 [term 3 FOLLOWER]: Replica starting. Triggering 0 pending operations. Active config: opid_index: 4 peers { permanent_uuid: "23d881032c1249bd803e401a539be0e2" member_type: VOTER last_known_private_addr { host: "127.0.0.3" port: 9100 } cloud_info { placement_cloud: "cloud1" placement_region: "datacenter1" placement_zone: "rack1" } } peers { permanent_uuid: "6b460ba950654300b6c50d93f25aea31" member_type: VOTER last_known_private_addr { host: "127.0.0.2" port: 9100 } cloud_info { placement_cloud: "cloud1" placement_region: "datacenter1" placement_zone: "rack1" } } peers { permanent_uuid: "d5c37cb1777946179e6692ee5e504715" member_type: VOTER last_known_private_addr { host: "127.0.0.1" port: 9100 } cloud_info { placement_cloud: "cloud1" placement_region: "datacenter1" placement_zone: "rack1" } }
I1010 10:35:58.539391 127197184 heartbeater.cc:379] P d5c37cb1777946179e6692ee5e504715: Registering TS with master...
I1010 10:35:58.539474 123977728 tablet_peer.cc:1643] T 9b45d3f9024e43b58a591ec35594430e P d5c37cb1777946179e6692ee5e504715 [state=RUNNING]: Changed state from BOOTSTRAPPING to RUNNING
I1010 10:35:58.539515 122368000 ts_tablet_manager.cc:3478] Deleted transition in progress opening tablet for tablet 541698385c044c6ab901cf03bad66398
I1010 10:35:58.539589 124514304 ts_tablet_manager.cc:1936] T 30fedb9fed834e6d975c43711c3f6fd9 P d5c37cb1777946179e6692ee5e504715: Bootstrapping tablet
I1010 10:35:58.539652 120758272 tablet_peer.cc:1643] T 4c1e255cf37d4de58ed9d6a6f32e7473 P d5c37cb1777946179e6692ee5e504715 [state=BOOTSTRAPPING]: Changed state from NOT_STARTED to BOOTSTRAPPING
I1010 10:35:58.539814 121831424 raft_consensus.cc:1135] T 46569f1a6c8746acb9da222b34f086b5 P d5c37cb1777946179e6692ee5e504715 [term 3 FOLLOWER]: Becoming Follower/Learner. State: Replica: d5c37cb1777946179e6692ee5e504715, State: 1, Role: FOLLOWER, Watermarks: {Received: 3.6 Committed: 3.6} Leader: 0.0, new leader: , initial_fd_wait: <uninitialized>
I1010 10:35:58.539976 127197184 server_base.cc:598] Using private rpc address 127.0.0.1
I1010 10:35:58.540213 123977728 tablet_peer.cc:1516] T 9b45d3f9024e43b58a591ec35594430e P d5c37cb1777946179e6692ee5e504715 [state=RUNNING]: Registered log gc
I1010 10:35:58.540400 122368000 ts_tablet_manager.cc:1936] T f5bd6014d733492eac6dd2cfba061381 P d5c37cb1777946179e6692ee5e504715: Bootstrapping tablet
I1010 10:35:58.541330 123441152 consensus_meta.cc:361] T a818e973b4b04213a257872ca0183570 P d5c37cb1777946179e6692ee5e504715: Updating active role from FOLLOWER to FOLLOWER. Consensus state: current_term: 1 leader_uuid: "" config { opid_index: 4 peers { permanent_uuid: "23d881032c1249bd803e401a539be0e2" member_type: VOTER last_known_private_addr { host: "127.0.0.3" port: 9100 } cloud_info { placement_cloud: "cloud1" placement_region: "datacenter1" placement_zone: "rack1" } } peers { permanent_uuid: "d5c37cb1777946179e6692ee5e504715" member_type: VOTER last_known_private_addr { host: "127.0.0.1" port: 9100 } cloud_info { placement_cloud: "cloud1" placement_region: "datacenter1" placement_zone: "rack1" } } peers { permanent_uuid: "6b460ba950654300b6c50d93f25aea31" member_type: VOTER last_known_private_addr { host: "127.0.0.2" port: 9100 } cloud_info { placement_cloud: "cloud1" placement_region: "datacenter1" placement_zone: "rack1" } } }, has_pending_config = 0
I1010 10:35:58.541401 120758272 tablet_bootstrap_if.cc:96] T 4c1e255cf37d4de58ed9d6a6f32e7473 P d5c37cb1777946179e6692ee5e504715: Bootstrap starting.
I1010 10:35:58.541671 121831424 consensus_meta.cc:361] T 46569f1a6c8746acb9da222b34f086b5 P d5c37cb1777946179e6692ee5e504715: Updating active role from FOLLOWER to FOLLOWER. Consensus state: current_term: 3 leader_uuid: "" config { opid_index: 4 peers { permanent_uuid: "23d881032c1249bd803e401a539be0e2" member_type: VOTER last_known_private_addr { host: "127.0.0.3" port: 9100 } cloud_info { placement_cloud: "cloud1" placement_region: "datacenter1" placement_zone: "rack1" } } peers { permanent_uuid: "6b460ba950654300b6c50d93f25aea31" member_type: VOTER last_known_private_addr { host: "127.0.0.2" port: 9100 } cloud_info { placement_cloud: "cloud1" placement_region: "datacenter1" placement_zone: "rack1" } } peers { permanent_uuid: "d5c37cb1777946179e6692ee5e504715" member_type: VOTER last_known_private_addr { host: "127.0.0.1" port: 9100 } cloud_info { placement_cloud: "cloud1" placement_region: "datacenter1" placement_zone: "rack1" } } }, has_pending_config = 0
I1010 10:35:58.541986 127197184 server_base.cc:620] Using http address 127.0.0.1
I1010 10:35:58.542055 124514304 consensus_meta.cc:361] T 30fedb9fed834e6d975c43711c3f6fd9 P d5c37cb1777946179e6692ee5e504715: Updating active role from UNKNOWN_ROLE to FOLLOWER. Consensus state: current_term: 3 leader_uuid: "" config { opid_index: 5 peers { permanent_uuid: "23d881032c1249bd803e401a539be0e2" member_type: VOTER last_known_private_addr { host: "127.0.0.3" port: 9100 } cloud_info { placement_cloud: "cloud1" placement_region: "datacenter1" placement_zone: "rack1" } } peers { permanent_uuid: "d5c37cb1777946179e6692ee5e504715" member_type: VOTER last_known_private_addr { host: "127.0.0.1" port: 9100 } cloud_info { placement_cloud: "cloud1" placement_region: "datacenter1" placement_zone: "rack1" } } peers { permanent_uuid: "6b460ba950654300b6c50d93f25aea31" member_type: VOTER last_known_private_addr { host: "127.0.0.2" port: 9100 } cloud_info { placement_cloud: "cloud1" placement_region: "datacenter1" placement_zone: "rack1" } } }, has_pending_config = 0
I1010 10:35:58.542140 123977728 ts_tablet_manager.cc:2063] T 9b45d3f9024e43b58a591ec35594430e P d5c37cb1777946179e6692ee5e504715: Time spent starting tablet: real 0.010s	user 0.003s	sys 0.002s
I1010 10:35:58.542255 123441152 raft_consensus.cc:498] T a818e973b4b04213a257872ca0183570 P d5c37cb1777946179e6692ee5e504715 [term 1 FOLLOWER]: Replica starting. Triggering 0 pending operations. Active config: opid_index: 4 peers { permanent_uuid: "23d881032c1249bd803e401a539be0e2" member_type: VOTER last_known_private_addr { host: "127.0.0.3" port: 9100 } cloud_info { placement_cloud: "cloud1" placement_region: "datacenter1" placement_zone: "rack1" } } peers { permanent_uuid: "d5c37cb1777946179e6692ee5e504715" member_type: VOTER last_known_private_addr { host: "127.0.0.1" port: 9100 } cloud_info { placement_cloud: "cloud1" placement_region: "datacenter1" placement_zone: "rack1" } } peers { permanent_uuid: "6b460ba950654300b6c50d93f25aea31" member_type: VOTER last_known_private_addr { host: "127.0.0.2" port: 9100 } cloud_info { placement_cloud: "cloud1" placement_region: "datacenter1" placement_zone: "rack1" } }
I1010 10:35:58.542316 121831424 consensus_queue.cc:270] T 46569f1a6c8746acb9da222b34f086b5 P d5c37cb1777946179e6692ee5e504715 [NON_LEADER]: Queue going to NON_LEADER mode. State: All replicated op: 0.0, Majority replicated op: 0.0, Committed index: 0.0, Last applied: 0.0, Last appended: 3.6, Current term: 0, Majority size: -1, State: QUEUE_OPEN, Mode: NON_LEADER
I1010 10:35:58.542320 120758272 tablet.cc:637] T 4c1e255cf37d4de58ed9d6a6f32e7473 P d5c37cb1777946179e6692ee5e504715: Schema version for transactions is 0
I1010 10:35:58.542446 123977728 ts_tablet_manager.cc:3478] Deleted transition in progress opening tablet for tablet 9b45d3f9024e43b58a591ec35594430e
I1010 10:35:58.542435 122368000 consensus_meta.cc:361] T f5bd6014d733492eac6dd2cfba061381 P d5c37cb1777946179e6692ee5e504715: Updating active role from UNKNOWN_ROLE to FOLLOWER. Consensus state: current_term: 3 leader_uuid: "" config { opid_index: 4 peers { permanent_uuid: "6b460ba950654300b6c50d93f25aea31" member_type: VOTER last_known_private_addr { host: "127.0.0.2" port: 9100 } cloud_info { placement_cloud: "cloud1" placement_region: "datacenter1" placement_zone: "rack1" } } peers { permanent_uuid: "d5c37cb1777946179e6692ee5e504715" member_type: VOTER last_known_private_addr { host: "127.0.0.1" port: 9100 } cloud_info { placement_cloud: "cloud1" placement_region: "datacenter1" placement_zone: "rack1" } } peers { permanent_uuid: "23d881032c1249bd803e401a539be0e2" member_type: VOTER last_known_private_addr { host: "127.0.0.3" port: 9100 } cloud_info { placement_cloud: "cloud1" placement_region: "datacenter1" placement_zone: "rack1" } } }, has_pending_config = 0
I1010 10:35:58.542470 124514304 tablet_bootstrap_state_manager.cc:68] Initialized TabletBootstrapStateManager, found a file ? no, wal dir=/Users/nag/yb/yugabyte-data/node1/yb-data/tserver/wals/table-f80c17935cc9489ab3c6c05dceb25976/tablet-30fedb9fed834e6d975c43711c3f6fd9
I1010 10:35:58.542474 123441152 raft_consensus.cc:1135] T a818e973b4b04213a257872ca0183570 P d5c37cb1777946179e6692ee5e504715 [term 1 FOLLOWER]: Becoming Follower/Learner. State: Replica: d5c37cb1777946179e6692ee5e504715, State: 1, Role: FOLLOWER, Watermarks: {Received: 1.4 Committed: 1.4} Leader: 0.0, new leader: , initial_fd_wait: <uninitialized>
I1010 10:35:58.542515 121831424 raft_consensus.cc:3519] T 46569f1a6c8746acb9da222b34f086b5 P d5c37cb1777946179e6692ee5e504715 [term 3 FOLLOWER]: Calling mark dirty synchronously for reason code CONSENSUS_STARTED
I1010 10:35:58.542719 123977728 ts_tablet_manager.cc:1936] T f27eef4b471b4c3c800523a8cd4a34f7 P d5c37cb1777946179e6692ee5e504715: Bootstrapping tablet
I1010 10:35:58.542735 122368000 tablet_bootstrap_state_manager.cc:68] Initialized TabletBootstrapStateManager, found a file ? no, wal dir=/Users/nag/yb/yugabyte-data/node1/yb-data/tserver/wals/table-f80c17935cc9489ab3c6c05dceb25976/tablet-f5bd6014d733492eac6dd2cfba061381
I1010 10:35:58.542831 123441152 consensus_meta.cc:361] T a818e973b4b04213a257872ca0183570 P d5c37cb1777946179e6692ee5e504715: Updating active role from FOLLOWER to FOLLOWER. Consensus state: current_term: 1 leader_uuid: "" config { opid_index: 4 peers { permanent_uuid: "23d881032c1249bd803e401a539be0e2" member_type: VOTER last_known_private_addr { host: "127.0.0.3" port: 9100 } cloud_info { placement_cloud: "cloud1" placement_region: "datacenter1" placement_zone: "rack1" } } peers { permanent_uuid: "d5c37cb1777946179e6692ee5e504715" member_type: VOTER last_known_private_addr { host: "127.0.0.1" port: 9100 } cloud_info { placement_cloud: "cloud1" placement_region: "datacenter1" placement_zone: "rack1" } } peers { permanent_uuid: "6b460ba950654300b6c50d93f25aea31" member_type: VOTER last_known_private_addr { host: "127.0.0.2" port: 9100 } cloud_info { placement_cloud: "cloud1" placement_region: "datacenter1" placement_zone: "rack1" } } }, has_pending_config = 0
I1010 10:35:58.542857 124514304 tablet_peer.cc:1643] T 30fedb9fed834e6d975c43711c3f6fd9 P d5c37cb1777946179e6692ee5e504715 [state=BOOTSTRAPPING]: Changed state from NOT_STARTED to BOOTSTRAPPING
I1010 10:35:58.542876 120758272 tablet_bootstrap.cc:644] T 4c1e255cf37d4de58ed9d6a6f32e7473 P d5c37cb1777946179e6692ee5e504715: Time spent opening tablet: real 0.000s	user 0.000s	sys 0.000s
I1010 10:35:58.542928 121831424 tablet_peer.cc:1643] T 46569f1a6c8746acb9da222b34f086b5 P d5c37cb1777946179e6692ee5e504715 [state=RUNNING]: Changed state from BOOTSTRAPPING to RUNNING
I1010 10:35:58.542996 122904576 consensus_meta.cc:361] T 2a30e7b2effb4ab888e1f5a8af3fb03b P d5c37cb1777946179e6692ee5e504715: Updating active role from FOLLOWER to FOLLOWER. Consensus state: current_term: 1 leader_uuid: "" config { opid_index: 4 peers { permanent_uuid: "6b460ba950654300b6c50d93f25aea31" member_type: VOTER last_known_private_addr { host: "127.0.0.2" port: 9100 } cloud_info { placement_cloud: "cloud1" placement_region: "datacenter1" placement_zone: "rack1" } } peers { permanent_uuid: "d5c37cb1777946179e6692ee5e504715" member_type: VOTER last_known_private_addr { host: "127.0.0.1" port: 9100 } cloud_info { placement_cloud: "cloud1" placement_region: "datacenter1" placement_zone: "rack1" } } peers { permanent_uuid: "23d881032c1249bd803e401a539be0e2" member_type: VOTER last_known_private_addr { host: "127.0.0.3" port: 9100 } cloud_info { placement_cloud: "cloud1" placement_region: "datacenter1" placement_zone: "rack1" } } }, has_pending_config = 0
I1010 10:35:58.543092 122368000 tablet_peer.cc:1643] T f5bd6014d733492eac6dd2cfba061381 P d5c37cb1777946179e6692ee5e504715 [state=BOOTSTRAPPING]: Changed state from NOT_STARTED to BOOTSTRAPPING
I1010 10:35:58.543145 124514304 tablet_bootstrap_if.cc:96] T 30fedb9fed834e6d975c43711c3f6fd9 P d5c37cb1777946179e6692ee5e504715: Bootstrap starting.
I1010 10:35:58.543148 123441152 consensus_queue.cc:270] T a818e973b4b04213a257872ca0183570 P d5c37cb1777946179e6692ee5e504715 [NON_LEADER]: Queue going to NON_LEADER mode. State: All replicated op: 0.0, Majority replicated op: 0.0, Committed index: 0.0, Last applied: 0.0, Last appended: 1.4, Current term: 0, Majority size: -1, State: QUEUE_OPEN, Mode: NON_LEADER
I1010 10:35:58.543313 121831424 tablet_peer.cc:1516] T 46569f1a6c8746acb9da222b34f086b5 P d5c37cb1777946179e6692ee5e504715 [state=RUNNING]: Registered log gc
I1010 10:35:58.543316 122904576 raft_consensus.cc:498] T 2a30e7b2effb4ab888e1f5a8af3fb03b P d5c37cb1777946179e6692ee5e504715 [term 1 FOLLOWER]: Replica starting. Triggering 0 pending operations. Active config: opid_index: 4 peers { permanent_uuid: "6b460ba950654300b6c50d93f25aea31" member_type: VOTER last_known_private_addr { host: "127.0.0.2" port: 9100 } cloud_info { placement_cloud: "cloud1" placement_region: "datacenter1" placement_zone: "rack1" } } peers { permanent_uuid: "d5c37cb1777946179e6692ee5e504715" member_type: VOTER last_known_private_addr { host: "127.0.0.1" port: 9100 } cloud_info { placement_cloud: "cloud1" placement_region: "datacenter1" placement_zone: "rack1" } } peers { permanent_uuid: "23d881032c1249bd803e401a539be0e2" member_type: VOTER last_known_private_addr { host: "127.0.0.3" port: 9100 } cloud_info { placement_cloud: "cloud1" placement_region: "datacenter1" placement_zone: "rack1" } }
I1010 10:35:58.543386 120758272 tablet_bootstrap.cc:740] T 4c1e255cf37d4de58ed9d6a6f32e7473 P d5c37cb1777946179e6692ee5e504715: Will attempt to recover log segment /Users/nag/yb/yugabyte-data/node1/yb-data/tserver/wals/table-f80c17935cc9489ab3c6c05dceb25976/tablet-4c1e255cf37d4de58ed9d6a6f32e7473/wal-000000001
I1010 10:35:58.543383 123977728 consensus_meta.cc:361] T f27eef4b471b4c3c800523a8cd4a34f7 P d5c37cb1777946179e6692ee5e504715: Updating active role from UNKNOWN_ROLE to FOLLOWER. Consensus state: current_term: 3 leader_uuid: "" config { opid_index: 5 peers { permanent_uuid: "6b460ba950654300b6c50d93f25aea31" member_type: VOTER last_known_private_addr { host: "127.0.0.2" port: 9100 } cloud_info { placement_cloud: "cloud1" placement_region: "datacenter1" placement_zone: "rack1" } } peers { permanent_uuid: "d5c37cb1777946179e6692ee5e504715" member_type: VOTER last_known_private_addr { host: "127.0.0.1" port: 9100 } cloud_info { placement_cloud: "cloud1" placement_region: "datacenter1" placement_zone: "rack1" } } peers { permanent_uuid: "23d881032c1249bd803e401a539be0e2" member_type: VOTER last_known_private_addr { host: "127.0.0.3" port: 9100 } cloud_info { placement_cloud: "cloud1" placement_region: "datacenter1" placement_zone: "rack1" } } }, has_pending_config = 0
I1010 10:35:58.543431 122368000 tablet_bootstrap_if.cc:96] T f5bd6014d733492eac6dd2cfba061381 P d5c37cb1777946179e6692ee5e504715: Bootstrap starting.
I1010 10:35:58.543469 124514304 tablet.cc:637] T 30fedb9fed834e6d975c43711c3f6fd9 P d5c37cb1777946179e6692ee5e504715: Schema version for transactions is 0
I1010 10:35:58.543481 123441152 raft_consensus.cc:3519] T a818e973b4b04213a257872ca0183570 P d5c37cb1777946179e6692ee5e504715 [term 1 FOLLOWER]: Calling mark dirty synchronously for reason code CONSENSUS_STARTED
W1010 10:35:58.543494 127197184 heartbeater.cc:671] P d5c37cb1777946179e6692ee5e504715: Failed to heartbeat to 127.0.0.3:7100: Remote error (yb/rpc/outbound_call.cc:561): Failed to send heartbeat: Invalid argument (yb/master/master_heartbeat_service.cc:251): Received wrong universe_uuid 21b2e3d0-495a-4149-9f2a-913ddeb95eff, expected 7252bc1a-cf22-48a4-9dd6-459a6f24aa4e (rpc error 1) tries=8, num=3, masters=0x000000011260a8b8 -> [[127.0.0.1:7100], [127.0.0.2:7100], [127.0.0.3:7100]], code=Remote error
I1010 10:35:58.543503 122904576 raft_consensus.cc:1135] T 2a30e7b2effb4ab888e1f5a8af3fb03b P d5c37cb1777946179e6692ee5e504715 [term 1 FOLLOWER]: Becoming Follower/Learner. State: Replica: d5c37cb1777946179e6692ee5e504715, State: 1, Role: FOLLOWER, Watermarks: {Received: 1.14 Committed: 1.14} Leader: 0.0, new leader: , initial_fd_wait: <uninitialized>
I1010 10:35:58.543509 121831424 ts_tablet_manager.cc:2063] T 46569f1a6c8746acb9da222b34f086b5 P d5c37cb1777946179e6692ee5e504715: Time spent starting tablet: real 0.007s	user 0.002s	sys 0.001s
I1010 10:35:58.543531 120758272 tablet_bootstrap.cc:1238] T 4c1e255cf37d4de58ed9d6a6f32e7473 P d5c37cb1777946179e6692ee5e504715: Flushed DocDB OpIds: { regular: -1.-1 intents: -1.-1 }
I1010 10:35:58.543635 123977728 tablet_bootstrap_state_manager.cc:68] Initialized TabletBootstrapStateManager, found a file ? no, wal dir=/Users/nag/yb/yugabyte-data/node1/yb-data/tserver/wals/table-f80c17935cc9489ab3c6c05dceb25976/tablet-f27eef4b471b4c3c800523a8cd4a34f7
I1010 10:35:58.543642 122368000 tablet.cc:637] T f5bd6014d733492eac6dd2cfba061381 P d5c37cb1777946179e6692ee5e504715: Schema version for transactions is 0
I1010 10:35:58.543720 123441152 tablet_peer.cc:1643] T a818e973b4b04213a257872ca0183570 P d5c37cb1777946179e6692ee5e504715 [state=RUNNING]: Changed state from BOOTSTRAPPING to RUNNING
I1010 10:35:58.543777 127197184 heartbeater.cc:379] P d5c37cb1777946179e6692ee5e504715: Registering TS with master...
I1010 10:35:58.543797 122904576 consensus_meta.cc:361] T 2a30e7b2effb4ab888e1f5a8af3fb03b P d5c37cb1777946179e6692ee5e504715: Updating active role from FOLLOWER to FOLLOWER. Consensus state: current_term: 1 leader_uuid: "" config { opid_index: 4 peers { permanent_uuid: "6b460ba950654300b6c50d93f25aea31" member_type: VOTER last_known_private_addr { host: "127.0.0.2" port: 9100 } cloud_info { placement_cloud: "cloud1" placement_region: "datacenter1" placement_zone: "rack1" } } peers { permanent_uuid: "d5c37cb1777946179e6692ee5e504715" member_type: VOTER last_known_private_addr { host: "127.0.0.1" port: 9100 } cloud_info { placement_cloud: "cloud1" placement_region: "datacenter1" placement_zone: "rack1" } } peers { permanent_uuid: "23d881032c1249bd803e401a539be0e2" member_type: VOTER last_known_private_addr { host: "127.0.0.3" port: 9100 } cloud_info { placement_cloud: "cloud1" placement_region: "datacenter1" placement_zone: "rack1" } } }, has_pending_config = 0
I1010 10:35:58.543881 121831424 ts_tablet_manager.cc:3478] Deleted transition in progress opening tablet for tablet 46569f1a6c8746acb9da222b34f086b5
I1010 10:35:58.543924 120758272 tablet_bootstrap.cc:1514] T 4c1e255cf37d4de58ed9d6a6f32e7473 P d5c37cb1777946179e6692ee5e504715: Max persistent index in RocksDB's SSTables before bootstrap: regular RocksDB: -1.-1; intents RocksDB: -1.-1
I1010 10:35:58.543943 124514304 tablet_bootstrap.cc:644] T 30fedb9fed834e6d975c43711c3f6fd9 P d5c37cb1777946179e6692ee5e504715: Time spent opening tablet: real 0.000s	user 0.000s	sys 0.000s
I1010 10:35:58.544018 123977728 tablet_peer.cc:1643] T f27eef4b471b4c3c800523a8cd4a34f7 P d5c37cb1777946179e6692ee5e504715 [state=BOOTSTRAPPING]: Changed state from NOT_STARTED to BOOTSTRAPPING
I1010 10:35:58.544332 127197184 server_base.cc:598] Using private rpc address 127.0.0.1
I1010 10:35:58.544474 122368000 tablet_bootstrap.cc:644] T f5bd6014d733492eac6dd2cfba061381 P d5c37cb1777946179e6692ee5e504715: Time spent opening tablet: real 0.000s	user 0.000s	sys 0.000s
I1010 10:35:58.544531 123441152 tablet_peer.cc:1516] T a818e973b4b04213a257872ca0183570 P d5c37cb1777946179e6692ee5e504715 [state=RUNNING]: Registered log gc
I1010 10:35:58.544720 122904576 consensus_queue.cc:270] T 2a30e7b2effb4ab888e1f5a8af3fb03b P d5c37cb1777946179e6692ee5e504715 [NON_LEADER]: Queue going to NON_LEADER mode. State: All replicated op: 0.0, Majority replicated op: 0.0, Committed index: 0.0, Last applied: 0.0, Last appended: 1.14, Current term: 0, Majority size: -1, State: QUEUE_OPEN, Mode: NON_LEADER
I1010 10:35:58.544787 121831424 ts_tablet_manager.cc:1936] T 5aab7c3da55c4174a9735369225d0c54 P d5c37cb1777946179e6692ee5e504715: Bootstrapping tablet
I1010 10:35:58.544972 120758272 log.cc:1461] T 4c1e255cf37d4de58ed9d6a6f32e7473 P d5c37cb1777946179e6692ee5e504715: Setting log wal retention time to 0 seconds
I1010 10:35:58.545166 124514304 tablet_bootstrap.cc:740] T 30fedb9fed834e6d975c43711c3f6fd9 P d5c37cb1777946179e6692ee5e504715: Will attempt to recover log segment /Users/nag/yb/yugabyte-data/node1/yb-data/tserver/wals/table-f80c17935cc9489ab3c6c05dceb25976/tablet-30fedb9fed834e6d975c43711c3f6fd9/wal-000000001
I1010 10:35:58.545187 123977728 tablet_bootstrap_if.cc:96] T f27eef4b471b4c3c800523a8cd4a34f7 P d5c37cb1777946179e6692ee5e504715: Bootstrap starting.
I1010 10:35:58.545303 127197184 server_base.cc:620] Using http address 127.0.0.1
I1010 10:35:58.545400 123441152 ts_tablet_manager.cc:2063] T a818e973b4b04213a257872ca0183570 P d5c37cb1777946179e6692ee5e504715: Time spent starting tablet: real 0.007s	user 0.002s	sys 0.002s
I1010 10:35:58.545431 122904576 raft_consensus.cc:3519] T 2a30e7b2effb4ab888e1f5a8af3fb03b P d5c37cb1777946179e6692ee5e504715 [term 1 FOLLOWER]: Calling mark dirty synchronously for reason code CONSENSUS_STARTED
