I1009 23:16:56.831290 150810624 consensus_meta.cc:361] T 30fedb9fed834e6d975c43711c3f6fd9 P d5c37cb1777946179e6692ee5e504715: Updating active role from UNKNOWN_ROLE to FOLLOWER. Consensus state: current_term: 0 leader_uuid: "" config { opid_index: -1 peers { permanent_uuid: "23d881032c1249bd803e401a539be0e2" member_type: VOTER last_known_private_addr { host: "127.0.0.3" port: 9100 } cloud_info { placement_cloud: "cloud1" placement_region: "datacenter1" placement_zone: "rack1" } } peers { permanent_uuid: "6b460ba950654300b6c50d93f25aea31" member_type: VOTER last_known_private_addr { host: "127.0.0.2" port: 9100 } cloud_info { placement_cloud: "cloud1" placement_region: "datacenter1" placement_zone: "rack1" } } peers { permanent_uuid: "d5c37cb1777946179e6692ee5e504715" member_type: VOTER last_known_private_addr { host: "127.0.0.1" port: 9100 } cloud_info { placement_cloud: "cloud1" placement_region: "datacenter1" placement_zone: "rack1" } } }, has_pending_config = 0
I1009 23:16:56.831497 149200896 consensus_meta.cc:361] T 7584006b2fba41cd828ac06782afeb03 P d5c37cb1777946179e6692ee5e504715: Updating active role from UNKNOWN_ROLE to FOLLOWER. Consensus state: current_term: 0 leader_uuid: "" config { opid_index: -1 peers { permanent_uuid: "23d881032c1249bd803e401a539be0e2" member_type: VOTER last_known_private_addr { host: "127.0.0.3" port: 9100 } cloud_info { placement_cloud: "cloud1" placement_region: "datacenter1" placement_zone: "rack1" } } peers { permanent_uuid: "6b460ba950654300b6c50d93f25aea31" member_type: VOTER last_known_private_addr { host: "127.0.0.2" port: 9100 } cloud_info { placement_cloud: "cloud1" placement_region: "datacenter1" placement_zone: "rack1" } } peers { permanent_uuid: "d5c37cb1777946179e6692ee5e504715" member_type: VOTER last_known_private_addr { host: "127.0.0.1" port: 9100 } cloud_info { placement_cloud: "cloud1" placement_region: "datacenter1" placement_zone: "rack1" } } }, has_pending_config = 0
I1009 23:16:56.831864 151347200 ts_tablet_manager.cc:2324] P d5c37cb1777946179e6692ee5e504715: Registered tablet 769c8b8690e648df93f41c693d55ebc3
I1009 23:16:56.833695 153493504 ts_tablet_manager.cc:1936] T db3b3178db1849c4b3ebbe53840c6b02 P d5c37cb1777946179e6692ee5e504715: Bootstrapping tablet
I1009 23:16:56.833720 154030080 ts_tablet_manager.cc:1936] T f5bd6014d733492eac6dd2cfba061381 P d5c37cb1777946179e6692ee5e504715: Bootstrapping tablet
I1009 23:16:56.833968 153493504 consensus_meta.cc:361] T db3b3178db1849c4b3ebbe53840c6b02 P d5c37cb1777946179e6692ee5e504715: Updating active role from UNKNOWN_ROLE to FOLLOWER. Consensus state: current_term: 0 leader_uuid: "" config { opid_index: -1 peers { permanent_uuid: "23d881032c1249bd803e401a539be0e2" member_type: VOTER last_known_private_addr { host: "127.0.0.3" port: 9100 } cloud_info { placement_cloud: "cloud1" placement_region: "datacenter1" placement_zone: "rack1" } } peers { permanent_uuid: "6b460ba950654300b6c50d93f25aea31" member_type: VOTER last_known_private_addr { host: "127.0.0.2" port: 9100 } cloud_info { placement_cloud: "cloud1" placement_region: "datacenter1" placement_zone: "rack1" } } peers { permanent_uuid: "d5c37cb1777946179e6692ee5e504715" member_type: VOTER last_known_private_addr { host: "127.0.0.1" port: 9100 } cloud_info { placement_cloud: "cloud1" placement_region: "datacenter1" placement_zone: "rack1" } } }, has_pending_config = 0
I1009 23:16:56.834074 153493504 tablet_bootstrap_state_manager.cc:61] Wal dir is not created, skip initializing TabletBootstrapStateManager for db3b3178db1849c4b3ebbe53840c6b02
I1009 23:16:56.834084 152420352 ts_tablet_manager.cc:2324] P d5c37cb1777946179e6692ee5e504715: Registered tablet a46de9d55d6845f1baaa95baceeadfe7
I1009 23:16:56.834187 153493504 meta_data_cache.cc:158] Creating a metadata cache without a permissions cache
I1009 23:16:56.834271 154030080 consensus_meta.cc:361] T f5bd6014d733492eac6dd2cfba061381 P d5c37cb1777946179e6692ee5e504715: Updating active role from UNKNOWN_ROLE to FOLLOWER. Consensus state: current_term: 0 leader_uuid: "" config { opid_index: -1 peers { permanent_uuid: "23d881032c1249bd803e401a539be0e2" member_type: VOTER last_known_private_addr { host: "127.0.0.3" port: 9100 } cloud_info { placement_cloud: "cloud1" placement_region: "datacenter1" placement_zone: "rack1" } } peers { permanent_uuid: "6b460ba950654300b6c50d93f25aea31" member_type: VOTER last_known_private_addr { host: "127.0.0.2" port: 9100 } cloud_info { placement_cloud: "cloud1" placement_region: "datacenter1" placement_zone: "rack1" } } peers { permanent_uuid: "d5c37cb1777946179e6692ee5e504715" member_type: VOTER last_known_private_addr { host: "127.0.0.1" port: 9100 } cloud_info { placement_cloud: "cloud1" placement_region: "datacenter1" placement_zone: "rack1" } } }, has_pending_config = 0
I1009 23:16:56.834607 153493504 tablet_peer.cc:1643] T db3b3178db1849c4b3ebbe53840c6b02 P d5c37cb1777946179e6692ee5e504715 [state=BOOTSTRAPPING]: Changed state from NOT_STARTED to BOOTSTRAPPING
I1009 23:16:56.835048 145981440 ts_tablet_manager.cc:2324] P d5c37cb1777946179e6692ee5e504715: Registered tablet 9cd834df5c9f41b091ffb845bd6122ec
I1009 23:16:56.835099 154030080 tablet_bootstrap_state_manager.cc:61] Wal dir is not created, skip initializing TabletBootstrapStateManager for f5bd6014d733492eac6dd2cfba061381
I1009 23:16:56.835119 154566656 ts_tablet_manager.cc:1936] T bf1529417d2a441c9c33fa183a226bd3 P d5c37cb1777946179e6692ee5e504715: Bootstrapping tablet
I1009 23:16:56.835350 153493504 tablet_bootstrap_if.cc:96] T db3b3178db1849c4b3ebbe53840c6b02 P d5c37cb1777946179e6692ee5e504715: Bootstrap starting.
I1009 23:16:56.835949 154030080 tablet_peer.cc:1643] T f5bd6014d733492eac6dd2cfba061381 P d5c37cb1777946179e6692ee5e504715 [state=BOOTSTRAPPING]: Changed state from NOT_STARTED to BOOTSTRAPPING
I1009 23:16:56.835970 148664320 ts_tablet_manager.cc:2324] P d5c37cb1777946179e6692ee5e504715: Registered tablet 7c7b0e8f396b4659b1f29a4dd140c822
I1009 23:16:56.836082 152956928 ts_tablet_manager.cc:948] T c09c8a2af076408b8083ae6bfc2a671e P d5c37cb1777946179e6692ee5e504715: Created tablet metadata for table: f80c17935cc9489ab3c6c05dceb25976
I1009 23:16:56.836423 154566656 consensus_meta.cc:361] T bf1529417d2a441c9c33fa183a226bd3 P d5c37cb1777946179e6692ee5e504715: Updating active role from UNKNOWN_ROLE to FOLLOWER. Consensus state: current_term: 0 leader_uuid: "" config { opid_index: -1 peers { permanent_uuid: "23d881032c1249bd803e401a539be0e2" member_type: VOTER last_known_private_addr { host: "127.0.0.3" port: 9100 } cloud_info { placement_cloud: "cloud1" placement_region: "datacenter1" placement_zone: "rack1" } } peers { permanent_uuid: "6b460ba950654300b6c50d93f25aea31" member_type: VOTER last_known_private_addr { host: "127.0.0.2" port: 9100 } cloud_info { placement_cloud: "cloud1" placement_region: "datacenter1" placement_zone: "rack1" } } peers { permanent_uuid: "d5c37cb1777946179e6692ee5e504715" member_type: VOTER last_known_private_addr { host: "127.0.0.1" port: 9100 } cloud_info { placement_cloud: "cloud1" placement_region: "datacenter1" placement_zone: "rack1" } } }, has_pending_config = 0
I1009 23:16:56.836872 154030080 tablet_bootstrap_if.cc:96] T f5bd6014d733492eac6dd2cfba061381 P d5c37cb1777946179e6692ee5e504715: Bootstrap starting.
I1009 23:16:56.836943 147054592 ts_tablet_manager.cc:948] T 825df89ca459463f921e4a6d8e68a90d P d5c37cb1777946179e6692ee5e504715: Created tablet metadata for table: f80c17935cc9489ab3c6c05dceb25976
I1009 23:16:56.836995 153493504 tablet.cc:637] T db3b3178db1849c4b3ebbe53840c6b02 P d5c37cb1777946179e6692ee5e504715: Schema version for transactions is 0
I1009 23:16:56.837658 147591168 ts_tablet_manager.cc:2324] P d5c37cb1777946179e6692ee5e504715: Registered tablet f27eef4b471b4c3c800523a8cd4a34f7
I1009 23:16:56.837683 152956928 consensus_meta.cc:361] T c09c8a2af076408b8083ae6bfc2a671e P d5c37cb1777946179e6692ee5e504715: Updating active role from UNKNOWN_ROLE to FOLLOWER. Consensus state: current_term: 0 leader_uuid: "" config { opid_index: -1 peers { permanent_uuid: "23d881032c1249bd803e401a539be0e2" member_type: VOTER last_known_private_addr { host: "127.0.0.3" port: 9100 } cloud_info { placement_cloud: "cloud1" placement_region: "datacenter1" placement_zone: "rack1" } } peers { permanent_uuid: "6b460ba950654300b6c50d93f25aea31" member_type: VOTER last_known_private_addr { host: "127.0.0.2" port: 9100 } cloud_info { placement_cloud: "cloud1" placement_region: "datacenter1" placement_zone: "rack1" } } peers { permanent_uuid: "d5c37cb1777946179e6692ee5e504715" member_type: VOTER last_known_private_addr { host: "127.0.0.1" port: 9100 } cloud_info { placement_cloud: "cloud1" placement_region: "datacenter1" placement_zone: "rack1" } } }, has_pending_config = 0
I1009 23:16:56.837972 154566656 tablet_bootstrap_state_manager.cc:61] Wal dir is not created, skip initializing TabletBootstrapStateManager for bf1529417d2a441c9c33fa183a226bd3
I1009 23:16:56.838323 154030080 tablet.cc:637] T f5bd6014d733492eac6dd2cfba061381 P d5c37cb1777946179e6692ee5e504715: Schema version for transactions is 0
I1009 23:16:56.838491 147054592 consensus_meta.cc:361] T 825df89ca459463f921e4a6d8e68a90d P d5c37cb1777946179e6692ee5e504715: Updating active role from UNKNOWN_ROLE to FOLLOWER. Consensus state: current_term: 0 leader_uuid: "" config { opid_index: -1 peers { permanent_uuid: "23d881032c1249bd803e401a539be0e2" member_type: VOTER last_known_private_addr { host: "127.0.0.3" port: 9100 } cloud_info { placement_cloud: "cloud1" placement_region: "datacenter1" placement_zone: "rack1" } } peers { permanent_uuid: "6b460ba950654300b6c50d93f25aea31" member_type: VOTER last_known_private_addr { host: "127.0.0.2" port: 9100 } cloud_info { placement_cloud: "cloud1" placement_region: "datacenter1" placement_zone: "rack1" } } peers { permanent_uuid: "d5c37cb1777946179e6692ee5e504715" member_type: VOTER last_known_private_addr { host: "127.0.0.1" port: 9100 } cloud_info { placement_cloud: "cloud1" placement_region: "datacenter1" placement_zone: "rack1" } } }, has_pending_config = 0
I1009 23:16:56.839107 150810624 ts_tablet_manager.cc:2324] P d5c37cb1777946179e6692ee5e504715: Registered tablet 30fedb9fed834e6d975c43711c3f6fd9
I1009 23:16:56.839982 154566656 tablet_peer.cc:1643] T bf1529417d2a441c9c33fa183a226bd3 P d5c37cb1777946179e6692ee5e504715 [state=BOOTSTRAPPING]: Changed state from NOT_STARTED to BOOTSTRAPPING
I1009 23:16:56.840404 153493504 tablet_bootstrap.cc:644] T db3b3178db1849c4b3ebbe53840c6b02 P d5c37cb1777946179e6692ee5e504715: Time spent opening tablet: real 0.000s	user 0.000s	sys 0.000s
I1009 23:16:56.841722 154030080 tablet_bootstrap.cc:644] T f5bd6014d733492eac6dd2cfba061381 P d5c37cb1777946179e6692ee5e504715: Time spent opening tablet: real 0.000s	user 0.000s	sys 0.000s
I1009 23:16:56.841773 154566656 tablet_bootstrap_if.cc:96] T bf1529417d2a441c9c33fa183a226bd3 P d5c37cb1777946179e6692ee5e504715: Bootstrap starting.
I1009 23:16:56.841775 124518400 ts_tablet_manager.cc:2853] Get and update data/wal directory assignment map for table: f80c17935cc9489ab3c6c05dceb25976 and tablet 5aab7c3da55c4174a9735369225d0c54
I1009 23:16:56.841778 117006336 ts_tablet_manager.cc:2853] Get and update data/wal directory assignment map for table: f80c17935cc9489ab3c6c05dceb25976 and tablet 2a30e7b2effb4ab888e1f5a8af3fb03b
I1009 23:16:56.841794 142225408 ts_tablet_manager.cc:2853] Get and update data/wal directory assignment map for table: f80c17935cc9489ab3c6c05dceb25976 and tablet 60dd6403c44b41109fa083272368d0d0
I1009 23:16:56.841799 142761984 ts_tablet_manager.cc:2853] Get and update data/wal directory assignment map for table: f80c17935cc9489ab3c6c05dceb25976 and tablet 1e9c042ca80e4c66a6117c85d04f6168
I1009 23:16:56.841807 143298560 ts_tablet_manager.cc:2853] Get and update data/wal directory assignment map for table: f80c17935cc9489ab3c6c05dceb25976 and tablet 46569f1a6c8746acb9da222b34f086b5
I1009 23:16:56.841812 144371712 ts_tablet_manager.cc:2853] Get and update data/wal directory assignment map for table: f80c17935cc9489ab3c6c05dceb25976 and tablet 541698385c044c6ab901cf03bad66398
I1009 23:16:56.841818 143835136 ts_tablet_manager.cc:2853] Get and update data/wal directory assignment map for table: f80c17935cc9489ab3c6c05dceb25976 and tablet 4c1e255cf37d4de58ed9d6a6f32e7473
I1009 23:16:56.841822 144908288 ts_tablet_manager.cc:2853] Get and update data/wal directory assignment map for table: f80c17935cc9489ab3c6c05dceb25976 and tablet 54eeee0960454077a8ed85a75d38bc29
I1009 23:16:56.841830 145444864 ts_tablet_manager.cc:2853] Get and update data/wal directory assignment map for table: f80c17935cc9489ab3c6c05dceb25976 and tablet 8078024ab93e4400a14d8399046d9f99
I1009 23:16:56.841840 116469760 ts_tablet_manager.cc:2853] Get and update data/wal directory assignment map for table: f80c17935cc9489ab3c6c05dceb25976 and tablet 1b3f2a4877404ba898e6ff9448cf4740
I1009 23:16:56.842003 148127744 ts_tablet_manager.cc:2324] P d5c37cb1777946179e6692ee5e504715: Registered tablet 9b45d3f9024e43b58a591ec35594430e
I1009 23:16:56.842455 153493504 tablet_bootstrap.cc:551] T db3b3178db1849c4b3ebbe53840c6b02 P d5c37cb1777946179e6692ee5e504715: No blocks or log segments found. Creating new log.
I1009 23:16:56.842490 154030080 tablet_bootstrap.cc:551] T f5bd6014d733492eac6dd2cfba061381 P d5c37cb1777946179e6692ee5e504715: No blocks or log segments found. Creating new log.
I1009 23:16:56.842581 154566656 tablet.cc:637] T bf1529417d2a441c9c33fa183a226bd3 P d5c37cb1777946179e6692ee5e504715: Schema version for transactions is 0
I1009 23:16:56.842922 124518400 fs_manager.cc:759] SetTabletPathByDataPath: Tablet 5aab7c3da55c4174a9735369225d0c54 metadata path being set to /Users/nag/yb/yugabyte-data/node1/yb-data/tserver
I1009 23:16:56.843016 117006336 fs_manager.cc:759] SetTabletPathByDataPath: Tablet 2a30e7b2effb4ab888e1f5a8af3fb03b metadata path being set to /Users/nag/yb/yugabyte-data/node1/yb-data/tserver
I1009 23:16:56.843281 142225408 fs_manager.cc:759] SetTabletPathByDataPath: Tablet 60dd6403c44b41109fa083272368d0d0 metadata path being set to /Users/nag/yb/yugabyte-data/node1/yb-data/tserver
I1009 23:16:56.843580 142761984 fs_manager.cc:759] SetTabletPathByDataPath: Tablet 1e9c042ca80e4c66a6117c85d04f6168 metadata path being set to /Users/nag/yb/yugabyte-data/node1/yb-data/tserver
I1009 23:16:56.843978 143298560 fs_manager.cc:759] SetTabletPathByDataPath: Tablet 46569f1a6c8746acb9da222b34f086b5 metadata path being set to /Users/nag/yb/yugabyte-data/node1/yb-data/tserver
I1009 23:16:56.844965 144371712 fs_manager.cc:759] SetTabletPathByDataPath: Tablet 541698385c044c6ab901cf03bad66398 metadata path being set to /Users/nag/yb/yugabyte-data/node1/yb-data/tserver
I1009 23:16:56.845220 143835136 fs_manager.cc:759] SetTabletPathByDataPath: Tablet 4c1e255cf37d4de58ed9d6a6f32e7473 metadata path being set to /Users/nag/yb/yugabyte-data/node1/yb-data/tserver
I1009 23:16:56.845464 144908288 fs_manager.cc:759] SetTabletPathByDataPath: Tablet 54eeee0960454077a8ed85a75d38bc29 metadata path being set to /Users/nag/yb/yugabyte-data/node1/yb-data/tserver
I1009 23:16:56.845654 145444864 fs_manager.cc:759] SetTabletPathByDataPath: Tablet 8078024ab93e4400a14d8399046d9f99 metadata path being set to /Users/nag/yb/yugabyte-data/node1/yb-data/tserver
I1009 23:16:56.846482 116469760 fs_manager.cc:759] SetTabletPathByDataPath: Tablet 1b3f2a4877404ba898e6ff9448cf4740 metadata path being set to /Users/nag/yb/yugabyte-data/node1/yb-data/tserver
I1009 23:16:56.847333 149200896 ts_tablet_manager.cc:2324] P d5c37cb1777946179e6692ee5e504715: Registered tablet 7584006b2fba41cd828ac06782afeb03
I1009 23:16:56.847426 153493504 log.cc:1461] T db3b3178db1849c4b3ebbe53840c6b02 P d5c37cb1777946179e6692ee5e504715: Setting log wal retention time to 0 seconds
I1009 23:16:56.847518 154030080 log.cc:1461] T f5bd6014d733492eac6dd2cfba061381 P d5c37cb1777946179e6692ee5e504715: Setting log wal retention time to 0 seconds
I1009 23:16:56.849112 154566656 tablet_bootstrap.cc:644] T bf1529417d2a441c9c33fa183a226bd3 P d5c37cb1777946179e6692ee5e504715: Time spent opening tablet: real 0.000s	user 0.000s	sys 0.000s
I1009 23:16:56.850695 142761984 ts_tablet_manager.cc:948] T 1e9c042ca80e4c66a6117c85d04f6168 P d5c37cb1777946179e6692ee5e504715: Created tablet metadata for table: f80c17935cc9489ab3c6c05dceb25976
I1009 23:16:56.850839 143298560 ts_tablet_manager.cc:948] T 46569f1a6c8746acb9da222b34f086b5 P d5c37cb1777946179e6692ee5e504715: Created tablet metadata for table: f80c17935cc9489ab3c6c05dceb25976
I1009 23:16:56.851310 117006336 ts_tablet_manager.cc:948] T 2a30e7b2effb4ab888e1f5a8af3fb03b P d5c37cb1777946179e6692ee5e504715: Created tablet metadata for table: f80c17935cc9489ab3c6c05dceb25976
I1009 23:16:56.851366 144371712 ts_tablet_manager.cc:948] T 541698385c044c6ab901cf03bad66398 P d5c37cb1777946179e6692ee5e504715: Created tablet metadata for table: f80c17935cc9489ab3c6c05dceb25976
I1009 23:16:56.852312 144908288 ts_tablet_manager.cc:948] T 54eeee0960454077a8ed85a75d38bc29 P d5c37cb1777946179e6692ee5e504715: Created tablet metadata for table: f80c17935cc9489ab3c6c05dceb25976
I1009 23:16:56.852339 143835136 ts_tablet_manager.cc:948] T 4c1e255cf37d4de58ed9d6a6f32e7473 P d5c37cb1777946179e6692ee5e504715: Created tablet metadata for table: f80c17935cc9489ab3c6c05dceb25976
I1009 23:16:56.852486 149737472 ts_tablet_manager.cc:2324] P d5c37cb1777946179e6692ee5e504715: Registered tablet a818e973b4b04213a257872ca0183570
I1009 23:16:56.852844 153493504 log.cc:737] interval_durable_wal_write_ms is turned on to sync every 1000 ms.
I1009 23:16:56.852982 116469760 ts_tablet_manager.cc:948] T 1b3f2a4877404ba898e6ff9448cf4740 P d5c37cb1777946179e6692ee5e504715: Created tablet metadata for table: f80c17935cc9489ab3c6c05dceb25976
I1009 23:16:56.853119 154566656 tablet_bootstrap.cc:551] T bf1529417d2a441c9c33fa183a226bd3 P d5c37cb1777946179e6692ee5e504715: No blocks or log segments found. Creating new log.
I1009 23:16:56.853062 142761984 consensus_meta.cc:361] T 1e9c042ca80e4c66a6117c85d04f6168 P d5c37cb1777946179e6692ee5e504715: Updating active role from UNKNOWN_ROLE to FOLLOWER. Consensus state: current_term: 0 leader_uuid: "" config { opid_index: -1 peers { permanent_uuid: "23d881032c1249bd803e401a539be0e2" member_type: VOTER last_known_private_addr { host: "127.0.0.3" port: 9100 } cloud_info { placement_cloud: "cloud1" placement_region: "datacenter1" placement_zone: "rack1" } } peers { permanent_uuid: "6b460ba950654300b6c50d93f25aea31" member_type: VOTER last_known_private_addr { host: "127.0.0.2" port: 9100 } cloud_info { placement_cloud: "cloud1" placement_region: "datacenter1" placement_zone: "rack1" } } peers { permanent_uuid: "d5c37cb1777946179e6692ee5e504715" member_type: VOTER last_known_private_addr { host: "127.0.0.1" port: 9100 } cloud_info { placement_cloud: "cloud1" placement_region: "datacenter1" placement_zone: "rack1" } } }, has_pending_config = 0
I1009 23:16:56.853147 143298560 consensus_meta.cc:361] T 46569f1a6c8746acb9da222b34f086b5 P d5c37cb1777946179e6692ee5e504715: Updating active role from UNKNOWN_ROLE to FOLLOWER. Consensus state: current_term: 0 leader_uuid: "" config { opid_index: -1 peers { permanent_uuid: "23d881032c1249bd803e401a539be0e2" member_type: VOTER last_known_private_addr { host: "127.0.0.3" port: 9100 } cloud_info { placement_cloud: "cloud1" placement_region: "datacenter1" placement_zone: "rack1" } } peers { permanent_uuid: "6b460ba950654300b6c50d93f25aea31" member_type: VOTER last_known_private_addr { host: "127.0.0.2" port: 9100 } cloud_info { placement_cloud: "cloud1" placement_region: "datacenter1" placement_zone: "rack1" } } peers { permanent_uuid: "d5c37cb1777946179e6692ee5e504715" member_type: VOTER last_known_private_addr { host: "127.0.0.1" port: 9100 } cloud_info { placement_cloud: "cloud1" placement_region: "datacenter1" placement_zone: "rack1" } } }, has_pending_config = 0
I1009 23:16:56.853224 117006336 consensus_meta.cc:361] T 2a30e7b2effb4ab888e1f5a8af3fb03b P d5c37cb1777946179e6692ee5e504715: Updating active role from UNKNOWN_ROLE to FOLLOWER. Consensus state: current_term: 0 leader_uuid: "" config { opid_index: -1 peers { permanent_uuid: "23d881032c1249bd803e401a539be0e2" member_type: VOTER last_known_private_addr { host: "127.0.0.3" port: 9100 } cloud_info { placement_cloud: "cloud1" placement_region: "datacenter1" placement_zone: "rack1" } } peers { permanent_uuid: "6b460ba950654300b6c50d93f25aea31" member_type: VOTER last_known_private_addr { host: "127.0.0.2" port: 9100 } cloud_info { placement_cloud: "cloud1" placement_region: "datacenter1" placement_zone: "rack1" } } peers { permanent_uuid: "d5c37cb1777946179e6692ee5e504715" member_type: VOTER last_known_private_addr { host: "127.0.0.1" port: 9100 } cloud_info { placement_cloud: "cloud1" placement_region: "datacenter1" placement_zone: "rack1" } } }, has_pending_config = 0
I1009 23:16:56.853364 145444864 ts_tablet_manager.cc:948] T 8078024ab93e4400a14d8399046d9f99 P d5c37cb1777946179e6692ee5e504715: Created tablet metadata for table: f80c17935cc9489ab3c6c05dceb25976
I1009 23:16:56.853382 144371712 consensus_meta.cc:361] T 541698385c044c6ab901cf03bad66398 P d5c37cb1777946179e6692ee5e504715: Updating active role from UNKNOWN_ROLE to FOLLOWER. Consensus state: current_term: 0 leader_uuid: "" config { opid_index: -1 peers { permanent_uuid: "23d881032c1249bd803e401a539be0e2" member_type: VOTER last_known_private_addr { host: "127.0.0.3" port: 9100 } cloud_info { placement_cloud: "cloud1" placement_region: "datacenter1" placement_zone: "rack1" } } peers { permanent_uuid: "6b460ba950654300b6c50d93f25aea31" member_type: VOTER last_known_private_addr { host: "127.0.0.2" port: 9100 } cloud_info { placement_cloud: "cloud1" placement_region: "datacenter1" placement_zone: "rack1" } } peers { permanent_uuid: "d5c37cb1777946179e6692ee5e504715" member_type: VOTER last_known_private_addr { host: "127.0.0.1" port: 9100 } cloud_info { placement_cloud: "cloud1" placement_region: "datacenter1" placement_zone: "rack1" } } }, has_pending_config = 0
I1009 23:16:56.853439 144908288 consensus_meta.cc:361] T 54eeee0960454077a8ed85a75d38bc29 P d5c37cb1777946179e6692ee5e504715: Updating active role from UNKNOWN_ROLE to FOLLOWER. Consensus state: current_term: 0 leader_uuid: "" config { opid_index: -1 peers { permanent_uuid: "23d881032c1249bd803e401a539be0e2" member_type: VOTER last_known_private_addr { host: "127.0.0.3" port: 9100 } cloud_info { placement_cloud: "cloud1" placement_region: "datacenter1" placement_zone: "rack1" } } peers { permanent_uuid: "6b460ba950654300b6c50d93f25aea31" member_type: VOTER last_known_private_addr { host: "127.0.0.2" port: 9100 } cloud_info { placement_cloud: "cloud1" placement_region: "datacenter1" placement_zone: "rack1" } } peers { permanent_uuid: "d5c37cb1777946179e6692ee5e504715" member_type: VOTER last_known_private_addr { host: "127.0.0.1" port: 9100 } cloud_info { placement_cloud: "cloud1" placement_region: "datacenter1" placement_zone: "rack1" } } }, has_pending_config = 0
I1009 23:16:56.853487 143835136 consensus_meta.cc:361] T 4c1e255cf37d4de58ed9d6a6f32e7473 P d5c37cb1777946179e6692ee5e504715: Updating active role from UNKNOWN_ROLE to FOLLOWER. Consensus state: current_term: 0 leader_uuid: "" config { opid_index: -1 peers { permanent_uuid: "23d881032c1249bd803e401a539be0e2" member_type: VOTER last_known_private_addr { host: "127.0.0.3" port: 9100 } cloud_info { placement_cloud: "cloud1" placement_region: "datacenter1" placement_zone: "rack1" } } peers { permanent_uuid: "6b460ba950654300b6c50d93f25aea31" member_type: VOTER last_known_private_addr { host: "127.0.0.2" port: 9100 } cloud_info { placement_cloud: "cloud1" placement_region: "datacenter1" placement_zone: "rack1" } } peers { permanent_uuid: "d5c37cb1777946179e6692ee5e504715" member_type: VOTER last_known_private_addr { host: "127.0.0.1" port: 9100 } cloud_info { placement_cloud: "cloud1" placement_region: "datacenter1" placement_zone: "rack1" } } }, has_pending_config = 0
I1009 23:16:56.853602 155639808 ts_tablet_manager.cc:1936] T a46de9d55d6845f1baaa95baceeadfe7 P d5c37cb1777946179e6692ee5e504715: Bootstrapping tablet
I1009 23:16:56.853593 155103232 ts_tablet_manager.cc:1936] T 769c8b8690e648df93f41c693d55ebc3 P d5c37cb1777946179e6692ee5e504715: Bootstrapping tablet
I1009 23:16:56.853646 156176384 ts_tablet_manager.cc:1936] T 9cd834df5c9f41b091ffb845bd6122ec P d5c37cb1777946179e6692ee5e504715: Bootstrapping tablet
I1009 23:16:56.853670 156712960 ts_tablet_manager.cc:1936] T 7c7b0e8f396b4659b1f29a4dd140c822 P d5c37cb1777946179e6692ee5e504715: Bootstrapping tablet
I1009 23:16:56.853717 152956928 ts_tablet_manager.cc:2324] P d5c37cb1777946179e6692ee5e504715: Registered tablet c09c8a2af076408b8083ae6bfc2a671e
I1009 23:16:56.853766 116469760 consensus_meta.cc:361] T 1b3f2a4877404ba898e6ff9448cf4740 P d5c37cb1777946179e6692ee5e504715: Updating active role from UNKNOWN_ROLE to FOLLOWER. Consensus state: current_term: 0 leader_uuid: "" config { opid_index: -1 peers { permanent_uuid: "23d881032c1249bd803e401a539be0e2" member_type: VOTER last_known_private_addr { host: "127.0.0.3" port: 9100 } cloud_info { placement_cloud: "cloud1" placement_region: "datacenter1" placement_zone: "rack1" } } peers { permanent_uuid: "6b460ba950654300b6c50d93f25aea31" member_type: VOTER last_known_private_addr { host: "127.0.0.2" port: 9100 } cloud_info { placement_cloud: "cloud1" placement_region: "datacenter1" placement_zone: "rack1" } } peers { permanent_uuid: "d5c37cb1777946179e6692ee5e504715" member_type: VOTER last_known_private_addr { host: "127.0.0.1" port: 9100 } cloud_info { placement_cloud: "cloud1" placement_region: "datacenter1" placement_zone: "rack1" } } }, has_pending_config = 0
I1009 23:16:56.854152 154566656 log.cc:1461] T bf1529417d2a441c9c33fa183a226bd3 P d5c37cb1777946179e6692ee5e504715: Setting log wal retention time to 0 seconds
I1009 23:16:56.854377 154030080 tablet_bootstrap_if.cc:96] T f5bd6014d733492eac6dd2cfba061381 P d5c37cb1777946179e6692ee5e504715: No bootstrap required, opened a new log
I1009 23:16:56.854568 145444864 consensus_meta.cc:361] T 8078024ab93e4400a14d8399046d9f99 P d5c37cb1777946179e6692ee5e504715: Updating active role from UNKNOWN_ROLE to FOLLOWER. Consensus state: current_term: 0 leader_uuid: "" config { opid_index: -1 peers { permanent_uuid: "23d881032c1249bd803e401a539be0e2" member_type: VOTER last_known_private_addr { host: "127.0.0.3" port: 9100 } cloud_info { placement_cloud: "cloud1" placement_region: "datacenter1" placement_zone: "rack1" } } peers { permanent_uuid: "6b460ba950654300b6c50d93f25aea31" member_type: VOTER last_known_private_addr { host: "127.0.0.2" port: 9100 } cloud_info { placement_cloud: "cloud1" placement_region: "datacenter1" placement_zone: "rack1" } } peers { permanent_uuid: "d5c37cb1777946179e6692ee5e504715" member_type: VOTER last_known_private_addr { host: "127.0.0.1" port: 9100 } cloud_info { placement_cloud: "cloud1" placement_region: "datacenter1" placement_zone: "rack1" } } }, has_pending_config = 0
I1009 23:16:56.855127 153493504 tablet_bootstrap_if.cc:96] T db3b3178db1849c4b3ebbe53840c6b02 P d5c37cb1777946179e6692ee5e504715: No bootstrap required, opened a new log
I1009 23:16:56.855791 155639808 consensus_meta.cc:361] T a46de9d55d6845f1baaa95baceeadfe7 P d5c37cb1777946179e6692ee5e504715: Updating active role from UNKNOWN_ROLE to FOLLOWER. Consensus state: current_term: 0 leader_uuid: "" config { opid_index: -1 peers { permanent_uuid: "23d881032c1249bd803e401a539be0e2" member_type: VOTER last_known_private_addr { host: "127.0.0.3" port: 9100 } cloud_info { placement_cloud: "cloud1" placement_region: "datacenter1" placement_zone: "rack1" } } peers { permanent_uuid: "6b460ba950654300b6c50d93f25aea31" member_type: VOTER last_known_private_addr { host: "127.0.0.2" port: 9100 } cloud_info { placement_cloud: "cloud1" placement_region: "datacenter1" placement_zone: "rack1" } } peers { permanent_uuid: "d5c37cb1777946179e6692ee5e504715" member_type: VOTER last_known_private_addr { host: "127.0.0.1" port: 9100 } cloud_info { placement_cloud: "cloud1" placement_region: "datacenter1" placement_zone: "rack1" } } }, has_pending_config = 0
I1009 23:16:56.856097 156176384 consensus_meta.cc:361] T 9cd834df5c9f41b091ffb845bd6122ec P d5c37cb1777946179e6692ee5e504715: Updating active role from UNKNOWN_ROLE to FOLLOWER. Consensus state: current_term: 0 leader_uuid: "" config { opid_index: -1 peers { permanent_uuid: "23d881032c1249bd803e401a539be0e2" member_type: VOTER last_known_private_addr { host: "127.0.0.3" port: 9100 } cloud_info { placement_cloud: "cloud1" placement_region: "datacenter1" placement_zone: "rack1" } } peers { permanent_uuid: "6b460ba950654300b6c50d93f25aea31" member_type: VOTER last_known_private_addr { host: "127.0.0.2" port: 9100 } cloud_info { placement_cloud: "cloud1" placement_region: "datacenter1" placement_zone: "rack1" } } peers { permanent_uuid: "d5c37cb1777946179e6692ee5e504715" member_type: VOTER last_known_private_addr { host: "127.0.0.1" port: 9100 } cloud_info { placement_cloud: "cloud1" placement_region: "datacenter1" placement_zone: "rack1" } } }, has_pending_config = 0
I1009 23:16:56.856129 155103232 consensus_meta.cc:361] T 769c8b8690e648df93f41c693d55ebc3 P d5c37cb1777946179e6692ee5e504715: Updating active role from UNKNOWN_ROLE to FOLLOWER. Consensus state: current_term: 0 leader_uuid: "" config { opid_index: -1 peers { permanent_uuid: "23d881032c1249bd803e401a539be0e2" member_type: VOTER last_known_private_addr { host: "127.0.0.3" port: 9100 } cloud_info { placement_cloud: "cloud1" placement_region: "datacenter1" placement_zone: "rack1" } } peers { permanent_uuid: "6b460ba950654300b6c50d93f25aea31" member_type: VOTER last_known_private_addr { host: "127.0.0.2" port: 9100 } cloud_info { placement_cloud: "cloud1" placement_region: "datacenter1" placement_zone: "rack1" } } peers { permanent_uuid: "d5c37cb1777946179e6692ee5e504715" member_type: VOTER last_known_private_addr { host: "127.0.0.1" port: 9100 } cloud_info { placement_cloud: "cloud1" placement_region: "datacenter1" placement_zone: "rack1" } } }, has_pending_config = 0
I1009 23:16:56.856320 156712960 consensus_meta.cc:361] T 7c7b0e8f396b4659b1f29a4dd140c822 P d5c37cb1777946179e6692ee5e504715: Updating active role from UNKNOWN_ROLE to FOLLOWER. Consensus state: current_term: 0 leader_uuid: "" config { opid_index: -1 peers { permanent_uuid: "23d881032c1249bd803e401a539be0e2" member_type: VOTER last_known_private_addr { host: "127.0.0.3" port: 9100 } cloud_info { placement_cloud: "cloud1" placement_region: "datacenter1" placement_zone: "rack1" } } peers { permanent_uuid: "6b460ba950654300b6c50d93f25aea31" member_type: VOTER last_known_private_addr { host: "127.0.0.2" port: 9100 } cloud_info { placement_cloud: "cloud1" placement_region: "datacenter1" placement_zone: "rack1" } } peers { permanent_uuid: "d5c37cb1777946179e6692ee5e504715" member_type: VOTER last_known_private_addr { host: "127.0.0.1" port: 9100 } cloud_info { placement_cloud: "cloud1" placement_region: "datacenter1" placement_zone: "rack1" } } }, has_pending_config = 0
I1009 23:16:56.856457 147054592 ts_tablet_manager.cc:2324] P d5c37cb1777946179e6692ee5e504715: Registered tablet 825df89ca459463f921e4a6d8e68a90d
I1009 23:16:56.856974 154030080 log.cc:1461] T f5bd6014d733492eac6dd2cfba061381 P d5c37cb1777946179e6692ee5e504715: Setting log wal retention time to 0 seconds
I1009 23:16:56.858000 153493504 log.cc:1461] T db3b3178db1849c4b3ebbe53840c6b02 P d5c37cb1777946179e6692ee5e504715: Setting log wal retention time to 0 seconds
I1009 23:16:56.858644 155639808 tablet_bootstrap_state_manager.cc:61] Wal dir is not created, skip initializing TabletBootstrapStateManager for a46de9d55d6845f1baaa95baceeadfe7
I1009 23:16:56.858759 154566656 tablet_bootstrap_if.cc:96] T bf1529417d2a441c9c33fa183a226bd3 P d5c37cb1777946179e6692ee5e504715: No bootstrap required, opened a new log
I1009 23:16:56.858990 156176384 tablet_bootstrap_state_manager.cc:61] Wal dir is not created, skip initializing TabletBootstrapStateManager for 9cd834df5c9f41b091ffb845bd6122ec
I1009 23:16:56.859325 155103232 tablet_bootstrap_state_manager.cc:61] Wal dir is not created, skip initializing TabletBootstrapStateManager for 769c8b8690e648df93f41c693d55ebc3
I1009 23:16:56.859403 156712960 tablet_bootstrap_state_manager.cc:61] Wal dir is not created, skip initializing TabletBootstrapStateManager for 7c7b0e8f396b4659b1f29a4dd140c822
I1009 23:16:56.859531 154030080 ts_tablet_manager.cc:1982] T f5bd6014d733492eac6dd2cfba061381 P d5c37cb1777946179e6692ee5e504715: Time spent bootstrapping tablet: real 0.024s	user 0.001s	sys 0.002s
I1009 23:16:56.859591 142761984 ts_tablet_manager.cc:2324] P d5c37cb1777946179e6692ee5e504715: Registered tablet 1e9c042ca80e4c66a6117c85d04f6168
I1009 23:16:56.859659 153493504 ts_tablet_manager.cc:1982] T db3b3178db1849c4b3ebbe53840c6b02 P d5c37cb1777946179e6692ee5e504715: Time spent bootstrapping tablet: real 0.025s	user 0.001s	sys 0.002s
I1009 23:16:56.859737 155639808 tablet_peer.cc:1643] T a46de9d55d6845f1baaa95baceeadfe7 P d5c37cb1777946179e6692ee5e504715 [state=BOOTSTRAPPING]: Changed state from NOT_STARTED to BOOTSTRAPPING
I1009 23:16:56.859771 124518400 ts_tablet_manager.cc:948] T 5aab7c3da55c4174a9735369225d0c54 P d5c37cb1777946179e6692ee5e504715: Created tablet metadata for table: f80c17935cc9489ab3c6c05dceb25976
I1009 23:16:56.859819 154566656 log.cc:1461] T bf1529417d2a441c9c33fa183a226bd3 P d5c37cb1777946179e6692ee5e504715: Setting log wal retention time to 0 seconds
I1009 23:16:56.859899 156176384 tablet_peer.cc:1643] T 9cd834df5c9f41b091ffb845bd6122ec P d5c37cb1777946179e6692ee5e504715 [state=BOOTSTRAPPING]: Changed state from NOT_STARTED to BOOTSTRAPPING
I1009 23:16:56.859987 155103232 tablet_peer.cc:1643] T 769c8b8690e648df93f41c693d55ebc3 P d5c37cb1777946179e6692ee5e504715 [state=BOOTSTRAPPING]: Changed state from NOT_STARTED to BOOTSTRAPPING
I1009 23:16:56.860051 156712960 tablet_peer.cc:1643] T 7c7b0e8f396b4659b1f29a4dd140c822 P d5c37cb1777946179e6692ee5e504715 [state=BOOTSTRAPPING]: Changed state from NOT_STARTED to BOOTSTRAPPING
I1009 23:16:56.860117 142225408 ts_tablet_manager.cc:948] T 60dd6403c44b41109fa083272368d0d0 P d5c37cb1777946179e6692ee5e504715: Created tablet metadata for table: f80c17935cc9489ab3c6c05dceb25976
I1009 23:16:56.860240 143298560 ts_tablet_manager.cc:2324] P d5c37cb1777946179e6692ee5e504715: Registered tablet 46569f1a6c8746acb9da222b34f086b5
I1009 23:16:56.860356 155639808 tablet_bootstrap_if.cc:96] T a46de9d55d6845f1baaa95baceeadfe7 P d5c37cb1777946179e6692ee5e504715: Bootstrap starting.
I1009 23:16:56.860421 124518400 consensus_meta.cc:361] T 5aab7c3da55c4174a9735369225d0c54 P d5c37cb1777946179e6692ee5e504715: Updating active role from UNKNOWN_ROLE to FOLLOWER. Consensus state: current_term: 0 leader_uuid: "" config { opid_index: -1 peers { permanent_uuid: "23d881032c1249bd803e401a539be0e2" member_type: VOTER last_known_private_addr { host: "127.0.0.3" port: 9100 } cloud_info { placement_cloud: "cloud1" placement_region: "datacenter1" placement_zone: "rack1" } } peers { permanent_uuid: "6b460ba950654300b6c50d93f25aea31" member_type: VOTER last_known_private_addr { host: "127.0.0.2" port: 9100 } cloud_info { placement_cloud: "cloud1" placement_region: "datacenter1" placement_zone: "rack1" } } peers { permanent_uuid: "d5c37cb1777946179e6692ee5e504715" member_type: VOTER last_known_private_addr { host: "127.0.0.1" port: 9100 } cloud_info { placement_cloud: "cloud1" placement_region: "datacenter1" placement_zone: "rack1" } } }, has_pending_config = 0
I1009 23:16:56.860476 154566656 ts_tablet_manager.cc:1982] T bf1529417d2a441c9c33fa183a226bd3 P d5c37cb1777946179e6692ee5e504715: Time spent bootstrapping tablet: real 0.020s	user 0.001s	sys 0.002s
I1009 23:16:56.860541 156176384 tablet_bootstrap_if.cc:96] T 9cd834df5c9f41b091ffb845bd6122ec P d5c37cb1777946179e6692ee5e504715: Bootstrap starting.
I1009 23:16:56.860589 155103232 tablet_bootstrap_if.cc:96] T 769c8b8690e648df93f41c693d55ebc3 P d5c37cb1777946179e6692ee5e504715: Bootstrap starting.
I1009 23:16:56.860752 156712960 tablet_bootstrap_if.cc:96] T 7c7b0e8f396b4659b1f29a4dd140c822 P d5c37cb1777946179e6692ee5e504715: Bootstrap starting.
I1009 23:16:56.860844 142225408 consensus_meta.cc:361] T 60dd6403c44b41109fa083272368d0d0 P d5c37cb1777946179e6692ee5e504715: Updating active role from UNKNOWN_ROLE to FOLLOWER. Consensus state: current_term: 0 leader_uuid: "" config { opid_index: -1 peers { permanent_uuid: "23d881032c1249bd803e401a539be0e2" member_type: VOTER last_known_private_addr { host: "127.0.0.3" port: 9100 } cloud_info { placement_cloud: "cloud1" placement_region: "datacenter1" placement_zone: "rack1" } } peers { permanent_uuid: "6b460ba950654300b6c50d93f25aea31" member_type: VOTER last_known_private_addr { host: "127.0.0.2" port: 9100 } cloud_info { placement_cloud: "cloud1" placement_region: "datacenter1" placement_zone: "rack1" } } peers { permanent_uuid: "d5c37cb1777946179e6692ee5e504715" member_type: VOTER last_known_private_addr { host: "127.0.0.1" port: 9100 } cloud_info { placement_cloud: "cloud1" placement_region: "datacenter1" placement_zone: "rack1" } } }, has_pending_config = 0
I1009 23:16:56.861009 117006336 ts_tablet_manager.cc:2324] P d5c37cb1777946179e6692ee5e504715: Registered tablet 2a30e7b2effb4ab888e1f5a8af3fb03b
I1009 23:16:56.861070 155639808 tablet.cc:637] T a46de9d55d6845f1baaa95baceeadfe7 P d5c37cb1777946179e6692ee5e504715: Schema version for transactions is 0
I1009 23:16:56.861497 156176384 tablet.cc:637] T 9cd834df5c9f41b091ffb845bd6122ec P d5c37cb1777946179e6692ee5e504715: Schema version for transactions is 0
I1009 23:16:56.861650 155103232 tablet.cc:637] T 769c8b8690e648df93f41c693d55ebc3 P d5c37cb1777946179e6692ee5e504715: Schema version for transactions is 0
I1009 23:16:56.861697 156712960 tablet.cc:637] T 7c7b0e8f396b4659b1f29a4dd140c822 P d5c37cb1777946179e6692ee5e504715: Schema version for transactions is 0
I1009 23:16:56.862124 144371712 ts_tablet_manager.cc:2324] P d5c37cb1777946179e6692ee5e504715: Registered tablet 541698385c044c6ab901cf03bad66398
I1009 23:16:56.862183 154030080 consensus_meta.cc:361] T f5bd6014d733492eac6dd2cfba061381 P d5c37cb1777946179e6692ee5e504715: Updating active role from FOLLOWER to FOLLOWER. Consensus state: current_term: 0 leader_uuid: "" config { opid_index: -1 peers { permanent_uuid: "23d881032c1249bd803e401a539be0e2" member_type: VOTER last_known_private_addr { host: "127.0.0.3" port: 9100 } cloud_info { placement_cloud: "cloud1" placement_region: "datacenter1" placement_zone: "rack1" } } peers { permanent_uuid: "6b460ba950654300b6c50d93f25aea31" member_type: VOTER last_known_private_addr { host: "127.0.0.2" port: 9100 } cloud_info { placement_cloud: "cloud1" placement_region: "datacenter1" placement_zone: "rack1" } } peers { permanent_uuid: "d5c37cb1777946179e6692ee5e504715" member_type: VOTER last_known_private_addr { host: "127.0.0.1" port: 9100 } cloud_info { placement_cloud: "cloud1" placement_region: "datacenter1" placement_zone: "rack1" } } }, has_pending_config = 0
I1009 23:16:56.863123 154566656 consensus_meta.cc:361] T bf1529417d2a441c9c33fa183a226bd3 P d5c37cb1777946179e6692ee5e504715: Updating active role from FOLLOWER to FOLLOWER. Consensus state: current_term: 0 leader_uuid: "" config { opid_index: -1 peers { permanent_uuid: "23d881032c1249bd803e401a539be0e2" member_type: VOTER last_known_private_addr { host: "127.0.0.3" port: 9100 } cloud_info { placement_cloud: "cloud1" placement_region: "datacenter1" placement_zone: "rack1" } } peers { permanent_uuid: "6b460ba950654300b6c50d93f25aea31" member_type: VOTER last_known_private_addr { host: "127.0.0.2" port: 9100 } cloud_info { placement_cloud: "cloud1" placement_region: "datacenter1" placement_zone: "rack1" } } peers { permanent_uuid: "d5c37cb1777946179e6692ee5e504715" member_type: VOTER last_known_private_addr { host: "127.0.0.1" port: 9100 } cloud_info { placement_cloud: "cloud1" placement_region: "datacenter1" placement_zone: "rack1" } } }, has_pending_config = 0
I1009 23:16:56.863396 143835136 ts_tablet_manager.cc:2324] P d5c37cb1777946179e6692ee5e504715: Registered tablet 4c1e255cf37d4de58ed9d6a6f32e7473
I1009 23:16:56.863420 154030080 raft_consensus.cc:498] T f5bd6014d733492eac6dd2cfba061381 P d5c37cb1777946179e6692ee5e504715 [term 0 FOLLOWER]: Replica starting. Triggering 0 pending operations. Active config: opid_index: -1 peers { permanent_uuid: "23d881032c1249bd803e401a539be0e2" member_type: VOTER last_known_private_addr { host: "127.0.0.3" port: 9100 } cloud_info { placement_cloud: "cloud1" placement_region: "datacenter1" placement_zone: "rack1" } } peers { permanent_uuid: "6b460ba950654300b6c50d93f25aea31" member_type: VOTER last_known_private_addr { host: "127.0.0.2" port: 9100 } cloud_info { placement_cloud: "cloud1" placement_region: "datacenter1" placement_zone: "rack1" } } peers { permanent_uuid: "d5c37cb1777946179e6692ee5e504715" member_type: VOTER last_known_private_addr { host: "127.0.0.1" port: 9100 } cloud_info { placement_cloud: "cloud1" placement_region: "datacenter1" placement_zone: "rack1" } }
I1009 23:16:56.863567 154566656 raft_consensus.cc:498] T bf1529417d2a441c9c33fa183a226bd3 P d5c37cb1777946179e6692ee5e504715 [term 0 FOLLOWER]: Replica starting. Triggering 0 pending operations. Active config: opid_index: -1 peers { permanent_uuid: "23d881032c1249bd803e401a539be0e2" member_type: VOTER last_known_private_addr { host: "127.0.0.3" port: 9100 } cloud_info { placement_cloud: "cloud1" placement_region: "datacenter1" placement_zone: "rack1" } } peers { permanent_uuid: "6b460ba950654300b6c50d93f25aea31" member_type: VOTER last_known_private_addr { host: "127.0.0.2" port: 9100 } cloud_info { placement_cloud: "cloud1" placement_region: "datacenter1" placement_zone: "rack1" } } peers { permanent_uuid: "d5c37cb1777946179e6692ee5e504715" member_type: VOTER last_known_private_addr { host: "127.0.0.1" port: 9100 } cloud_info { placement_cloud: "cloud1" placement_region: "datacenter1" placement_zone: "rack1" } }
I1009 23:16:56.863751 155639808 tablet_bootstrap.cc:644] T a46de9d55d6845f1baaa95baceeadfe7 P d5c37cb1777946179e6692ee5e504715: Time spent opening tablet: real 0.000s	user 0.000s	sys 0.000s
I1009 23:16:56.864104 144908288 ts_tablet_manager.cc:2324] P d5c37cb1777946179e6692ee5e504715: Registered tablet 54eeee0960454077a8ed85a75d38bc29
I1009 23:16:56.864111 154030080 raft_consensus.cc:527] T f5bd6014d733492eac6dd2cfba061381 P d5c37cb1777946179e6692ee5e504715 [term 0 FOLLOWER]: Consensus starting up: Expiring fail detector timer to make a prompt election more likely
I1009 23:16:56.864205 155103232 tablet_bootstrap.cc:644] T 769c8b8690e648df93f41c693d55ebc3 P d5c37cb1777946179e6692ee5e504715: Time spent opening tablet: real 0.000s	user 0.000s	sys 0.000s
I1009 23:16:56.864246 154566656 raft_consensus.cc:527] T bf1529417d2a441c9c33fa183a226bd3 P d5c37cb1777946179e6692ee5e504715 [term 0 FOLLOWER]: Consensus starting up: Expiring fail detector timer to make a prompt election more likely
I1009 23:16:56.864454 156712960 tablet_bootstrap.cc:644] T 7c7b0e8f396b4659b1f29a4dd140c822 P d5c37cb1777946179e6692ee5e504715: Time spent opening tablet: real 0.000s	user 0.000s	sys 0.000s
I1009 23:16:56.864542 154030080 raft_consensus.cc:1135] T f5bd6014d733492eac6dd2cfba061381 P d5c37cb1777946179e6692ee5e504715 [term 0 FOLLOWER]: Becoming Follower/Learner. State: Replica: d5c37cb1777946179e6692ee5e504715, State: 1, Role: FOLLOWER, Watermarks: {Received: 0.0 Committed: 0.0} Leader: 0.0, new leader: , initial_fd_wait: <uninitialized>
I1009 23:16:56.864578 116469760 ts_tablet_manager.cc:2324] P d5c37cb1777946179e6692ee5e504715: Registered tablet 1b3f2a4877404ba898e6ff9448cf4740
I1009 23:16:56.864655 155639808 tablet_bootstrap.cc:551] T a46de9d55d6845f1baaa95baceeadfe7 P d5c37cb1777946179e6692ee5e504715: No blocks or log segments found. Creating new log.
I1009 23:16:56.864779 154566656 raft_consensus.cc:1135] T bf1529417d2a441c9c33fa183a226bd3 P d5c37cb1777946179e6692ee5e504715 [term 0 FOLLOWER]: Becoming Follower/Learner. State: Replica: d5c37cb1777946179e6692ee5e504715, State: 1, Role: FOLLOWER, Watermarks: {Received: 0.0 Committed: 0.0} Leader: 0.0, new leader: , initial_fd_wait: <uninitialized>
I1009 23:16:56.864948 155103232 tablet_bootstrap.cc:551] T 769c8b8690e648df93f41c693d55ebc3 P d5c37cb1777946179e6692ee5e504715: No blocks or log segments found. Creating new log.
I1009 23:16:56.864967 154030080 consensus_meta.cc:361] T f5bd6014d733492eac6dd2cfba061381 P d5c37cb1777946179e6692ee5e504715: Updating active role from FOLLOWER to FOLLOWER. Consensus state: current_term: 0 leader_uuid: "" config { opid_index: -1 peers { permanent_uuid: "23d881032c1249bd803e401a539be0e2" member_type: VOTER last_known_private_addr { host: "127.0.0.3" port: 9100 } cloud_info { placement_cloud: "cloud1" placement_region: "datacenter1" placement_zone: "rack1" } } peers { permanent_uuid: "6b460ba950654300b6c50d93f25aea31" member_type: VOTER last_known_private_addr { host: "127.0.0.2" port: 9100 } cloud_info { placement_cloud: "cloud1" placement_region: "datacenter1" placement_zone: "rack1" } } peers { permanent_uuid: "d5c37cb1777946179e6692ee5e504715" member_type: VOTER last_known_private_addr { host: "127.0.0.1" port: 9100 } cloud_info { placement_cloud: "cloud1" placement_region: "datacenter1" placement_zone: "rack1" } } }, has_pending_config = 0
I1009 23:16:56.865154 156712960 tablet_bootstrap.cc:551] T 7c7b0e8f396b4659b1f29a4dd140c822 P d5c37cb1777946179e6692ee5e504715: No blocks or log segments found. Creating new log.
I1009 23:16:56.865303 145444864 ts_tablet_manager.cc:2324] P d5c37cb1777946179e6692ee5e504715: Registered tablet 8078024ab93e4400a14d8399046d9f99
I1009 23:16:56.865372 155639808 log.cc:1461] T a46de9d55d6845f1baaa95baceeadfe7 P d5c37cb1777946179e6692ee5e504715: Setting log wal retention time to 0 seconds
I1009 23:16:56.865424 154566656 consensus_meta.cc:361] T bf1529417d2a441c9c33fa183a226bd3 P d5c37cb1777946179e6692ee5e504715: Updating active role from FOLLOWER to FOLLOWER. Consensus state: current_term: 0 leader_uuid: "" config { opid_index: -1 peers { permanent_uuid: "23d881032c1249bd803e401a539be0e2" member_type: VOTER last_known_private_addr { host: "127.0.0.3" port: 9100 } cloud_info { placement_cloud: "cloud1" placement_region: "datacenter1" placement_zone: "rack1" } } peers { permanent_uuid: "6b460ba950654300b6c50d93f25aea31" member_type: VOTER last_known_private_addr { host: "127.0.0.2" port: 9100 } cloud_info { placement_cloud: "cloud1" placement_region: "datacenter1" placement_zone: "rack1" } } peers { permanent_uuid: "d5c37cb1777946179e6692ee5e504715" member_type: VOTER last_known_private_addr { host: "127.0.0.1" port: 9100 } cloud_info { placement_cloud: "cloud1" placement_region: "datacenter1" placement_zone: "rack1" } } }, has_pending_config = 0
I1009 23:16:56.865557 155103232 log.cc:1461] T 769c8b8690e648df93f41c693d55ebc3 P d5c37cb1777946179e6692ee5e504715: Setting log wal retention time to 0 seconds
I1009 23:16:56.865656 154030080 consensus_queue.cc:270] T f5bd6014d733492eac6dd2cfba061381 P d5c37cb1777946179e6692ee5e504715 [NON_LEADER]: Queue going to NON_LEADER mode. State: All replicated op: 0.0, Majority replicated op: 0.0, Committed index: 0.0, Last applied: 0.0, Last appended: 0.0, Current term: 0, Majority size: -1, State: QUEUE_OPEN, Mode: NON_LEADER
I1009 23:16:56.865715 156712960 log.cc:1461] T 7c7b0e8f396b4659b1f29a4dd140c822 P d5c37cb1777946179e6692ee5e504715: Setting log wal retention time to 0 seconds
I1009 23:16:56.866055 124518400 ts_tablet_manager.cc:2324] P d5c37cb1777946179e6692ee5e504715: Registered tablet 5aab7c3da55c4174a9735369225d0c54
I1009 23:16:56.866108 154566656 consensus_queue.cc:270] T bf1529417d2a441c9c33fa183a226bd3 P d5c37cb1777946179e6692ee5e504715 [NON_LEADER]: Queue going to NON_LEADER mode. State: All replicated op: 0.0, Majority replicated op: 0.0, Committed index: 0.0, Last applied: 0.0, Last appended: 0.0, Current term: 0, Majority size: -1, State: QUEUE_OPEN, Mode: NON_LEADER
I1009 23:16:56.866336 154030080 raft_consensus.cc:3519] T f5bd6014d733492eac6dd2cfba061381 P d5c37cb1777946179e6692ee5e504715 [term 0 FOLLOWER]: Calling mark dirty synchronously for reason code CONSENSUS_STARTED
I1009 23:16:56.866986 154566656 raft_consensus.cc:3519] T bf1529417d2a441c9c33fa183a226bd3 P d5c37cb1777946179e6692ee5e504715 [term 0 FOLLOWER]: Calling mark dirty synchronously for reason code CONSENSUS_STARTED
I1009 23:16:56.867014 142225408 ts_tablet_manager.cc:2324] P d5c37cb1777946179e6692ee5e504715: Registered tablet 60dd6403c44b41109fa083272368d0d0
I1009 23:16:56.867823 154030080 tablet_peer.cc:1643] T f5bd6014d733492eac6dd2cfba061381 P d5c37cb1777946179e6692ee5e504715 [state=RUNNING]: Changed state from BOOTSTRAPPING to RUNNING
I1009 23:16:56.867889 156712960 tablet_bootstrap_if.cc:96] T 7c7b0e8f396b4659b1f29a4dd140c822 P d5c37cb1777946179e6692ee5e504715: No bootstrap required, opened a new log
I1009 23:16:56.867926 156712960 log.cc:1461] T 7c7b0e8f396b4659b1f29a4dd140c822 P d5c37cb1777946179e6692ee5e504715: Setting log wal retention time to 0 seconds
I1009 23:16:56.868016 156712960 ts_tablet_manager.cc:1982] T 7c7b0e8f396b4659b1f29a4dd140c822 P d5c37cb1777946179e6692ee5e504715: Time spent bootstrapping tablet: real 0.008s	user 0.001s	sys 0.002s
I1009 23:16:56.868120 155103232 tablet_bootstrap_if.cc:96] T 769c8b8690e648df93f41c693d55ebc3 P d5c37cb1777946179e6692ee5e504715: No bootstrap required, opened a new log
I1009 23:16:56.868131 155639808 tablet_bootstrap_if.cc:96] T a46de9d55d6845f1baaa95baceeadfe7 P d5c37cb1777946179e6692ee5e504715: No bootstrap required, opened a new log
I1009 23:16:56.868157 155103232 log.cc:1461] T 769c8b8690e648df93f41c693d55ebc3 P d5c37cb1777946179e6692ee5e504715: Setting log wal retention time to 0 seconds
