Log file created at: 2024/10/09 23:15:47
Current UTC time: 2024/10/09 17:45:47
Running on machine: NAG-MAC.local
Application fingerprint: version 2.23.0.0 build 710 revision a31a4eba31527467192adc816e771ac09c28bb1a build_type RELEASE built at 30 Aug 2024 20:38:52 GMT
Running duration (h:mm:ss): 0:00:00
Log line format: [IWEF]mmdd hh:mm:ss.uuuuuu threadid file:line] msg
I1009 23:15:47.508464 245171712 server_main_util.cc:163] NumCPUs determined to be: 8
I1009 23:15:47.509382 245171712 server_main_util.cc:101] Total available RAM is 16.000000 GiB
I1009 23:15:47.509404 245171712 server_main_util.cc:90] Setting flag db_block_cache_size_percentage to recommended value -3
I1009 23:15:47.509424 245171712 server_main_util.cc:92] Setting flag default_memory_limit_to_ram_ratio to recommended value 0.85
I1009 23:15:47.509446 245171712 server_main_util.cc:94] Setting flag tablet_overhead_size_percentage to recommended value 0
I1009 23:15:47.509472 245171712 mem_tracker.cc:265] Creating root MemTracker with garbage collection threshold 134217728 bytes
I1009 23:15:47.509485 245171712 mem_tracker.cc:269] Root memory limit is 14602888806
I1009 23:15:47.509521 245171712 tcmalloc_util.cc:231] Setting tcmalloc max thread cache bytes to: 365072220
I1009 23:15:47.509541 245171712 tcmalloc_util.cc:264] Setting TCMalloc profiler sampling frequency to 1048576 bytes
I1009 23:15:47.509795 245171712 tablet_server_main_impl.cc:157] Using parsed rpc = 127.0.0.1
I1009 23:15:47.509856 245171712 tablet_server_main_impl.cc:150] Reset YEDIS bind address to 127.0.0.1:6379
I1009 23:15:47.509874 245171712 tablet_server_main_impl.cc:150] Reset YCQL bind address to 127.0.0.1:9042
I1009 23:15:47.509953 245171712 server_base_options.cc:165] Updating master addrs to {127.0.0.1:7100},{127.0.0.2:7100},{127.0.0.3:7100}
I1009 23:15:47.509976 245171712 server_base_options.cc:165] Updating master addrs to {127.0.0.1:7100},{127.0.0.2:7100},{127.0.0.3:7100}
I1009 23:15:47.510015 245171712 server_base_options.cc:165] Updating master addrs to {127.0.0.1:7100},{127.0.0.2:7100},{127.0.0.3:7100}
I1009 23:15:47.510155 245171712 shared_mem.cc:158] Using directory /tmp to store shared memory objects
I1009 23:15:47.511206 245171712 mem_tracker.cc:805] MemTracker: hard memory limit is 13.600000 GB
I1009 23:15:47.511232 245171712 mem_tracker.cc:807] MemTracker: soft memory limit is 11.560000 GB
I1009 23:15:47.511250 245171712 server_base_options.cc:165] Updating master addrs to {127.0.0.1:7100},{127.0.0.2:7100},{127.0.0.3:7100}
I1009 23:15:47.511483 245171712 thread_pool.cc:178] Starting thread pool { name: raft_notifications max_workers: 18446744073709551615 }
I1009 23:15:47.511924 245171712 docdb_rocksdb_util.cc:627] FLAGS_priority_thread_pool_size was not set, automatically configuring to 3.
I1009 23:15:47.512104 245171712 full_compaction_manager.cc:98] Initialized full compaction manager check_interval_sec: 60 window_size_sec: 300 scheduled_compaction_frequency: 0.000s scheduled_jitter_factor: 33
I1009 23:15:47.512255 245171712 rpc_server.cc:84] yb::server::RpcServer created at 0x11611ae60
I1009 23:15:47.512280 245171712 tablet_server.cc:343] yb::tserver::TabletServer created at 0x1161a6000
I1009 23:15:47.512295 245171712 tablet_server.cc:344] yb::tserver::TSTabletManager created at 0x116244000
I1009 23:15:47.512307 245171712 tablet_server_main_impl.cc:268] Initializing tablet server...
I1009 23:15:47.513850 245171712 server_base.cc:533] Could not load existing FS layout: Not found (yb/fs/fs_manager.cc:402): Metadata wasn't found
I1009 23:15:47.513880 245171712 server_base.cc:534] Creating new FS layout
I1009 23:15:47.514849 245171712 fs_manager.cc:636] Generated new instance metadata in path /Users/nag/yb/yugabyte-data/node1/yb-data/tserver/instance:
uuid: "d5c37cb1777946179e6692ee5e504715"
format_stamp: "Formatted at 2024-10-09 17:45:47 on NAG-MAC.local"
initdb_done_set_after_sys_catalog_restore: true
I1009 23:15:47.515621 245171712 fs_manager.cc:415] Opened local filesystem: /Users/nag/yb/yugabyte-data/node1
uuid: "d5c37cb1777946179e6692ee5e504715"
format_stamp: "Formatted at 2024-10-09 17:45:47 on NAG-MAC.local"
initdb_done_set_after_sys_catalog_restore: true
W1009 23:15:47.515748 245171712 hybrid_clock.cc:131] HybridClock initialized in local mode (OS X only). Not suitable for distributed clusters.
I1009 23:15:47.516023 245171712 server_base.cc:286] Auto setting FLAGS_num_reactor_threads to 8
I1009 23:15:47.516049 245171712 secure.cc:138] SetupSecureContext: kInternal, 0
I1009 23:15:47.516559 245171712 thread_pool.cc:178] Starting thread pool { name: TabletServer max_workers: 1024 }
I1009 23:15:47.517975 245171712 auto_flags_manager_base.cc:163] Loading AutoFlags from master leader. Master addresses: [127.0.0.1:7100,127.0.0.2:7100,127.0.0.3:7100]
I1009 23:15:47.518308 115933184 client-internal.cc:2860] New master addresses: [127.0.0.1:7100,127.0.0.2:7100,127.0.0.3:7100]
I1009 23:15:47.520462 245171712 auto_flags_manager_base.cc:297] Storing new AutoFlags config: config_version: 1 promoted_flags { process_name: "yb-master" flags: "TEST_auto_flags_initialized" flags: "TEST_auto_flags_new_install" flags: "cdc_enable_postgres_replica_identity" flags: "cdc_write_post_apply_metadata" flags: "cdcsdk_enable_dynamic_tables_disable_option" flags: "cdcsdk_enable_identification_of_non_eligible_tables" flags: "enable_automatic_tablet_splitting" flags: "enable_flush_retryable_requests" flags: "enable_object_retention_due_to_snapshots" flags: "enable_tablet_split_of_xcluster_replicated_tables" flags: "enable_xcluster_api_v2" flags: "enable_xcluster_auto_flag_validation" flags: "master_enable_universe_uuid_heartbeat_check" flags: "regular_tablets_data_block_key_value_encoding" flags: "remote_bootstrap_from_leader_only" flags: "save_index_into_wal_segments" flags: "use_parent_table_id_field" flags: "xcluster_enable_subtxn_abort_propagation" flags: "yb_enable_cdc_consistent_snapshot_streams" flags: "ycql_allow_cassandra_drop" flags: "ysql_enable_packed_row" flags: "ysql_skip_row_lock_for_update" flags: "ysql_yb_bypass_cond_recheck" flags: "ysql_yb_enable_add_column_missing_default" flags: "ysql_yb_enable_alter_table_rewrite" flags: "ysql_yb_enable_ddl_atomicity_infra" flags: "ysql_yb_enable_expression_pushdown" flags: "ysql_yb_enable_hash_batch_in" flags: "ysql_yb_enable_index_aggregate_pushdown" flags: "ysql_yb_enable_pg_locks" flags: "ysql_yb_enable_replica_identity" flags: "ysql_yb_enable_replication_commands" flags: "ysql_yb_enable_replication_slot_consumption" flags: "ysql_yb_enable_saop_pushdown" flags: "ysql_yb_enable_sequence_pushdown" flags: "ysql_yb_pushdown_is_not_null" flags: "ysql_yb_pushdown_strict_inequality" flag_infos { promoted_version: 1 } flag_infos { promoted_version: 1 } flag_infos { promoted_version: 1 } flag_infos { promoted_version: 1 } flag_infos { promoted_version: 1 } flag_infos { promoted_version: 1 } flag_infos { promoted_version: 1 } flag_infos { promoted_version: 1 } flag_infos { promoted_version: 1 } flag_infos { promoted_version: 1 } flag_infos { promoted_version: 1 } flag_infos { promoted_version: 1 } flag_infos { promoted_version: 1 } flag_infos { promoted_version: 1 } flag_infos { promoted_version: 1 } flag_infos { promoted_version: 1 } flag_infos { promoted_version: 1 } flag_infos { promoted_version: 1 } flag_infos { promoted_version: 1 } flag_infos { promoted_version: 1 } flag_infos { promoted_version: 1 } flag_infos { promoted_version: 1 } flag_infos { promoted_version: 1 } flag_infos { promoted_version: 1 } flag_infos { promoted_version: 1 } flag_infos { promoted_version: 1 } flag_infos { promoted_version: 1 } flag_infos { promoted_version: 1 } flag_infos { promoted_version: 1 } flag_infos { promoted_version: 1 } flag_infos { promoted_version: 1 } flag_infos { promoted_version: 1 } flag_infos { promoted_version: 1 } flag_infos { promoted_version: 1 } flag_infos { promoted_version: 1 } flag_infos { promoted_version: 1 } flag_infos { promoted_version: 1 } } promoted_flags { process_name: "yb-tserver" flags: "TEST_auto_flags_initialized" flags: "TEST_auto_flags_new_install" flags: "cdc_write_post_apply_metadata" flags: "enable_automatic_tablet_splitting" flags: "enable_flush_retryable_requests" flags: "enable_xcluster_auto_flag_validation" flags: "regular_tablets_data_block_key_value_encoding" flags: "remote_bootstrap_from_leader_only" flags: "save_index_into_wal_segments" flags: "xcluster_enable_subtxn_abort_propagation" flags: "yb_enable_cdc_consistent_snapshot_streams" flags: "ycql_suppress_group_by_error" flags: "ysql_enable_packed_row" flags: "ysql_skip_row_lock_for_update" flags: "ysql_yb_bypass_cond_recheck" flags: "ysql_yb_enable_add_column_missing_default" flags: "ysql_yb_enable_alter_table_rewrite" flags: "ysql_yb_enable_ddl_atomicity_infra" flags: "ysql_yb_enable_expression_pushdown" flags: "ysql_yb_enable_hash_batch_in" flags: "ysql_yb_enable_index_aggregate_pushdown" flags: "ysql_yb_enable_pg_locks" flags: "ysql_yb_enable_replica_identity" flags: "ysql_yb_enable_replication_commands" flags: "ysql_yb_enable_replication_slot_consumption" flags: "ysql_yb_enable_saop_pushdown" flags: "ysql_yb_enable_sequence_pushdown" flags: "ysql_yb_pushdown_is_not_null" flags: "ysql_yb_pushdown_strict_inequality" flag_infos { promoted_version: 1 } flag_infos { promoted_version: 1 } flag_infos { promoted_version: 1 } flag_infos { promoted_version: 1 } flag_infos { promoted_version: 1 } flag_infos { promoted_version: 1 } flag_infos { promoted_version: 1 } flag_infos { promoted_version: 1 } flag_infos { promoted_version: 1 } flag_infos { promoted_version: 1 } flag_infos { promoted_version: 1 } flag_infos { promoted_version: 1 } flag_infos { promoted_version: 1 } flag_infos { promoted_version: 1 } flag_infos { promoted_version: 1 } flag_infos { promoted_version: 1 } flag_infos { promoted_version: 1 } flag_infos { promoted_version: 1 } flag_infos { promoted_version: 1 } flag_infos { promoted_version: 1 } flag_infos { promoted_version: 1 } flag_infos { promoted_version: 1 } flag_infos { promoted_version: 1 } flag_infos { promoted_version: 1 } flag_infos { promoted_version: 1 } flag_infos { promoted_version: 1 } flag_infos { promoted_version: 1 } flag_infos { promoted_version: 1 } flag_infos { promoted_version: 1 } }
I1009 23:15:47.521387 245171712 fs_manager.cc:323] AutoFlags config stored in '/Users/nag/yb/yugabyte-data/node1/yb-data/tserver/auto_flags_config'.
I1009 23:15:47.521829 245171712 auto_flags_manager_base.cc:361] AutoFlags promoted: ysql_yb_pushdown_strict_inequality,ysql_yb_pushdown_is_not_null,ysql_yb_enable_sequence_pushdown,ysql_yb_enable_saop_pushdown,ysql_yb_enable_replication_slot_consumption,ysql_yb_enable_replication_commands,ysql_yb_enable_index_aggregate_pushdown,ysql_yb_enable_hash_batch_in,ysql_yb_enable_ddl_atomicity_infra,ysql_yb_enable_alter_table_rewrite,ysql_yb_enable_add_column_missing_default,ysql_yb_enable_replica_identity,ysql_enable_packed_row,ycql_suppress_group_by_error,yb_enable_cdc_consistent_snapshot_streams,regular_tablets_data_block_key_value_encoding,enable_flush_retryable_requests,xcluster_enable_subtxn_abort_propagation,TEST_auto_flags_new_install,ysql_yb_enable_expression_pushdown,TEST_auto_flags_initialized,remote_bootstrap_from_leader_only,ysql_yb_bypass_cond_recheck,save_index_into_wal_segments,enable_automatic_tablet_splitting,ysql_yb_enable_pg_locks,ysql_skip_row_lock_for_update,enable_xcluster_auto_flag_validation,cdc_write_post_apply_metadata
I1009 23:15:47.538615 245171712 secure.cc:138] SetupSecureContext: kInternal, 0
I1009 23:15:47.539134 245171712 thread_pool.cc:178] Starting thread pool { name: universe_key_client max_workers: 1024 }
I1009 23:15:47.539760 121298944 client-internal.cc:2860] New master addresses: [127.0.0.1:7100,127.0.0.2:7100,127.0.0.3:7100]
I1009 23:15:47.541219 245171712 universe_key_client.cc:110] GetFullUniverseKeyRegistry returned successefully
I1009 23:15:47.542043 245171712 encrypted_file_factory.cc:92] Created encrypted file factory
I1009 23:15:47.542110 245171712 ts_tablet_manager.cc:618] P d5c37cb1777946179e6692ee5e504715: max_bootstrap_threads=7
I1009 23:15:47.542246 245171712 server_base.cc:598] Using private rpc address 127.0.0.1
I1009 23:15:47.542287 245171712 ts_tablet_manager.cc:694] Loaded metadata for 0 tablet in 0 ms
I1009 23:15:47.542323 245171712 tablet_validator.cc:149] P d5c37cb1777946179e6692ee5e504715: Tablet validator created
I1009 23:15:47.542662 245171712 server_base.cc:598] Using private rpc address 127.0.0.1
I1009 23:15:47.542687 245171712 tablet_server_main_impl.cc:270] Starting tablet server...
I1009 23:15:47.542701 245171712 ulimit_util.cc:212] Configured soft limit for cpu time is already larger than specified min value (unlimited vs. unlimited). Skipping.
I1009 23:15:47.542713 245171712 ulimit_util.cc:212] Configured soft limit for file size is already larger than specified min value (unlimited vs. unlimited). Skipping.
I1009 23:15:47.542723 245171712 ulimit_util.cc:212] Configured soft limit for data seg size is already larger than specified min value (unlimited vs. unlimited). Skipping.
I1009 23:15:47.542733 245171712 ulimit_util.cc:212] Configured soft limit for stack size is already larger than specified min value (8388608 vs. 8388608). Skipping.
I1009 23:15:47.542743 245171712 ulimit_util.cc:212] Configured soft limit for max memory size is already larger than specified min value (unlimited vs. unlimited). Skipping.
I1009 23:15:47.542752 245171712 ulimit_util.cc:212] Configured soft limit for max locked memory is already larger than specified min value (unlimited vs. 65536). Skipping.
I1009 23:15:47.542763 245171712 env_posix.cc:1568] Modifying limit for max user processes from 2784 to 4176
I1009 23:15:47.542775 245171712 env_posix.cc:1568] Modifying limit for open files from 8192 to 10240
I1009 23:15:47.542785 245171712 tablet_server_main_impl.cc:272] ulimit cur(max)...
ulimit: core file size 0(unlimited) blks
ulimit: data seg size unlimited(unlimited) kb
ulimit: open files 10240(unlimited)
ulimit: file size unlimited(unlimited) blks
ulimit: max locked memory unlimited(unlimited) kb
ulimit: max memory size unlimited(unlimited) kb
ulimit: stack size 8192(65532) kb
ulimit: cpu time unlimited(unlimited) secs
ulimit: max user processes 2784(2784)
I1009 23:15:47.542821 245171712 tablet_server.cc:585] Auto setting FLAGS_num_concurrent_backfills_allowed to 4
I1009 23:15:47.543299 245171712 service_pool.cc:149] yb.tserver.TabletServerBackupService: yb::rpc::ServicePoolImpl created at 0x116182000
I1009 23:15:47.543337 245171712 service_pool.cc:149] yb.cdc.CDCService: yb::rpc::ServicePoolImpl created at 0x116182900
I1009 23:15:47.543895 245171712 tablet_server.cc:608] yb::tserver::TabletServiceImpl created at 0x116263820
I1009 23:15:47.543929 245171712 service_pool.cc:149] yb.tserver.TabletServerService: yb::rpc::ServicePoolImpl created at 0x116183680
I1009 23:15:47.544202 245171712 tablet_server.cc:613] yb::tserver::TabletServiceAdminImpl created at 0x1163c8020
I1009 23:15:47.544224 245171712 service_pool.cc:149] yb.tserver.TabletServerAdminService: yb::rpc::ServicePoolImpl created at 0x116183440
I1009 23:15:47.544430 245171712 tablet_server.cc:618] yb::tserver::ConsensusServiceImpl created at 0x116208820
I1009 23:15:47.544446 245171712 thread_pool.cc:178] Starting thread pool { name: TabletServer-high-pri max_workers: 1024 }
I1009 23:15:47.544463 245171712 service_pool.cc:149] yb.consensus.ConsensusService: yb::rpc::ServicePoolImpl created at 0x116182b40
I1009 23:15:47.544836 245171712 tablet_server.cc:627] yb::tserver::RemoteBootstrapServiceImpl created at 0x1165f8020
I1009 23:15:47.544870 245171712 service_pool.cc:149] yb.tserver.RemoteBootstrapService: yb::rpc::ServicePoolImpl created at 0x116183b00
I1009 23:15:47.545709 245171712 tablet_server.cc:638] yb::tserver::PgClientServiceImpl created at 0x116633020
I1009 23:15:47.545727 120225792 async_client_initializer.cc:81] Starting to init ybclient
I1009 23:15:47.545739 245171712 service_pool.cc:149] yb.tserver.PgClientService: yb::rpc::ServicePoolImpl created at 0x116183d40
I1009 23:15:47.545846 245171712 tablet_server.cc:668] yb::tserver::stateful_service::PgAutoAnalyzeService created at 0x1163bcb20
I1009 23:15:47.545887 245171712 service_pool.cc:149] yb.stateful_service.PgAutoAnalyzeService: yb::rpc::ServicePoolImpl created at 0x116752000
I1009 23:15:47.546031 245171712 webserver.cc:353] Starting webserver on 127.0.0.1:9000
I1009 23:15:47.546069 245171712 webserver.cc:362] Document root: /Users/nag/yb/yugabyte-2.23.0.0/www
I1009 23:15:47.546108 245171712 webserver.cc:348] Webserver listen spec is 127.0.0.1:9000
I1009 23:15:47.546234 245171712 webserver.cc:468] Webserver started. Bound to: http://127.0.0.1:9000/
I1009 23:15:47.546416 245171712 service_pool.cc:149] yb.server.GenericService: yb::rpc::ServicePoolImpl created at 0x116752240
I1009 23:15:47.546661 245171712 rpc_server.cc:167] RPC server started. Bound to: 127.0.0.1:9100
I1009 23:15:47.546660 121835520 client-internal.cc:2860] New master addresses: [127.0.0.1:7100,127.0.0.2:7100,127.0.0.3:7100]
I1009 23:15:47.546797 122908672 async_client_initializer.cc:81] Starting to init ybclient
I1009 23:15:47.546803 245171712 db_server_base.cc:69] Node information: { hostname: 'NAG-MAC.local', rpc_ip: '127.0.0.1', webserver_ip: '127.0.0.1', uuid: 'd5c37cb1777946179e6692ee5e504715' }
I1009 23:15:47.546897 245171712 ts_tablet_manager.cc:816] Split tablets cleanup monitor started...
I1009 23:15:47.546931 245171712 ts_tablet_manager.cc:826] Tablet data verification is disabled by verify_tablet_data_interval_sec flag set to 0
I1009 23:15:47.546957 245171712 ts_tablet_manager.cc:833] Old metrics cleanup task started...
I1009 23:15:47.547267 245171712 tablet_server_main_impl.cc:274] Tablet server successfully started.
I1009 23:15:47.547577 120225792 async_client_initializer.cc:85] Successfully built ybclient
I1009 23:15:47.547777 245171712 pg_wrapper.cc:842] Launching initdb: [/Users/nag/yb/yugabyte-2.23.0.0/postgres/bin/initdb, -D, /Users/nag/yb/yugabyte-data/node1/pg_data_11, -U, postgres]
I1009 23:15:47.549470 123445248 heartbeater.cc:325] P d5c37cb1777946179e6692ee5e504715: Connected to a leader master server at 127.0.0.1:7100
I1009 23:15:47.549571 125591552 client-internal.cc:2860] New master addresses: [127.0.0.1:7100,127.0.0.2:7100,127.0.0.3:7100]
I1009 23:15:47.549629 123445248 heartbeater.cc:379] P d5c37cb1777946179e6692ee5e504715: Registering TS with master...
I1009 23:15:47.549667 123445248 server_base.cc:598] Using private rpc address 127.0.0.1
I1009 23:15:47.549693 123445248 server_base.cc:620] Using http address 127.0.0.1
I1009 23:15:47.550755 122908672 async_client_initializer.cc:85] Successfully built ybclient
I1009 23:15:47.551385 123445248 fs_manager.cc:342] Setting the universe_uuid to 21b2e3d0-495a-4149-9f2a-913ddeb95eff
I1009 23:15:47.551939 123445248 heartbeater.cc:379] P d5c37cb1777946179e6692ee5e504715: Registering TS with master...
I1009 23:15:47.551963 123445248 server_base.cc:598] Using private rpc address 127.0.0.1
I1009 23:15:47.551980 123445248 server_base.cc:620] Using http address 127.0.0.1
I1009 23:15:47.552942 123445248 heartbeater.cc:385] P d5c37cb1777946179e6692ee5e504715: Sending a full tablet report to master...
I1009 23:15:47.553644 123445248 tablet_server.cc:982] set pg_yb_catalog_version table in perdb mode
I1009 23:15:48.899736 245171712 pg_wrapper.cc:859] initdb completed successfully. Database initialized at /Users/nag/yb/yugabyte-data/node1/pg_data
I1009 23:15:48.900008 245171712 tablet_server_main_impl.cc:291] Starting PostgreSQL server listening on 127.0.0.1, port 5433
I1009 23:15:48.904081 245171712 process_wrapper.cc:117] Starting PostgreSQL process
W1009 23:15:48.911507 245171712 pg_wrapper.cc:590] No hba configuration lines found, defaulting to trust all configuration.
I1009 23:15:48.911752 245171712 pg_wrapper.cc:614] No user name mapping configuration lines found.
I1009 23:15:48.914569 245171712 pg_wrapper.cc:807] PostgreSQL server running as pid 60075
I1009 23:15:48.914994 245171712 server_base_options.cc:165] Updating master addrs to {127.0.0.1:7100},{127.0.0.2:7100},{127.0.0.3:7100}
I1009 23:15:48.915247 245171712 server_base_options.cc:165] Updating master addrs to {127.0.0.1:7100},{127.0.0.2:7100},{127.0.0.3:7100}
I1009 23:15:48.915340 245171712 server_base_options.cc:165] Updating master addrs to {127.0.0.1:7100},{127.0.0.2:7100},{127.0.0.3:7100}
I1009 23:15:48.915419 245171712 rpc_server.cc:84] yb::server::RpcServer created at 0x1162183c0
I1009 23:15:48.915453 245171712 tablet_server_main_impl.cc:340] Starting redis server...
I1009 23:15:48.915975 245171712 fs_manager.cc:415] Opened local filesystem: /Users/nag/yb/yugabyte-data/node1
uuid: "d5c37cb1777946179e6692ee5e504715"
format_stamp: "Formatted at 2024-10-09 17:45:47 on NAG-MAC.local"
initdb_done_set_after_sys_catalog_restore: true
tserver_instance_metadata {
  universe_uuid: "21b2e3d0-495a-4149-9f2a-913ddeb95eff"
}
W1009 23:15:48.916033 245171712 hybrid_clock.cc:131] HybridClock initialized in local mode (OS X only). Not suitable for distributed clusters.
I1009 23:15:48.917003 245171712 thread_pool.cc:178] Starting thread pool { name: RedisServer max_workers: 1024 }
I1009 23:15:48.919759 245171712 service_pool.cc:149] yb.redisserver.RedisServerService: yb::rpc::ServicePoolImpl created at 0x116752b40
I1009 23:15:48.919920 245171712 webserver.cc:353] Starting webserver on 127.0.0.1:11000
I1009 23:15:48.919940 245171712 webserver.cc:362] Document root: /Users/nag/yb/yugabyte-2.23.0.0/www
I1009 23:15:48.919966 245171712 webserver.cc:348] Webserver listen spec is 127.0.0.1:11000
I1009 23:15:48.920075 245171712 webserver.cc:468] Webserver started. Bound to: http://127.0.0.1:11000/
I1009 23:15:48.920245 245171712 service_pool.cc:149] yb.server.GenericService: yb::rpc::ServicePoolImpl created at 0x116752fc0
I1009 23:15:48.920377 245171712 rpc_server.cc:167] RPC server started. Bound to: 127.0.0.1:6379
I1009 23:15:48.920396 245171712 tablet_server_main_impl.cc:342] Redis server successfully started.
I1009 23:15:48.920429 245171712 server_base_options.cc:165] Updating master addrs to {127.0.0.1:7100},{127.0.0.2:7100},{127.0.0.3:7100}
I1009 23:15:48.920465 245171712 server_base_options.cc:165] Updating master addrs to {127.0.0.1:7100},{127.0.0.2:7100},{127.0.0.3:7100}
I1009 23:15:48.920513 245171712 server_base_options.cc:165] Updating master addrs to {127.0.0.1:7100},{127.0.0.2:7100},{127.0.0.3:7100}
I1009 23:15:48.920562 245171712 rpc_server.cc:84] yb::server::RpcServer created at 0x116219040
I1009 23:15:48.920584 245171712 tablet_server_main_impl.cc:362] Starting CQL server...
I1009 23:15:48.921005 245171712 fs_manager.cc:415] Opened local filesystem: /Users/nag/yb/yugabyte-data/node1
uuid: "d5c37cb1777946179e6692ee5e504715"
format_stamp: "Formatted at 2024-10-09 17:45:47 on NAG-MAC.local"
initdb_done_set_after_sys_catalog_restore: true
tserver_instance_metadata {
  universe_uuid: "21b2e3d0-495a-4149-9f2a-913ddeb95eff"
}
I1009 23:15:48.921066 245171712 secure.cc:138] SetupSecureContext: kExternal, 0
I1009 23:15:48.921468 245171712 thread_pool.cc:178] Starting thread pool { name: CQLServer max_workers: 1024 }
I1009 23:15:48.922686 245171712 cql_service.cc:141] CQL processors limit: 54399
I1009 23:15:48.922745 245171712 service_pool.cc:149] yb.cqlserver.CQLServerService: yb::rpc::ServicePoolImpl created at 0x1164ac900
I1009 23:15:48.922825 245171712 webserver.cc:353] Starting webserver on 127.0.0.1:12000
I1009 23:15:48.922842 245171712 webserver.cc:362] Document root: /Users/nag/yb/yugabyte-2.23.0.0/www
I1009 23:15:48.922864 245171712 webserver.cc:348] Webserver listen spec is 127.0.0.1:12000
I1009 23:15:48.922959 245171712 webserver.cc:468] Webserver started. Bound to: http://127.0.0.1:12000/
I1009 23:15:48.923118 245171712 service_pool.cc:149] yb.server.GenericService: yb::rpc::ServicePoolImpl created at 0x1164acb40
I1009 23:15:48.923269 245171712 rpc_server.cc:167] RPC server started. Bound to: 127.0.0.1:9042
I1009 23:15:48.923296 245171712 tablet_server_main_impl.cc:364] CQL server successfully started.
I1009 23:15:57.547538 125054976 call_home.cc:78] Skipping collector MetricsCollector because it has a higher collection level than the requested one
I1009 23:15:57.547636 125054976 call_home.cc:78] Skipping collector RpcsCollector because it has a higher collection level than the requested one
I1009 23:15:57.556900 125054976 call_home.cc:233] Done with collector GFlagsCollector
I1009 23:15:57.556985 125054976 server_base.cc:269] Running on host: NAG-MAC.local
I1009 23:15:57.558760 125054976 call_home.cc:100] Logged in user: nag
I1009 23:15:57.558801 125054976 call_home.cc:233] Done with collector BasicCollector
I1009 23:15:57.558816 125054976 call_home.cc:233] Done with collector TabletsCollector
I1009 23:15:57.675616 125054976 call_home.cc:276] Unable to send diagnostics data to http://diagnostics.yugabyte.com
I1009 23:16:56.814153 145981440 tablet_service.cc:1599] Processing CreateTablet for T 9cd834df5c9f41b091ffb845bd6122ec P d5c37cb1777946179e6692ee5e504715 (table=transactions [id=f80c17935cc9489ab3c6c05dceb25976]), partition=hash_split: [0xD555, 0xDFFF]
I1009 23:16:56.814196 146518016 tablet_service.cc:1599] Processing CreateTablet for T db3b3178db1849c4b3ebbe53840c6b02 P d5c37cb1777946179e6692ee5e504715 (table=transactions [id=f80c17935cc9489ab3c6c05dceb25976]), partition=hash_split: [0x1555, 0x1FFF]
I1009 23:16:56.814256 145981440 ts_tablet_manager.cc:2853] Get and update data/wal directory assignment map for table: f80c17935cc9489ab3c6c05dceb25976 and tablet 9cd834df5c9f41b091ffb845bd6122ec
I1009 23:16:56.814270 146518016 ts_tablet_manager.cc:2853] Get and update data/wal directory assignment map for table: f80c17935cc9489ab3c6c05dceb25976 and tablet db3b3178db1849c4b3ebbe53840c6b02
I1009 23:16:56.814359 146518016 fs_manager.cc:759] SetTabletPathByDataPath: Tablet db3b3178db1849c4b3ebbe53840c6b02 metadata path being set to /Users/nag/yb/yugabyte-data/node1/yb-data/tserver
I1009 23:16:56.814388 145981440 fs_manager.cc:759] SetTabletPathByDataPath: Tablet 9cd834df5c9f41b091ffb845bd6122ec metadata path being set to /Users/nag/yb/yugabyte-data/node1/yb-data/tserver
I1009 23:16:56.814466 147054592 tablet_service.cc:1599] Processing CreateTablet for T 825df89ca459463f921e4a6d8e68a90d P d5c37cb1777946179e6692ee5e504715 (table=transactions [id=f80c17935cc9489ab3c6c05dceb25976]), partition=hash_split: [0x0AAA, 0x1554]
I1009 23:16:56.814540 147054592 ts_tablet_manager.cc:2853] Get and update data/wal directory assignment map for table: f80c17935cc9489ab3c6c05dceb25976 and tablet 825df89ca459463f921e4a6d8e68a90d
I1009 23:16:56.814580 147054592 fs_manager.cc:759] SetTabletPathByDataPath: Tablet 825df89ca459463f921e4a6d8e68a90d metadata path being set to /Users/nag/yb/yugabyte-data/node1/yb-data/tserver
I1009 23:16:56.814589 147591168 tablet_service.cc:1599] Processing CreateTablet for T f27eef4b471b4c3c800523a8cd4a34f7 P d5c37cb1777946179e6692ee5e504715 (table=transactions [id=f80c17935cc9489ab3c6c05dceb25976]), partition=hash_split: [0x4AAA, 0x5554]
I1009 23:16:56.814677 147591168 ts_tablet_manager.cc:2853] Get and update data/wal directory assignment map for table: f80c17935cc9489ab3c6c05dceb25976 and tablet f27eef4b471b4c3c800523a8cd4a34f7
I1009 23:16:56.814728 147591168 fs_manager.cc:759] SetTabletPathByDataPath: Tablet f27eef4b471b4c3c800523a8cd4a34f7 metadata path being set to /Users/nag/yb/yugabyte-data/node1/yb-data/tserver
I1009 23:16:56.814821 148127744 tablet_service.cc:1599] Processing CreateTablet for T 9b45d3f9024e43b58a591ec35594430e P d5c37cb1777946179e6692ee5e504715 (table=transactions [id=f80c17935cc9489ab3c6c05dceb25976]), partition=hash_split: [0x5555, 0x5FFF]
I1009 23:16:56.814872 148127744 ts_tablet_manager.cc:2853] Get and update data/wal directory assignment map for table: f80c17935cc9489ab3c6c05dceb25976 and tablet 9b45d3f9024e43b58a591ec35594430e
I1009 23:16:56.814910 148127744 fs_manager.cc:759] SetTabletPathByDataPath: Tablet 9b45d3f9024e43b58a591ec35594430e metadata path being set to /Users/nag/yb/yugabyte-data/node1/yb-data/tserver
I1009 23:16:56.815187 148664320 tablet_service.cc:1599] Processing CreateTablet for T 7c7b0e8f396b4659b1f29a4dd140c822 P d5c37cb1777946179e6692ee5e504715 (table=transactions [id=f80c17935cc9489ab3c6c05dceb25976]), partition=hash_split: [0xA000, 0xAAA9]
I1009 23:16:56.815287 148664320 ts_tablet_manager.cc:2853] Get and update data/wal directory assignment map for table: f80c17935cc9489ab3c6c05dceb25976 and tablet 7c7b0e8f396b4659b1f29a4dd140c822
I1009 23:16:56.815335 148664320 fs_manager.cc:759] SetTabletPathByDataPath: Tablet 7c7b0e8f396b4659b1f29a4dd140c822 metadata path being set to /Users/nag/yb/yugabyte-data/node1/yb-data/tserver
I1009 23:16:56.815621 149200896 tablet_service.cc:1599] Processing CreateTablet for T 7584006b2fba41cd828ac06782afeb03 P d5c37cb1777946179e6692ee5e504715 (table=transactions [id=f80c17935cc9489ab3c6c05dceb25976]), partition=hash_split: [0xCAAA, 0xD554]
I1009 23:16:56.815672 149200896 ts_tablet_manager.cc:2853] Get and update data/wal directory assignment map for table: f80c17935cc9489ab3c6c05dceb25976 and tablet 7584006b2fba41cd828ac06782afeb03
I1009 23:16:56.815707 149200896 fs_manager.cc:759] SetTabletPathByDataPath: Tablet 7584006b2fba41cd828ac06782afeb03 metadata path being set to /Users/nag/yb/yugabyte-data/node1/yb-data/tserver
I1009 23:16:56.815737 149737472 tablet_service.cc:1599] Processing CreateTablet for T a818e973b4b04213a257872ca0183570 P d5c37cb1777946179e6692ee5e504715 (table=transactions [id=f80c17935cc9489ab3c6c05dceb25976]), partition=hash_split: [0x4000, 0x4AA9]
I1009 23:16:56.815788 149737472 ts_tablet_manager.cc:2853] Get and update data/wal directory assignment map for table: f80c17935cc9489ab3c6c05dceb25976 and tablet a818e973b4b04213a257872ca0183570
I1009 23:16:56.815827 149737472 fs_manager.cc:759] SetTabletPathByDataPath: Tablet a818e973b4b04213a257872ca0183570 metadata path being set to /Users/nag/yb/yugabyte-data/node1/yb-data/tserver
I1009 23:16:56.815867 150274048 tablet_service.cc:1599] Processing CreateTablet for T f5bd6014d733492eac6dd2cfba061381 P d5c37cb1777946179e6692ee5e504715 (table=transactions [id=f80c17935cc9489ab3c6c05dceb25976]), partition=hash_split: [0x6000, 0x6AA9]
I1009 23:16:56.815914 150274048 ts_tablet_manager.cc:2853] Get and update data/wal directory assignment map for table: f80c17935cc9489ab3c6c05dceb25976 and tablet f5bd6014d733492eac6dd2cfba061381
I1009 23:16:56.815950 150274048 fs_manager.cc:759] SetTabletPathByDataPath: Tablet f5bd6014d733492eac6dd2cfba061381 metadata path being set to /Users/nag/yb/yugabyte-data/node1/yb-data/tserver
I1009 23:16:56.816076 150810624 tablet_service.cc:1599] Processing CreateTablet for T 30fedb9fed834e6d975c43711c3f6fd9 P d5c37cb1777946179e6692ee5e504715 (table=transactions [id=f80c17935cc9489ab3c6c05dceb25976]), partition=hash_split: [0x0000, 0x0AA9]
I1009 23:16:56.816119 150810624 ts_tablet_manager.cc:2853] Get and update data/wal directory assignment map for table: f80c17935cc9489ab3c6c05dceb25976 and tablet 30fedb9fed834e6d975c43711c3f6fd9
I1009 23:16:56.816161 150810624 fs_manager.cc:759] SetTabletPathByDataPath: Tablet 30fedb9fed834e6d975c43711c3f6fd9 metadata path being set to /Users/nag/yb/yugabyte-data/node1/yb-data/tserver
I1009 23:16:56.816280 151347200 tablet_service.cc:1599] Processing CreateTablet for T 769c8b8690e648df93f41c693d55ebc3 P d5c37cb1777946179e6692ee5e504715 (table=transactions [id=f80c17935cc9489ab3c6c05dceb25976]), partition=hash_split: [0xB555, 0xBFFF]
I1009 23:16:56.816387 151347200 ts_tablet_manager.cc:2853] Get and update data/wal directory assignment map for table: f80c17935cc9489ab3c6c05dceb25976 and tablet 769c8b8690e648df93f41c693d55ebc3
I1009 23:16:56.816431 151347200 fs_manager.cc:759] SetTabletPathByDataPath: Tablet 769c8b8690e648df93f41c693d55ebc3 metadata path being set to /Users/nag/yb/yugabyte-data/node1/yb-data/tserver
I1009 23:16:56.816774 151883776 tablet_service.cc:1599] Processing CreateTablet for T bf1529417d2a441c9c33fa183a226bd3 P d5c37cb1777946179e6692ee5e504715 (table=transactions [id=f80c17935cc9489ab3c6c05dceb25976]), partition=hash_split: [0x7555, 0x7FFF]
I1009 23:16:56.816825 151883776 ts_tablet_manager.cc:2853] Get and update data/wal directory assignment map for table: f80c17935cc9489ab3c6c05dceb25976 and tablet bf1529417d2a441c9c33fa183a226bd3
I1009 23:16:56.816908 151883776 fs_manager.cc:759] SetTabletPathByDataPath: Tablet bf1529417d2a441c9c33fa183a226bd3 metadata path being set to /Users/nag/yb/yugabyte-data/node1/yb-data/tserver
I1009 23:16:56.817356 152420352 tablet_service.cc:1599] Processing CreateTablet for T a46de9d55d6845f1baaa95baceeadfe7 P d5c37cb1777946179e6692ee5e504715 (table=transactions [id=f80c17935cc9489ab3c6c05dceb25976]), partition=hash_split: [0x8000, 0x8AA9]
I1009 23:16:56.817386 146518016 ts_tablet_manager.cc:948] T db3b3178db1849c4b3ebbe53840c6b02 P d5c37cb1777946179e6692ee5e504715: Created tablet metadata for table: f80c17935cc9489ab3c6c05dceb25976
I1009 23:16:56.817427 152420352 ts_tablet_manager.cc:2853] Get and update data/wal directory assignment map for table: f80c17935cc9489ab3c6c05dceb25976 and tablet a46de9d55d6845f1baaa95baceeadfe7
I1009 23:16:56.817739 150274048 ts_tablet_manager.cc:948] T f5bd6014d733492eac6dd2cfba061381 P d5c37cb1777946179e6692ee5e504715: Created tablet metadata for table: f80c17935cc9489ab3c6c05dceb25976
I1009 23:16:56.818223 151883776 ts_tablet_manager.cc:948] T bf1529417d2a441c9c33fa183a226bd3 P d5c37cb1777946179e6692ee5e504715: Created tablet metadata for table: f80c17935cc9489ab3c6c05dceb25976
I1009 23:16:56.818392 152956928 tablet_service.cc:1599] Processing CreateTablet for T c09c8a2af076408b8083ae6bfc2a671e P d5c37cb1777946179e6692ee5e504715 (table=transactions [id=f80c17935cc9489ab3c6c05dceb25976]), partition=hash_split: [0xE000, 0xEAA9]
I1009 23:16:56.818380 146518016 consensus_meta.cc:361] T db3b3178db1849c4b3ebbe53840c6b02 P d5c37cb1777946179e6692ee5e504715: Updating active role from UNKNOWN_ROLE to FOLLOWER. Consensus state: current_term: 0 leader_uuid: "" config { opid_index: -1 peers { permanent_uuid: "23d881032c1249bd803e401a539be0e2" member_type: VOTER last_known_private_addr { host: "127.0.0.3" port: 9100 } cloud_info { placement_cloud: "cloud1" placement_region: "datacenter1" placement_zone: "rack1" } } peers { permanent_uuid: "6b460ba950654300b6c50d93f25aea31" member_type: VOTER last_known_private_addr { host: "127.0.0.2" port: 9100 } cloud_info { placement_cloud: "cloud1" placement_region: "datacenter1" placement_zone: "rack1" } } peers { permanent_uuid: "d5c37cb1777946179e6692ee5e504715" member_type: VOTER last_known_private_addr { host: "127.0.0.1" port: 9100 } cloud_info { placement_cloud: "cloud1" placement_region: "datacenter1" placement_zone: "rack1" } } }, has_pending_config = 0
I1009 23:16:56.818440 151347200 ts_tablet_manager.cc:948] T 769c8b8690e648df93f41c693d55ebc3 P d5c37cb1777946179e6692ee5e504715: Created tablet metadata for table: f80c17935cc9489ab3c6c05dceb25976
I1009 23:16:56.819314 152420352 fs_manager.cc:759] SetTabletPathByDataPath: Tablet a46de9d55d6845f1baaa95baceeadfe7 metadata path being set to /Users/nag/yb/yugabyte-data/node1/yb-data/tserver
I1009 23:16:56.820387 150274048 consensus_meta.cc:361] T f5bd6014d733492eac6dd2cfba061381 P d5c37cb1777946179e6692ee5e504715: Updating active role from UNKNOWN_ROLE to FOLLOWER. Consensus state: current_term: 0 leader_uuid: "" config { opid_index: -1 peers { permanent_uuid: "23d881032c1249bd803e401a539be0e2" member_type: VOTER last_known_private_addr { host: "127.0.0.3" port: 9100 } cloud_info { placement_cloud: "cloud1" placement_region: "datacenter1" placement_zone: "rack1" } } peers { permanent_uuid: "6b460ba950654300b6c50d93f25aea31" member_type: VOTER last_known_private_addr { host: "127.0.0.2" port: 9100 } cloud_info { placement_cloud: "cloud1" placement_region: "datacenter1" placement_zone: "rack1" } } peers { permanent_uuid: "d5c37cb1777946179e6692ee5e504715" member_type: VOTER last_known_private_addr { host: "127.0.0.1" port: 9100 } cloud_info { placement_cloud: "cloud1" placement_region: "datacenter1" placement_zone: "rack1" } } }, has_pending_config = 0
I1009 23:16:56.820849 152956928 ts_tablet_manager.cc:2853] Get and update data/wal directory assignment map for table: f80c17935cc9489ab3c6c05dceb25976 and tablet c09c8a2af076408b8083ae6bfc2a671e
I1009 23:16:56.820676 151883776 consensus_meta.cc:361] T bf1529417d2a441c9c33fa183a226bd3 P d5c37cb1777946179e6692ee5e504715: Updating active role from UNKNOWN_ROLE to FOLLOWER. Consensus state: current_term: 0 leader_uuid: "" config { opid_index: -1 peers { permanent_uuid: "23d881032c1249bd803e401a539be0e2" member_type: VOTER last_known_private_addr { host: "127.0.0.3" port: 9100 } cloud_info { placement_cloud: "cloud1" placement_region: "datacenter1" placement_zone: "rack1" } } peers { permanent_uuid: "6b460ba950654300b6c50d93f25aea31" member_type: VOTER last_known_private_addr { host: "127.0.0.2" port: 9100 } cloud_info { placement_cloud: "cloud1" placement_region: "datacenter1" placement_zone: "rack1" } } peers { permanent_uuid: "d5c37cb1777946179e6692ee5e504715" member_type: VOTER last_known_private_addr { host: "127.0.0.1" port: 9100 } cloud_info { placement_cloud: "cloud1" placement_region: "datacenter1" placement_zone: "rack1" } } }, has_pending_config = 0
I1009 23:16:56.821249 151347200 consensus_meta.cc:361] T 769c8b8690e648df93f41c693d55ebc3 P d5c37cb1777946179e6692ee5e504715: Updating active role from UNKNOWN_ROLE to FOLLOWER. Consensus state: current_term: 0 leader_uuid: "" config { opid_index: -1 peers { permanent_uuid: "23d881032c1249bd803e401a539be0e2" member_type: VOTER last_known_private_addr { host: "127.0.0.3" port: 9100 } cloud_info { placement_cloud: "cloud1" placement_region: "datacenter1" placement_zone: "rack1" } } peers { permanent_uuid: "6b460ba950654300b6c50d93f25aea31" member_type: VOTER last_known_private_addr { host: "127.0.0.2" port: 9100 } cloud_info { placement_cloud: "cloud1" placement_region: "datacenter1" placement_zone: "rack1" } } peers { permanent_uuid: "d5c37cb1777946179e6692ee5e504715" member_type: VOTER last_known_private_addr { host: "127.0.0.1" port: 9100 } cloud_info { placement_cloud: "cloud1" placement_region: "datacenter1" placement_zone: "rack1" } } }, has_pending_config = 0
I1009 23:16:56.822016 146518016 ts_tablet_manager.cc:2324] P d5c37cb1777946179e6692ee5e504715: Registered tablet db3b3178db1849c4b3ebbe53840c6b02
I1009 23:16:56.822090 152956928 fs_manager.cc:759] SetTabletPathByDataPath: Tablet c09c8a2af076408b8083ae6bfc2a671e metadata path being set to /Users/nag/yb/yugabyte-data/node1/yb-data/tserver
I1009 23:16:56.822212 124518400 tablet_service.cc:1599] Processing CreateTablet for T 5aab7c3da55c4174a9735369225d0c54 P d5c37cb1777946179e6692ee5e504715 (table=transactions [id=f80c17935cc9489ab3c6c05dceb25976]), partition=hash_split: [0xEAAA, 0xF554]
I1009 23:16:56.822397 117006336 tablet_service.cc:1599] Processing CreateTablet for T 2a30e7b2effb4ab888e1f5a8af3fb03b P d5c37cb1777946179e6692ee5e504715 (table=transactions [id=f80c17935cc9489ab3c6c05dceb25976]), partition=hash_split: [0x6AAA, 0x7554]
I1009 23:16:56.822695 142225408 tablet_service.cc:1599] Processing CreateTablet for T 60dd6403c44b41109fa083272368d0d0 P d5c37cb1777946179e6692ee5e504715 (table=transactions [id=f80c17935cc9489ab3c6c05dceb25976]), partition=hash_split: [0x3555, 0x3FFF]
I1009 23:16:56.822961 142761984 tablet_service.cc:1599] Processing CreateTablet for T 1e9c042ca80e4c66a6117c85d04f6168 P d5c37cb1777946179e6692ee5e504715 (table=transactions [id=f80c17935cc9489ab3c6c05dceb25976]), partition=hash_split: [0xF555, 0xFFFF]
I1009 23:16:56.823091 143298560 tablet_service.cc:1599] Processing CreateTablet for T 46569f1a6c8746acb9da222b34f086b5 P d5c37cb1777946179e6692ee5e504715 (table=transactions [id=f80c17935cc9489ab3c6c05dceb25976]), partition=hash_split: [0x8AAA, 0x9554]
I1009 23:16:56.823467 152420352 ts_tablet_manager.cc:948] T a46de9d55d6845f1baaa95baceeadfe7 P d5c37cb1777946179e6692ee5e504715: Created tablet metadata for table: f80c17935cc9489ab3c6c05dceb25976
I1009 23:16:56.824018 143835136 tablet_service.cc:1599] Processing CreateTablet for T 4c1e255cf37d4de58ed9d6a6f32e7473 P d5c37cb1777946179e6692ee5e504715 (table=transactions [id=f80c17935cc9489ab3c6c05dceb25976]), partition=hash_split: [0x2AAA, 0x3554]
I1009 23:16:56.824048 150274048 ts_tablet_manager.cc:2324] P d5c37cb1777946179e6692ee5e504715: Registered tablet f5bd6014d733492eac6dd2cfba061381
I1009 23:16:56.824242 144371712 tablet_service.cc:1599] Processing CreateTablet for T 541698385c044c6ab901cf03bad66398 P d5c37cb1777946179e6692ee5e504715 (table=transactions [id=f80c17935cc9489ab3c6c05dceb25976]), partition=hash_split: [0xAAAA, 0xB554]
I1009 23:16:56.824625 144908288 tablet_service.cc:1599] Processing CreateTablet for T 54eeee0960454077a8ed85a75d38bc29 P d5c37cb1777946179e6692ee5e504715 (table=transactions [id=f80c17935cc9489ab3c6c05dceb25976]), partition=hash_split: [0x2000, 0x2AA9]
I1009 23:16:56.824779 145444864 tablet_service.cc:1599] Processing CreateTablet for T 8078024ab93e4400a14d8399046d9f99 P d5c37cb1777946179e6692ee5e504715 (table=transactions [id=f80c17935cc9489ab3c6c05dceb25976]), partition=hash_split: [0x9555, 0x9FFF]
I1009 23:16:56.825162 116469760 tablet_service.cc:1599] Processing CreateTablet for T 1b3f2a4877404ba898e6ff9448cf4740 P d5c37cb1777946179e6692ee5e504715 (table=transactions [id=f80c17935cc9489ab3c6c05dceb25976]), partition=hash_split: [0xC000, 0xCAA9]
I1009 23:16:56.826376 145981440 ts_tablet_manager.cc:948] T 9cd834df5c9f41b091ffb845bd6122ec P d5c37cb1777946179e6692ee5e504715: Created tablet metadata for table: f80c17935cc9489ab3c6c05dceb25976
I1009 23:16:56.827433 148664320 ts_tablet_manager.cc:948] T 7c7b0e8f396b4659b1f29a4dd140c822 P d5c37cb1777946179e6692ee5e504715: Created tablet metadata for table: f80c17935cc9489ab3c6c05dceb25976
I1009 23:16:56.827718 147591168 ts_tablet_manager.cc:948] T f27eef4b471b4c3c800523a8cd4a34f7 P d5c37cb1777946179e6692ee5e504715: Created tablet metadata for table: f80c17935cc9489ab3c6c05dceb25976
I1009 23:16:56.828191 148127744 ts_tablet_manager.cc:948] T 9b45d3f9024e43b58a591ec35594430e P d5c37cb1777946179e6692ee5e504715: Created tablet metadata for table: f80c17935cc9489ab3c6c05dceb25976
I1009 23:16:56.828788 152420352 consensus_meta.cc:361] T a46de9d55d6845f1baaa95baceeadfe7 P d5c37cb1777946179e6692ee5e504715: Updating active role from UNKNOWN_ROLE to FOLLOWER. Consensus state: current_term: 0 leader_uuid: "" config { opid_index: -1 peers { permanent_uuid: "23d881032c1249bd803e401a539be0e2" member_type: VOTER last_known_private_addr { host: "127.0.0.3" port: 9100 } cloud_info { placement_cloud: "cloud1" placement_region: "datacenter1" placement_zone: "rack1" } } peers { permanent_uuid: "6b460ba950654300b6c50d93f25aea31" member_type: VOTER last_known_private_addr { host: "127.0.0.2" port: 9100 } cloud_info { placement_cloud: "cloud1" placement_region: "datacenter1" placement_zone: "rack1" } } peers { permanent_uuid: "d5c37cb1777946179e6692ee5e504715" member_type: VOTER last_known_private_addr { host: "127.0.0.1" port: 9100 } cloud_info { placement_cloud: "cloud1" placement_region: "datacenter1" placement_zone: "rack1" } } }, has_pending_config = 0
I1009 23:16:56.828910 149737472 ts_tablet_manager.cc:948] T a818e973b4b04213a257872ca0183570 P d5c37cb1777946179e6692ee5e504715: Created tablet metadata for table: f80c17935cc9489ab3c6c05dceb25976
I1009 23:16:56.829377 150810624 ts_tablet_manager.cc:948] T 30fedb9fed834e6d975c43711c3f6fd9 P d5c37cb1777946179e6692ee5e504715: Created tablet metadata for table: f80c17935cc9489ab3c6c05dceb25976
I1009 23:16:56.829501 149200896 ts_tablet_manager.cc:948] T 7584006b2fba41cd828ac06782afeb03 P d5c37cb1777946179e6692ee5e504715: Created tablet metadata for table: f80c17935cc9489ab3c6c05dceb25976
I1009 23:16:56.829582 151883776 ts_tablet_manager.cc:2324] P d5c37cb1777946179e6692ee5e504715: Registered tablet bf1529417d2a441c9c33fa183a226bd3
I1009 23:16:56.830006 145981440 consensus_meta.cc:361] T 9cd834df5c9f41b091ffb845bd6122ec P d5c37cb1777946179e6692ee5e504715: Updating active role from UNKNOWN_ROLE to FOLLOWER. Consensus state: current_term: 0 leader_uuid: "" config { opid_index: -1 peers { permanent_uuid: "23d881032c1249bd803e401a539be0e2" member_type: VOTER last_known_private_addr { host: "127.0.0.3" port: 9100 } cloud_info { placement_cloud: "cloud1" placement_region: "datacenter1" placement_zone: "rack1" } } peers { permanent_uuid: "6b460ba950654300b6c50d93f25aea31" member_type: VOTER last_known_private_addr { host: "127.0.0.2" port: 9100 } cloud_info { placement_cloud: "cloud1" placement_region: "datacenter1" placement_zone: "rack1" } } peers { permanent_uuid: "d5c37cb1777946179e6692ee5e504715" member_type: VOTER last_known_private_addr { host: "127.0.0.1" port: 9100 } cloud_info { placement_cloud: "cloud1" placement_region: "datacenter1" placement_zone: "rack1" } } }, has_pending_config = 0
I1009 23:16:56.830107 148664320 consensus_meta.cc:361] T 7c7b0e8f396b4659b1f29a4dd140c822 P d5c37cb1777946179e6692ee5e504715: Updating active role from UNKNOWN_ROLE to FOLLOWER. Consensus state: current_term: 0 leader_uuid: "" config { opid_index: -1 peers { permanent_uuid: "23d881032c1249bd803e401a539be0e2" member_type: VOTER last_known_private_addr { host: "127.0.0.3" port: 9100 } cloud_info { placement_cloud: "cloud1" placement_region: "datacenter1" placement_zone: "rack1" } } peers { permanent_uuid: "6b460ba950654300b6c50d93f25aea31" member_type: VOTER last_known_private_addr { host: "127.0.0.2" port: 9100 } cloud_info { placement_cloud: "cloud1" placement_region: "datacenter1" placement_zone: "rack1" } } peers { permanent_uuid: "d5c37cb1777946179e6692ee5e504715" member_type: VOTER last_known_private_addr { host: "127.0.0.1" port: 9100 } cloud_info { placement_cloud: "cloud1" placement_region: "datacenter1" placement_zone: "rack1" } } }, has_pending_config = 0
I1009 23:16:56.830291 147591168 consensus_meta.cc:361] T f27eef4b471b4c3c800523a8cd4a34f7 P d5c37cb1777946179e6692ee5e504715: Updating active role from UNKNOWN_ROLE to FOLLOWER. Consensus state: current_term: 0 leader_uuid: "" config { opid_index: -1 peers { permanent_uuid: "23d881032c1249bd803e401a539be0e2" member_type: VOTER last_known_private_addr { host: "127.0.0.3" port: 9100 } cloud_info { placement_cloud: "cloud1" placement_region: "datacenter1" placement_zone: "rack1" } } peers { permanent_uuid: "6b460ba950654300b6c50d93f25aea31" member_type: VOTER last_known_private_addr { host: "127.0.0.2" port: 9100 } cloud_info { placement_cloud: "cloud1" placement_region: "datacenter1" placement_zone: "rack1" } } peers { permanent_uuid: "d5c37cb1777946179e6692ee5e504715" member_type: VOTER last_known_private_addr { host: "127.0.0.1" port: 9100 } cloud_info { placement_cloud: "cloud1" placement_region: "datacenter1" placement_zone: "rack1" } } }, has_pending_config = 0
I1009 23:16:56.830547 148127744 consensus_meta.cc:361] T 9b45d3f9024e43b58a591ec35594430e P d5c37cb1777946179e6692ee5e504715: Updating active role from UNKNOWN_ROLE to FOLLOWER. Consensus state: current_term: 0 leader_uuid: "" config { opid_index: -1 peers { permanent_uuid: "23d881032c1249bd803e401a539be0e2" member_type: VOTER last_known_private_addr { host: "127.0.0.3" port: 9100 } cloud_info { placement_cloud: "cloud1" placement_region: "datacenter1" placement_zone: "rack1" } } peers { permanent_uuid: "6b460ba950654300b6c50d93f25aea31" member_type: VOTER last_known_private_addr { host: "127.0.0.2" port: 9100 } cloud_info { placement_cloud: "cloud1" placement_region: "datacenter1" placement_zone: "rack1" } } peers { permanent_uuid: "d5c37cb1777946179e6692ee5e504715" member_type: VOTER last_known_private_addr { host: "127.0.0.1" port: 9100 } cloud_info { placement_cloud: "cloud1" placement_region: "datacenter1" placement_zone: "rack1" } } }, has_pending_config = 0
I1009 23:16:56.831058 149737472 consensus_meta.cc:361] T a818e973b4b04213a257872ca0183570 P d5c37cb1777946179e6692ee5e504715: Updating active role from UNKNOWN_ROLE to FOLLOWER. Consensus state: current_term: 0 leader_uuid: "" config { opid_index: -1 peers { permanent_uuid: "23d881032c1249bd803e401a539be0e2" member_type: VOTER last_known_private_addr { host: "127.0.0.3" port: 9100 } cloud_info { placement_cloud: "cloud1" placement_region: "datacenter1" placement_zone: "rack1" } } peers { permanent_uuid: "6b460ba950654300b6c50d93f25aea31" member_type: VOTER last_known_private_addr { host: "127.0.0.2" port: 9100 } cloud_info { placement_cloud: "cloud1" placement_region: "datacenter1" placement_zone: "rack1" } } peers { permanent_uuid: "d5c37cb1777946179e6692ee5e504715" member_type: VOTER last_known_private_addr { host: "127.0.0.1" port: 9100 } cloud_info { placement_cloud: "cloud1" placement_region: "datacenter1" placement_zone: "rack1" } } }, has_pending_config = 0
