Log file created at: 2024/10/10 10:35:58
Current UTC time: 2024/10/10 05:05:58
Running on machine: NAG-MAC.local
Application fingerprint: version 2.23.0.0 build 710 revision a31a4eba31527467192adc816e771ac09c28bb1a build_type RELEASE built at 30 Aug 2024 20:38:52 GMT
Running duration (h:mm:ss): 0:00:00
Log line format: [IWEF]mmdd hh:mm:ss.uuuuuu threadid file:line] msg
W1010 10:35:58.345867 206652928 hybrid_clock.cc:131] HybridClock initialized in local mode (OS X only). Not suitable for distributed clusters.
W1010 10:35:58.398144 127197184 heartbeater.cc:671] P d5c37cb1777946179e6692ee5e504715: Failed to heartbeat to 127.0.0.3:7100: Remote error (yb/rpc/outbound_call.cc:561): Failed to send heartbeat: Invalid argument (yb/master/master_heartbeat_service.cc:251): Received wrong universe_uuid 21b2e3d0-495a-4149-9f2a-913ddeb95eff, expected 7252bc1a-cf22-48a4-9dd6-459a6f24aa4e (rpc error 1) tries=0, num=3, masters=0x000000011260a8b8 -> [[127.0.0.1:7100], [127.0.0.2:7100], [127.0.0.3:7100]], code=Remote error
W1010 10:35:58.402166 120758272 log_util.cc:241] Could not read footer for segment: /Users/nag/yb/yugabyte-data/node1/yb-data/tserver/wals/table-f80c17935cc9489ab3c6c05dceb25976/tablet-a46de9d55d6845f1baaa95baceeadfe7/wal-000000001: Not found (yb/consensus/log_util.cc:581): Footer not found. Footer magic doesn't match
W1010 10:35:58.402698 127197184 heartbeater.cc:671] P d5c37cb1777946179e6692ee5e504715: Failed to heartbeat to 127.0.0.3:7100: Remote error (yb/rpc/outbound_call.cc:561): Failed to send heartbeat: Invalid argument (yb/master/master_heartbeat_service.cc:251): Received wrong universe_uuid 21b2e3d0-495a-4149-9f2a-913ddeb95eff, expected 7252bc1a-cf22-48a4-9dd6-459a6f24aa4e (rpc error 1) tries=1, num=3, masters=0x000000011260a8b8 -> [[127.0.0.1:7100], [127.0.0.2:7100], [127.0.0.3:7100]], code=Remote error
W1010 10:35:58.402837 120758272 log_reader.cc:217] T a46de9d55d6845f1baaa95baceeadfe7 P d5c37cb1777946179e6692ee5e504715: Log segment /Users/nag/yb/yugabyte-data/node1/yb-data/tserver/wals/table-f80c17935cc9489ab3c6c05dceb25976/tablet-a46de9d55d6845f1baaa95baceeadfe7/wal-000000001 was likely left in-progressafter a previous crash. Will try to reuse this segment as writable active segment
W1010 10:35:58.403098 121831424 log_util.cc:241] Could not read footer for segment: /Users/nag/yb/yugabyte-data/node1/yb-data/tserver/wals/table-f80c17935cc9489ab3c6c05dceb25976/tablet-60dd6403c44b41109fa083272368d0d0/wal-000000002: Not found (yb/consensus/log_util.cc:581): Footer not found. Footer magic doesn't match
W1010 10:35:58.403461 121831424 log_reader.cc:217] T 60dd6403c44b41109fa083272368d0d0 P d5c37cb1777946179e6692ee5e504715: Log segment /Users/nag/yb/yugabyte-data/node1/yb-data/tserver/wals/table-f80c17935cc9489ab3c6c05dceb25976/tablet-60dd6403c44b41109fa083272368d0d0/wal-000000002 was likely left in-progressafter a previous crash. Will try to reuse this segment as writable active segment
W1010 10:35:58.404986 123441152 log_util.cc:241] Could not read footer for segment: /Users/nag/yb/yugabyte-data/node1/yb-data/tserver/wals/table-f80c17935cc9489ab3c6c05dceb25976/tablet-769c8b8690e648df93f41c693d55ebc3/wal-000000001: Not found (yb/consensus/log_util.cc:581): Footer not found. Footer magic doesn't match
W1010 10:35:58.405254 122904576 log_util.cc:241] Could not read footer for segment: /Users/nag/yb/yugabyte-data/node1/yb-data/tserver/wals/table-f80c17935cc9489ab3c6c05dceb25976/tablet-825df89ca459463f921e4a6d8e68a90d/wal-000000001: Not found (yb/consensus/log_util.cc:581): Footer not found. Footer magic doesn't match
W1010 10:35:58.405264 124514304 log_util.cc:241] Could not read footer for segment: /Users/nag/yb/yugabyte-data/node1/yb-data/tserver/wals/table-f80c17935cc9489ab3c6c05dceb25976/tablet-8078024ab93e4400a14d8399046d9f99/wal-000000001: Not found (yb/consensus/log_util.cc:581): Footer not found. Footer magic doesn't match
W1010 10:35:58.405095 122368000 log_util.cc:241] Could not read footer for segment: /Users/nag/yb/yugabyte-data/node1/yb-data/tserver/wals/table-f80c17935cc9489ab3c6c05dceb25976/tablet-db3b3178db1849c4b3ebbe53840c6b02/wal-000000001: Not found (yb/consensus/log_util.cc:581): Footer not found. Footer magic doesn't match
W1010 10:35:58.405488 123441152 log_reader.cc:217] T 769c8b8690e648df93f41c693d55ebc3 P d5c37cb1777946179e6692ee5e504715: Log segment /Users/nag/yb/yugabyte-data/node1/yb-data/tserver/wals/table-f80c17935cc9489ab3c6c05dceb25976/tablet-769c8b8690e648df93f41c693d55ebc3/wal-000000001 was likely left in-progressafter a previous crash. Will try to reuse this segment as writable active segment
W1010 10:35:58.405685 122904576 log_reader.cc:217] T 825df89ca459463f921e4a6d8e68a90d P d5c37cb1777946179e6692ee5e504715: Log segment /Users/nag/yb/yugabyte-data/node1/yb-data/tserver/wals/table-f80c17935cc9489ab3c6c05dceb25976/tablet-825df89ca459463f921e4a6d8e68a90d/wal-000000001 was likely left in-progressafter a previous crash. Will try to reuse this segment as writable active segment
W1010 10:35:58.405822 124514304 log_reader.cc:217] T 8078024ab93e4400a14d8399046d9f99 P d5c37cb1777946179e6692ee5e504715: Log segment /Users/nag/yb/yugabyte-data/node1/yb-data/tserver/wals/table-f80c17935cc9489ab3c6c05dceb25976/tablet-8078024ab93e4400a14d8399046d9f99/wal-000000001 was likely left in-progressafter a previous crash. Will try to reuse this segment as writable active segment
W1010 10:35:58.405975 122368000 log_reader.cc:217] T db3b3178db1849c4b3ebbe53840c6b02 P d5c37cb1777946179e6692ee5e504715: Log segment /Users/nag/yb/yugabyte-data/node1/yb-data/tserver/wals/table-f80c17935cc9489ab3c6c05dceb25976/tablet-db3b3178db1849c4b3ebbe53840c6b02/wal-000000001 was likely left in-progressafter a previous crash. Will try to reuse this segment as writable active segment
W1010 10:35:58.406033 127197184 heartbeater.cc:671] P d5c37cb1777946179e6692ee5e504715: Failed to heartbeat to 127.0.0.3:7100: Remote error (yb/rpc/outbound_call.cc:561): Failed to send heartbeat: Invalid argument (yb/master/master_heartbeat_service.cc:251): Received wrong universe_uuid 21b2e3d0-495a-4149-9f2a-913ddeb95eff, expected 7252bc1a-cf22-48a4-9dd6-459a6f24aa4e (rpc error 1) tries=2, num=3, masters=0x000000011260a8b8 -> [[127.0.0.1:7100], [127.0.0.2:7100], [127.0.0.3:7100]], code=Remote error
W1010 10:35:58.406606 127197184 heartbeater.cc:353] P d5c37cb1777946179e6692ee5e504715: Failed 3 heartbeats in a row: no longer allowing fast heartbeat attempts.
W1010 10:35:58.406792 121831424 tablet_bootstrap.cc:1356] T 60dd6403c44b41109fa083272368d0d0 P d5c37cb1777946179e6692ee5e504715: Bootstrap optimizer (skip_flushed_entries): Could not read the first entry's metadata of log segment /Users/nag/yb/yugabyte-data/node1/yb-data/tserver/wals/table-f80c17935cc9489ab3c6c05dceb25976/tablet-60dd6403c44b41109fa083272368d0d0/wal-000000002. Simply continuing to earlier segments to determine the first segment to start the replay at. The error was: Not found (yb/consensus/log_util.cc:758): No entries found
W1010 10:35:58.413322 206652928 pg_wrapper.cc:590] No hba configuration lines found, defaulting to trust all configuration.
W1010 10:35:58.416465 123977728 log_util.cc:241] Could not read footer for segment: /Users/nag/yb/yugabyte-data/node1/yb-data/tserver/wals/table-f80c17935cc9489ab3c6c05dceb25976/tablet-54eeee0960454077a8ed85a75d38bc29/wal-000000001: Not found (yb/consensus/log_util.cc:581): Footer not found. Footer magic doesn't match
W1010 10:35:58.421423 127197184 heartbeater.cc:671] P d5c37cb1777946179e6692ee5e504715: Failed to heartbeat to 127.0.0.3:7100: Remote error (yb/rpc/outbound_call.cc:561): Failed to send heartbeat: Invalid argument (yb/master/master_heartbeat_service.cc:251): Received wrong universe_uuid 21b2e3d0-495a-4149-9f2a-913ddeb95eff, expected 7252bc1a-cf22-48a4-9dd6-459a6f24aa4e (rpc error 1) tries=3, num=3, masters=0x000000011260a8b8 -> [[127.0.0.1:7100], [127.0.0.2:7100], [127.0.0.3:7100]], code=Remote error
W1010 10:35:58.422127 123977728 log_reader.cc:217] T 54eeee0960454077a8ed85a75d38bc29 P d5c37cb1777946179e6692ee5e504715: Log segment /Users/nag/yb/yugabyte-data/node1/yb-data/tserver/wals/table-f80c17935cc9489ab3c6c05dceb25976/tablet-54eeee0960454077a8ed85a75d38bc29/wal-000000001 was likely left in-progressafter a previous crash. Will try to reuse this segment as writable active segment
W1010 10:35:58.483827 206652928 hybrid_clock.cc:131] HybridClock initialized in local mode (OS X only). Not suitable for distributed clusters.
W1010 10:35:58.511946 127197184 heartbeater.cc:671] P d5c37cb1777946179e6692ee5e504715: Failed to heartbeat to 127.0.0.3:7100: Remote error (yb/rpc/outbound_call.cc:561): Failed to send heartbeat: Invalid argument (yb/master/master_heartbeat_service.cc:251): Received wrong universe_uuid 21b2e3d0-495a-4149-9f2a-913ddeb95eff, expected 7252bc1a-cf22-48a4-9dd6-459a6f24aa4e (rpc error 1) tries=4, num=3, masters=0x000000011260a8b8 -> [[127.0.0.1:7100], [127.0.0.2:7100], [127.0.0.3:7100]], code=Remote error
W1010 10:35:58.514873 127197184 heartbeater.cc:671] P d5c37cb1777946179e6692ee5e504715: Failed to heartbeat to 127.0.0.3:7100: Remote error (yb/rpc/outbound_call.cc:561): Failed to send heartbeat: Invalid argument (yb/master/master_heartbeat_service.cc:251): Received wrong universe_uuid 21b2e3d0-495a-4149-9f2a-913ddeb95eff, expected 7252bc1a-cf22-48a4-9dd6-459a6f24aa4e (rpc error 1) tries=5, num=3, masters=0x000000011260a8b8 -> [[127.0.0.1:7100], [127.0.0.2:7100], [127.0.0.3:7100]], code=Remote error
W1010 10:35:58.518476 127197184 heartbeater.cc:671] P d5c37cb1777946179e6692ee5e504715: Failed to heartbeat to 127.0.0.3:7100: Remote error (yb/rpc/outbound_call.cc:561): Failed to send heartbeat: Invalid argument (yb/master/master_heartbeat_service.cc:251): Received wrong universe_uuid 21b2e3d0-495a-4149-9f2a-913ddeb95eff, expected 7252bc1a-cf22-48a4-9dd6-459a6f24aa4e (rpc error 1) tries=6, num=3, masters=0x000000011260a8b8 -> [[127.0.0.1:7100], [127.0.0.2:7100], [127.0.0.3:7100]], code=Remote error
W1010 10:35:58.518980 120758272 log_util.cc:241] Could not read footer for segment: /Users/nag/yb/yugabyte-data/node1/yb-data/tserver/wals/table-f80c17935cc9489ab3c6c05dceb25976/tablet-c09c8a2af076408b8083ae6bfc2a671e/wal-000000001: Not found (yb/consensus/log_util.cc:581): Footer not found. Footer magic doesn't match
W1010 10:35:58.519490 120758272 log_reader.cc:217] T c09c8a2af076408b8083ae6bfc2a671e P d5c37cb1777946179e6692ee5e504715: Log segment /Users/nag/yb/yugabyte-data/node1/yb-data/tserver/wals/table-f80c17935cc9489ab3c6c05dceb25976/tablet-c09c8a2af076408b8083ae6bfc2a671e/wal-000000001 was likely left in-progressafter a previous crash. Will try to reuse this segment as writable active segment
W1010 10:35:58.521728 121831424 log_util.cc:241] Could not read footer for segment: /Users/nag/yb/yugabyte-data/node1/yb-data/tserver/wals/table-f80c17935cc9489ab3c6c05dceb25976/tablet-46569f1a6c8746acb9da222b34f086b5/wal-000000002: Not found (yb/consensus/log_util.cc:581): Footer not found. Footer magic doesn't match
W1010 10:35:58.521826 122368000 log_util.cc:241] Could not read footer for segment: /Users/nag/yb/yugabyte-data/node1/yb-data/tserver/wals/table-f80c17935cc9489ab3c6c05dceb25976/tablet-541698385c044c6ab901cf03bad66398/wal-000000001: Not found (yb/consensus/log_util.cc:581): Footer not found. Footer magic doesn't match
W1010 10:35:58.521881 123441152 log_util.cc:241] Could not read footer for segment: /Users/nag/yb/yugabyte-data/node1/yb-data/tserver/wals/table-f80c17935cc9489ab3c6c05dceb25976/tablet-a818e973b4b04213a257872ca0183570/wal-000000001: Not found (yb/consensus/log_util.cc:581): Footer not found. Footer magic doesn't match
W1010 10:35:58.522069 121831424 log_reader.cc:217] T 46569f1a6c8746acb9da222b34f086b5 P d5c37cb1777946179e6692ee5e504715: Log segment /Users/nag/yb/yugabyte-data/node1/yb-data/tserver/wals/table-f80c17935cc9489ab3c6c05dceb25976/tablet-46569f1a6c8746acb9da222b34f086b5/wal-000000002 was likely left in-progressafter a previous crash. Will try to reuse this segment as writable active segment
W1010 10:35:58.522133 122904576 log_util.cc:241] Could not read footer for segment: /Users/nag/yb/yugabyte-data/node1/yb-data/tserver/wals/table-f80c17935cc9489ab3c6c05dceb25976/tablet-2a30e7b2effb4ab888e1f5a8af3fb03b/wal-000000001: Not found (yb/consensus/log_util.cc:581): Footer not found. Footer magic doesn't match
W1010 10:35:58.522169 124514304 log_util.cc:241] Could not read footer for segment: /Users/nag/yb/yugabyte-data/node1/yb-data/tserver/wals/table-f80c17935cc9489ab3c6c05dceb25976/tablet-7584006b2fba41cd828ac06782afeb03/wal-000000001: Not found (yb/consensus/log_util.cc:581): Footer not found. Footer magic doesn't match
W1010 10:35:58.522158 122368000 log_reader.cc:217] T 541698385c044c6ab901cf03bad66398 P d5c37cb1777946179e6692ee5e504715: Log segment /Users/nag/yb/yugabyte-data/node1/yb-data/tserver/wals/table-f80c17935cc9489ab3c6c05dceb25976/tablet-541698385c044c6ab901cf03bad66398/wal-000000001 was likely left in-progressafter a previous crash. Will try to reuse this segment as writable active segment
W1010 10:35:58.522178 123441152 log_reader.cc:217] T a818e973b4b04213a257872ca0183570 P d5c37cb1777946179e6692ee5e504715: Log segment /Users/nag/yb/yugabyte-data/node1/yb-data/tserver/wals/table-f80c17935cc9489ab3c6c05dceb25976/tablet-a818e973b4b04213a257872ca0183570/wal-000000001 was likely left in-progressafter a previous crash. Will try to reuse this segment as writable active segment
W1010 10:35:58.522363 122904576 log_reader.cc:217] T 2a30e7b2effb4ab888e1f5a8af3fb03b P d5c37cb1777946179e6692ee5e504715: Log segment /Users/nag/yb/yugabyte-data/node1/yb-data/tserver/wals/table-f80c17935cc9489ab3c6c05dceb25976/tablet-2a30e7b2effb4ab888e1f5a8af3fb03b/wal-000000001 was likely left in-progressafter a previous crash. Will try to reuse this segment as writable active segment
W1010 10:35:58.522465 124514304 log_reader.cc:217] T 7584006b2fba41cd828ac06782afeb03 P d5c37cb1777946179e6692ee5e504715: Log segment /Users/nag/yb/yugabyte-data/node1/yb-data/tserver/wals/table-f80c17935cc9489ab3c6c05dceb25976/tablet-7584006b2fba41cd828ac06782afeb03/wal-000000001 was likely left in-progressafter a previous crash. Will try to reuse this segment as writable active segment
W1010 10:35:58.522756 123977728 log_util.cc:241] Could not read footer for segment: /Users/nag/yb/yugabyte-data/node1/yb-data/tserver/wals/table-f80c17935cc9489ab3c6c05dceb25976/tablet-9b45d3f9024e43b58a591ec35594430e/wal-000000001: Not found (yb/consensus/log_util.cc:581): Footer not found. Footer magic doesn't match
W1010 10:35:58.523110 123977728 log_reader.cc:217] T 9b45d3f9024e43b58a591ec35594430e P d5c37cb1777946179e6692ee5e504715: Log segment /Users/nag/yb/yugabyte-data/node1/yb-data/tserver/wals/table-f80c17935cc9489ab3c6c05dceb25976/tablet-9b45d3f9024e43b58a591ec35594430e/wal-000000001 was likely left in-progressafter a previous crash. Will try to reuse this segment as writable active segment
W1010 10:35:58.539000 127197184 heartbeater.cc:671] P d5c37cb1777946179e6692ee5e504715: Failed to heartbeat to 127.0.0.3:7100: Remote error (yb/rpc/outbound_call.cc:561): Failed to send heartbeat: Invalid argument (yb/master/master_heartbeat_service.cc:251): Received wrong universe_uuid 21b2e3d0-495a-4149-9f2a-913ddeb95eff, expected 7252bc1a-cf22-48a4-9dd6-459a6f24aa4e (rpc error 1) tries=7, num=3, masters=0x000000011260a8b8 -> [[127.0.0.1:7100], [127.0.0.2:7100], [127.0.0.3:7100]], code=Remote error
W1010 10:35:58.543494 127197184 heartbeater.cc:671] P d5c37cb1777946179e6692ee5e504715: Failed to heartbeat to 127.0.0.3:7100: Remote error (yb/rpc/outbound_call.cc:561): Failed to send heartbeat: Invalid argument (yb/master/master_heartbeat_service.cc:251): Received wrong universe_uuid 21b2e3d0-495a-4149-9f2a-913ddeb95eff, expected 7252bc1a-cf22-48a4-9dd6-459a6f24aa4e (rpc error 1) tries=8, num=3, masters=0x000000011260a8b8 -> [[127.0.0.1:7100], [127.0.0.2:7100], [127.0.0.3:7100]], code=Remote error
W1010 10:35:58.546605 127197184 heartbeater.cc:671] P d5c37cb1777946179e6692ee5e504715: Failed to heartbeat to 127.0.0.3:7100: Remote error (yb/rpc/outbound_call.cc:561): Failed to send heartbeat: Invalid argument (yb/master/master_heartbeat_service.cc:251): Received wrong universe_uuid 21b2e3d0-495a-4149-9f2a-913ddeb95eff, expected 7252bc1a-cf22-48a4-9dd6-459a6f24aa4e (rpc error 1) tries=9, num=3, masters=0x000000011260a8b8 -> [[127.0.0.1:7100], [127.0.0.2:7100], [127.0.0.3:7100]], code=Remote error
W1010 10:35:58.547771 122368000 log_util.cc:241] Could not read footer for segment: /Users/nag/yb/yugabyte-data/node1/yb-data/tserver/wals/table-f80c17935cc9489ab3c6c05dceb25976/tablet-f5bd6014d733492eac6dd2cfba061381/wal-000000001: Not found (yb/consensus/log_util.cc:581): Footer not found. Footer magic doesn't match
W1010 10:35:58.548151 124514304 log_util.cc:241] Could not read footer for segment: /Users/nag/yb/yugabyte-data/node1/yb-data/tserver/wals/table-f80c17935cc9489ab3c6c05dceb25976/tablet-30fedb9fed834e6d975c43711c3f6fd9/wal-000000001: Not found (yb/consensus/log_util.cc:581): Footer not found. Footer magic doesn't match
W1010 10:35:58.548230 120758272 log_util.cc:241] Could not read footer for segment: /Users/nag/yb/yugabyte-data/node1/yb-data/tserver/wals/table-f80c17935cc9489ab3c6c05dceb25976/tablet-4c1e255cf37d4de58ed9d6a6f32e7473/wal-000000001: Not found (yb/consensus/log_util.cc:581): Footer not found. Footer magic doesn't match
W1010 10:35:58.548298 122368000 log_reader.cc:217] T f5bd6014d733492eac6dd2cfba061381 P d5c37cb1777946179e6692ee5e504715: Log segment /Users/nag/yb/yugabyte-data/node1/yb-data/tserver/wals/table-f80c17935cc9489ab3c6c05dceb25976/tablet-f5bd6014d733492eac6dd2cfba061381/wal-000000001 was likely left in-progressafter a previous crash. Will try to reuse this segment as writable active segment
W1010 10:35:58.548517 124514304 log_reader.cc:217] T 30fedb9fed834e6d975c43711c3f6fd9 P d5c37cb1777946179e6692ee5e504715: Log segment /Users/nag/yb/yugabyte-data/node1/yb-data/tserver/wals/table-f80c17935cc9489ab3c6c05dceb25976/tablet-30fedb9fed834e6d975c43711c3f6fd9/wal-000000001 was likely left in-progressafter a previous crash. Will try to reuse this segment as writable active segment
W1010 10:35:58.548630 120758272 log_reader.cc:217] T 4c1e255cf37d4de58ed9d6a6f32e7473 P d5c37cb1777946179e6692ee5e504715: Log segment /Users/nag/yb/yugabyte-data/node1/yb-data/tserver/wals/table-f80c17935cc9489ab3c6c05dceb25976/tablet-4c1e255cf37d4de58ed9d6a6f32e7473/wal-000000001 was likely left in-progressafter a previous crash. Will try to reuse this segment as writable active segment
W1010 10:35:58.549168 123977728 log_util.cc:241] Could not read footer for segment: /Users/nag/yb/yugabyte-data/node1/yb-data/tserver/wals/table-f80c17935cc9489ab3c6c05dceb25976/tablet-f27eef4b471b4c3c800523a8cd4a34f7/wal-000000001: Not found (yb/consensus/log_util.cc:581): Footer not found. Footer magic doesn't match
W1010 10:35:58.549367 123977728 log_reader.cc:217] T f27eef4b471b4c3c800523a8cd4a34f7 P d5c37cb1777946179e6692ee5e504715: Log segment /Users/nag/yb/yugabyte-data/node1/yb-data/tserver/wals/table-f80c17935cc9489ab3c6c05dceb25976/tablet-f27eef4b471b4c3c800523a8cd4a34f7/wal-000000001 was likely left in-progressafter a previous crash. Will try to reuse this segment as writable active segment
W1010 10:35:58.549592 127197184 heartbeater.cc:671] P d5c37cb1777946179e6692ee5e504715: Failed to heartbeat to 127.0.0.3:7100: Remote error (yb/rpc/outbound_call.cc:561): Failed to send heartbeat: Invalid argument (yb/master/master_heartbeat_service.cc:251): Received wrong universe_uuid 21b2e3d0-495a-4149-9f2a-913ddeb95eff, expected 7252bc1a-cf22-48a4-9dd6-459a6f24aa4e (rpc error 1) tries=10, num=3, masters=0x000000011260a8b8 -> [[127.0.0.1:7100], [127.0.0.2:7100], [127.0.0.3:7100]], code=Remote error
W1010 10:35:58.553649 122904576 log_util.cc:241] Could not read footer for segment: /Users/nag/yb/yugabyte-data/node1/yb-data/tserver/wals/table-f80c17935cc9489ab3c6c05dceb25976/tablet-7c7b0e8f396b4659b1f29a4dd140c822/wal-000000001: Not found (yb/consensus/log_util.cc:581): Footer not found. Footer magic doesn't match
W1010 10:35:58.553700 122904576 log_reader.cc:217] T 7c7b0e8f396b4659b1f29a4dd140c822 P d5c37cb1777946179e6692ee5e504715: Log segment /Users/nag/yb/yugabyte-data/node1/yb-data/tserver/wals/table-f80c17935cc9489ab3c6c05dceb25976/tablet-7c7b0e8f396b4659b1f29a4dd140c822/wal-000000001 was likely left in-progressafter a previous crash. Will try to reuse this segment as writable active segment
W1010 10:35:58.553983 121831424 log_util.cc:241] Could not read footer for segment: /Users/nag/yb/yugabyte-data/node1/yb-data/tserver/wals/table-f80c17935cc9489ab3c6c05dceb25976/tablet-5aab7c3da55c4174a9735369225d0c54/wal-000000001: Not found (yb/consensus/log_util.cc:581): Footer not found. Footer magic doesn't match
W1010 10:35:58.554837 121831424 log_reader.cc:217] T 5aab7c3da55c4174a9735369225d0c54 P d5c37cb1777946179e6692ee5e504715: Log segment /Users/nag/yb/yugabyte-data/node1/yb-data/tserver/wals/table-f80c17935cc9489ab3c6c05dceb25976/tablet-5aab7c3da55c4174a9735369225d0c54/wal-000000001 was likely left in-progressafter a previous crash. Will try to reuse this segment as writable active segment
W1010 10:35:58.554877 123441152 log_util.cc:241] Could not read footer for segment: /Users/nag/yb/yugabyte-data/node1/yb-data/tserver/wals/table-f80c17935cc9489ab3c6c05dceb25976/tablet-9cd834df5c9f41b091ffb845bd6122ec/wal-000000001: Not found (yb/consensus/log_util.cc:581): Footer not found. Footer magic doesn't match
W1010 10:35:58.555229 123441152 log_reader.cc:217] T 9cd834df5c9f41b091ffb845bd6122ec P d5c37cb1777946179e6692ee5e504715: Log segment /Users/nag/yb/yugabyte-data/node1/yb-data/tserver/wals/table-f80c17935cc9489ab3c6c05dceb25976/tablet-9cd834df5c9f41b091ffb845bd6122ec/wal-000000001 was likely left in-progressafter a previous crash. Will try to reuse this segment as writable active segment
W1010 10:35:58.571630 127197184 heartbeater.cc:671] P d5c37cb1777946179e6692ee5e504715: Failed to heartbeat to 127.0.0.3:7100: Remote error (yb/rpc/outbound_call.cc:561): Failed to send heartbeat: Invalid argument (yb/master/master_heartbeat_service.cc:251): Received wrong universe_uuid 21b2e3d0-495a-4149-9f2a-913ddeb95eff, expected 7252bc1a-cf22-48a4-9dd6-459a6f24aa4e (rpc error 1) tries=11, num=3, masters=0x000000011260a8b8 -> [[127.0.0.1:7100], [127.0.0.2:7100], [127.0.0.3:7100]], code=Remote error
W1010 10:35:58.577457 127197184 heartbeater.cc:671] P d5c37cb1777946179e6692ee5e504715: Failed to heartbeat to 127.0.0.3:7100: Remote error (yb/rpc/outbound_call.cc:561): Failed to send heartbeat: Invalid argument (yb/master/master_heartbeat_service.cc:251): Received wrong universe_uuid 21b2e3d0-495a-4149-9f2a-913ddeb95eff, expected 7252bc1a-cf22-48a4-9dd6-459a6f24aa4e (rpc error 1) tries=12, num=3, masters=0x000000011260a8b8 -> [[127.0.0.1:7100], [127.0.0.2:7100], [127.0.0.3:7100]], code=Remote error
W1010 10:35:58.582933 127197184 heartbeater.cc:671] P d5c37cb1777946179e6692ee5e504715: Failed to heartbeat to 127.0.0.3:7100: Remote error (yb/rpc/outbound_call.cc:561): Failed to send heartbeat: Invalid argument (yb/master/master_heartbeat_service.cc:251): Received wrong universe_uuid 21b2e3d0-495a-4149-9f2a-913ddeb95eff, expected 7252bc1a-cf22-48a4-9dd6-459a6f24aa4e (rpc error 1) tries=13, num=3, masters=0x000000011260a8b8 -> [[127.0.0.1:7100], [127.0.0.2:7100], [127.0.0.3:7100]], code=Remote error
W1010 10:35:58.585516 127197184 heartbeater.cc:671] P d5c37cb1777946179e6692ee5e504715: Failed to heartbeat to 127.0.0.3:7100: Remote error (yb/rpc/outbound_call.cc:561): Failed to send heartbeat: Invalid argument (yb/master/master_heartbeat_service.cc:251): Received wrong universe_uuid 21b2e3d0-495a-4149-9f2a-913ddeb95eff, expected 7252bc1a-cf22-48a4-9dd6-459a6f24aa4e (rpc error 1) tries=14, num=3, masters=0x000000011260a8b8 -> [[127.0.0.1:7100], [127.0.0.2:7100], [127.0.0.3:7100]], code=Remote error
W1010 10:35:58.586512 124514304 log_util.cc:241] Could not read footer for segment: /Users/nag/yb/yugabyte-data/node1/yb-data/tserver/wals/table-f80c17935cc9489ab3c6c05dceb25976/tablet-bf1529417d2a441c9c33fa183a226bd3/wal-000000001: Not found (yb/consensus/log_util.cc:581): Footer not found. Footer magic doesn't match
W1010 10:35:58.586794 124514304 log_reader.cc:217] T bf1529417d2a441c9c33fa183a226bd3 P d5c37cb1777946179e6692ee5e504715: Log segment /Users/nag/yb/yugabyte-data/node1/yb-data/tserver/wals/table-f80c17935cc9489ab3c6c05dceb25976/tablet-bf1529417d2a441c9c33fa183a226bd3/wal-000000001 was likely left in-progressafter a previous crash. Will try to reuse this segment as writable active segment
W1010 10:35:58.586884 122368000 log_util.cc:241] Could not read footer for segment: /Users/nag/yb/yugabyte-data/node1/yb-data/tserver/wals/table-f80c17935cc9489ab3c6c05dceb25976/tablet-1b3f2a4877404ba898e6ff9448cf4740/wal-000000001: Not found (yb/consensus/log_util.cc:581): Footer not found. Footer magic doesn't match
W1010 10:35:58.587854 127197184 heartbeater.cc:671] P d5c37cb1777946179e6692ee5e504715: Failed to heartbeat to 127.0.0.3:7100: Remote error (yb/rpc/outbound_call.cc:561): Failed to send heartbeat: Invalid argument (yb/master/master_heartbeat_service.cc:251): Received wrong universe_uuid 21b2e3d0-495a-4149-9f2a-913ddeb95eff, expected 7252bc1a-cf22-48a4-9dd6-459a6f24aa4e (rpc error 1) tries=15, num=3, masters=0x000000011260a8b8 -> [[127.0.0.1:7100], [127.0.0.2:7100], [127.0.0.3:7100]], code=Remote error
W1010 10:35:58.587883 122368000 log_reader.cc:217] T 1b3f2a4877404ba898e6ff9448cf4740 P d5c37cb1777946179e6692ee5e504715: Log segment /Users/nag/yb/yugabyte-data/node1/yb-data/tserver/wals/table-f80c17935cc9489ab3c6c05dceb25976/tablet-1b3f2a4877404ba898e6ff9448cf4740/wal-000000001 was likely left in-progressafter a previous crash. Will try to reuse this segment as writable active segment
W1010 10:35:58.592481 127197184 heartbeater.cc:671] P d5c37cb1777946179e6692ee5e504715: Failed to heartbeat to 127.0.0.3:7100: Remote error (yb/rpc/outbound_call.cc:561): Failed to send heartbeat: Invalid argument (yb/master/master_heartbeat_service.cc:251): Received wrong universe_uuid 21b2e3d0-495a-4149-9f2a-913ddeb95eff, expected 7252bc1a-cf22-48a4-9dd6-459a6f24aa4e (rpc error 1) tries=16, num=3, masters=0x000000011260a8b8 -> [[127.0.0.1:7100], [127.0.0.2:7100], [127.0.0.3:7100]], code=Remote error
W1010 10:35:58.593588 123977728 log_util.cc:241] Could not read footer for segment: /Users/nag/yb/yugabyte-data/node1/yb-data/tserver/wals/table-f80c17935cc9489ab3c6c05dceb25976/tablet-1e9c042ca80e4c66a6117c85d04f6168/wal-000000001: Not found (yb/consensus/log_util.cc:581): Footer not found. Footer magic doesn't match
W1010 10:35:58.593886 123977728 log_reader.cc:217] T 1e9c042ca80e4c66a6117c85d04f6168 P d5c37cb1777946179e6692ee5e504715: Log segment /Users/nag/yb/yugabyte-data/node1/yb-data/tserver/wals/table-f80c17935cc9489ab3c6c05dceb25976/tablet-1e9c042ca80e4c66a6117c85d04f6168/wal-000000001 was likely left in-progressafter a previous crash. Will try to reuse this segment as writable active segment
W1010 10:35:58.612322 127197184 heartbeater.cc:671] P d5c37cb1777946179e6692ee5e504715: Failed to heartbeat to 127.0.0.3:7100: Remote error (yb/rpc/outbound_call.cc:561): Failed to send heartbeat: Invalid argument (yb/master/master_heartbeat_service.cc:251): Received wrong universe_uuid 21b2e3d0-495a-4149-9f2a-913ddeb95eff, expected 7252bc1a-cf22-48a4-9dd6-459a6f24aa4e (rpc error 1) tries=17, num=3, masters=0x000000011260a8b8 -> [[127.0.0.1:7100], [127.0.0.2:7100], [127.0.0.3:7100]], code=Remote error
W1010 10:35:58.613085 121831424 log_util.cc:241] Could not read footer for segment: /Users/nag/yb/yugabyte-data/node1/yb-data/tserver/wals/table-b9a0b9d79c3a45f4842ed441df7c3e59/tablet-8e0f68212e424483898ada80f57d111e/wal-000000001: Not found (yb/consensus/log_util.cc:581): Footer not found. Footer magic doesn't match
W1010 10:35:58.613173 121831424 log_reader.cc:217] T 8e0f68212e424483898ada80f57d111e P d5c37cb1777946179e6692ee5e504715: Log segment /Users/nag/yb/yugabyte-data/node1/yb-data/tserver/wals/table-b9a0b9d79c3a45f4842ed441df7c3e59/tablet-8e0f68212e424483898ada80f57d111e/wal-000000001 was likely left in-progressafter a previous crash. Will try to reuse this segment as writable active segment
W1010 10:35:58.613340 127197184 heartbeater.cc:671] P d5c37cb1777946179e6692ee5e504715: Failed to heartbeat to 127.0.0.3:7100: Remote error (yb/rpc/outbound_call.cc:561): Failed to send heartbeat: Invalid argument (yb/master/master_heartbeat_service.cc:251): Received wrong universe_uuid 21b2e3d0-495a-4149-9f2a-913ddeb95eff, expected 7252bc1a-cf22-48a4-9dd6-459a6f24aa4e (rpc error 1) tries=18, num=3, masters=0x000000011260a8b8 -> [[127.0.0.1:7100], [127.0.0.2:7100], [127.0.0.3:7100]], code=Remote error
W1010 10:35:58.615770 127197184 heartbeater.cc:671] P d5c37cb1777946179e6692ee5e504715: Failed to heartbeat to 127.0.0.3:7100: Remote error (yb/rpc/outbound_call.cc:561): Failed to send heartbeat: Invalid argument (yb/master/master_heartbeat_service.cc:251): Received wrong universe_uuid 21b2e3d0-495a-4149-9f2a-913ddeb95eff, expected 7252bc1a-cf22-48a4-9dd6-459a6f24aa4e (rpc error 1) tries=19, num=3, masters=0x000000011260a8b8 -> [[127.0.0.1:7100], [127.0.0.2:7100], [127.0.0.3:7100]], code=Remote error
W1010 10:35:58.617094 127197184 heartbeater.cc:671] P d5c37cb1777946179e6692ee5e504715: Failed to heartbeat to 127.0.0.3:7100: Remote error (yb/rpc/outbound_call.cc:561): Failed to send heartbeat: Invalid argument (yb/master/master_heartbeat_service.cc:251): Received wrong universe_uuid 21b2e3d0-495a-4149-9f2a-913ddeb95eff, expected 7252bc1a-cf22-48a4-9dd6-459a6f24aa4e (rpc error 1) tries=20, num=3, masters=0x000000011260a8b8 -> [[127.0.0.1:7100], [127.0.0.2:7100], [127.0.0.3:7100]], code=Remote error
W1010 10:35:58.620977 127197184 heartbeater.cc:671] P d5c37cb1777946179e6692ee5e504715: Failed to heartbeat to 127.0.0.3:7100: Remote error (yb/rpc/outbound_call.cc:561): Failed to send heartbeat: Invalid argument (yb/master/master_heartbeat_service.cc:251): Received wrong universe_uuid 21b2e3d0-495a-4149-9f2a-913ddeb95eff, expected 7252bc1a-cf22-48a4-9dd6-459a6f24aa4e (rpc error 1) tries=21, num=3, masters=0x000000011260a8b8 -> [[127.0.0.1:7100], [127.0.0.2:7100], [127.0.0.3:7100]], code=Remote error
W1010 10:35:58.623842 123441152 log_util.cc:241] Could not read footer for segment: /Users/nag/yb/yugabyte-data/node1/yb-data/tserver/wals/table-00004000000030008000000000004007/tablet-e1f4e53199844455a5eebccf2866688d/wal-000000001: Not found (yb/consensus/log_util.cc:581): Footer not found. Footer magic doesn't match
W1010 10:35:58.624670 123441152 log_reader.cc:217] T e1f4e53199844455a5eebccf2866688d P d5c37cb1777946179e6692ee5e504715: Log segment /Users/nag/yb/yugabyte-data/node1/yb-data/tserver/wals/table-00004000000030008000000000004007/tablet-e1f4e53199844455a5eebccf2866688d/wal-000000001 was likely left in-progressafter a previous crash. Will try to reuse this segment as writable active segment
W1010 10:35:58.625190 127197184 heartbeater.cc:671] P d5c37cb1777946179e6692ee5e504715: Failed to heartbeat to 127.0.0.3:7100: Remote error (yb/rpc/outbound_call.cc:561): Failed to send heartbeat: Invalid argument (yb/master/master_heartbeat_service.cc:251): Received wrong universe_uuid 21b2e3d0-495a-4149-9f2a-913ddeb95eff, expected 7252bc1a-cf22-48a4-9dd6-459a6f24aa4e (rpc error 1) tries=22, num=3, masters=0x000000011260a8b8 -> [[127.0.0.1:7100], [127.0.0.2:7100], [127.0.0.3:7100]], code=Remote error
W1010 10:35:58.627463 123441152 tablet_bootstrap.cc:1541] T e1f4e53199844455a5eebccf2866688d P d5c37cb1777946179e6692ee5e504715: Ignoring skip_flushed_entries even though it is set, because we need to scan all segments when any cdc stream is active for this tablet.
W1010 10:35:58.631914 124514304 log_util.cc:241] Could not read footer for segment: /Users/nag/yb/yugabyte-data/node1/yb-data/tserver/wals/table-b9a0b9d79c3a45f4842ed441df7c3e59/tablet-47b939d4eeae41109c7abd422a1cc910/wal-000000001: Not found (yb/consensus/log_util.cc:581): Footer not found. Footer magic doesn't match
W1010 10:35:58.633226 124514304 log_reader.cc:217] T 47b939d4eeae41109c7abd422a1cc910 P d5c37cb1777946179e6692ee5e504715: Log segment /Users/nag/yb/yugabyte-data/node1/yb-data/tserver/wals/table-b9a0b9d79c3a45f4842ed441df7c3e59/tablet-47b939d4eeae41109c7abd422a1cc910/wal-000000001 was likely left in-progressafter a previous crash. Will try to reuse this segment as writable active segment
W1010 10:35:58.633386 127197184 heartbeater.cc:671] P d5c37cb1777946179e6692ee5e504715: Failed to heartbeat to 127.0.0.3:7100: Remote error (yb/rpc/outbound_call.cc:561): Failed to send heartbeat: Invalid argument (yb/master/master_heartbeat_service.cc:251): Received wrong universe_uuid 21b2e3d0-495a-4149-9f2a-913ddeb95eff, expected 7252bc1a-cf22-48a4-9dd6-459a6f24aa4e (rpc error 1) tries=23, num=3, masters=0x000000011260a8b8 -> [[127.0.0.1:7100], [127.0.0.2:7100], [127.0.0.3:7100]], code=Remote error
W1010 10:35:58.640820 127197184 heartbeater.cc:671] P d5c37cb1777946179e6692ee5e504715: Failed to heartbeat to 127.0.0.3:7100: Remote error (yb/rpc/outbound_call.cc:561): Failed to send heartbeat: Invalid argument (yb/master/master_heartbeat_service.cc:251): Received wrong universe_uuid 21b2e3d0-495a-4149-9f2a-913ddeb95eff, expected 7252bc1a-cf22-48a4-9dd6-459a6f24aa4e (rpc error 1) tries=24, num=3, masters=0x000000011260a8b8 -> [[127.0.0.1:7100], [127.0.0.2:7100], [127.0.0.3:7100]], code=Remote error
W1010 10:35:58.645920 122368000 log_util.cc:241] Could not read footer for segment: /Users/nag/yb/yugabyte-data/node1/yb-data/tserver/wals/table-b9a0b9d79c3a45f4842ed441df7c3e59/tablet-dc9df9c5ad3649a4b4a0ef5b914a4f22/wal-000000001: Not found (yb/consensus/log_util.cc:581): Footer not found. Footer magic doesn't match
W1010 10:35:58.646014 122368000 log_reader.cc:217] T dc9df9c5ad3649a4b4a0ef5b914a4f22 P d5c37cb1777946179e6692ee5e504715: Log segment /Users/nag/yb/yugabyte-data/node1/yb-data/tserver/wals/table-b9a0b9d79c3a45f4842ed441df7c3e59/tablet-dc9df9c5ad3649a4b4a0ef5b914a4f22/wal-000000001 was likely left in-progressafter a previous crash. Will try to reuse this segment as writable active segment
W1010 10:35:58.649132 127197184 heartbeater.cc:671] P d5c37cb1777946179e6692ee5e504715: Failed to heartbeat to 127.0.0.3:7100: Remote error (yb/rpc/outbound_call.cc:561): Failed to send heartbeat: Invalid argument (yb/master/master_heartbeat_service.cc:251): Received wrong universe_uuid 21b2e3d0-495a-4149-9f2a-913ddeb95eff, expected 7252bc1a-cf22-48a4-9dd6-459a6f24aa4e (rpc error 1) tries=25, num=3, masters=0x000000011260a8b8 -> [[127.0.0.1:7100], [127.0.0.2:7100], [127.0.0.3:7100]], code=Remote error
W1010 10:35:58.651319 123977728 log_util.cc:241] Could not read footer for segment: /Users/nag/yb/yugabyte-data/node1/yb-data/tserver/wals/table-0000400000003000800000000000400e/tablet-8b3b2a6029b04e9caafd3d0ecee41251/wal-000000001: Not found (yb/consensus/log_util.cc:581): Footer not found. Footer magic doesn't match
W1010 10:35:58.651721 127197184 heartbeater.cc:671] P d5c37cb1777946179e6692ee5e504715: Failed to heartbeat to 127.0.0.3:7100: Remote error (yb/rpc/outbound_call.cc:561): Failed to send heartbeat: Invalid argument (yb/master/master_heartbeat_service.cc:251): Received wrong universe_uuid 21b2e3d0-495a-4149-9f2a-913ddeb95eff, expected 7252bc1a-cf22-48a4-9dd6-459a6f24aa4e (rpc error 1) tries=26, num=3, masters=0x000000011260a8b8 -> [[127.0.0.1:7100], [127.0.0.2:7100], [127.0.0.3:7100]], code=Remote error
W1010 10:35:58.651888 123977728 log_reader.cc:217] T 8b3b2a6029b04e9caafd3d0ecee41251 P d5c37cb1777946179e6692ee5e504715: Log segment /Users/nag/yb/yugabyte-data/node1/yb-data/tserver/wals/table-0000400000003000800000000000400e/tablet-8b3b2a6029b04e9caafd3d0ecee41251/wal-000000001 was likely left in-progressafter a previous crash. Will try to reuse this segment as writable active segment
W1010 10:35:58.653621 127197184 heartbeater.cc:671] P d5c37cb1777946179e6692ee5e504715: Failed to heartbeat to 127.0.0.3:7100: Remote error (yb/rpc/outbound_call.cc:561): Failed to send heartbeat: Invalid argument (yb/master/master_heartbeat_service.cc:251): Received wrong universe_uuid 21b2e3d0-495a-4149-9f2a-913ddeb95eff, expected 7252bc1a-cf22-48a4-9dd6-459a6f24aa4e (rpc error 1) tries=27, num=3, masters=0x000000011260a8b8 -> [[127.0.0.1:7100], [127.0.0.2:7100], [127.0.0.3:7100]], code=Remote error
W1010 10:35:58.658921 122904576 log_util.cc:241] Could not read footer for segment: /Users/nag/yb/yugabyte-data/node1/yb-data/tserver/wals/table-00004000000030008000000000004007/tablet-58e6490841794dbeb8a8ffeaeaa9d87d/wal-000000001: Not found (yb/consensus/log_util.cc:581): Footer not found. Footer magic doesn't match
W1010 10:35:58.662153 121831424 log_util.cc:241] Could not read footer for segment: /Users/nag/yb/yugabyte-data/node1/yb-data/tserver/wals/table-00004000000030008000000000004007/tablet-ac7dc2f4ab3d4d75960c9b3c010ad173/wal-000000001: Not found (yb/consensus/log_util.cc:581): Footer not found. Footer magic doesn't match
W1010 10:35:58.662330 122904576 log_reader.cc:217] T 58e6490841794dbeb8a8ffeaeaa9d87d P d5c37cb1777946179e6692ee5e504715: Log segment /Users/nag/yb/yugabyte-data/node1/yb-data/tserver/wals/table-00004000000030008000000000004007/tablet-58e6490841794dbeb8a8ffeaeaa9d87d/wal-000000001 was likely left in-progressafter a previous crash. Will try to reuse this segment as writable active segment
W1010 10:35:58.662720 121831424 log_reader.cc:217] T ac7dc2f4ab3d4d75960c9b3c010ad173 P d5c37cb1777946179e6692ee5e504715: Log segment /Users/nag/yb/yugabyte-data/node1/yb-data/tserver/wals/table-00004000000030008000000000004007/tablet-ac7dc2f4ab3d4d75960c9b3c010ad173/wal-000000001 was likely left in-progressafter a previous crash. Will try to reuse this segment as writable active segment
W1010 10:35:58.663445 122904576 tablet_bootstrap.cc:1541] T 58e6490841794dbeb8a8ffeaeaa9d87d P d5c37cb1777946179e6692ee5e504715: Ignoring skip_flushed_entries even though it is set, because we need to scan all segments when any cdc stream is active for this tablet.
W1010 10:35:58.663686 121831424 tablet_bootstrap.cc:1541] T ac7dc2f4ab3d4d75960c9b3c010ad173 P d5c37cb1777946179e6692ee5e504715: Ignoring skip_flushed_entries even though it is set, because we need to scan all segments when any cdc stream is active for this tablet.
W1010 10:35:58.671094 127197184 heartbeater.cc:671] P d5c37cb1777946179e6692ee5e504715: Failed to heartbeat to 127.0.0.3:7100: Remote error (yb/rpc/outbound_call.cc:561): Failed to send heartbeat: Invalid argument (yb/master/master_heartbeat_service.cc:251): Received wrong universe_uuid 21b2e3d0-495a-4149-9f2a-913ddeb95eff, expected 7252bc1a-cf22-48a4-9dd6-459a6f24aa4e (rpc error 1) tries=28, num=3, masters=0x000000011260a8b8 -> [[127.0.0.1:7100], [127.0.0.2:7100], [127.0.0.3:7100]], code=Remote error
W1010 10:35:58.677704 127197184 heartbeater.cc:671] P d5c37cb1777946179e6692ee5e504715: Failed to heartbeat to 127.0.0.3:7100: Remote error (yb/rpc/outbound_call.cc:561): Failed to send heartbeat: Invalid argument (yb/master/master_heartbeat_service.cc:251): Received wrong universe_uuid 21b2e3d0-495a-4149-9f2a-913ddeb95eff, expected 7252bc1a-cf22-48a4-9dd6-459a6f24aa4e (rpc error 1) tries=29, num=3, masters=0x000000011260a8b8 -> [[127.0.0.1:7100], [127.0.0.2:7100], [127.0.0.3:7100]], code=Remote error
W1010 10:35:58.679469 127197184 heartbeater.cc:671] P d5c37cb1777946179e6692ee5e504715: Failed to heartbeat to 127.0.0.3:7100: Remote error (yb/rpc/outbound_call.cc:561): Failed to send heartbeat: Invalid argument (yb/master/master_heartbeat_service.cc:251): Received wrong universe_uuid 21b2e3d0-495a-4149-9f2a-913ddeb95eff, expected 7252bc1a-cf22-48a4-9dd6-459a6f24aa4e (rpc error 1) tries=30, num=3, masters=0x000000011260a8b8 -> [[127.0.0.1:7100], [127.0.0.2:7100], [127.0.0.3:7100]], code=Remote error
W1010 10:35:58.689772 120758272 log_util.cc:241] Could not read footer for segment: /Users/nag/yb/yugabyte-data/node1/yb-data/tserver/wals/table-0000400000003000800000000000400e/tablet-1b590108fd474e13a02c154dfedc3952/wal-000000001: Not found (yb/consensus/log_util.cc:581): Footer not found. Footer magic doesn't match
W1010 10:35:58.714435 124514304 log_util.cc:241] Could not read footer for segment: /Users/nag/yb/yugabyte-data/node1/yb-data/tserver/wals/table-0000ffff00003000800000000000ffff/tablet-e2b70bab867c400c9f3cb3d3a867ff07/wal-000000001: Not found (yb/consensus/log_util.cc:581): Footer not found. Footer magic doesn't match
W1010 10:35:58.734699 120758272 log_reader.cc:217] T 1b590108fd474e13a02c154dfedc3952 P d5c37cb1777946179e6692ee5e504715: Log segment /Users/nag/yb/yugabyte-data/node1/yb-data/tserver/wals/table-0000400000003000800000000000400e/tablet-1b590108fd474e13a02c154dfedc3952/wal-000000001 was likely left in-progressafter a previous crash. Will try to reuse this segment as writable active segment
W1010 10:35:58.737928 124514304 log_reader.cc:217] T e2b70bab867c400c9f3cb3d3a867ff07 P d5c37cb1777946179e6692ee5e504715: Log segment /Users/nag/yb/yugabyte-data/node1/yb-data/tserver/wals/table-0000ffff00003000800000000000ffff/tablet-e2b70bab867c400c9f3cb3d3a867ff07/wal-000000001 was likely left in-progressafter a previous crash. Will try to reuse this segment as writable active segment
W1010 10:35:58.757169 123441152 log_util.cc:241] Could not read footer for segment: /Users/nag/yb/yugabyte-data/node1/yb-data/tserver/wals/table-0000ffff00003000800000000000ffff/tablet-4d341356e38a4bef89ba39ecca1db435/wal-000000001: Not found (yb/consensus/log_util.cc:581): Footer not found. Footer magic doesn't match
W1010 10:35:58.757937 123441152 log_reader.cc:217] T 4d341356e38a4bef89ba39ecca1db435 P d5c37cb1777946179e6692ee5e504715: Log segment /Users/nag/yb/yugabyte-data/node1/yb-data/tserver/wals/table-0000ffff00003000800000000000ffff/tablet-4d341356e38a4bef89ba39ecca1db435/wal-000000001 was likely left in-progressafter a previous crash. Will try to reuse this segment as writable active segment
W1010 10:35:58.777287 127197184 heartbeater.cc:671] P d5c37cb1777946179e6692ee5e504715: Failed to heartbeat to 127.0.0.3:7100: Remote error (yb/rpc/outbound_call.cc:561): Failed to send heartbeat: Invalid argument (yb/master/master_heartbeat_service.cc:251): Received wrong universe_uuid 21b2e3d0-495a-4149-9f2a-913ddeb95eff, expected 7252bc1a-cf22-48a4-9dd6-459a6f24aa4e (rpc error 1) tries=31, num=3, masters=0x000000011260a8b8 -> [[127.0.0.1:7100], [127.0.0.2:7100], [127.0.0.3:7100]], code=Remote error
W1010 10:35:58.779217 122368000 log_util.cc:241] Could not read footer for segment: /Users/nag/yb/yugabyte-data/node1/yb-data/tserver/wals/table-0000ffff00003000800000000000ffff/tablet-49d4f29ef84844e6998e98e04ce295c3/wal-000000001: Not found (yb/consensus/log_util.cc:581): Footer not found. Footer magic doesn't match
W1010 10:35:58.779299 122368000 log_reader.cc:217] T 49d4f29ef84844e6998e98e04ce295c3 P d5c37cb1777946179e6692ee5e504715: Log segment /Users/nag/yb/yugabyte-data/node1/yb-data/tserver/wals/table-0000ffff00003000800000000000ffff/tablet-49d4f29ef84844e6998e98e04ce295c3/wal-000000001 was likely left in-progressafter a previous crash. Will try to reuse this segment as writable active segment
W1010 10:35:58.780452 127197184 heartbeater.cc:671] P d5c37cb1777946179e6692ee5e504715: Failed to heartbeat to 127.0.0.3:7100: Remote error (yb/rpc/outbound_call.cc:561): Failed to send heartbeat: Invalid argument (yb/master/master_heartbeat_service.cc:251): Received wrong universe_uuid 21b2e3d0-495a-4149-9f2a-913ddeb95eff, expected 7252bc1a-cf22-48a4-9dd6-459a6f24aa4e (rpc error 1) tries=32, num=3, masters=0x000000011260a8b8 -> [[127.0.0.1:7100], [127.0.0.2:7100], [127.0.0.3:7100]], code=Remote error
W1010 10:35:58.783385 127197184 heartbeater.cc:671] P d5c37cb1777946179e6692ee5e504715: Failed to heartbeat to 127.0.0.3:7100: Remote error (yb/rpc/outbound_call.cc:561): Failed to send heartbeat: Invalid argument (yb/master/master_heartbeat_service.cc:251): Received wrong universe_uuid 21b2e3d0-495a-4149-9f2a-913ddeb95eff, expected 7252bc1a-cf22-48a4-9dd6-459a6f24aa4e (rpc error 1) tries=33, num=3, masters=0x000000011260a8b8 -> [[127.0.0.1:7100], [127.0.0.2:7100], [127.0.0.3:7100]], code=Remote error
W1010 10:35:58.785732 127197184 heartbeater.cc:671] P d5c37cb1777946179e6692ee5e504715: Failed to heartbeat to 127.0.0.3:7100: Remote error (yb/rpc/outbound_call.cc:561): Failed to send heartbeat: Invalid argument (yb/master/master_heartbeat_service.cc:251): Received wrong universe_uuid 21b2e3d0-495a-4149-9f2a-913ddeb95eff, expected 7252bc1a-cf22-48a4-9dd6-459a6f24aa4e (rpc error 1) tries=34, num=3, masters=0x000000011260a8b8 -> [[127.0.0.1:7100], [127.0.0.2:7100], [127.0.0.3:7100]], code=Remote error
W1010 10:35:58.787220 127197184 heartbeater.cc:671] P d5c37cb1777946179e6692ee5e504715: Failed to heartbeat to 127.0.0.3:7100: Remote error (yb/rpc/outbound_call.cc:561): Failed to send heartbeat: Invalid argument (yb/master/master_heartbeat_service.cc:251): Received wrong universe_uuid 21b2e3d0-495a-4149-9f2a-913ddeb95eff, expected 7252bc1a-cf22-48a4-9dd6-459a6f24aa4e (rpc error 1) tries=35, num=3, masters=0x000000011260a8b8 -> [[127.0.0.1:7100], [127.0.0.2:7100], [127.0.0.3:7100]], code=Remote error
W1010 10:35:58.792986 123977728 log_util.cc:241] Could not read footer for segment: /Users/nag/yb/yugabyte-data/node1/yb-data/tserver/wals/table-0000400000003000800000000000400e/tablet-60e06716528c474e8a0de82bf8a13bc8/wal-000000001: Not found (yb/consensus/log_util.cc:581): Footer not found. Footer magic doesn't match
W1010 10:35:58.793040 123977728 log_reader.cc:217] T 60e06716528c474e8a0de82bf8a13bc8 P d5c37cb1777946179e6692ee5e504715: Log segment /Users/nag/yb/yugabyte-data/node1/yb-data/tserver/wals/table-0000400000003000800000000000400e/tablet-60e06716528c474e8a0de82bf8a13bc8/wal-000000001 was likely left in-progressafter a previous crash. Will try to reuse this segment as writable active segment
W1010 10:35:58.805788 127197184 heartbeater.cc:671] P d5c37cb1777946179e6692ee5e504715: Failed to heartbeat to 127.0.0.3:7100: Remote error (yb/rpc/outbound_call.cc:561): Failed to send heartbeat: Invalid argument (yb/master/master_heartbeat_service.cc:251): Received wrong universe_uuid 21b2e3d0-495a-4149-9f2a-913ddeb95eff, expected 7252bc1a-cf22-48a4-9dd6-459a6f24aa4e (rpc error 1) tries=36, num=3, masters=0x000000011260a8b8 -> [[127.0.0.1:7100], [127.0.0.2:7100], [127.0.0.3:7100]], code=Remote error
W1010 10:35:58.808218 127197184 heartbeater.cc:671] P d5c37cb1777946179e6692ee5e504715: Failed to heartbeat to 127.0.0.3:7100: Remote error (yb/rpc/outbound_call.cc:561): Failed to send heartbeat: Invalid argument (yb/master/master_heartbeat_service.cc:251): Received wrong universe_uuid 21b2e3d0-495a-4149-9f2a-913ddeb95eff, expected 7252bc1a-cf22-48a4-9dd6-459a6f24aa4e (rpc error 1) tries=37, num=3, masters=0x000000011260a8b8 -> [[127.0.0.1:7100], [127.0.0.2:7100], [127.0.0.3:7100]], code=Remote error
W1010 10:35:58.811095 127197184 heartbeater.cc:671] P d5c37cb1777946179e6692ee5e504715: Failed to heartbeat to 127.0.0.3:7100: Remote error (yb/rpc/outbound_call.cc:561): Failed to send heartbeat: Invalid argument (yb/master/master_heartbeat_service.cc:251): Received wrong universe_uuid 21b2e3d0-495a-4149-9f2a-913ddeb95eff, expected 7252bc1a-cf22-48a4-9dd6-459a6f24aa4e (rpc error 1) tries=38, num=3, masters=0x000000011260a8b8 -> [[127.0.0.1:7100], [127.0.0.2:7100], [127.0.0.3:7100]], code=Remote error
W1010 10:35:59.813443 127197184 heartbeater.cc:671] P d5c37cb1777946179e6692ee5e504715: Failed to heartbeat to 127.0.0.3:7100: Remote error (yb/rpc/outbound_call.cc:561): Failed to send heartbeat: Invalid argument (yb/master/master_heartbeat_service.cc:251): Received wrong universe_uuid 21b2e3d0-495a-4149-9f2a-913ddeb95eff, expected 7252bc1a-cf22-48a4-9dd6-459a6f24aa4e (rpc error 1) tries=39, num=3, masters=0x000000011260a8b8 -> [[127.0.0.1:7100], [127.0.0.2:7100], [127.0.0.3:7100]], code=Remote error
W1010 10:36:00.793475 120758272 leader_election.cc:275] T 769c8b8690e648df93f41c693d55ebc3 P d5c37cb1777946179e6692ee5e504715 [CANDIDATE]: Term 5 pre-election: RPC error from VoteRequest() call to peer 23d881032c1249bd803e401a539be0e2: Network error (yb/util/net/socket.cc:540): recvmsg error: Connection refused (system error 61)
W1010 10:36:00.794759 120758272 leader_election.cc:338] T 769c8b8690e648df93f41c693d55ebc3 P d5c37cb1777946179e6692ee5e504715 [CANDIDATE]: Term 5 pre-election: Vote denied by peer 6b460ba950654300b6c50d93f25aea31 with higher term. Message: Invalid argument (yb/consensus/raft_consensus.cc:3029): T 769c8b8690e648df93f41c693d55ebc3 P 6b460ba950654300b6c50d93f25aea31 [term 5 FOLLOWER]:  Leader pre-election vote request: Denying vote to candidate d5c37cb1777946179e6692ee5e504715 in current term 5: Already voted for candidate 23d881032c1249bd803e401a539be0e2 in this term.
W1010 10:36:00.802034 120758272 leader_election.cc:275] T 60dd6403c44b41109fa083272368d0d0 P d5c37cb1777946179e6692ee5e504715 [CANDIDATE]: Term 4 pre-election: RPC error from VoteRequest() call to peer 23d881032c1249bd803e401a539be0e2: Network error (yb/util/net/socket.cc:540): recvmsg error: Connection refused (system error 61)
W1010 10:36:00.804116 120758272 leader_election.cc:275] T 60dd6403c44b41109fa083272368d0d0 P d5c37cb1777946179e6692ee5e504715 [CANDIDATE]: Term 4 election: RPC error from VoteRequest() call to peer 23d881032c1249bd803e401a539be0e2: Network error (yb/util/net/socket.cc:540): recvmsg error: Connection refused (system error 61)
W1010 10:36:00.806612 123441152 raft_consensus.cc:1397] Leader lease expiration was not set: Illegal state (yb/consensus/replica_state.cc:1413): NoOp of current term is not committed (majority_replicated_lease_expiration_ = -inf, majority_replicated_ht_lease_expiration_ = 0)
