I1010 01:22:14.388686 225529856 sys_catalog.cc:429] T 00000000000000000000000000000000 P 3e8eb6bafdb342549e324f48c3b5b69a [sys.catalog]: SysCatalogTable state changed. Locked=1. Reason: New leader e8b222ca9c514c17b0c8c653014e9169 elected. Latest consensus state: current_term: 6 leader_uuid: "e8b222ca9c514c17b0c8c653014e9169" config { opid_index: -1 peers { permanent_uuid: "e8b222ca9c514c17b0c8c653014e9169" member_type: VOTER last_known_private_addr { host: "127.0.0.1" port: 7100 } cloud_info { placement_cloud: "cloud1" placement_region: "datacenter1" placement_zone: "rack1" } } peers { permanent_uuid: "3e8eb6bafdb342549e324f48c3b5b69a" member_type: VOTER last_known_private_addr { host: "127.0.0.2" port: 7100 } cloud_info { placement_cloud: "cloud1" placement_region: "datacenter1" placement_zone: "rack1" } } peers { permanent_uuid: "804ce06c9a15466ca3f003ffe7ec6df2" member_type: VOTER last_known_private_addr { host: "127.0.0.3" port: 7100 } cloud_info { placement_cloud: "cloud1" placement_region: "datacenter1" placement_zone: "rack1" } } }
I1010 01:22:14.388722 225529856 sys_catalog.cc:433] T 00000000000000000000000000000000 P 3e8eb6bafdb342549e324f48c3b5b69a [sys.catalog]: This master's current role is: FOLLOWER
I1010 01:22:14.388767 225529856 replica_state.cc:1176] T 00000000000000000000000000000000 P 3e8eb6bafdb342549e324f48c3b5b69a [term 6 FOLLOWER]: Reset our lease: 2.340s
I1010 01:22:14.388797 225529856 replica_state.cc:1183] T 00000000000000000000000000000000 P 3e8eb6bafdb342549e324f48c3b5b69a [term 6 FOLLOWER]: Reset our ht lease: { physical: 1728503532050610 }
I1010 01:22:14.388832 225529856 log_cache.cc:221] T 00000000000000000000000000000000 P 3e8eb6bafdb342549e324f48c3b5b69a: Updating min_pinned_op_index_ from 635 to 634
I1010 01:22:14.388918 223920128 client-internal.cc:2860] New master addresses: [127.0.0.1:7100,127.0.0.2:7100,127.0.0.3:7100, 127.0.0.1:7100, 127.0.0.2:7100, 127.0.0.3:7100]
W1010 01:22:14.388056 223383552 scoped_leader_shared_lock.cc:170] RPC took a long time (../../src/yb/master/master_heartbeat_service.cc:264, TSHeartbeat): 3.170s
    @        0x10836243a  yb::master::ScopedLeaderSharedLock::Unlock()
    @        0x10836222f  yb::master::ScopedLeaderSharedLock::~ScopedLeaderSharedLock()
    @        0x108406020  yb::master::(anonymous namespace)::MasterHeartbeatServiceImpl::TSHeartbeat()
    @        0x10d624d8c  std::__1::__function::__func<>::operator()()
    @        0x10d624944  yb::master::MasterHeartbeatIf::Handle()
    @        0x10cec2275  yb::rpc::ServicePoolImpl::Handle()
    @        0x10ce5aff4  yb::rpc::InboundCall::InboundCallTask::Run()
    @        0x10ced2576  yb::rpc::(anonymous namespace)::Worker::Execute()
    @        0x10eca1248  yb::Thread::SuperviseThread()
    @     0x7ff8026604e1  _pthread_start
    @     0x7ff80265bf6b  thread_start
W1010 01:22:14.389467 223383552 long_operation_tracker.cc:155] TSHeartbeat took a long time: 3.172s
I1010 01:22:14.390221 222310400 raft_consensus.cc:3519] T 00000000000000000000000000000000 P 3e8eb6bafdb342549e324f48c3b5b69a [term 6 FOLLOWER]: Calling mark dirty synchronously for reason code FOLLOWER_NO_OP_COMPLETE
I1010 01:22:14.390268 222310400 sys_catalog.cc:429] T 00000000000000000000000000000000 P 3e8eb6bafdb342549e324f48c3b5b69a [sys.catalog]: SysCatalogTable state changed. Locked=1. Reason: Replicate of NO_OP complete on follower. Latest consensus state: current_term: 6 leader_uuid: "e8b222ca9c514c17b0c8c653014e9169" config { opid_index: -1 peers { permanent_uuid: "e8b222ca9c514c17b0c8c653014e9169" member_type: VOTER last_known_private_addr { host: "127.0.0.1" port: 7100 } cloud_info { placement_cloud: "cloud1" placement_region: "datacenter1" placement_zone: "rack1" } } peers { permanent_uuid: "3e8eb6bafdb342549e324f48c3b5b69a" member_type: VOTER last_known_private_addr { host: "127.0.0.2" port: 7100 } cloud_info { placement_cloud: "cloud1" placement_region: "datacenter1" placement_zone: "rack1" } } peers { permanent_uuid: "804ce06c9a15466ca3f003ffe7ec6df2" member_type: VOTER last_known_private_addr { host: "127.0.0.3" port: 7100 } cloud_info { placement_cloud: "cloud1" placement_region: "datacenter1" placement_zone: "rack1" } } }
I1010 01:22:14.390336 222310400 sys_catalog.cc:433] T 00000000000000000000000000000000 P 3e8eb6bafdb342549e324f48c3b5b69a [sys.catalog]: This master's current role is: FOLLOWER
I1010 06:15:25.593215 215334912 reactor.cc:634] Master_R005: DEBUG: Closing idle connection: Connection (0x000000011480c8d8) server 127.0.0.3:52085 => 127.0.0.2:7100 - it has been idle for 17591.8s
I1010 06:15:25.593266 214798336 reactor.cc:634] Master_R004: DEBUG: Closing idle connection: Connection (0x00000001147dab58) server 127.0.0.3:52009 => 127.0.0.2:7100 - it has been idle for 17592s
I1010 06:15:25.593344 214261760 reactor.cc:634] Master_R003: DEBUG: Closing idle connection: Connection (0x00000001147daf18) server 127.0.0.2:52015 => 127.0.0.2:7100 - it has been idle for 17594.3s
I1010 06:15:25.592872 216408064 reactor.cc:634] Master_R007: DEBUG: Closing idle connection: Connection (0x00000001147db558) server 127.0.0.3:52056 => 127.0.0.2:7100 - it has been idle for 17592s
I1010 06:15:25.593297 213725184 reactor.cc:634] Master_R002: DEBUG: Closing idle connection: Connection (0x00000001147db698) server 127.0.0.1:52057 => 127.0.0.2:7100 - it has been idle for 17590.8s
I1010 06:15:25.593294 213188608 reactor.cc:634] Master_R001: DEBUG: Closing idle connection: Connection (0x00000001147da798) server 127.0.0.3:51994 => 127.0.0.2:7100 - it has been idle for 17591.1s
I1010 06:15:25.593276 212652032 reactor.cc:634] Master_R000: DEBUG: Closing idle connection: Connection (0x00000001147da8d8) server 127.0.0.1:52006 => 127.0.0.2:7100 - it has been idle for 17591.1s
I1010 06:15:25.593410 215871488 reactor.cc:634] Master_R006: DEBUG: Closing idle connection: Connection (0x00000001147d3198) server 127.0.0.1:52076 => 127.0.0.2:7100 - it has been idle for 17591.9s
I1010 06:15:25.598820 229285888 raft_consensus.cc:1047] T 00000000000000000000000000000000 P 3e8eb6bafdb342549e324f48c3b5b69a [term 6 FOLLOWER]: ReportFailDetected: Starting NORMAL_ELECTION...
I1010 06:15:25.801226 215334912 reactor.cc:634] Master_R005: DEBUG: Closing idle connection: Connection (0x000000011480c518) server 127.0.0.1:52091 => 127.0.0.2:7100 - it has been idle for 17591.8s
I1010 06:15:25.801416 214798336 reactor.cc:634] Master_R004: DEBUG: Closing idle connection: Connection (0x00000001147db058) server 127.0.0.1:52023 => 127.0.0.2:7100 - it has been idle for 17591.8s
I1010 06:15:25.801626 216408064 reactor.cc:634] Master_R007: DEBUG: Closing idle connection: Connection (0x00000001147f08d8) server 127.0.0.1:52062 => 127.0.0.2:7100 - it has been idle for 17591.9s
I1010 06:15:25.801640 214261760 reactor.cc:634] Master_R003: DEBUG: Closing idle connection: Connection (0x00000001147db418) server 127.0.0.2:52050 => 127.0.0.2:7100 - it has been idle for 17591.2s
I1010 06:15:25.801667 213725184 reactor.cc:634] Master_R002: DEBUG: Closing idle connection: Connection (0x00000001147df918) server 127.0.0.3:52060 => 127.0.0.2:7100 - it has been idle for 17592s
I1010 06:15:25.801791 213188608 reactor.cc:634] Master_R001: DEBUG: Closing idle connection: Connection (0x00000001147e2658) server 127.0.0.1:52128 => 127.0.0.2:7100 - it has been idle for 17591.1s
I1010 06:15:25.801836 229285888 raft_consensus.cc:640] T 00000000000000000000000000000000 P 3e8eb6bafdb342549e324f48c3b5b69a [term 6 FOLLOWER]: Fail or stepdown of leader e8b222ca9c514c17b0c8c653014e9169 detected. Triggering leader pre-election, mode=NORMAL_ELECTION
I1010 06:15:25.801864 215871488 reactor.cc:634] Master_R006: DEBUG: Closing idle connection: Connection (0x0000000114817418) server 127.0.0.1:52115 => 127.0.0.2:7100 - it has been idle for 17591.1s
I1010 06:15:25.801992 212652032 reactor.cc:634] Master_R000: DEBUG: Closing idle connection: Connection (0x00000001147db2d8) server 127.0.0.1:52030 => 127.0.0.2:7100 - it has been idle for 17590.6s
I1010 06:15:25.802032 214261760 reactor.cc:634] Master_R003: DEBUG: Closing idle connection: Connection (0x00000001111dda58) server 127.0.0.3:52154 => 127.0.0.2:7100 - it has been idle for 17591.1s
I1010 06:15:25.802066 213725184 reactor.cc:634] Master_R002: DEBUG: Closing idle connection: Connection (0x00000001147d2dd8) server 127.0.0.1:52072 => 127.0.0.2:7100 - it has been idle for 17591.9s
I1010 06:15:25.802070 229285888 raft_consensus.cc:3573] T 00000000000000000000000000000000 P 3e8eb6bafdb342549e324f48c3b5b69a [term 6 FOLLOWER]: Snoozing leader timeout detection for 3.049s
W1010 06:15:25.802130 213188608 yb_rpc.cc:532] Connection (0x0000000114811cd8) client 127.0.0.2:52124 => 127.0.0.2:7100: Network error (yb/rpc/yb_rpc.cc:531): Rpc timeout, passed: 17591.101s, timeout: 15.000s, now: 186980.057s, last_read_time_: 169388.955s
I1010 06:15:25.802170 215334912 reactor.cc:634] Master_R005: DEBUG: Closing idle connection: Connection (0x0000000110e552d8) server 127.0.0.1:52105 => 127.0.0.2:7100 - it has been idle for 17591.1s
I1010 06:15:25.802211 215871488 reactor.cc:634] Master_R006: DEBUG: Closing idle connection: Connection (0x00000001147e28d8) server 127.0.0.2:52124 => 127.0.0.2:7100 - it has been idle for 17591.1s
I1010 06:15:25.802212 216408064 reactor.cc:634] Master_R007: DEBUG: Closing idle connection: Connection (0x0000000114817cd8) server 127.0.0.1:52109 => 127.0.0.2:7100 - it has been idle for 17591.1s
I1010 06:15:25.802229 212652032 reactor.cc:634] Master_R000: DEBUG: Closing idle connection: Connection (0x0000000114817e18) server 127.0.0.1:52108 => 127.0.0.2:7100 - it has been idle for 17591.1s
I1010 06:15:25.802246 214261760 reactor.cc:634] Master_R003: DEBUG: Closing idle connection: Connection (0x00000001167023d8) server 127.0.0.2:52165 => 127.0.0.2:7100 - it has been idle for 17591.1s
I1010 06:15:25.802294 213725184 reactor.cc:634] Master_R002: DEBUG: Closing idle connection: Connection (0x00000001147d3418) server 127.0.0.1:52083 => 127.0.0.2:7100 - it has been idle for 17591.8s
I1010 06:15:25.802274 229285888 raft_consensus.cc:684] T 00000000000000000000000000000000 P 3e8eb6bafdb342549e324f48c3b5b69a [term 6 FOLLOWER]: Starting pre-election with config: opid_index: -1 peers { permanent_uuid: "e8b222ca9c514c17b0c8c653014e9169" member_type: VOTER last_known_private_addr { host: "127.0.0.1" port: 7100 } cloud_info { placement_cloud: "cloud1" placement_region: "datacenter1" placement_zone: "rack1" } } peers { permanent_uuid: "3e8eb6bafdb342549e324f48c3b5b69a" member_type: VOTER last_known_private_addr { host: "127.0.0.2" port: 7100 } cloud_info { placement_cloud: "cloud1" placement_region: "datacenter1" placement_zone: "rack1" } } peers { permanent_uuid: "804ce06c9a15466ca3f003ffe7ec6df2" member_type: VOTER last_known_private_addr { host: "127.0.0.3" port: 7100 } cloud_info { placement_cloud: "cloud1" placement_region: "datacenter1" placement_zone: "rack1" } }
I1010 06:15:25.802639 214798336 reactor.cc:634] Master_R004: DEBUG: Closing idle connection: Connection (0x00000001147d28d8) server 127.0.0.1:52065 => 127.0.0.2:7100 - it has been idle for 17591.9s
W1010 06:15:25.832506 213188608 yb_rpc.cc:532] Connection (0x00000001111dc3d8) client 127.0.0.2:52127 => 127.0.0.3:7100: Network error (yb/rpc/yb_rpc.cc:531): Rpc timeout, passed: 17591.101s, timeout: 15.000s, now: 186980.057s, last_read_time_: 169388.955s
I1010 06:15:25.834124 215334912 reactor.cc:634] Master_R005: DEBUG: Closing idle connection: Connection (0x00000001147e2a18) server 127.0.0.3:52119 => 127.0.0.2:7100 - it has been idle for 17591.1s
I1010 06:15:25.834944 215871488 reactor.cc:634] Master_R006: DEBUG: Closing idle connection: Connection (0x00000001147e2798) server 127.0.0.2:52126 => 127.0.0.2:7100 - it has been idle for 17591.1s
I1010 06:15:25.840169 216408064 reactor.cc:634] Master_R007: DEBUG: Closing idle connection: Connection (0x00000001147e2b58) server 127.0.0.3:52117 => 127.0.0.2:7100 - it has been idle for 17591.1s
I1010 06:15:25.840214 212652032 reactor.cc:634] Master_R000: DEBUG: Closing idle connection: Connection (0x00000001111dcdd8) server 127.0.0.3:52145 => 127.0.0.2:7100 - it has been idle for 17591.1s
W1010 06:15:25.843336 214261760 yb_rpc.cc:532] Connection (0x0000000113d968d8) client 127.0.0.2:52138 => 127.0.0.2:7100: Network error (yb/rpc/yb_rpc.cc:531): Rpc timeout, passed: 17591.145s, timeout: 15.000s, now: 186980.093s, last_read_time_: 169388.947s
I1010 06:15:25.847244 213725184 reactor.cc:634] Master_R002: DEBUG: Closing idle connection: Connection (0x000000011480c3d8) server 127.0.0.3:52088 => 127.0.0.2:7100 - it has been idle for 17591.1s
I1010 06:15:26.060050 214798336 reactor.cc:634] Master_R004: DEBUG: Closing idle connection: Connection (0x00000001147d2c98) server 127.0.0.3:52068 => 127.0.0.2:7100 - it has been idle for 17591.9s
W1010 06:15:26.060273 213188608 yb_rpc.cc:532] Connection (0x00000001111ddb98) client 127.0.0.2:52149 => 127.0.0.1:7100: Network error (yb/rpc/yb_rpc.cc:531): Rpc timeout, passed: 17591.101s, timeout: 15.000s, now: 186980.057s, last_read_time_: 169388.955s
I1010 06:15:26.060412 215334912 reactor.cc:634] Master_R005: DEBUG: Closing idle connection: Connection (0x00000001147e2298) server 127.0.0.2:52139 => 127.0.0.2:7100 - it has been idle for 17591.1s
I1010 06:15:26.060608 215871488 reactor.cc:634] Master_R006: DEBUG: Closing idle connection: Connection (0x00000001147e23d8) server 127.0.0.2:52138 => 127.0.0.2:7100 - it has been idle for 17591.1s
W1010 06:15:26.061017 214261760 yb_rpc.cc:532] Connection (0x000000011178fcd8) client 127.0.0.2:52140 => 127.0.0.3:7100: Network error (yb/rpc/yb_rpc.cc:531): Rpc timeout, passed: 17591.145s, timeout: 15.000s, now: 186980.093s, last_read_time_: 169388.947s
I1010 06:15:26.068091 216408064 reactor.cc:634] Master_R007: DEBUG: Closing idle connection: Connection (0x00000001147e2158) server 127.0.0.3:52131 => 127.0.0.2:7100 - it has been idle for 17591.1s
W1010 06:15:26.069926 212652032 yb_rpc.cc:532] Connection (0x000000011178e3d8) client 127.0.0.2:52123 => 127.0.0.3:7100: Network error (yb/rpc/yb_rpc.cc:531): Rpc timeout, passed: 17591.098s, timeout: 15.000s, now: 186980.041s, last_read_time_: 169388.943s
I1010 06:15:26.070034 213725184 reactor.cc:634] Master_R002: DEBUG: Closing idle connection: Connection (0x00000001147de298) server 127.0.0.1:52103 => 127.0.0.2:7100 - it has been idle for 17591.1s
I1010 06:15:26.070091 215871488 reactor.cc:634] Master_R006: DEBUG: Closing idle connection: Connection (0x00000001111dca18) server 127.0.0.2:52147 => 127.0.0.2:7100 - it has been idle for 17591.1s
I1010 06:15:26.070106 215334912 reactor.cc:634] Master_R005: DEBUG: Closing idle connection: Connection (0x00000001111dd918) server 127.0.0.2:52161 => 127.0.0.2:7100 - it has been idle for 17591.1s
W1010 06:15:26.070209 214261760 yb_rpc.cc:532] Connection (0x000000011178edd8) client 127.0.0.2:52162 => 127.0.0.1:7100: Network error (yb/rpc/yb_rpc.cc:531): Rpc timeout, passed: 17591.145s, timeout: 15.000s, now: 186980.093s, last_read_time_: 169388.947s
I1010 06:15:26.072861 216408064 reactor.cc:634] Master_R007: DEBUG: Closing idle connection: Connection (0x00000001111dcb58) server 127.0.0.3:52155 => 127.0.0.2:7100 - it has been idle for 17591.1s
W1010 06:15:26.072973 212652032 yb_rpc.cc:532] Connection (0x0000000114819058) client 127.0.0.2:52148 => 127.0.0.1:7100: Network error (yb/rpc/yb_rpc.cc:531): Rpc timeout, passed: 17591.098s, timeout: 15.000s, now: 186980.041s, last_read_time_: 169388.943s
I1010 06:15:26.073585 213725184 reactor.cc:634] Master_R002: DEBUG: Closing idle connection: Connection (0x00000001147e2518) server 127.0.0.3:52132 => 127.0.0.2:7100 - it has been idle for 17591.1s
I1010 06:15:26.073679 215871488 reactor.cc:634] Master_R006: DEBUG: Closing idle connection: Connection (0x00000001111dc8d8) server 127.0.0.2:52151 => 127.0.0.2:7100 - it has been idle for 17591.1s
W1010 06:15:26.073844 215334912 yb_rpc.cc:532] Connection (0x0000000113db2798) client 127.0.0.2:52051 => 127.0.0.3:7100: Network error (yb/rpc/yb_rpc.cc:531): Rpc timeout, passed: 17591.099s, timeout: 15.000s, now: 186980.047s, last_read_time_: 169388.948s
W1010 06:15:26.074512 216408064 yb_rpc.cc:532] Connection (0x0000000113d14158) client 127.0.0.2:52052 => 127.0.0.1:7100: Network error (yb/rpc/yb_rpc.cc:531): Rpc timeout, passed: 17591.116s, timeout: 15.000s, now: 186980.062s, last_read_time_: 169388.946s
W1010 06:15:26.074712 212652032 yb_rpc.cc:532] Connection (0x0000000114818f18) client 127.0.0.2:52161 => 127.0.0.2:7100: Network error (yb/rpc/yb_rpc.cc:531): Rpc timeout, passed: 17591.098s, timeout: 15.000s, now: 186980.041s, last_read_time_: 169388.943s
I1010 06:15:26.074872 213725184 reactor.cc:634] Master_R002: DEBUG: Closing idle connection: Connection (0x0000000116702298) server 127.0.0.2:52166 => 127.0.0.2:7100 - it has been idle for 17591.1s
I1010 06:15:26.074990 215871488 reactor.cc:634] Master_R006: DEBUG: Closing idle connection: Connection (0x00000001111dc518) server 127.0.0.2:52160 => 127.0.0.2:7100 - it has been idle for 17591.1s
W1010 06:15:26.075631 215334912 yb_rpc.cc:532] Connection (0x00000001147edb98) client 127.0.0.2:52125 => 127.0.0.1:7100: Network error (yb/rpc/yb_rpc.cc:531): Rpc timeout, passed: 17591.099s, timeout: 15.000s, now: 186980.047s, last_read_time_: 169388.948s
W1010 06:15:26.075680 216408064 yb_rpc.cc:532] Connection (0x0000000113db2dd8) client 127.0.0.2:52160 => 127.0.0.2:7100: Network error (yb/rpc/yb_rpc.cc:531): Rpc timeout, passed: 17591.116s, timeout: 15.000s, now: 186980.062s, last_read_time_: 169388.946s
W1010 06:15:26.076014 213725184 yb_rpc.cc:532] Connection (0x0000000110e55a58) client 127.0.0.2:52126 => 127.0.0.2:7100: Network error (yb/rpc/yb_rpc.cc:531): Rpc timeout, passed: 17591.085s, timeout: 15.000s, now: 186980.041s, last_read_time_: 169388.955s
W1010 06:15:26.076411 215871488 yb_rpc.cc:532] Connection (0x000000011178ec98) client 127.0.0.2:52001 => 127.0.0.1:7100: Network error (yb/rpc/yb_rpc.cc:531): Rpc timeout, passed: 17591.119s, timeout: 15.000s, now: 186980.063s, last_read_time_: 169388.943s
W1010 06:15:26.076905 215334912 yb_rpc.cc:532] Connection (0x00000001147edcd8) client 127.0.0.2:52151 => 127.0.0.2:7100: Network error (yb/rpc/yb_rpc.cc:531): Rpc timeout, passed: 17591.099s, timeout: 15.000s, now: 186980.047s, last_read_time_: 169388.948s
W1010 06:15:26.078320 216408064 yb_rpc.cc:532] Connection (0x0000000113db2b58) client 127.0.0.2:52164 => 127.0.0.3:7100: Network error (yb/rpc/yb_rpc.cc:531): Rpc timeout, passed: 17591.116s, timeout: 15.000s, now: 186980.062s, last_read_time_: 169388.946s
W1010 06:15:26.078580 213725184 yb_rpc.cc:532] Connection (0x0000000110e55198) client 127.0.0.2:52137 => 127.0.0.3:7100: Network error (yb/rpc/yb_rpc.cc:531): Rpc timeout, passed: 17591.085s, timeout: 15.000s, now: 186980.041s, last_read_time_: 169388.955s
W1010 06:15:26.078869 215871488 yb_rpc.cc:532] Connection (0x0000000113d96f18) client 127.0.0.2:52147 => 127.0.0.2:7100: Network error (yb/rpc/yb_rpc.cc:531): Rpc timeout, passed: 17591.119s, timeout: 15.000s, now: 186980.063s, last_read_time_: 169388.943s
W1010 06:15:26.079926 213725184 yb_rpc.cc:532] Connection (0x0000000113d96658) client 127.0.0.2:52159 => 127.0.0.1:7100: Network error (yb/rpc/yb_rpc.cc:531): Rpc timeout, passed: 17591.085s, timeout: 15.000s, now: 186980.041s, last_read_time_: 169388.955s
W1010 06:15:26.080117 215871488 yb_rpc.cc:532] Connection (0x0000000113d96c98) client 127.0.0.2:52163 => 127.0.0.3:7100: Network error (yb/rpc/yb_rpc.cc:531): Rpc timeout, passed: 17591.119s, timeout: 15.000s, now: 186980.063s, last_read_time_: 169388.943s
I1010 06:15:26.082000 214798336 reactor.cc:634] Master_R004: DEBUG: Closing idle connection: Connection (0x00000001147d3058) server 127.0.0.3:52073 => 127.0.0.2:7100 - it has been idle for 17591.9s
I1010 06:15:26.102242 229285888 leader_election.cc:214] T 00000000000000000000000000000000 P 3e8eb6bafdb342549e324f48c3b5b69a [CANDIDATE]: Term 7 pre-election: Requesting vote from peer e8b222ca9c514c17b0c8c653014e9169
I1010 06:15:26.103235 214798336 reactor.cc:634] Master_R004: DEBUG: Closing idle connection: Connection (0x00000001147d32d8) server 127.0.0.3:52081 => 127.0.0.2:7100 - it has been idle for 17591.9s
W1010 06:15:26.103541 214798336 yb_rpc.cc:532] Connection (0x00000001111dc658) client 127.0.0.2:52019 => 127.0.0.3:7100: Network error (yb/rpc/yb_rpc.cc:531): Rpc timeout, passed: 17591.060s, timeout: 15.000s, now: 186980.009s, last_read_time_: 169388.949s
I1010 06:15:26.103636 229285888 leader_election.cc:214] T 00000000000000000000000000000000 P 3e8eb6bafdb342549e324f48c3b5b69a [CANDIDATE]: Term 7 pre-election: Requesting vote from peer 804ce06c9a15466ca3f003ffe7ec6df2
W1010 06:15:26.103857 214798336 yb_rpc.cc:532] Connection (0x000000011178e018) client 127.0.0.2:52122 => 127.0.0.1:7100: Network error (yb/rpc/yb_rpc.cc:531): Rpc timeout, passed: 17591.060s, timeout: 15.000s, now: 186980.009s, last_read_time_: 169388.949s
W1010 06:15:26.103977 214798336 yb_rpc.cc:532] Connection (0x00000001117e1a58) client 127.0.0.2:52139 => 127.0.0.2:7100: Network error (yb/rpc/yb_rpc.cc:531): Rpc timeout, passed: 17591.060s, timeout: 15.000s, now: 186980.009s, last_read_time_: 169388.949s
I1010 06:15:26.135573 225529856 raft_consensus.cc:2421] T 00000000000000000000000000000000 P 3e8eb6bafdb342549e324f48c3b5b69a [term 6 FOLLOWER]: Pre-election. Granting vote for candidate 804ce06c9a15466ca3f003ffe7ec6df2 in term 7
I1010 06:15:26.141526 225529856 leader_election.cc:365] T 00000000000000000000000000000000 P 3e8eb6bafdb342549e324f48c3b5b69a [CANDIDATE]: Term 7 pre-election: Vote granted by peer 804ce06c9a15466ca3f003ffe7ec6df2
I1010 06:15:26.159703 225529856 leader_election.cc:240] T 00000000000000000000000000000000 P 3e8eb6bafdb342549e324f48c3b5b69a [CANDIDATE]: Term 7 pre-election: Election decided. Result: candidate won.
I1010 06:15:26.161363 229285888 raft_consensus.cc:3573] T 00000000000000000000000000000000 P 3e8eb6bafdb342549e324f48c3b5b69a [term 6 FOLLOWER]: Snoozing leader timeout detection for 3.172s
I1010 06:15:26.192647 229285888 raft_consensus.cc:3466] T 00000000000000000000000000000000 P 3e8eb6bafdb342549e324f48c3b5b69a [term 6 FOLLOWER]: Leader pre-election won for term 7
I1010 06:15:26.209123 229285888 raft_consensus.cc:640] T 00000000000000000000000000000000 P 3e8eb6bafdb342549e324f48c3b5b69a [term 6 FOLLOWER]: Fail or stepdown of leader e8b222ca9c514c17b0c8c653014e9169 detected. Triggering leader election, mode=NORMAL_ELECTION
I1010 06:15:26.209208 229285888 raft_consensus.cc:3573] T 00000000000000000000000000000000 P 3e8eb6bafdb342549e324f48c3b5b69a [term 6 FOLLOWER]: Snoozing leader timeout detection for 3.119s
I1010 06:15:26.209254 229285888 raft_consensus.cc:3634] T 00000000000000000000000000000000 P 3e8eb6bafdb342549e324f48c3b5b69a [term 6 FOLLOWER]: Advancing to term 7
I1010 06:15:26.209383 229285888 consensus_meta.cc:361] T 00000000000000000000000000000000 P 3e8eb6bafdb342549e324f48c3b5b69a: Updating active role from FOLLOWER to FOLLOWER. Consensus state: current_term: 7 leader_uuid: "" config { opid_index: -1 peers { permanent_uuid: "e8b222ca9c514c17b0c8c653014e9169" member_type: VOTER last_known_private_addr { host: "127.0.0.1" port: 7100 } cloud_info { placement_cloud: "cloud1" placement_region: "datacenter1" placement_zone: "rack1" } } peers { permanent_uuid: "3e8eb6bafdb342549e324f48c3b5b69a" member_type: VOTER last_known_private_addr { host: "127.0.0.2" port: 7100 } cloud_info { placement_cloud: "cloud1" placement_region: "datacenter1" placement_zone: "rack1" } } peers { permanent_uuid: "804ce06c9a15466ca3f003ffe7ec6df2" member_type: VOTER last_known_private_addr { host: "127.0.0.3" port: 7100 } cloud_info { placement_cloud: "cloud1" placement_region: "datacenter1" placement_zone: "rack1" } } }, has_pending_config = 0
I1010 06:15:26.522898 229285888 raft_consensus.cc:684] T 00000000000000000000000000000000 P 3e8eb6bafdb342549e324f48c3b5b69a [term 7 FOLLOWER]: Starting election with config: opid_index: -1 peers { permanent_uuid: "e8b222ca9c514c17b0c8c653014e9169" member_type: VOTER last_known_private_addr { host: "127.0.0.1" port: 7100 } cloud_info { placement_cloud: "cloud1" placement_region: "datacenter1" placement_zone: "rack1" } } peers { permanent_uuid: "3e8eb6bafdb342549e324f48c3b5b69a" member_type: VOTER last_known_private_addr { host: "127.0.0.2" port: 7100 } cloud_info { placement_cloud: "cloud1" placement_region: "datacenter1" placement_zone: "rack1" } } peers { permanent_uuid: "804ce06c9a15466ca3f003ffe7ec6df2" member_type: VOTER last_known_private_addr { host: "127.0.0.3" port: 7100 } cloud_info { placement_cloud: "cloud1" placement_region: "datacenter1" placement_zone: "rack1" } }
I1010 06:15:26.530755 229285888 leader_election.cc:214] T 00000000000000000000000000000000 P 3e8eb6bafdb342549e324f48c3b5b69a [CANDIDATE]: Term 7 election: Requesting vote from peer e8b222ca9c514c17b0c8c653014e9169
I1010 06:15:26.530826 229285888 leader_election.cc:214] T 00000000000000000000000000000000 P 3e8eb6bafdb342549e324f48c3b5b69a [CANDIDATE]: Term 7 election: Requesting vote from peer 804ce06c9a15466ca3f003ffe7ec6df2
I1010 06:15:26.530788 225529856 raft_consensus.cc:1729] T 00000000000000000000000000000000 P 3e8eb6bafdb342549e324f48c3b5b69a [term 7 FOLLOWER]: 52656A656374696E672055706461746520726571756573742066726F6D207065657220653862323232636139633531346331376230633863363533303134653931363920666F72206561726C696572207465726D20362E2043757272656E74207465726D20697320372E204F70733A205B5D
I1010 06:15:26.530943 225529856 raft_consensus.cc:1970] T 00000000000000000000000000000000 P 3e8eb6bafdb342549e324f48c3b5b69a [term 7 FOLLOWER]: Returning from UpdateConsensus because of error: error { code: INVALID_TERM status { code: ILLEGAL_STATE message: "Rejecting Update request from peer e8b222ca9c514c17b0c8c653014e9169 for earlier term 6. Current term is 7. Ops: []" source_file: "../../src/yb/consensus/raft_consensus.cc" source_line: 1728 errors: "00" } }
I1010 06:15:26.531595 222310400 raft_consensus.cc:3100] T 00000000000000000000000000000000 P 3e8eb6bafdb342549e324f48c3b5b69a [term 7 FOLLOWER]:  Leader election vote request: Denying vote to candidate 804ce06c9a15466ca3f003ffe7ec6df2 for term 7 because replica is already servicing an update from a current leader or another vote.
I1010 06:15:26.533152 225529856 leader_election.cc:365] T 00000000000000000000000000000000 P 3e8eb6bafdb342549e324f48c3b5b69a [CANDIDATE]: Term 7 election: Vote granted by peer e8b222ca9c514c17b0c8c653014e9169
I1010 06:15:26.533193 225529856 leader_election.cc:240] T 00000000000000000000000000000000 P 3e8eb6bafdb342549e324f48c3b5b69a [CANDIDATE]: Term 7 election: Election decided. Result: candidate won.
I1010 06:15:26.533493 229285888 raft_consensus.cc:3573] T 00000000000000000000000000000000 P 3e8eb6bafdb342549e324f48c3b5b69a [term 7 FOLLOWER]: Snoozing leader timeout detection for 3.136s
I1010 06:15:26.533538 229285888 raft_consensus.cc:3480] T 00000000000000000000000000000000 P 3e8eb6bafdb342549e324f48c3b5b69a [term 7 FOLLOWER]: Leader election won for term 7
I1010 06:15:26.533568 229285888 replica_state.cc:1484] T 00000000000000000000000000000000 P 3e8eb6bafdb342549e324f48c3b5b69a [term 7 FOLLOWER]: SetLeaderNoOpCommittedUnlocked(0), committed: 6.635, received: 6.635
I1010 06:15:26.533679 229285888 consensus_meta.cc:361] T 00000000000000000000000000000000 P 3e8eb6bafdb342549e324f48c3b5b69a: Updating active role from FOLLOWER to LEADER. Consensus state: current_term: 7 leader_uuid: "3e8eb6bafdb342549e324f48c3b5b69a" config { opid_index: -1 peers { permanent_uuid: "e8b222ca9c514c17b0c8c653014e9169" member_type: VOTER last_known_private_addr { host: "127.0.0.1" port: 7100 } cloud_info { placement_cloud: "cloud1" placement_region: "datacenter1" placement_zone: "rack1" } } peers { permanent_uuid: "3e8eb6bafdb342549e324f48c3b5b69a" member_type: VOTER last_known_private_addr { host: "127.0.0.2" port: 7100 } cloud_info { placement_cloud: "cloud1" placement_region: "datacenter1" placement_zone: "rack1" } } peers { permanent_uuid: "804ce06c9a15466ca3f003ffe7ec6df2" member_type: VOTER last_known_private_addr { host: "127.0.0.3" port: 7100 } cloud_info { placement_cloud: "cloud1" placement_region: "datacenter1" placement_zone: "rack1" } } }, has_pending_config = 0
I1010 06:15:26.533860 229285888 raft_consensus.cc:3519] T 00000000000000000000000000000000 P 3e8eb6bafdb342549e324f48c3b5b69a [term 7 LEADER]: Calling mark dirty synchronously for reason code NEW_LEADER_ELECTED
I1010 06:15:26.533929 229285888 sys_catalog.cc:429] T 00000000000000000000000000000000 P 3e8eb6bafdb342549e324f48c3b5b69a [sys.catalog]: SysCatalogTable state changed. Locked=1. Reason: New leader 3e8eb6bafdb342549e324f48c3b5b69a elected. Latest consensus state: current_term: 7 leader_uuid: "3e8eb6bafdb342549e324f48c3b5b69a" config { opid_index: -1 peers { permanent_uuid: "e8b222ca9c514c17b0c8c653014e9169" member_type: VOTER last_known_private_addr { host: "127.0.0.1" port: 7100 } cloud_info { placement_cloud: "cloud1" placement_region: "datacenter1" placement_zone: "rack1" } } peers { permanent_uuid: "3e8eb6bafdb342549e324f48c3b5b69a" member_type: VOTER last_known_private_addr { host: "127.0.0.2" port: 7100 } cloud_info { placement_cloud: "cloud1" placement_region: "datacenter1" placement_zone: "rack1" } } peers { permanent_uuid: "804ce06c9a15466ca3f003ffe7ec6df2" member_type: VOTER last_known_private_addr { host: "127.0.0.3" port: 7100 } cloud_info { placement_cloud: "cloud1" placement_region: "datacenter1" placement_zone: "rack1" } } }
I1010 06:15:26.534943 229285888 sys_catalog.cc:433] T 00000000000000000000000000000000 P 3e8eb6bafdb342549e324f48c3b5b69a [sys.catalog]: This master's current role is: LEADER
I1010 06:15:26.934439 229285888 raft_consensus.cc:1076] T 00000000000000000000000000000000 P 3e8eb6bafdb342549e324f48c3b5b69a [term 7 LEADER]: Becoming Leader. State: Replica: 3e8eb6bafdb342549e324f48c3b5b69a, State: 1, Role: LEADER, Watermarks: {Received: 6.635 Committed: 6.635} Leader: 0.0
I1010 06:15:26.934603 229285888 consensus_queue.cc:252] T 00000000000000000000000000000000 P 3e8eb6bafdb342549e324f48c3b5b69a [LEADER]: Queue going to LEADER mode. State: All replicated op: 4.633, Majority replicated op: 6.635, Committed index: 6.635, Last applied: 6.635, Last appended: 6.635, Current term: 7, Majority size: 2, State: QUEUE_OPEN, Mode: LEADER, active raft config: opid_index: -1 peers { permanent_uuid: "e8b222ca9c514c17b0c8c653014e9169" member_type: VOTER last_known_private_addr { host: "127.0.0.1" port: 7100 } cloud_info { placement_cloud: "cloud1" placement_region: "datacenter1" placement_zone: "rack1" } } peers { permanent_uuid: "3e8eb6bafdb342549e324f48c3b5b69a" member_type: VOTER last_known_private_addr { host: "127.0.0.2" port: 7100 } cloud_info { placement_cloud: "cloud1" placement_region: "datacenter1" placement_zone: "rack1" } } peers { permanent_uuid: "804ce06c9a15466ca3f003ffe7ec6df2" member_type: VOTER last_known_private_addr { host: "127.0.0.3" port: 7100 } cloud_info { placement_cloud: "cloud1" placement_region: "datacenter1" placement_zone: "rack1" } }
I1010 06:15:26.939044 229285888 raft_consensus.cc:1094] Sending NO_OP at op 6.635
I1010 06:15:26.946717 225529856 consensus_queue.cc:1307] T 00000000000000000000000000000000 P 3e8eb6bafdb342549e324f48c3b5b69a [LEADER]: Connected to new peer: { peer: 804ce06c9a15466ca3f003ffe7ec6df2 is_new: 0 last_received: 6.635 next_index: 636 last_known_committed_idx: 635 is_last_exchange_successful: 0 needs_remote_bootstrap: 0 member_type: VOTER num_sst_files: 0 last_applied: 6.635 last_successful_communication_time: 0ms ago}
I1010 06:15:26.946264 223920128 client-internal.cc:2860] New master addresses: [127.0.0.1:7100,127.0.0.2:7100,127.0.0.3:7100, 127.0.0.1:7100, 127.0.0.2:7100, 127.0.0.3:7100]
I1010 06:15:26.947926 222310400 consensus_queue.cc:1307] T 00000000000000000000000000000000 P 3e8eb6bafdb342549e324f48c3b5b69a [LEADER]: Connected to new peer: { peer: e8b222ca9c514c17b0c8c653014e9169 is_new: 0 last_received: 6.635 next_index: 636 last_known_committed_idx: 635 is_last_exchange_successful: 0 needs_remote_bootstrap: 0 member_type: VOTER num_sst_files: 0 last_applied: 6.635 last_successful_communication_time: 0ms ago}
I1010 06:15:26.956050 226066432 master_cluster_service.cc:246] Patching role from leader to follower because of: Leader not ready to serve requests (yb/consensus/consensus.cc:165): Leader not yet replicated NoOp to be ready to serve requests [suppressed 29 similar messages]
W1010 06:15:26.957831 234115072 raft_consensus.cc:1397] Leader lease expiration was not set: Illegal state (yb/consensus/replica_state.cc:1413): NoOp of current term is not committed (majority_replicated_lease_expiration_ = -inf, majority_replicated_ht_lease_expiration_ = 0)
W1010 06:15:26.957933 234115072 replica_state.cc:805] T 00000000000000000000000000000000 P 3e8eb6bafdb342549e324f48c3b5b69a [term 7 LEADER]: Can't advance the committed index across term boundaries until operations from the current term are replicated. Last committed operation was: 6.635, New majority replicated is: 4.634, Current term is: 7
W1010 06:15:26.957978 234115072 raft_consensus.cc:1397] Leader lease expiration was not set: Illegal state (yb/consensus/replica_state.cc:1413): NoOp of current term is not committed (majority_replicated_lease_expiration_ = -inf, majority_replicated_ht_lease_expiration_ = 0)
I1010 06:15:26.958045 234115072 replica_state.cc:1484] T 00000000000000000000000000000000 P 3e8eb6bafdb342549e324f48c3b5b69a [term 7 LEADER]: SetLeaderNoOpCommittedUnlocked(1), committed: 6.635, received: 7.636
I1010 06:15:26.958297 234115072 replica_state.cc:796] T 00000000000000000000000000000000 P 3e8eb6bafdb342549e324f48c3b5b69a [term 7 LEADER]: Advanced the committed_op_id across terms. Last committed operation was: 6.635 New committed index is: 7.636
I1010 06:15:27.078454 236797952 replica_state.cc:1420] T 00000000000000000000000000000000 P 3e8eb6bafdb342549e324f48c3b5b69a [term 7 LEADER]: Revoked old leader e8b222ca9c514c17b0c8c653014e9169 lease: 1.063s
I1010 06:15:27.078576 236797952 replica_state.cc:1427] T 00000000000000000000000000000000 P 3e8eb6bafdb342549e324f48c3b5b69a [term 7 LEADER]: Revoked old leader e8b222ca9c514c17b0c8c653014e9169 ht lease: { physical: 1728521127716274 }
I1010 06:15:27.151916 230895616 catalog_manager.cc:1142] T 00000000000000000000000000000000 P 3e8eb6bafdb342549e324f48c3b5b69a: Loading table and tablet metadata into memory for term 7
I1010 06:15:27.152092 230895616 catalog_manager.cc:1327] T 00000000000000000000000000000000 P 3e8eb6bafdb342549e324f48c3b5b69a: VisitSysCatalog: Wait on leader_lock_ for any existing operations to finish. Term: 7
I1010 06:15:27.152135 230895616 catalog_manager.cc:1340] T 00000000000000000000000000000000 P 3e8eb6bafdb342549e324f48c3b5b69a: VisitSysCatalog: Acquire catalog manager lock_ before loading sys catalog.
I1010 06:15:27.504489 230895616 catalog_manager.cc:1424] T 00000000000000000000000000000000 P 3e8eb6bafdb342549e324f48c3b5b69a: Load: Loading roles into memory.
I1010 06:15:27.511255 230895616 catalog_loaders.cc:621] Loaded metadata for role cassandra
I1010 06:15:27.511729 230895616 catalog_manager.cc:1424] T 00000000000000000000000000000000 P 3e8eb6bafdb342549e324f48c3b5b69a: Load: Loading sys config into memory.
W1010 06:15:27.511901 230895616 permissions_manager.cc:1064] Multiple security configs found when loading sys catalog
I1010 06:15:27.512259 230895616 catalog_loaders.cc:652] Loaded sys config type security-configuration
I1010 06:15:27.512323 230895616 catalog_loaders.cc:652] Loaded sys config type transaction-tables-configuration
I1010 06:15:27.512390 230895616 catalog_loaders.cc:652] Loaded sys config type ysql-catalog-configuration
I1010 06:15:27.512447 230895616 catalog_manager.cc:1424] T 00000000000000000000000000000000 P 3e8eb6bafdb342549e324f48c3b5b69a: Load: Loading namespaces into memory.
I1010 06:15:27.512662 230895616 catalog_loaders.cc:466] Loaded metadata for namespace system [id=00000000000000000000000000000001]
I1010 06:15:27.512727 230895616 catalog_loaders.cc:466] Loaded metadata for namespace system_schema [id=00000000000000000000000000000002]
I1010 06:15:27.512780 230895616 catalog_loaders.cc:466] Loaded metadata for namespace system_auth [id=00000000000000000000000000000003]
I1010 06:15:27.512836 230895616 catalog_loaders.cc:466] Loaded metadata for namespace template1 [id=00000001000030008000000000000000]
I1010 06:15:27.512878 230895616 catalog_loaders.cc:466] Loaded metadata for namespace template0 [id=000033c0000030008000000000000000]
I1010 06:15:27.512915 230895616 catalog_loaders.cc:466] Loaded metadata for namespace postgres [id=000033c1000030008000000000000000]
I1010 06:15:27.512962 230895616 catalog_loaders.cc:466] Loaded metadata for namespace yugabyte [id=000033c3000030008000000000000000]
I1010 06:15:27.513005 230895616 catalog_loaders.cc:466] Loaded metadata for namespace system_platform [id=000033c4000030008000000000000000]
I1010 06:15:27.513057 230895616 catalog_manager.cc:1424] T 00000000000000000000000000000000 P 3e8eb6bafdb342549e324f48c3b5b69a: Load: Loading tables into memory.
I1010 06:15:27.514297 230895616 catalog_loaders.cc:179] Loaded metadata for table pg_user_mapping_user_server_index [id=000000010000300080000000000000af], state: RUNNING
I1010 06:15:27.514638 230895616 catalog_loaders.cc:179] Loaded metadata for table pg_foreign_data_wrapper_name_index [id=00000001000030008000000000000224], state: RUNNING
I1010 06:15:27.514717 230895616 catalog_loaders.cc:179] Loaded metadata for table pg_foreign_server_name_index [id=00000001000030008000000000000225], state: RUNNING
I1010 06:15:27.514848 230895616 catalog_loaders.cc:179] Loaded metadata for table pg_default_acl [id=0000000100003000800000000000033a], state: RUNNING
I1010 06:15:27.515483 230895616 catalog_loaders.cc:179] Loaded metadata for table pg_default_acl_role_nsp_obj_index [id=0000000100003000800000000000033b], state: RUNNING
I1010 06:15:27.515570 230895616 catalog_loaders.cc:179] Loaded metadata for table pg_pltemplate [id=00000001000030008000000000000470], state: RUNNING
I1010 06:15:27.515655 230895616 catalog_loaders.cc:179] Loaded metadata for table pg_tablespace [id=000000010000300080000000000004bd], state: RUNNING
I1010 06:15:27.515755 230895616 catalog_loaders.cc:179] Loaded metadata for table pg_shdepend [id=000000010000300080000000000004be], state: RUNNING
I1010 06:15:27.515827 230895616 catalog_loaders.cc:179] Loaded metadata for table pg_shdepend_depender_index [id=000000010000300080000000000004d0], state: RUNNING
I1010 06:15:27.515880 230895616 catalog_loaders.cc:179] Loaded metadata for table pg_shdepend_reference_index [id=000000010000300080000000000004d1], state: RUNNING
I1010 06:15:27.515972 230895616 catalog_loaders.cc:179] Loaded metadata for table pg_type [id=000000010000300080000000000004df], state: RUNNING
I1010 06:15:27.516146 230895616 catalog_loaders.cc:179] Loaded metadata for table pg_attribute [id=000000010000300080000000000004e1], state: RUNNING
I1010 06:15:27.516463 230895616 catalog_loaders.cc:179] Loaded metadata for table pg_proc [id=000000010000300080000000000004e7], state: RUNNING
I1010 06:15:27.516598 230895616 catalog_loaders.cc:179] Loaded metadata for table pg_class [id=000000010000300080000000000004eb], state: RUNNING
I1010 06:15:27.516676 230895616 catalog_loaders.cc:179] Loaded metadata for table pg_authid [id=000000010000300080000000000004ec], state: RUNNING
I1010 06:15:27.516729 230895616 catalog_loaders.cc:179] Loaded metadata for table pg_auth_members [id=000000010000300080000000000004ed], state: RUNNING
I1010 06:15:27.516824 230895616 catalog_loaders.cc:179] Loaded metadata for table pg_database [id=000000010000300080000000000004ee], state: RUNNING
I1010 06:15:27.516884 230895616 catalog_loaders.cc:179] Loaded metadata for table pg_foreign_server [id=00000001000030008000000000000589], state: RUNNING
I1010 06:15:27.516947 230895616 catalog_loaders.cc:179] Loaded metadata for table pg_user_mapping [id=0000000100003000800000000000058a], state: RUNNING
I1010 06:15:27.517135 230895616 catalog_loaders.cc:179] Loaded metadata for table pg_inherits_parent_index [id=0000000100003000800000000000088b], state: RUNNING
I1010 06:15:27.517318 230895616 catalog_loaders.cc:179] Loaded metadata for table pg_sequence [id=000000010000300080000000000008b0], state: RUNNING
I1010 06:15:27.517553 230895616 catalog_loaders.cc:179] Loaded metadata for table pg_foreign_data_wrapper [id=00000001000030008000000000000918], state: RUNNING
I1010 06:15:27.517628 230895616 catalog_loaders.cc:179] Loaded metadata for table pg_shdescription [id=0000000100003000800000000000095c], state: RUNNING
I1010 06:15:27.518659 230895616 catalog_loaders.cc:179] Loaded metadata for table pg_constraint_conparentid_index [id=00000001000030008000000000000a13], state: RUNNING
I1010 06:15:27.518748 230895616 catalog_loaders.cc:179] Loaded metadata for table pg_aggregate [id=00000001000030008000000000000a28], state: RUNNING
I1010 06:15:27.518812 230895616 catalog_loaders.cc:179] Loaded metadata for table pg_am [id=00000001000030008000000000000a29], state: RUNNING
I1010 06:15:27.518865 230895616 catalog_loaders.cc:179] Loaded metadata for table pg_amop [id=00000001000030008000000000000a2a], state: RUNNING
I1010 06:15:27.518924 230895616 catalog_loaders.cc:179] Loaded metadata for table pg_amproc [id=00000001000030008000000000000a2b], state: RUNNING
I1010 06:15:27.518976 230895616 catalog_loaders.cc:179] Loaded metadata for table pg_attrdef [id=00000001000030008000000000000a2c], state: RUNNING
I1010 06:15:27.519027 230895616 catalog_loaders.cc:179] Loaded metadata for table pg_cast [id=00000001000030008000000000000a2d], state: RUNNING
I1010 06:15:27.519104 230895616 catalog_loaders.cc:179] Loaded metadata for table pg_constraint [id=00000001000030008000000000000a2e], state: RUNNING
I1010 06:15:27.519173 230895616 catalog_loaders.cc:179] Loaded metadata for table pg_conversion [id=00000001000030008000000000000a2f], state: RUNNING
I1010 06:15:27.519230 230895616 catalog_loaders.cc:179] Loaded metadata for table pg_depend [id=00000001000030008000000000000a30], state: RUNNING
I1010 06:15:27.519284 230895616 catalog_loaders.cc:179] Loaded metadata for table pg_description [id=00000001000030008000000000000a31], state: RUNNING
I1010 06:15:27.519407 230895616 catalog_loaders.cc:179] Loaded metadata for table pg_index [id=00000001000030008000000000000a32], state: RUNNING
I1010 06:15:27.519574 230895616 catalog_loaders.cc:179] Loaded metadata for table pg_inherits [id=00000001000030008000000000000a33], state: RUNNING
I1010 06:15:27.519760 230895616 catalog_loaders.cc:179] Loaded metadata for table pg_language [id=00000001000030008000000000000a34], state: RUNNING
I1010 06:15:27.519819 230895616 catalog_loaders.cc:179] Loaded metadata for table pg_largeobject [id=00000001000030008000000000000a35], state: RUNNING
I1010 06:15:27.529706 230895616 catalog_loaders.cc:179] Loaded metadata for table pg_namespace [id=00000001000030008000000000000a37], state: RUNNING
I1010 06:15:27.530035 230895616 catalog_loaders.cc:179] Loaded metadata for table pg_opclass [id=00000001000030008000000000000a38], state: RUNNING
I1010 06:15:27.530117 230895616 catalog_loaders.cc:179] Loaded metadata for table pg_operator [id=00000001000030008000000000000a39], state: RUNNING
I1010 06:15:27.530203 230895616 catalog_loaders.cc:179] Loaded metadata for table pg_rewrite [id=00000001000030008000000000000a3a], state: RUNNING
I1010 06:15:27.530289 230895616 catalog_loaders.cc:179] Loaded metadata for table pg_statistic [id=00000001000030008000000000000a3b], state: RUNNING
I1010 06:15:27.530360 230895616 catalog_loaders.cc:179] Loaded metadata for table pg_trigger [id=00000001000030008000000000000a3c], state: RUNNING
I1010 06:15:27.530475 230895616 catalog_loaders.cc:179] Loaded metadata for table pg_am_name_index [id=00000001000030008000000000000a5b], state: RUNNING
I1010 06:15:27.530953 230895616 catalog_loaders.cc:179] Loaded metadata for table pg_amop_fam_strat_index [id=00000001000030008000000000000a5d], state: RUNNING
I1010 06:15:27.531028 230895616 catalog_loaders.cc:179] Loaded metadata for table pg_amop_opr_fam_index [id=00000001000030008000000000000a5e], state: RUNNING
I1010 06:15:27.531111 230895616 catalog_loaders.cc:179] Loaded metadata for table pg_amproc_fam_proc_index [id=00000001000030008000000000000a5f], state: RUNNING
I1010 06:15:27.531380 230895616 catalog_loaders.cc:179] Loaded metadata for table pg_attrdef_adrelid_adnum_index [id=00000001000030008000000000000a60], state: RUNNING
I1010 06:15:27.531461 230895616 catalog_loaders.cc:179] Loaded metadata for table pg_attribute_relid_attnam_index [id=00000001000030008000000000000a62], state: RUNNING
I1010 06:15:27.531687 230895616 catalog_loaders.cc:179] Loaded metadata for table pg_cast_source_target_index [id=00000001000030008000000000000a65], state: RUNNING
I1010 06:15:27.531755 230895616 catalog_loaders.cc:179] Loaded metadata for table pg_class_relname_nsp_index [id=00000001000030008000000000000a67], state: RUNNING
I1010 06:15:27.531826 230895616 catalog_loaders.cc:179] Loaded metadata for table pg_constraint_conname_nsp_index [id=00000001000030008000000000000a68], state: RUNNING
I1010 06:15:27.531891 230895616 catalog_loaders.cc:179] Loaded metadata for table pg_constraint_conrelid_contypid_conname_index [id=00000001000030008000000000000a69], state: RUNNING
I1010 06:15:27.531951 230895616 catalog_loaders.cc:179] Loaded metadata for table pg_constraint_contypid_index [id=00000001000030008000000000000a6a], state: RUNNING
I1010 06:15:27.532018 230895616 catalog_loaders.cc:179] Loaded metadata for table pg_conversion_default_index [id=00000001000030008000000000000a6c], state: RUNNING
I1010 06:15:27.532142 230895616 catalog_loaders.cc:179] Loaded metadata for table pg_conversion_name_nsp_index [id=00000001000030008000000000000a6d], state: RUNNING
I1010 06:15:27.532205 230895616 catalog_loaders.cc:179] Loaded metadata for table pg_database_datname_index [id=00000001000030008000000000000a6f], state: RUNNING
I1010 06:15:27.532265 230895616 catalog_loaders.cc:179] Loaded metadata for table pg_depend_depender_index [id=00000001000030008000000000000a71], state: RUNNING
I1010 06:15:27.532321 230895616 catalog_loaders.cc:179] Loaded metadata for table pg_depend_reference_index [id=00000001000030008000000000000a72], state: RUNNING
I1010 06:15:27.532375 230895616 catalog_loaders.cc:179] Loaded metadata for table pg_authid_rolname_index [id=00000001000030008000000000000a74], state: RUNNING
I1010 06:15:27.532445 230895616 catalog_loaders.cc:179] Loaded metadata for table pg_index_indrelid_index [id=00000001000030008000000000000a76], state: RUNNING
I1010 06:15:27.532528 230895616 catalog_loaders.cc:179] Loaded metadata for table pg_language_name_index [id=00000001000030008000000000000a79], state: RUNNING
I1010 06:15:27.532605 230895616 catalog_loaders.cc:179] Loaded metadata for table pg_namespace_nspname_index [id=00000001000030008000000000000a7c], state: RUNNING
I1010 06:15:27.532681 230895616 catalog_loaders.cc:179] Loaded metadata for table pg_opclass_am_name_nsp_index [id=00000001000030008000000000000a7e], state: RUNNING
I1010 06:15:27.532755 230895616 catalog_loaders.cc:179] Loaded metadata for table pg_operator_oprname_l_r_n_index [id=00000001000030008000000000000a81], state: RUNNING
I1010 06:15:27.532828 230895616 catalog_loaders.cc:179] Loaded metadata for table pg_proc_proname_args_nsp_index [id=00000001000030008000000000000a83], state: RUNNING
I1010 06:15:27.532904 230895616 catalog_loaders.cc:179] Loaded metadata for table pg_rewrite_rel_rulename_index [id=00000001000030008000000000000a85], state: RUNNING
I1010 06:15:27.532980 230895616 catalog_loaders.cc:179] Loaded metadata for table pg_auth_members_member_role_index [id=00000001000030008000000000000a87], state: RUNNING
I1010 06:15:27.533164 230895616 catalog_loaders.cc:179] Loaded metadata for table pg_tablespace_spcname_index [id=00000001000030008000000000000a8a], state: RUNNING
I1010 06:15:27.533242 230895616 catalog_loaders.cc:179] Loaded metadata for table pg_trigger_tgconstraint_index [id=00000001000030008000000000000a8b], state: RUNNING
I1010 06:15:27.533406 230895616 catalog_loaders.cc:179] Loaded metadata for table pg_trigger_tgrelid_tgname_index [id=00000001000030008000000000000a8d], state: RUNNING
I1010 06:15:27.533542 230895616 catalog_loaders.cc:179] Loaded metadata for table pg_type_typname_nsp_index [id=00000001000030008000000000000a90], state: RUNNING
I1010 06:15:27.533636 230895616 catalog_loaders.cc:179] Loaded metadata for table pg_opfamily [id=00000001000030008000000000000ac1], state: RUNNING
I1010 06:15:27.533723 230895616 catalog_loaders.cc:179] Loaded metadata for table pg_opfamily_am_name_nsp_index [id=00000001000030008000000000000ac2], state: RUNNING
I1010 06:15:27.533845 230895616 catalog_loaders.cc:179] Loaded metadata for table pg_db_role_setting [id=00000001000030008000000000000b94], state: RUNNING
I1010 06:15:27.533970 230895616 catalog_loaders.cc:179] Loaded metadata for table pg_largeobject_metadata [id=00000001000030008000000000000bb3], state: RUNNING
I1010 06:15:27.534868 230895616 catalog_loaders.cc:179] Loaded metadata for table pg_extension [id=00000001000030008000000000000c07], state: RUNNING
I1010 06:15:27.534942 230895616 catalog_loaders.cc:179] Loaded metadata for table pg_extension_name_index [id=00000001000030008000000000000c09], state: RUNNING
I1010 06:15:27.534993 230895616 catalog_loaders.cc:179] Loaded metadata for table pg_foreign_table [id=00000001000030008000000000000c2e], state: RUNNING
I1010 06:15:27.535043 230895616 catalog_loaders.cc:179] Loaded metadata for table pg_collation_name_enc_nsp_index [id=00000001000030008000000000000c5c], state: RUNNING
