Log file created at: 2024/10/09 23:12:05
Current UTC time: 2024/10/09 17:42:05
Running on machine: NAG-MAC.local
Application fingerprint: version 2.23.0.0 build 710 revision a31a4eba31527467192adc816e771ac09c28bb1a build_type RELEASE built at 30 Aug 2024 20:38:52 GMT
Running duration (h:mm:ss): 0:00:00
Log line format: [IWEF]mmdd hh:mm:ss.uuuuuu threadid file:line] msg
I1009 23:12:05.763898 386450944 server_main_util.cc:163] NumCPUs determined to be: 8
I1009 23:12:05.765079 386450944 server_main_util.cc:101] Total available RAM is 16.000000 GiB
I1009 23:12:05.765101 386450944 server_main_util.cc:90] Setting flag db_block_cache_size_percentage to recommended value -3
I1009 23:12:05.765118 386450944 server_main_util.cc:92] Setting flag default_memory_limit_to_ram_ratio to recommended value 0.1
I1009 23:12:05.765138 386450944 server_main_util.cc:94] Setting flag tablet_overhead_size_percentage to recommended value 0
I1009 23:12:05.765159 386450944 mem_tracker.cc:265] Creating root MemTracker with garbage collection threshold 17179869 bytes
I1009 23:12:05.765172 386450944 mem_tracker.cc:269] Root memory limit is 1717986918
I1009 23:12:05.765202 386450944 tcmalloc_util.cc:231] Setting tcmalloc max thread cache bytes to: 42949672
I1009 23:12:05.765220 386450944 tcmalloc_util.cc:264] Setting TCMalloc profiler sampling frequency to 1048576 bytes
I1009 23:12:05.765300 386450944 server_base_options.cc:165] Updating master addrs to {127.0.0.1:7100},{127.0.0.2:7100},{127.0.0.3:7100}
I1009 23:12:05.765327 386450944 server_base_options.cc:165] Updating master addrs to {127.0.0.1:7100},{127.0.0.2:7100},{127.0.0.3:7100}
I1009 23:12:05.765359 386450944 server_base_options.cc:165] Updating master addrs to {127.0.0.1:7100},{127.0.0.2:7100},{127.0.0.3:7100}
I1009 23:12:05.765475 386450944 shared_mem.cc:158] Using directory /tmp to store shared memory objects
I1009 23:12:05.766387 386450944 mem_tracker.cc:805] MemTracker: hard memory limit is 1.600000 GB
I1009 23:12:05.766409 386450944 mem_tracker.cc:807] MemTracker: soft memory limit is 1.360000 GB
I1009 23:12:05.766554 386450944 thread_pool.cc:178] Starting thread pool { name: raft_notifications max_workers: 18446744073709551615 }
I1009 23:12:05.767096 386450944 server_base_options.cc:165] Updating master addrs to {127.0.0.1:7100},{127.0.0.2:7100},{127.0.0.3:7100}
I1009 23:12:05.767253 386450944 rpc_server.cc:84] yb::server::RpcServer created at 0x10e6ff2c0
I1009 23:12:05.767277 386450944 master.cc:180] yb::master::Master created at 0x7ff7b8d8a798
I1009 23:12:05.767289 386450944 master.cc:181] yb::master::TSManager created at 0x10e749400
I1009 23:12:05.767300 386450944 master.cc:182] yb::master::CatalogManager created at 0x10f6d6000
I1009 23:12:05.767345 386450944 master_main.cc:138] Initializing master server...
I1009 23:12:05.770514 386450944 server_base.cc:533] Could not load existing FS layout: Not found (yb/fs/fs_manager.cc:402): Metadata wasn't found
I1009 23:12:05.770589 386450944 server_base.cc:534] Creating new FS layout
I1009 23:12:05.771845 386450944 fs_manager.cc:636] Generated new instance metadata in path /Users/nag/yb/yugabyte-data/node2/yb-data/master/instance:
uuid: "3e8eb6bafdb342549e324f48c3b5b69a"
format_stamp: "Formatted at 2024-10-09 17:42:05 on NAG-MAC.local"
initdb_done_set_after_sys_catalog_restore: true
I1009 23:12:05.772645 386450944 fs_manager.cc:415] Opened local filesystem: /Users/nag/yb/yugabyte-data/node2
uuid: "3e8eb6bafdb342549e324f48c3b5b69a"
format_stamp: "Formatted at 2024-10-09 17:42:05 on NAG-MAC.local"
initdb_done_set_after_sys_catalog_restore: true
W1009 23:12:05.772789 386450944 hybrid_clock.cc:131] HybridClock initialized in local mode (OS X only). Not suitable for distributed clusters.
I1009 23:12:05.773100 386450944 server_base.cc:286] Auto setting FLAGS_num_reactor_threads to 8
I1009 23:12:05.773129 386450944 secure.cc:138] SetupSecureContext: kInternal, 0
I1009 23:12:05.773571 386450944 thread_pool.cc:178] Starting thread pool { name: Master max_workers: 1024 }
I1009 23:12:05.774713 386450944 master_auto_flags_manager.cc:287] Creating AutoFlags configuration for new cluster.
I1009 23:12:05.774757 386450944 master_auto_flags_manager.cc:299] Promoting AutoFlags. max_flag_class: kNewInstallsOnly, promote_non_runtime: 1
I1009 23:12:05.775197 386450944 auto_flags_manager_base.cc:297] Storing new AutoFlags config: config_version: 1 promoted_flags { process_name: "yb-master" flags: "TEST_auto_flags_initialized" flags: "TEST_auto_flags_new_install" flags: "cdc_enable_postgres_replica_identity" flags: "cdc_write_post_apply_metadata" flags: "cdcsdk_enable_dynamic_tables_disable_option" flags: "cdcsdk_enable_identification_of_non_eligible_tables" flags: "enable_automatic_tablet_splitting" flags: "enable_flush_retryable_requests" flags: "enable_object_retention_due_to_snapshots" flags: "enable_tablet_split_of_xcluster_replicated_tables" flags: "enable_xcluster_api_v2" flags: "enable_xcluster_auto_flag_validation" flags: "master_enable_universe_uuid_heartbeat_check" flags: "regular_tablets_data_block_key_value_encoding" flags: "remote_bootstrap_from_leader_only" flags: "save_index_into_wal_segments" flags: "use_parent_table_id_field" flags: "xcluster_enable_subtxn_abort_propagation" flags: "yb_enable_cdc_consistent_snapshot_streams" flags: "ycql_allow_cassandra_drop" flags: "ysql_enable_packed_row" flags: "ysql_skip_row_lock_for_update" flags: "ysql_yb_bypass_cond_recheck" flags: "ysql_yb_enable_add_column_missing_default" flags: "ysql_yb_enable_alter_table_rewrite" flags: "ysql_yb_enable_ddl_atomicity_infra" flags: "ysql_yb_enable_expression_pushdown" flags: "ysql_yb_enable_hash_batch_in" flags: "ysql_yb_enable_index_aggregate_pushdown" flags: "ysql_yb_enable_pg_locks" flags: "ysql_yb_enable_replica_identity" flags: "ysql_yb_enable_replication_commands" flags: "ysql_yb_enable_replication_slot_consumption" flags: "ysql_yb_enable_saop_pushdown" flags: "ysql_yb_enable_sequence_pushdown" flags: "ysql_yb_pushdown_is_not_null" flags: "ysql_yb_pushdown_strict_inequality" flag_infos { promoted_version: 1 } flag_infos { promoted_version: 1 } flag_infos { promoted_version: 1 } flag_infos { promoted_version: 1 } flag_infos { promoted_version: 1 } flag_infos { promoted_version: 1 } flag_infos { promoted_version: 1 } flag_infos { promoted_version: 1 } flag_infos { promoted_version: 1 } flag_infos { promoted_version: 1 } flag_infos { promoted_version: 1 } flag_infos { promoted_version: 1 } flag_infos { promoted_version: 1 } flag_infos { promoted_version: 1 } flag_infos { promoted_version: 1 } flag_infos { promoted_version: 1 } flag_infos { promoted_version: 1 } flag_infos { promoted_version: 1 } flag_infos { promoted_version: 1 } flag_infos { promoted_version: 1 } flag_infos { promoted_version: 1 } flag_infos { promoted_version: 1 } flag_infos { promoted_version: 1 } flag_infos { promoted_version: 1 } flag_infos { promoted_version: 1 } flag_infos { promoted_version: 1 } flag_infos { promoted_version: 1 } flag_infos { promoted_version: 1 } flag_infos { promoted_version: 1 } flag_infos { promoted_version: 1 } flag_infos { promoted_version: 1 } flag_infos { promoted_version: 1 } flag_infos { promoted_version: 1 } flag_infos { promoted_version: 1 } flag_infos { promoted_version: 1 } flag_infos { promoted_version: 1 } flag_infos { promoted_version: 1 } } promoted_flags { process_name: "yb-tserver" flags: "TEST_auto_flags_initialized" flags: "TEST_auto_flags_new_install" flags: "cdc_write_post_apply_metadata" flags: "enable_automatic_tablet_splitting" flags: "enable_flush_retryable_requests" flags: "enable_xcluster_auto_flag_validation" flags: "regular_tablets_data_block_key_value_encoding" flags: "remote_bootstrap_from_leader_only" flags: "save_index_into_wal_segments" flags: "xcluster_enable_subtxn_abort_propagation" flags: "yb_enable_cdc_consistent_snapshot_streams" flags: "ycql_suppress_group_by_error" flags: "ysql_enable_packed_row" flags: "ysql_skip_row_lock_for_update" flags: "ysql_yb_bypass_cond_recheck" flags: "ysql_yb_enable_add_column_missing_default" flags: "ysql_yb_enable_alter_table_rewrite" flags: "ysql_yb_enable_ddl_atomicity_infra" flags: "ysql_yb_enable_expression_pushdown" flags: "ysql_yb_enable_hash_batch_in" flags: "ysql_yb_enable_index_aggregate_pushdown" flags: "ysql_yb_enable_pg_locks" flags: "ysql_yb_enable_replica_identity" flags: "ysql_yb_enable_replication_commands" flags: "ysql_yb_enable_replication_slot_consumption" flags: "ysql_yb_enable_saop_pushdown" flags: "ysql_yb_enable_sequence_pushdown" flags: "ysql_yb_pushdown_is_not_null" flags: "ysql_yb_pushdown_strict_inequality" flag_infos { promoted_version: 1 } flag_infos { promoted_version: 1 } flag_infos { promoted_version: 1 } flag_infos { promoted_version: 1 } flag_infos { promoted_version: 1 } flag_infos { promoted_version: 1 } flag_infos { promoted_version: 1 } flag_infos { promoted_version: 1 } flag_infos { promoted_version: 1 } flag_infos { promoted_version: 1 } flag_infos { promoted_version: 1 } flag_infos { promoted_version: 1 } flag_infos { promoted_version: 1 } flag_infos { promoted_version: 1 } flag_infos { promoted_version: 1 } flag_infos { promoted_version: 1 } flag_infos { promoted_version: 1 } flag_infos { promoted_version: 1 } flag_infos { promoted_version: 1 } flag_infos { promoted_version: 1 } flag_infos { promoted_version: 1 } flag_infos { promoted_version: 1 } flag_infos { promoted_version: 1 } flag_infos { promoted_version: 1 } flag_infos { promoted_version: 1 } flag_infos { promoted_version: 1 } flag_infos { promoted_version: 1 } flag_infos { promoted_version: 1 } flag_infos { promoted_version: 1 } }
I1009 23:12:05.776098 386450944 fs_manager.cc:323] AutoFlags config stored in '/Users/nag/yb/yugabyte-data/node2/yb-data/master/auto_flags_config'.
I1009 23:12:05.776513 386450944 auto_flags_manager_base.cc:361] AutoFlags promoted: ysql_yb_pushdown_strict_inequality,ysql_yb_pushdown_is_not_null,ysql_yb_enable_sequence_pushdown,ysql_yb_enable_saop_pushdown,ysql_yb_enable_replication_slot_consumption,ysql_yb_enable_pg_locks,ysql_yb_enable_index_aggregate_pushdown,ysql_yb_enable_hash_batch_in,ysql_yb_enable_ddl_atomicity_infra,ysql_yb_enable_alter_table_rewrite,ysql_yb_enable_add_column_missing_default,ysql_yb_enable_replica_identity,ysql_enable_packed_row,ycql_allow_cassandra_drop,yb_enable_cdc_consistent_snapshot_streams,use_parent_table_id_field,TEST_auto_flags_initialized,ysql_yb_bypass_cond_recheck,remote_bootstrap_from_leader_only,enable_automatic_tablet_splitting,cdc_enable_postgres_replica_identity,enable_xcluster_api_v2,xcluster_enable_subtxn_abort_propagation,regular_tablets_data_block_key_value_encoding,enable_flush_retryable_requests,save_index_into_wal_segments,ysql_yb_enable_replication_commands,enable_tablet_split_of_xcluster_replicated_tables,cdcsdk_enable_identification_of_non_eligible_tables,master_enable_universe_uuid_heartbeat_check,cdcsdk_enable_dynamic_tables_disable_option,cdc_write_post_apply_metadata,enable_object_retention_due_to_snapshots,ysql_yb_enable_expression_pushdown,TEST_auto_flags_new_install,ysql_skip_row_lock_for_update,enable_xcluster_auto_flag_validation
I1009 23:12:05.793227 386450944 server_base.cc:269] Running on host: NAG-MAC.local
I1009 23:12:05.793378 386450944 master_main.cc:141] Starting Master server...
I1009 23:12:05.793386 216944640 async_client_initializer.cc:81] Starting to init ybclient
I1009 23:12:05.793406 386450944 ulimit_util.cc:212] Configured soft limit for cpu time is already larger than specified min value (unlimited vs. unlimited). Skipping.
I1009 23:12:05.793483 386450944 ulimit_util.cc:212] Configured soft limit for file size is already larger than specified min value (unlimited vs. unlimited). Skipping.
I1009 23:12:05.793498 386450944 ulimit_util.cc:212] Configured soft limit for data seg size is already larger than specified min value (unlimited vs. unlimited). Skipping.
I1009 23:12:05.793509 386450944 ulimit_util.cc:212] Configured soft limit for stack size is already larger than specified min value (8388608 vs. 8388608). Skipping.
I1009 23:12:05.793519 386450944 ulimit_util.cc:212] Configured soft limit for max memory size is already larger than specified min value (unlimited vs. unlimited). Skipping.
I1009 23:12:05.793529 386450944 ulimit_util.cc:212] Configured soft limit for max locked memory is already larger than specified min value (unlimited vs. 65536). Skipping.
I1009 23:12:05.793557 386450944 env_posix.cc:1568] Modifying limit for max user processes from 2784 to 4176
I1009 23:12:05.793571 386450944 env_posix.cc:1568] Modifying limit for open files from 8192 to 10240
I1009 23:12:05.793586 386450944 master_main.cc:143] ulimit cur(max)...
ulimit: core file size 0(unlimited) blks
ulimit: data seg size unlimited(unlimited) kb
ulimit: open files 10240(unlimited)
ulimit: file size unlimited(unlimited) blks
ulimit: max locked memory unlimited(unlimited) kb
ulimit: max memory size unlimited(unlimited) kb
ulimit: stack size 8192(65532) kb
ulimit: cpu time unlimited(unlimited) secs
ulimit: max user processes 2784(2784)
I1009 23:12:05.793988 386450944 service_pool.cc:149] yb.master.MasterService: yb::rpc::ServicePoolImpl created at 0x10e716fc0
I1009 23:12:05.794212 386450944 service_pool.cc:149] yb.master.MasterBackup: yb::rpc::ServicePoolImpl created at 0x10e716000
W1009 23:12:05.794363 218017792 catalog_manager.cc:1676] Failed to get current config: Illegal state (yb/master/catalog_manager.cc:11525): Node 3e8eb6bafdb342549e324f48c3b5b69a peer not initialized.
I1009 23:12:05.794406 386450944 service_pool.cc:149] yb.master.MasterService: yb::rpc::ServicePoolImpl created at 0x10e716b40
I1009 23:12:05.794411 218017792 client-internal.cc:2860] New master addresses: [127.0.0.1:7100,127.0.0.2:7100,127.0.0.3:7100]
I1009 23:12:05.794785 386450944 service_pool.cc:149] yb.master.MasterService: yb::rpc::ServicePoolImpl created at 0x10e716d80
I1009 23:12:05.794890 386450944 service_pool.cc:149] yb.master.MasterService: yb::rpc::ServicePoolImpl created at 0x10e716480
I1009 23:12:05.795346 386450944 service_pool.cc:149] yb.master.MasterService: yb::rpc::ServicePoolImpl created at 0x10e716900
I1009 23:12:05.795468 386450944 service_pool.cc:149] yb.master.MasterService: yb::rpc::ServicePoolImpl created at 0x10e717440
I1009 23:12:05.795503 386450944 service_pool.cc:149] yb.master.MasterService: yb::rpc::ServicePoolImpl created at 0x10e717680
I1009 23:12:05.796190 386450944 service_pool.cc:149] yb.master.MasterService: yb::rpc::ServicePoolImpl created at 0x10e7178c0
I1009 23:12:05.796231 386450944 service_pool.cc:149] yb.master.MasterService: yb::rpc::ServicePoolImpl created at 0x10e717b00
I1009 23:12:05.796730 386450944 service_pool.cc:149] yb.tserver.TabletServerService: yb::rpc::ServicePoolImpl created at 0x10e717d40
I1009 23:12:05.796907 386450944 thread_pool.cc:178] Starting thread pool { name: Master-high-pri max_workers: 1024 }
I1009 23:12:05.796928 386450944 service_pool.cc:149] yb.consensus.ConsensusService: yb::rpc::ServicePoolImpl created at 0x110b08240
I1009 23:12:05.797241 386450944 service_pool.cc:149] yb.tserver.RemoteBootstrapService: yb::rpc::ServicePoolImpl created at 0x110b08480
I1009 23:12:05.798205 386450944 service_pool.cc:149] yb.tserver.PgClientService: yb::rpc::ServicePoolImpl created at 0x110b086c0
I1009 23:12:05.798249 219627520 async_client_initializer.cc:81] Starting to init ybclient
I1009 23:12:05.798352 386450944 webserver.cc:353] Starting webserver on 127.0.0.2:7001
I1009 23:12:05.798370 386450944 webserver.cc:362] Document root: /Users/nag/yb/yugabyte-2.23.0.0/www
I1009 23:12:05.798420 386450944 webserver.cc:348] Webserver listen spec is 127.0.0.2:7001
I1009 23:12:05.798481 215871488 tcp_stream.cc:329] { local: 127.0.0.2:64611 remote: 127.0.0.3:7100 }:  Recv failed: Network error (yb/util/net/socket.cc:540): recvmsg error: Connection refused (system error 61)
I1009 23:12:05.798528 386450944 webserver.cc:468] Webserver started. Bound to: http://127.0.0.2:7001/
I1009 23:12:05.798715 386450944 service_pool.cc:149] yb.server.GenericService: yb::rpc::ServicePoolImpl created at 0x110b08900
I1009 23:12:05.799012 386450944 rpc_server.cc:167] RPC server started. Bound to: 127.0.0.2:7100
I1009 23:12:05.799149 386450944 db_server_base.cc:69] Node information: { hostname: 'NAG-MAC.local', rpc_ip: '127.0.0.2', webserver_ip: '127.0.0.2', uuid: '3e8eb6bafdb342549e324f48c3b5b69a' }
I1009 23:12:05.799185 221237248 async_client_initializer.cc:81] Starting to init ybclient
I1009 23:12:05.799218 221773824 client-internal.cc:2860] New master addresses: [127.0.0.1:7100,127.0.0.2:7100,127.0.0.3:7100]
I1009 23:12:05.799222 386450944 server_base.cc:598] Using private rpc address 127.0.0.2
I1009 23:12:05.799324 386450944 server_base.cc:620] Using http address 127.0.0.2
I1009 23:12:05.799556 222310400 sys_catalog.cc:271] Trying to load previous SysCatalogTable data from disk
I1009 23:12:05.799623 222310400 catalog_manager.cc:2132] Did not find previous SysCatalogTable data on disk. Not found (yb/fs/fs_manager.cc:768): Metadata dir not found for tablet 00000000000000000000000000000000
I1009 23:12:05.799660 222310400 sys_catalog.cc:335] Creating new SysCatalogTable data
I1009 23:12:05.799734 222310400 fs_manager.cc:759] SetTabletPathByDataPath: Tablet 00000000000000000000000000000000 metadata path being set to /Users/nag/yb/yugabyte-data/node2/yb-data/master
W1009 23:12:05.800328 223920128 catalog_manager.cc:1676] Failed to get current config: Illegal state (yb/master/catalog_manager.cc:11525): Node 3e8eb6bafdb342549e324f48c3b5b69a peer not initialized.
I1009 23:12:05.800370 223920128 client-internal.cc:2860] New master addresses: [127.0.0.1:7100,127.0.0.2:7100,127.0.0.3:7100]
I1009 23:12:05.802276 222310400 sys_catalog.cc:387] Determining permanent_uuid for [127.0.0.1:7100]
I1009 23:12:05.802712 222310400 sys_catalog.cc:387] Determining permanent_uuid for [127.0.0.2:7100]
I1009 23:12:05.803436 225529856 server_base.cc:598] Using private rpc address 127.0.0.2
I1009 23:12:05.803669 222310400 sys_catalog.cc:387] Determining permanent_uuid for [127.0.0.3:7100]
W1009 23:12:05.803850 222310400 consensus_peers.cc:797] Error getting permanent uuid from config peer [127.0.0.3:7100]: Network error (yb/util/net/socket.cc:540): recvmsg error: Connection refused (system error 61)
I1009 23:12:05.863474 222310400 consensus_peers.cc:810] Retrying to get permanent uuid for remote peer: [127.0.0.3:7100] attempt: 1
W1009 23:12:05.864020 222310400 consensus_peers.cc:797] Error getting permanent uuid from config peer [127.0.0.3:7100]: Network error (yb/util/net/socket.cc:540): recvmsg error: Connection refused (system error 61)
I1009 23:12:05.918475 222310400 consensus_peers.cc:810] Retrying to get permanent uuid for remote peer: [127.0.0.3:7100] attempt: 2
W1009 23:12:05.918933 222310400 consensus_peers.cc:797] Error getting permanent uuid from config peer [127.0.0.3:7100]: Network error (yb/util/net/socket.cc:540): recvmsg error: Connection refused (system error 61)
I1009 23:12:06.019284 216408064 tcp_stream.cc:329] { local: 127.0.0.2:64678 remote: 127.0.0.3:7100 }:  Recv failed: Network error (yb/util/net/socket.cc:540): recvmsg error: Connection refused (system error 61)
I1009 23:12:06.022698 222310400 consensus_peers.cc:810] Retrying to get permanent uuid for remote peer: [127.0.0.3:7100] attempt: 3
W1009 23:12:06.023149 222310400 consensus_peers.cc:797] Error getting permanent uuid from config peer [127.0.0.3:7100]: Network error (yb/util/net/socket.cc:540): recvmsg error: Connection refused (system error 61)
I1009 23:12:06.166610 222310400 consensus_peers.cc:810] Retrying to get permanent uuid for remote peer: [127.0.0.3:7100] attempt: 4
W1009 23:12:06.167236 222310400 consensus_peers.cc:797] Error getting permanent uuid from config peer [127.0.0.3:7100]: Network error (yb/util/net/socket.cc:540): recvmsg error: Connection refused (system error 61)
I1009 23:12:06.427273 222310400 consensus_peers.cc:810] Retrying to get permanent uuid for remote peer: [127.0.0.3:7100] attempt: 5
W1009 23:12:06.427803 222310400 consensus_peers.cc:797] Error getting permanent uuid from config peer [127.0.0.3:7100]: Network error (yb/util/net/socket.cc:540): recvmsg error: Connection refused (system error 61)
I1009 23:12:06.475044 216408064 tcp_stream.cc:329] { local: 127.0.0.2:64756 remote: 127.0.0.3:7100 }:  Recv failed: Network error (yb/util/net/socket.cc:540): recvmsg error: Connection refused (system error 61)
I1009 23:12:06.953737 222310400 consensus_peers.cc:810] Retrying to get permanent uuid for remote peer: [127.0.0.3:7100] attempt: 6
W1009 23:12:06.954455 222310400 consensus_peers.cc:797] Error getting permanent uuid from config peer [127.0.0.3:7100]: Network error (yb/util/net/socket.cc:540): recvmsg error: Connection refused (system error 61)
I1009 23:12:07.232144 212652032 tcp_stream.cc:329] { local: 127.0.0.2:64842 remote: 127.0.0.3:7100 }:  Recv failed: Network error (yb/util/net/socket.cc:540): recvmsg error: Connection refused (system error 61)
W1009 23:12:07.353996 221237248 async_client_initializer.cc:94] Failed to initialize client: Timed out (yb/rpc/rpc.cc:223): Could not locate the leader master: GetLeaderMasterRpc(addrs: [127.0.0.1:7100, 127.0.0.2:7100, 127.0.0.3:7100], num_attempts: 53) passed its deadline 161581.718s (passed: 1.553s): Network error (yb/util/net/socket.cc:540): recvmsg error: Connection refused (system error 61)
I1009 23:12:07.994493 222310400 consensus_peers.cc:810] Retrying to get permanent uuid for remote peer: [127.0.0.3:7100] attempt: 7
W1009 23:12:07.994942 222310400 consensus_peers.cc:797] Error getting permanent uuid from config peer [127.0.0.3:7100]: Network error (yb/util/net/socket.cc:540): recvmsg error: Connection refused (system error 61)
W1009 23:12:08.355212 223920128 catalog_manager.cc:1676] Failed to get current config: Illegal state (yb/master/catalog_manager.cc:11525): Node 3e8eb6bafdb342549e324f48c3b5b69a peer not initialized.
I1009 23:12:08.355504 223920128 client-internal.cc:2860] New master addresses: [127.0.0.1:7100,127.0.0.2:7100,127.0.0.3:7100]
I1009 23:12:08.429823 216408064 tcp_stream.cc:329] { local: 127.0.0.2:64919 remote: 127.0.0.3:7100 }:  Recv failed: Network error (yb/util/net/socket.cc:540): recvmsg error: Connection refused (system error 61)
I1009 23:12:09.238165 215334912 tcp_stream.cc:329] { local: 127.0.0.2:65003 remote: 127.0.0.3:7100 }:  Recv failed: Network error (yb/util/net/socket.cc:540): recvmsg error: Connection refused (system error 61)
W1009 23:12:09.910022 221237248 async_client_initializer.cc:94] Failed to initialize client: Timed out (yb/rpc/rpc.cc:223): Could not locate the leader master: GetLeaderMasterRpc(addrs: [127.0.0.1:7100, 127.0.0.2:7100, 127.0.0.3:7100], num_attempts: 53) passed its deadline 161584.273s (passed: 1.554s): Not found (yb/master/master_rpc.cc:286): no leader found: GetLeaderMasterRpc(addrs: [127.0.0.1:7100, 127.0.0.2:7100, 127.0.0.3:7100], num_attempts: 1)
I1009 23:12:10.086937 222310400 consensus_peers.cc:810] Retrying to get permanent uuid for remote peer: [127.0.0.3:7100] attempt: 8
W1009 23:12:10.087520 222310400 consensus_peers.cc:797] Error getting permanent uuid from config peer [127.0.0.3:7100]: Network error (yb/util/net/socket.cc:540): recvmsg error: Connection refused (system error 61)
W1009 23:12:10.913177 223920128 catalog_manager.cc:1676] Failed to get current config: Illegal state (yb/master/catalog_manager.cc:11525): Node 3e8eb6bafdb342549e324f48c3b5b69a peer not initialized.
I1009 23:12:10.913352 223920128 client-internal.cc:2860] New master addresses: [127.0.0.1:7100,127.0.0.2:7100,127.0.0.3:7100]
I1009 23:12:10.913808 215871488 tcp_stream.cc:329] { local: 127.0.0.2:65102 remote: 127.0.0.3:7100 }:  Recv failed: Network error (yb/util/net/socket.cc:540): recvmsg error: Connection refused (system error 61)
I1009 23:12:11.667337 213188608 tcp_stream.cc:329] { local: 127.0.0.2:65182 remote: 127.0.0.3:7100 }:  Recv failed: Network error (yb/util/net/socket.cc:540): recvmsg error: Connection refused (system error 61)
W1009 23:12:12.466624 221237248 async_client_initializer.cc:94] Failed to initialize client: Timed out (yb/rpc/rpc.cc:223): Could not locate the leader master: GetLeaderMasterRpc(addrs: [127.0.0.1:7100, 127.0.0.2:7100, 127.0.0.3:7100], num_attempts: 53) passed its deadline 161586.831s (passed: 1.553s): Not found (yb/master/master_rpc.cc:286): no leader found: GetLeaderMasterRpc(addrs: [127.0.0.1:7100, 127.0.0.2:7100, 127.0.0.3:7100], num_attempts: 1)
I1009 23:12:12.798591 225529856 server_base.cc:598] Using private rpc address 127.0.0.2
W1009 23:12:13.468876 223920128 catalog_manager.cc:1676] Failed to get current config: Illegal state (yb/master/catalog_manager.cc:11525): Node 3e8eb6bafdb342549e324f48c3b5b69a peer not initialized.
I1009 23:12:13.469017 223920128 client-internal.cc:2860] New master addresses: [127.0.0.1:7100,127.0.0.2:7100,127.0.0.3:7100]
I1009 23:12:13.478546 212652032 tcp_stream.cc:329] { local: 127.0.0.2:65286 remote: 127.0.0.3:7100 }:  Recv failed: Network error (yb/util/net/socket.cc:540): recvmsg error: Connection refused (system error 61)
I1009 23:12:14.185010 222310400 consensus_peers.cc:810] Retrying to get permanent uuid for remote peer: [127.0.0.3:7100] attempt: 9
W1009 23:12:14.185561 222310400 consensus_peers.cc:797] Error getting permanent uuid from config peer [127.0.0.3:7100]: Network error (yb/util/net/socket.cc:540): recvmsg error: Connection refused (system error 61)
I1009 23:12:14.345705 215334912 tcp_stream.cc:329] { local: 127.0.0.2:65368 remote: 127.0.0.3:7100 }:  Recv failed: Network error (yb/util/net/socket.cc:540): recvmsg error: Connection refused (system error 61)
W1009 23:12:15.008885 221237248 async_client_initializer.cc:94] Failed to initialize client: Timed out (yb/rpc/rpc.cc:223): Could not locate the leader master: GetLeaderMasterRpc(addrs: [127.0.0.1:7100, 127.0.0.2:7100, 127.0.0.3:7100], num_attempts: 52) passed its deadline 161589.387s (passed: 1.539s): Not found (yb/master/master_rpc.cc:286): no leader found: GetLeaderMasterRpc(addrs: [127.0.0.1:7100, 127.0.0.2:7100, 127.0.0.3:7100], num_attempts: 1)
W1009 23:12:16.010704 223920128 catalog_manager.cc:1676] Failed to get current config: Illegal state (yb/master/catalog_manager.cc:11525): Node 3e8eb6bafdb342549e324f48c3b5b69a peer not initialized.
I1009 23:12:16.010754 223920128 client-internal.cc:2860] New master addresses: [127.0.0.1:7100,127.0.0.2:7100,127.0.0.3:7100]
I1009 23:12:16.021499 225529856 server_base.cc:598] Using private rpc address 127.0.0.2
I1009 23:12:16.038789 224456704 encryption_manager.cc:60] Responding to GetUniverseKeyRegistry request with key ids: 
I1009 23:12:17.112439 219090944 encryption_manager.cc:60] Responding to GetUniverseKeyRegistry request with key ids: 
W1009 23:12:17.566505 221237248 async_client_initializer.cc:94] Failed to initialize client: Timed out (yb/rpc/rpc.cc:223): Could not locate the leader master: GetLeaderMasterRpc(addrs: [127.0.0.1:7100, 127.0.0.2:7100, 127.0.0.3:7100], num_attempts: 53) passed its deadline 161591.929s (passed: 1.555s): Not found (yb/master/master_rpc.cc:286): no leader found: GetLeaderMasterRpc(addrs: [127.0.0.1:7100, 127.0.0.2:7100, 127.0.0.3:7100], num_attempts: 1)
W1009 23:12:18.372725 225529856 catalog_manager.cc:9868] CatalogManager is not yet initialized
W1009 23:12:18.571331 223920128 catalog_manager.cc:1676] Failed to get current config: Illegal state (yb/master/catalog_manager.cc:11525): Node 3e8eb6bafdb342549e324f48c3b5b69a peer not initialized.
I1009 23:12:18.571388 223920128 client-internal.cc:2860] New master addresses: [127.0.0.1:7100,127.0.0.2:7100,127.0.0.3:7100]
W1009 23:12:20.097811 221237248 async_client_initializer.cc:94] Failed to initialize client: Timed out (yb/rpc/rpc.cc:223): Could not locate the leader master: GetLeaderMasterRpc(addrs: [127.0.0.1:7100, 127.0.0.2:7100, 127.0.0.3:7100], num_attempts: 52) passed its deadline 161594.489s (passed: 1.526s): Not found (yb/master/master_rpc.cc:286): no leader found: GetLeaderMasterRpc(addrs: [127.0.0.1:7100, 127.0.0.2:7100, 127.0.0.3:7100], num_attempts: 1)
W1009 23:12:21.099076 223920128 catalog_manager.cc:1676] Failed to get current config: Illegal state (yb/master/catalog_manager.cc:11525): Node 3e8eb6bafdb342549e324f48c3b5b69a peer not initialized.
I1009 23:12:21.099131 223920128 client-internal.cc:2860] New master addresses: [127.0.0.1:7100,127.0.0.2:7100,127.0.0.3:7100]
I1009 23:12:22.248217 221237248 async_client_initializer.cc:85] Successfully built ybclient
I1009 23:12:22.365135 219627520 async_client_initializer.cc:85] Successfully built ybclient
I1009 23:12:22.381968 222310400 consensus_peers.cc:810] Retrying to get permanent uuid for remote peer: [127.0.0.3:7100] attempt: 10
I1009 23:12:22.382778 222310400 sys_catalog.cc:402] Setting up raft configuration: opid_index: -1 peers { permanent_uuid: "e8b222ca9c514c17b0c8c653014e9169" member_type: VOTER last_known_private_addr { host: "127.0.0.1" port: 7100 } cloud_info { placement_cloud: "cloud1" placement_region: "datacenter1" placement_zone: "rack1" } } peers { permanent_uuid: "3e8eb6bafdb342549e324f48c3b5b69a" member_type: VOTER last_known_private_addr { host: "127.0.0.2" port: 7100 } cloud_info { placement_cloud: "cloud1" placement_region: "datacenter1" placement_zone: "rack1" } } peers { permanent_uuid: "804ce06c9a15466ca3f003ffe7ec6df2" member_type: VOTER last_known_private_addr { host: "127.0.0.3" port: 7100 } cloud_info { placement_cloud: "cloud1" placement_region: "datacenter1" placement_zone: "rack1" } }
I1009 23:12:22.383116 222310400 consensus_meta.cc:361] T 00000000000000000000000000000000 P 3e8eb6bafdb342549e324f48c3b5b69a: Updating active role from UNKNOWN_ROLE to FOLLOWER. Consensus state: current_term: 0 leader_uuid: "" config { opid_index: -1 peers { permanent_uuid: "e8b222ca9c514c17b0c8c653014e9169" member_type: VOTER last_known_private_addr { host: "127.0.0.1" port: 7100 } cloud_info { placement_cloud: "cloud1" placement_region: "datacenter1" placement_zone: "rack1" } } peers { permanent_uuid: "3e8eb6bafdb342549e324f48c3b5b69a" member_type: VOTER last_known_private_addr { host: "127.0.0.2" port: 7100 } cloud_info { placement_cloud: "cloud1" placement_region: "datacenter1" placement_zone: "rack1" } } peers { permanent_uuid: "804ce06c9a15466ca3f003ffe7ec6df2" member_type: VOTER last_known_private_addr { host: "127.0.0.3" port: 7100 } cloud_info { placement_cloud: "cloud1" placement_region: "datacenter1" placement_zone: "rack1" } } }, has_pending_config = 0
I1009 23:12:22.384035 222310400 server_base.cc:598] Using private rpc address 127.0.0.2
I1009 23:12:22.384127 222310400 tablet_bootstrap_state_manager.cc:61] Wal dir is not created, skip initializing TabletBootstrapStateManager for 00000000000000000000000000000000
I1009 23:12:22.384187 222310400 tablet_peer.cc:1643] T 00000000000000000000000000000000 P 3e8eb6bafdb342549e324f48c3b5b69a [state=BOOTSTRAPPING]: Changed state from NOT_STARTED to BOOTSTRAPPING
I1009 23:12:22.385700 222310400 consensus_meta.cc:361] T 00000000000000000000000000000000 P 3e8eb6bafdb342549e324f48c3b5b69a: Updating active role from UNKNOWN_ROLE to FOLLOWER. Consensus state: current_term: 0 leader_uuid: "" config { opid_index: -1 peers { permanent_uuid: "e8b222ca9c514c17b0c8c653014e9169" member_type: VOTER last_known_private_addr { host: "127.0.0.1" port: 7100 } cloud_info { placement_cloud: "cloud1" placement_region: "datacenter1" placement_zone: "rack1" } } peers { permanent_uuid: "3e8eb6bafdb342549e324f48c3b5b69a" member_type: VOTER last_known_private_addr { host: "127.0.0.2" port: 7100 } cloud_info { placement_cloud: "cloud1" placement_region: "datacenter1" placement_zone: "rack1" } } peers { permanent_uuid: "804ce06c9a15466ca3f003ffe7ec6df2" member_type: VOTER last_known_private_addr { host: "127.0.0.3" port: 7100 } cloud_info { placement_cloud: "cloud1" placement_region: "datacenter1" placement_zone: "rack1" } } }, has_pending_config = 0
I1009 23:12:22.385895 222310400 tablet_bootstrap_if.cc:96] T 00000000000000000000000000000000 P 3e8eb6bafdb342549e324f48c3b5b69a: Bootstrap starting.
I1009 23:12:22.386135 222310400 tablet.cc:637] T 00000000000000000000000000000000 P 3e8eb6bafdb342549e324f48c3b5b69a: Schema version for sys.catalog is 0
I1009 23:12:22.386762 222310400 transaction_participant.cc:193] T 00000000000000000000000000000000 P 3e8eb6bafdb342549e324f48c3b5b69a: Create
I1009 23:12:22.387006 222310400 docdb_rocksdb_util.cc:367] FLAGS_rocksdb_max_background_flushes was not set, automatically configuring 2 max background flushes
I1009 23:12:22.387082 222310400 docdb_rocksdb_util.cc:402] FLAGS_rocksdb_max_background_compactions was not set, automatically configuring 2 background compactions.
I1009 23:12:22.387148 222310400 docdb_rocksdb_util.cc:415] FLAGS_rocksdb_base_background_compactions was not set, automatically configuring 2 base background compactions.
I1009 23:12:22.387182 222310400 docdb_rocksdb_util.cc:659] T 00000000000000000000000000000000 P 3e8eb6bafdb342549e324f48c3b5b69a [R]: Write buffer size: 134217728
I1009 23:12:22.387202 222310400 docdb_rocksdb_util.cc:627] FLAGS_priority_thread_pool_size was not set, automatically configuring to 3.
I1009 23:12:22.387249 216944640 async_client_initializer.cc:85] Successfully built ybclient
I1009 23:12:22.387295 222310400 tablet.cc:764] T 00000000000000000000000000000000 P 3e8eb6bafdb342549e324f48c3b5b69a: Creating RocksDB database in dir /Users/nag/yb/yugabyte-data/node2/yb-data/master/data/rocksdb/table-sys.catalog.uuid/tablet-00000000000000000000000000000000
I1009 23:12:22.387854 222310400 tablet.cc:980] Opening RocksDB at: /Users/nag/yb/yugabyte-data/node2/yb-data/master/data/rocksdb/table-sys.catalog.uuid/tablet-00000000000000000000000000000000
I1009 23:12:22.389256 222310400 db_impl.cc:939] T 00000000000000000000000000000000 P 3e8eb6bafdb342549e324f48c3b5b69a [R]: Creating manifest 1 
I1009 23:12:22.390997 222310400 version_set.cc:2966] T 00000000000000000000000000000000 P 3e8eb6bafdb342549e324f48c3b5b69a [R]: Recovered from manifest file:/Users/nag/yb/yugabyte-data/node2/yb-data/master/data/rocksdb/table-sys.catalog.uuid/tablet-00000000000000000000000000000000/MANIFEST-000001 succeeded,manifest_file_number is 1, next_file_number is 3, last_sequence is 1125899906842624, log_number is 0,prev_log_number is 0,max_column_family is 0, flushed_values is <NULL>
I1009 23:12:22.391052 222310400 version_set.cc:2974] T 00000000000000000000000000000000 P 3e8eb6bafdb342549e324f48c3b5b69a [R]: Column family [default] (ID 0), log number is 0
I1009 23:12:22.392794 222310400 tablet.cc:995] T 00000000000000000000000000000000 P 3e8eb6bafdb342549e324f48c3b5b69a: Opening intents DB at: /Users/nag/yb/yugabyte-data/node2/yb-data/master/data/rocksdb/table-sys.catalog.uuid/tablet-00000000000000000000000000000000.intents
I1009 23:12:22.393038 222310400 db_impl.cc:939] T 00000000000000000000000000000000 P 3e8eb6bafdb342549e324f48c3b5b69a [I]: Creating manifest 1 
I1009 23:12:22.394270 222310400 version_set.cc:2966] T 00000000000000000000000000000000 P 3e8eb6bafdb342549e324f48c3b5b69a [I]: Recovered from manifest file:/Users/nag/yb/yugabyte-data/node2/yb-data/master/data/rocksdb/table-sys.catalog.uuid/tablet-00000000000000000000000000000000.intents/MANIFEST-000001 succeeded,manifest_file_number is 1, next_file_number is 3, last_sequence is 1125899906842624, log_number is 0,prev_log_number is 0,max_column_family is 0, flushed_values is <NULL>
I1009 23:12:22.394297 222310400 version_set.cc:2974] T 00000000000000000000000000000000 P 3e8eb6bafdb342549e324f48c3b5b69a [I]: Column family [default] (ID 0), log number is 0
I1009 23:12:22.395596 222310400 tablet.cc:1051] T 00000000000000000000000000000000 P 3e8eb6bafdb342549e324f48c3b5b69a: Successfully opened a RocksDB database at /Users/nag/yb/yugabyte-data/node2/yb-data/master/data/rocksdb/table-sys.catalog.uuid/tablet-00000000000000000000000000000000, obj: 0x10f74fe00
I1009 23:12:22.395622 228749312 transaction_loader.cc:104] T 00000000000000000000000000000000 P 3e8eb6bafdb342549e324f48c3b5b69a: Load transactions start
I1009 23:12:22.395651 222310400 tablet_bootstrap.cc:644] T 00000000000000000000000000000000 P 3e8eb6bafdb342549e324f48c3b5b69a: Time spent opening tablet: real 0.009s	user 0.002s	sys 0.006s
I1009 23:12:22.395709 228749312 transaction_loader.cc:177] T 00000000000000000000000000000000 P 3e8eb6bafdb342549e324f48c3b5b69a: LoadTransactions done: loaded 0 transactions
I1009 23:12:22.396119 222310400 tablet_bootstrap.cc:551] T 00000000000000000000000000000000 P 3e8eb6bafdb342549e324f48c3b5b69a: No blocks or log segments found. Creating new log.
I1009 23:12:22.396214 222310400 log.cc:1461] T 00000000000000000000000000000000 P 3e8eb6bafdb342549e324f48c3b5b69a: Setting log wal retention time to 0 seconds
I1009 23:12:22.396346 222310400 log.cc:735] durable_wal_write is turned on.
I1009 23:12:22.396951 222310400 tablet_bootstrap_if.cc:96] T 00000000000000000000000000000000 P 3e8eb6bafdb342549e324f48c3b5b69a: No bootstrap required, opened a new log
I1009 23:12:22.397004 222310400 log.cc:1461] T 00000000000000000000000000000000 P 3e8eb6bafdb342549e324f48c3b5b69a: Setting log wal retention time to 0 seconds
I1009 23:12:22.397320 222310400 consensus_meta.cc:361] T 00000000000000000000000000000000 P 3e8eb6bafdb342549e324f48c3b5b69a: Updating active role from UNKNOWN_ROLE to FOLLOWER. Consensus state: current_term: 0 leader_uuid: "" config { opid_index: -1 peers { permanent_uuid: "e8b222ca9c514c17b0c8c653014e9169" member_type: VOTER last_known_private_addr { host: "127.0.0.1" port: 7100 } cloud_info { placement_cloud: "cloud1" placement_region: "datacenter1" placement_zone: "rack1" } } peers { permanent_uuid: "3e8eb6bafdb342549e324f48c3b5b69a" member_type: VOTER last_known_private_addr { host: "127.0.0.2" port: 7100 } cloud_info { placement_cloud: "cloud1" placement_region: "datacenter1" placement_zone: "rack1" } } peers { permanent_uuid: "804ce06c9a15466ca3f003ffe7ec6df2" member_type: VOTER last_known_private_addr { host: "127.0.0.3" port: 7100 } cloud_info { placement_cloud: "cloud1" placement_region: "datacenter1" placement_zone: "rack1" } } }, has_pending_config = 0
I1009 23:12:22.398599 222310400 consensus_meta.cc:361] T 00000000000000000000000000000000 P 3e8eb6bafdb342549e324f48c3b5b69a: Updating active role from FOLLOWER to FOLLOWER. Consensus state: current_term: 0 leader_uuid: "" config { opid_index: -1 peers { permanent_uuid: "e8b222ca9c514c17b0c8c653014e9169" member_type: VOTER last_known_private_addr { host: "127.0.0.1" port: 7100 } cloud_info { placement_cloud: "cloud1" placement_region: "datacenter1" placement_zone: "rack1" } } peers { permanent_uuid: "3e8eb6bafdb342549e324f48c3b5b69a" member_type: VOTER last_known_private_addr { host: "127.0.0.2" port: 7100 } cloud_info { placement_cloud: "cloud1" placement_region: "datacenter1" placement_zone: "rack1" } } peers { permanent_uuid: "804ce06c9a15466ca3f003ffe7ec6df2" member_type: VOTER last_known_private_addr { host: "127.0.0.3" port: 7100 } cloud_info { placement_cloud: "cloud1" placement_region: "datacenter1" placement_zone: "rack1" } } }, has_pending_config = 0
I1009 23:12:22.398732 222310400 raft_consensus.cc:498] T 00000000000000000000000000000000 P 3e8eb6bafdb342549e324f48c3b5b69a [term 0 FOLLOWER]: Replica starting. Triggering 0 pending operations. Active config: opid_index: -1 peers { permanent_uuid: "e8b222ca9c514c17b0c8c653014e9169" member_type: VOTER last_known_private_addr { host: "127.0.0.1" port: 7100 } cloud_info { placement_cloud: "cloud1" placement_region: "datacenter1" placement_zone: "rack1" } } peers { permanent_uuid: "3e8eb6bafdb342549e324f48c3b5b69a" member_type: VOTER last_known_private_addr { host: "127.0.0.2" port: 7100 } cloud_info { placement_cloud: "cloud1" placement_region: "datacenter1" placement_zone: "rack1" } } peers { permanent_uuid: "804ce06c9a15466ca3f003ffe7ec6df2" member_type: VOTER last_known_private_addr { host: "127.0.0.3" port: 7100 } cloud_info { placement_cloud: "cloud1" placement_region: "datacenter1" placement_zone: "rack1" } }
I1009 23:12:22.398783 222310400 raft_consensus.cc:527] T 00000000000000000000000000000000 P 3e8eb6bafdb342549e324f48c3b5b69a [term 0 FOLLOWER]: Consensus starting up: Expiring fail detector timer to make a prompt election more likely
I1009 23:12:22.398797 222310400 raft_consensus.cc:1135] T 00000000000000000000000000000000 P 3e8eb6bafdb342549e324f48c3b5b69a [term 0 FOLLOWER]: Becoming Follower/Learner. State: Replica: 3e8eb6bafdb342549e324f48c3b5b69a, State: 1, Role: FOLLOWER, Watermarks: {Received: 0.0 Committed: 0.0} Leader: 0.0, new leader: , initial_fd_wait: <uninitialized>
I1009 23:12:22.398824 222310400 consensus_meta.cc:361] T 00000000000000000000000000000000 P 3e8eb6bafdb342549e324f48c3b5b69a: Updating active role from FOLLOWER to FOLLOWER. Consensus state: current_term: 0 leader_uuid: "" config { opid_index: -1 peers { permanent_uuid: "e8b222ca9c514c17b0c8c653014e9169" member_type: VOTER last_known_private_addr { host: "127.0.0.1" port: 7100 } cloud_info { placement_cloud: "cloud1" placement_region: "datacenter1" placement_zone: "rack1" } } peers { permanent_uuid: "3e8eb6bafdb342549e324f48c3b5b69a" member_type: VOTER last_known_private_addr { host: "127.0.0.2" port: 7100 } cloud_info { placement_cloud: "cloud1" placement_region: "datacenter1" placement_zone: "rack1" } } peers { permanent_uuid: "804ce06c9a15466ca3f003ffe7ec6df2" member_type: VOTER last_known_private_addr { host: "127.0.0.3" port: 7100 } cloud_info { placement_cloud: "cloud1" placement_region: "datacenter1" placement_zone: "rack1" } } }, has_pending_config = 0
I1009 23:12:22.398878 222310400 consensus_queue.cc:270] T 00000000000000000000000000000000 P 3e8eb6bafdb342549e324f48c3b5b69a [NON_LEADER]: Queue going to NON_LEADER mode. State: All replicated op: 0.0, Majority replicated op: 0.0, Committed index: 0.0, Last applied: 0.0, Last appended: 0.0, Current term: 0, Majority size: -1, State: QUEUE_OPEN, Mode: NON_LEADER
I1009 23:12:22.398922 222310400 raft_consensus.cc:3519] T 00000000000000000000000000000000 P 3e8eb6bafdb342549e324f48c3b5b69a [term 0 FOLLOWER]: Calling mark dirty synchronously for reason code CONSENSUS_STARTED
I1009 23:12:22.398943 222310400 sys_catalog.cc:429] T 00000000000000000000000000000000 P 3e8eb6bafdb342549e324f48c3b5b69a [sys.catalog]: SysCatalogTable state changed. Locked=0. Reason: RaftConsensus started. Latest consensus state: current_term: 0 leader_uuid: "" config { opid_index: -1 peers { permanent_uuid: "e8b222ca9c514c17b0c8c653014e9169" member_type: VOTER last_known_private_addr { host: "127.0.0.1" port: 7100 } cloud_info { placement_cloud: "cloud1" placement_region: "datacenter1" placement_zone: "rack1" } } peers { permanent_uuid: "3e8eb6bafdb342549e324f48c3b5b69a" member_type: VOTER last_known_private_addr { host: "127.0.0.2" port: 7100 } cloud_info { placement_cloud: "cloud1" placement_region: "datacenter1" placement_zone: "rack1" } } peers { permanent_uuid: "804ce06c9a15466ca3f003ffe7ec6df2" member_type: VOTER last_known_private_addr { host: "127.0.0.3" port: 7100 } cloud_info { placement_cloud: "cloud1" placement_region: "datacenter1" placement_zone: "rack1" } } }
I1009 23:12:22.398968 222310400 sys_catalog.cc:433] T 00000000000000000000000000000000 P 3e8eb6bafdb342549e324f48c3b5b69a [sys.catalog]: This master's current role is: FOLLOWER
I1009 23:12:22.398981 222310400 tablet_peer.cc:1643] T 00000000000000000000000000000000 P 3e8eb6bafdb342549e324f48c3b5b69a [state=RUNNING]: Changed state from BOOTSTRAPPING to RUNNING
I1009 23:12:22.398993 222310400 transaction_participant.cc:296] T 00000000000000000000000000000000 P 3e8eb6bafdb342549e324f48c3b5b69a: Start
I1009 23:12:22.399009 222310400 sys_catalog.cc:429] T 00000000000000000000000000000000 P 3e8eb6bafdb342549e324f48c3b5b69a [sys.catalog]: SysCatalogTable state changed. Locked=0. Reason: Started TabletPeer. Latest consensus state: current_term: 0 leader_uuid: "" config { opid_index: -1 peers { permanent_uuid: "e8b222ca9c514c17b0c8c653014e9169" member_type: VOTER last_known_private_addr { host: "127.0.0.1" port: 7100 } cloud_info { placement_cloud: "cloud1" placement_region: "datacenter1" placement_zone: "rack1" } } peers { permanent_uuid: "3e8eb6bafdb342549e324f48c3b5b69a" member_type: VOTER last_known_private_addr { host: "127.0.0.2" port: 7100 } cloud_info { placement_cloud: "cloud1" placement_region: "datacenter1" placement_zone: "rack1" } } peers { permanent_uuid: "804ce06c9a15466ca3f003ffe7ec6df2" member_type: VOTER last_known_private_addr { host: "127.0.0.3" port: 7100 } cloud_info { placement_cloud: "cloud1" placement_region: "datacenter1" placement_zone: "rack1" } } }
I1009 23:12:22.399029 228749312 transaction_participant.cc:1492] T 00000000000000000000000000000000 P 3e8eb6bafdb342549e324f48c3b5b69a: LoadFinished: starting transaction status resolution
I1009 23:12:22.399048 222310400 sys_catalog.cc:433] T 00000000000000000000000000000000 P 3e8eb6bafdb342549e324f48c3b5b69a [sys.catalog]: This master's current role is: FOLLOWER
I1009 23:12:22.399991 222310400 db_impl.cc:2614] T 00000000000000000000000000000000 P 3e8eb6bafdb342549e324f48c3b5b69a [R]: SetOptions() on column family [default], inputs: [{level0_stop_writes_trigger, 2147483647}, {level0_slowdown_writes_trigger, 2147483647}]
I1009 23:12:22.400012 222310400 db_impl.cc:2618] T 00000000000000000000000000000000 P 3e8eb6bafdb342549e324f48c3b5b69a [R]: [default] SetOptions succeeded
I1009 23:12:22.400828 222310400 db_impl.cc:2614] T 00000000000000000000000000000000 P 3e8eb6bafdb342549e324f48c3b5b69a [R]: SetOptions() on column family [default], inputs: [{disable_auto_compactions, false}]
I1009 23:12:22.400846 222310400 db_impl.cc:2618] T 00000000000000000000000000000000 P 3e8eb6bafdb342549e324f48c3b5b69a [R]: [default] SetOptions succeeded
I1009 23:12:22.401492 222310400 db_impl.cc:2614] T 00000000000000000000000000000000 P 3e8eb6bafdb342549e324f48c3b5b69a [I]: SetOptions() on column family [default], inputs: [{level0_stop_writes_trigger, 2147483647}, {level0_slowdown_writes_trigger, 2147483647}]
I1009 23:12:22.401510 222310400 db_impl.cc:2618] T 00000000000000000000000000000000 P 3e8eb6bafdb342549e324f48c3b5b69a [I]: [default] SetOptions succeeded
I1009 23:12:22.402290 222310400 db_impl.cc:2614] T 00000000000000000000000000000000 P 3e8eb6bafdb342549e324f48c3b5b69a [I]: SetOptions() on column family [default], inputs: [{disable_auto_compactions, false}]
I1009 23:12:22.402309 222310400 db_impl.cc:2618] T 00000000000000000000000000000000 P 3e8eb6bafdb342549e324f48c3b5b69a [I]: [default] SetOptions succeeded
I1009 23:12:22.402335 222310400 tablet_peer.cc:1516] T 00000000000000000000000000000000 P 3e8eb6bafdb342549e324f48c3b5b69a [state=RUNNING]: Registered log gc
I1009 23:12:22.402490 222310400 sys_catalog.cc:693] T 00000000000000000000000000000000 P 3e8eb6bafdb342549e324f48c3b5b69a [sys.catalog]: configured and running, proceeding with master startup.
W1009 23:12:22.402757 230359040 catalog_manager_bg_tasks.cc:189] Catalog manager background task thread going to sleep: Service unavailable (yb/master/scoped_leader_shared_lock.cc:91): Catalog manager is not initialized. State: 1
I1009 23:12:22.402849 222310400 server_base.cc:598] Using private rpc address 127.0.0.2
I1009 23:12:22.402931 386450944 master_main.cc:146] Master server successfully started.
I1009 23:12:22.402992 222846976 universe_key_client.cc:81] Received universe keys from master: 127.0.0.3:7100
I1009 23:12:22.403007 223383552 universe_key_client.cc:81] Received universe keys from master: 127.0.0.1:7100
I1009 23:12:22.403326 231968768 total_mem_watcher.cc:78] Root memtracker limit: 1717986918 (1638 MiB); this server will stop if memory usage exceeds 200% of that: 3435973836 bytes (3276 MiB).
I1009 23:12:22.433856 225529856 raft_consensus.cc:3634] T 00000000000000000000000000000000 P 3e8eb6bafdb342549e324f48c3b5b69a [term 0 FOLLOWER]: Advancing to term 1
I1009 23:12:22.433931 225529856 consensus_meta.cc:361] T 00000000000000000000000000000000 P 3e8eb6bafdb342549e324f48c3b5b69a: Updating active role from FOLLOWER to FOLLOWER. Consensus state: current_term: 1 leader_uuid: "" config { opid_index: -1 peers { permanent_uuid: "e8b222ca9c514c17b0c8c653014e9169" member_type: VOTER last_known_private_addr { host: "127.0.0.1" port: 7100 } cloud_info { placement_cloud: "cloud1" placement_region: "datacenter1" placement_zone: "rack1" } } peers { permanent_uuid: "3e8eb6bafdb342549e324f48c3b5b69a" member_type: VOTER last_known_private_addr { host: "127.0.0.2" port: 7100 } cloud_info { placement_cloud: "cloud1" placement_region: "datacenter1" placement_zone: "rack1" } } peers { permanent_uuid: "804ce06c9a15466ca3f003ffe7ec6df2" member_type: VOTER last_known_private_addr { host: "127.0.0.3" port: 7100 } cloud_info { placement_cloud: "cloud1" placement_region: "datacenter1" placement_zone: "rack1" } } }, has_pending_config = 0
I1009 23:12:22.435079 225529856 raft_consensus.cc:1754] T 00000000000000000000000000000000 P 3e8eb6bafdb342549e324f48c3b5b69a [term 1 FOLLOWER]: Refusing update from remote peer 804ce06c9a15466ca3f003ffe7ec6df2: Log matching property violated. Preceding OpId in replica: 0.0. Preceding OpId from leader: 1.572. (index mismatch)
I1009 23:12:22.435146 225529856 raft_consensus.cc:1970] T 00000000000000000000000000000000 P 3e8eb6bafdb342549e324f48c3b5b69a [term 1 FOLLOWER]: Returning from UpdateConsensus because of error: error { code: PRECEDING_ENTRY_DIDNT_MATCH status { code: ILLEGAL_STATE message: "Log matching property violated. Preceding OpId in replica: 0.0. Preceding OpId from leader: 1.572. (index mismatch)" source_file: "../../src/yb/consensus/raft_consensus.cc" source_line: 1752 errors: "00" } }
