I1010 00:42:42.472399 222846976 master_heartbeat_service.cc:1114] Tablet server d5c37cb1777946179e6692ee5e504715 sent incremental report for 30fedb9fed834e6d975c43711c3f6fd9, prev state op id: 2, prev state term: 3, prev state has_leader_uuid: 1. Consensus state: current_term: 3 leader_uuid: "d5c37cb1777946179e6692ee5e504715" config { opid_index: 2 peers { permanent_uuid: "23d881032c1249bd803e401a539be0e2" member_type: VOTER last_known_private_addr { host: "127.0.0.3" port: 9100 } cloud_info { placement_cloud: "cloud1" placement_region: "datacenter1" placement_zone: "rack1" } } peers { permanent_uuid: "d5c37cb1777946179e6692ee5e504715" member_type: VOTER last_known_private_addr { host: "127.0.0.1" port: 9100 } cloud_info { placement_cloud: "cloud1" placement_region: "datacenter1" placement_zone: "rack1" } } }
I1010 00:42:42.472767 224993280 master_heartbeat_service.cc:1114] Tablet server 23d881032c1249bd803e401a539be0e2 sent incremental report for 30fedb9fed834e6d975c43711c3f6fd9, prev state op id: 2, prev state term: 3, prev state has_leader_uuid: 1. Consensus state: current_term: 3 leader_uuid: "d5c37cb1777946179e6692ee5e504715" config { opid_index: 2 peers { permanent_uuid: "23d881032c1249bd803e401a539be0e2" member_type: VOTER last_known_private_addr { host: "127.0.0.3" port: 9100 } cloud_info { placement_cloud: "cloud1" placement_region: "datacenter1" placement_zone: "rack1" } } peers { permanent_uuid: "d5c37cb1777946179e6692ee5e504715" member_type: VOTER last_known_private_addr { host: "127.0.0.1" port: 9100 } cloud_info { placement_cloud: "cloud1" placement_region: "datacenter1" placement_zone: "rack1" } } }
W1010 00:42:42.558372 219090944 master_heartbeat_service.cc:987] Stale heartbeat for Tablet bf1529417d2a441c9c33fa183a226bd3 (table transactions [id=f80c17935cc9489ab3c6c05dceb25976]) on TS 23d881032c1249bd803e401a539be0e2 cstate=current_term: 3 leader_uuid: "23d881032c1249bd803e401a539be0e2" config { opid_index: -1 peers { permanent_uuid: "23d881032c1249bd803e401a539be0e2" member_type: VOTER last_known_private_addr { host: "127.0.0.3" port: 9100 } cloud_info { placement_cloud: "cloud1" placement_region: "datacenter1" placement_zone: "rack1" } } peers { permanent_uuid: "6b460ba950654300b6c50d93f25aea31" member_type: VOTER last_known_private_addr { host: "127.0.0.2" port: 9100 } cloud_info { placement_cloud: "cloud1" placement_region: "datacenter1" placement_zone: "rack1" } } peers { permanent_uuid: "d5c37cb1777946179e6692ee5e504715" member_type: VOTER last_known_private_addr { host: "127.0.0.1" port: 9100 } cloud_info { placement_cloud: "cloud1" placement_region: "datacenter1" placement_zone: "rack1" } } }, prev_cstate=current_term: 2 config { opid_index: 2 peers { permanent_uuid: "23d881032c1249bd803e401a539be0e2" member_type: VOTER last_known_private_addr { host: "127.0.0.3" port: 9100 } cloud_info { placement_cloud: "cloud1" placement_region: "datacenter1" placement_zone: "rack1" } } peers { permanent_uuid: "6b460ba950654300b6c50d93f25aea31" member_type: VOTER last_known_private_addr { host: "127.0.0.2" port: 9100 } cloud_info { placement_cloud: "cloud1" placement_region: "datacenter1" placement_zone: "rack1" } } }
I1010 00:42:42.559263 223383552 catalog_entity_info.cc:153] T bf1529417d2a441c9c33fa183a226bd3: Leader changed from <NULL> to 0x0000000110f13c38 -> { permanent_uuid: 23d881032c1249bd803e401a539be0e2 registration: common { private_rpc_addresses { host: "127.0.0.3" port: 9100 } http_addresses { host: "127.0.0.3" port: 9002 } cloud_info { placement_cloud: "cloud1" placement_region: "datacenter1" placement_zone: "rack1" } placement_uuid: "" pg_port: 5433 } resources { core_count: 8 } placement_id: cloud1:datacenter1:rack1 }
I1010 00:42:42.559319 223383552 master_heartbeat_service.cc:1104] Tablet: bf1529417d2a441c9c33fa183a226bd3 reported consensus state change. New consensus state: current_term: 3 leader_uuid: "23d881032c1249bd803e401a539be0e2" config { opid_index: 2 peers { permanent_uuid: "23d881032c1249bd803e401a539be0e2" member_type: VOTER last_known_private_addr { host: "127.0.0.3" port: 9100 } cloud_info { placement_cloud: "cloud1" placement_region: "datacenter1" placement_zone: "rack1" } } peers { permanent_uuid: "6b460ba950654300b6c50d93f25aea31" member_type: VOTER last_known_private_addr { host: "127.0.0.2" port: 9100 } cloud_info { placement_cloud: "cloud1" placement_region: "datacenter1" placement_zone: "rack1" } } } from 6b460ba950654300b6c50d93f25aea31
I1010 00:42:42.560765 234651648 master_heartbeat_service.cc:1114] Tablet server 23d881032c1249bd803e401a539be0e2 sent incremental report for bf1529417d2a441c9c33fa183a226bd3, prev state op id: 2, prev state term: 3, prev state has_leader_uuid: 1. Consensus state: current_term: 3 leader_uuid: "23d881032c1249bd803e401a539be0e2" config { opid_index: 2 peers { permanent_uuid: "23d881032c1249bd803e401a539be0e2" member_type: VOTER last_known_private_addr { host: "127.0.0.3" port: 9100 } cloud_info { placement_cloud: "cloud1" placement_region: "datacenter1" placement_zone: "rack1" } } peers { permanent_uuid: "6b460ba950654300b6c50d93f25aea31" member_type: VOTER last_known_private_addr { host: "127.0.0.2" port: 9100 } cloud_info { placement_cloud: "cloud1" placement_region: "datacenter1" placement_zone: "rack1" } } }
I1010 00:42:42.561147 226066432 master_heartbeat_service.cc:1114] Tablet server 6b460ba950654300b6c50d93f25aea31 sent incremental report for bf1529417d2a441c9c33fa183a226bd3, prev state op id: 2, prev state term: 3, prev state has_leader_uuid: 1. Consensus state: current_term: 3 leader_uuid: "23d881032c1249bd803e401a539be0e2" config { opid_index: 2 peers { permanent_uuid: "23d881032c1249bd803e401a539be0e2" member_type: VOTER last_known_private_addr { host: "127.0.0.3" port: 9100 } cloud_info { placement_cloud: "cloud1" placement_region: "datacenter1" placement_zone: "rack1" } } peers { permanent_uuid: "6b460ba950654300b6c50d93f25aea31" member_type: VOTER last_known_private_addr { host: "127.0.0.2" port: 9100 } cloud_info { placement_cloud: "cloud1" placement_region: "datacenter1" placement_zone: "rack1" } } }
W1010 00:42:42.586793 224456704 master_heartbeat_service.cc:987] Stale heartbeat for Tablet 769c8b8690e648df93f41c693d55ebc3 (table transactions [id=f80c17935cc9489ab3c6c05dceb25976]) on TS 23d881032c1249bd803e401a539be0e2 cstate=current_term: 3 leader_uuid: "23d881032c1249bd803e401a539be0e2" config { opid_index: -1 peers { permanent_uuid: "23d881032c1249bd803e401a539be0e2" member_type: VOTER last_known_private_addr { host: "127.0.0.3" port: 9100 } cloud_info { placement_cloud: "cloud1" placement_region: "datacenter1" placement_zone: "rack1" } } peers { permanent_uuid: "6b460ba950654300b6c50d93f25aea31" member_type: VOTER last_known_private_addr { host: "127.0.0.2" port: 9100 } cloud_info { placement_cloud: "cloud1" placement_region: "datacenter1" placement_zone: "rack1" } } peers { permanent_uuid: "d5c37cb1777946179e6692ee5e504715" member_type: VOTER last_known_private_addr { host: "127.0.0.1" port: 9100 } cloud_info { placement_cloud: "cloud1" placement_region: "datacenter1" placement_zone: "rack1" } } }, prev_cstate=current_term: 2 config { opid_index: 2 peers { permanent_uuid: "23d881032c1249bd803e401a539be0e2" member_type: VOTER last_known_private_addr { host: "127.0.0.3" port: 9100 } cloud_info { placement_cloud: "cloud1" placement_region: "datacenter1" placement_zone: "rack1" } } peers { permanent_uuid: "d5c37cb1777946179e6692ee5e504715" member_type: VOTER last_known_private_addr { host: "127.0.0.1" port: 9100 } cloud_info { placement_cloud: "cloud1" placement_region: "datacenter1" placement_zone: "rack1" } } }
W1010 00:42:42.586946 222846976 master_heartbeat_service.cc:987] Stale heartbeat for Tablet 8078024ab93e4400a14d8399046d9f99 (table transactions [id=f80c17935cc9489ab3c6c05dceb25976]) on TS d5c37cb1777946179e6692ee5e504715 cstate=current_term: 3 leader_uuid: "d5c37cb1777946179e6692ee5e504715" config { opid_index: -1 peers { permanent_uuid: "23d881032c1249bd803e401a539be0e2" member_type: VOTER last_known_private_addr { host: "127.0.0.3" port: 9100 } cloud_info { placement_cloud: "cloud1" placement_region: "datacenter1" placement_zone: "rack1" } } peers { permanent_uuid: "6b460ba950654300b6c50d93f25aea31" member_type: VOTER last_known_private_addr { host: "127.0.0.2" port: 9100 } cloud_info { placement_cloud: "cloud1" placement_region: "datacenter1" placement_zone: "rack1" } } peers { permanent_uuid: "d5c37cb1777946179e6692ee5e504715" member_type: VOTER last_known_private_addr { host: "127.0.0.1" port: 9100 } cloud_info { placement_cloud: "cloud1" placement_region: "datacenter1" placement_zone: "rack1" } } }, prev_cstate=current_term: 2 config { opid_index: 2 peers { permanent_uuid: "6b460ba950654300b6c50d93f25aea31" member_type: VOTER last_known_private_addr { host: "127.0.0.2" port: 9100 } cloud_info { placement_cloud: "cloud1" placement_region: "datacenter1" placement_zone: "rack1" } } peers { permanent_uuid: "d5c37cb1777946179e6692ee5e504715" member_type: VOTER last_known_private_addr { host: "127.0.0.1" port: 9100 } cloud_info { placement_cloud: "cloud1" placement_region: "datacenter1" placement_zone: "rack1" } } }
I1010 00:42:42.587579 219090944 catalog_entity_info.cc:153] T 769c8b8690e648df93f41c693d55ebc3: Leader changed from <NULL> to 0x0000000110f13c38 -> { permanent_uuid: 23d881032c1249bd803e401a539be0e2 registration: common { private_rpc_addresses { host: "127.0.0.3" port: 9100 } http_addresses { host: "127.0.0.3" port: 9002 } cloud_info { placement_cloud: "cloud1" placement_region: "datacenter1" placement_zone: "rack1" } placement_uuid: "" pg_port: 5433 } resources { core_count: 8 } placement_id: cloud1:datacenter1:rack1 }
I1010 00:42:42.587618 219090944 master_heartbeat_service.cc:1104] Tablet: 769c8b8690e648df93f41c693d55ebc3 reported consensus state change. New consensus state: current_term: 3 leader_uuid: "23d881032c1249bd803e401a539be0e2" config { opid_index: 2 peers { permanent_uuid: "23d881032c1249bd803e401a539be0e2" member_type: VOTER last_known_private_addr { host: "127.0.0.3" port: 9100 } cloud_info { placement_cloud: "cloud1" placement_region: "datacenter1" placement_zone: "rack1" } } peers { permanent_uuid: "d5c37cb1777946179e6692ee5e504715" member_type: VOTER last_known_private_addr { host: "127.0.0.1" port: 9100 } cloud_info { placement_cloud: "cloud1" placement_region: "datacenter1" placement_zone: "rack1" } } } from d5c37cb1777946179e6692ee5e504715
I1010 00:42:42.588553 224993280 catalog_entity_info.cc:153] T 8078024ab93e4400a14d8399046d9f99: Leader changed from <NULL> to 0x0000000116010018 -> { permanent_uuid: d5c37cb1777946179e6692ee5e504715 registration: common { private_rpc_addresses { host: "127.0.0.1" port: 9100 } http_addresses { host: "127.0.0.1" port: 9000 } cloud_info { placement_cloud: "cloud1" placement_region: "datacenter1" placement_zone: "rack1" } placement_uuid: "" pg_port: 5433 } resources { core_count: 8 } placement_id: cloud1:datacenter1:rack1 }
I1010 00:42:42.588626 224993280 master_heartbeat_service.cc:1104] Tablet: 8078024ab93e4400a14d8399046d9f99 reported consensus state change. New consensus state: current_term: 3 leader_uuid: "d5c37cb1777946179e6692ee5e504715" config { opid_index: 2 peers { permanent_uuid: "6b460ba950654300b6c50d93f25aea31" member_type: VOTER last_known_private_addr { host: "127.0.0.2" port: 9100 } cloud_info { placement_cloud: "cloud1" placement_region: "datacenter1" placement_zone: "rack1" } } peers { permanent_uuid: "d5c37cb1777946179e6692ee5e504715" member_type: VOTER last_known_private_addr { host: "127.0.0.1" port: 9100 } cloud_info { placement_cloud: "cloud1" placement_region: "datacenter1" placement_zone: "rack1" } } } from 6b460ba950654300b6c50d93f25aea31
I1010 00:42:42.590148 223383552 master_heartbeat_service.cc:1114] Tablet server 23d881032c1249bd803e401a539be0e2 sent incremental report for 769c8b8690e648df93f41c693d55ebc3, prev state op id: 2, prev state term: 3, prev state has_leader_uuid: 1. Consensus state: current_term: 3 leader_uuid: "23d881032c1249bd803e401a539be0e2" config { opid_index: 2 peers { permanent_uuid: "23d881032c1249bd803e401a539be0e2" member_type: VOTER last_known_private_addr { host: "127.0.0.3" port: 9100 } cloud_info { placement_cloud: "cloud1" placement_region: "datacenter1" placement_zone: "rack1" } } peers { permanent_uuid: "d5c37cb1777946179e6692ee5e504715" member_type: VOTER last_known_private_addr { host: "127.0.0.1" port: 9100 } cloud_info { placement_cloud: "cloud1" placement_region: "datacenter1" placement_zone: "rack1" } } }
I1010 00:42:42.590297 234651648 master_heartbeat_service.cc:1114] Tablet server d5c37cb1777946179e6692ee5e504715 sent incremental report for 8078024ab93e4400a14d8399046d9f99, prev state op id: 2, prev state term: 3, prev state has_leader_uuid: 1. Consensus state: current_term: 3 leader_uuid: "d5c37cb1777946179e6692ee5e504715" config { opid_index: 2 peers { permanent_uuid: "6b460ba950654300b6c50d93f25aea31" member_type: VOTER last_known_private_addr { host: "127.0.0.2" port: 9100 } cloud_info { placement_cloud: "cloud1" placement_region: "datacenter1" placement_zone: "rack1" } } peers { permanent_uuid: "d5c37cb1777946179e6692ee5e504715" member_type: VOTER last_known_private_addr { host: "127.0.0.1" port: 9100 } cloud_info { placement_cloud: "cloud1" placement_region: "datacenter1" placement_zone: "rack1" } } }
I1010 00:42:42.590960 226066432 master_heartbeat_service.cc:1114] Tablet server 6b460ba950654300b6c50d93f25aea31 sent incremental report for 8078024ab93e4400a14d8399046d9f99, prev state op id: 2, prev state term: 3, prev state has_leader_uuid: 1. Consensus state: current_term: 3 leader_uuid: "d5c37cb1777946179e6692ee5e504715" config { opid_index: 2 peers { permanent_uuid: "6b460ba950654300b6c50d93f25aea31" member_type: VOTER last_known_private_addr { host: "127.0.0.2" port: 9100 } cloud_info { placement_cloud: "cloud1" placement_region: "datacenter1" placement_zone: "rack1" } } peers { permanent_uuid: "d5c37cb1777946179e6692ee5e504715" member_type: VOTER last_known_private_addr { host: "127.0.0.1" port: 9100 } cloud_info { placement_cloud: "cloud1" placement_region: "datacenter1" placement_zone: "rack1" } } }
I1010 00:42:42.591063 224456704 master_heartbeat_service.cc:1114] Tablet server d5c37cb1777946179e6692ee5e504715 sent incremental report for 769c8b8690e648df93f41c693d55ebc3, prev state op id: 2, prev state term: 3, prev state has_leader_uuid: 1. Consensus state: current_term: 3 leader_uuid: "23d881032c1249bd803e401a539be0e2" config { opid_index: 2 peers { permanent_uuid: "23d881032c1249bd803e401a539be0e2" member_type: VOTER last_known_private_addr { host: "127.0.0.3" port: 9100 } cloud_info { placement_cloud: "cloud1" placement_region: "datacenter1" placement_zone: "rack1" } } peers { permanent_uuid: "d5c37cb1777946179e6692ee5e504715" member_type: VOTER last_known_private_addr { host: "127.0.0.1" port: 9100 } cloud_info { placement_cloud: "cloud1" placement_region: "datacenter1" placement_zone: "rack1" } } }
I1010 01:22:10.035120 212652032 reactor.cc:634] Master_R000: DEBUG: Closing idle connection: Connection (0x00000001117e0a18) server 127.0.0.3:51899 => 127.0.0.2:7100 - it has been idle for 2367.78s
I1010 01:22:10.035130 213188608 reactor.cc:634] Master_R001: DEBUG: Closing idle connection: Connection (0x0000000113d1a158) server 127.0.0.3:51755 => 127.0.0.2:7100 - it has been idle for 2367.77s
I1010 01:22:10.035236 213725184 reactor.cc:634] Master_R002: DEBUG: Closing idle connection: Connection (0x00000001148077d8) server 127.0.0.1:51761 => 127.0.0.2:7100 - it has been idle for 2367.77s
I1010 01:22:10.035233 214798336 reactor.cc:634] Master_R004: DEBUG: Closing idle connection: Connection (0x0000000114807b98) server 127.0.0.3:51757 => 127.0.0.2:7100 - it has been idle for 2367.81s
I1010 01:22:10.035249 212652032 reactor.cc:634] Master_R000: DEBUG: Closing idle connection: Connection (0x0000000110f55698) server 127.0.0.1:51910 => 127.0.0.2:7100 - it has been idle for 2367.78s
I1010 01:22:10.035275 214261760 reactor.cc:634] Master_R003: DEBUG: Closing idle connection: Connection (0x0000000114807698) server 127.0.0.1:51814 => 127.0.0.2:7100 - it has been idle for 2341.27s
I1010 01:22:10.035282 215334912 reactor.cc:634] Master_R005: DEBUG: Closing idle connection: Connection (0x0000000113d71558) server 127.0.0.1:51841 => 127.0.0.2:7100 - it has been idle for 2346.28s
I1010 01:22:10.035307 215871488 reactor.cc:634] Master_R006: DEBUG: Closing idle connection: Connection (0x00000001117e0158) server 127.0.0.3:51873 => 127.0.0.2:7100 - it has been idle for 2339.28s
I1010 01:22:10.035323 216408064 reactor.cc:634] Master_R007: DEBUG: Closing idle connection: Connection (0x0000000113db3558) server 127.0.0.2:51861 => 127.0.0.2:7100 - it has been idle for 2340.21s
I1010 01:22:10.035390 230359040 catalog_manager_bg_tasks.cc:362] Begin one-time cleanup on losing leadership
I1010 01:22:10.040055 213188608 reactor.cc:634] Master_R001: DEBUG: Closing idle connection: Connection (0x0000000114807558) server 127.0.0.2:51819 => 127.0.0.2:7100 - it has been idle for 2345.27s
I1010 01:22:10.042732 213725184 reactor.cc:634] Master_R002: DEBUG: Closing idle connection: Connection (0x0000000114807198) server 127.0.0.2:51826 => 127.0.0.2:7100 - it has been idle for 2344.27s
I1010 01:22:10.044452 214798336 reactor.cc:634] Master_R004: DEBUG: Closing idle connection: Connection (0x0000000114807418) server 127.0.0.1:51816 => 127.0.0.2:7100 - it has been idle for 2340.21s
I1010 01:22:10.050149 212652032 reactor.cc:634] Master_R000: DEBUG: Closing idle connection: Connection (0x000000010f711a58) server 127.0.0.3:51928 => 127.0.0.2:7100 - it has been idle for 2367.78s
I1010 01:22:10.052130 214261760 reactor.cc:634] Master_R003: DEBUG: Closing idle connection: Connection (0x0000000110f01698) server 127.0.0.2:51865 => 127.0.0.2:7100 - it has been idle for 2339.27s
I1010 01:22:10.052606 229285888 catalog_manager.cc:2717] No longer the leader, so cancelling tablespace info task
I1010 01:22:10.054487 215334912 reactor.cc:634] Master_R005: DEBUG: Closing idle connection: Connection (0x0000000113d70798) server 127.0.0.2:51844 => 127.0.0.2:7100 - it has been idle for 2342.28s
I1010 01:22:10.055630 215871488 reactor.cc:634] Master_R006: DEBUG: Closing idle connection: Connection (0x00000001117e0798) server 127.0.0.3:51897 => 127.0.0.2:7100 - it has been idle for 2367.78s
I1010 01:22:10.057065 216408064 reactor.cc:634] Master_R007: DEBUG: Closing idle connection: Connection (0x0000000110f552d8) server 127.0.0.2:51906 => 127.0.0.2:7100 - it has been idle for 2367.81s
I1010 01:22:10.059077 213188608 reactor.cc:634] Master_R001: DEBUG: Closing idle connection: Connection (0x0000000113d703d8) server 127.0.0.3:51832 => 127.0.0.2:7100 - it has been idle for 2344.27s
I1010 01:22:10.059451 213725184 reactor.cc:634] Master_R002: DEBUG: Closing idle connection: Connection (0x0000000114807058) server 127.0.0.1:51830 => 127.0.0.2:7100 - it has been idle for 2339.27s
I1010 01:22:10.059882 214798336 reactor.cc:634] Master_R004: DEBUG: Closing idle connection: Connection (0x00000001148072d8) server 127.0.0.3:51823 => 127.0.0.2:7100 - it has been idle for 2345.31s
I1010 01:22:11.148084 212652032 reactor.cc:634] Master_R000: DEBUG: Closing idle connection: Connection (0x00000001147da298) server 127.0.0.1:51940 => 127.0.0.2:7100 - it has been idle for 2367.78s
I1010 01:22:11.148736 214261760 reactor.cc:634] Master_R003: DEBUG: Closing idle connection: Connection (0x00000001117e08d8) server 127.0.0.2:51876 => 127.0.0.2:7100 - it has been idle for 2346.27s
W1010 01:22:11.150476 229285888 scoped_leader_shared_lock.cc:170] RPC took a long time (../../src/yb/master/catalog_manager.cc:2715, RefreshTablespaceInfoPeriodically): 1.097s
I1010 01:22:11.151214 215334912 reactor.cc:634] Master_R005: DEBUG: Closing idle connection: Connection (0x00000001117e0c98) server 127.0.0.1:51871 => 127.0.0.2:7100 - it has been idle for 2343.28s
I1010 01:22:11.152410 215871488 reactor.cc:634] Master_R006: DEBUG: Closing idle connection: Connection (0x000000010f7117d8) server 127.0.0.1:51922 => 127.0.0.2:7100 - it has been idle for 2367.78s
I1010 01:22:11.153126 216408064 reactor.cc:634] Master_R007: DEBUG: Closing idle connection: Connection (0x000000010f711b98) server 127.0.0.1:51925 => 127.0.0.2:7100 - it has been idle for 2367.81s
I1010 01:22:11.153868 213188608 reactor.cc:634] Master_R001: DEBUG: Closing idle connection: Connection (0x0000000113d71a58) server 127.0.0.3:51838 => 127.0.0.2:7100 - it has been idle for 2343.27s
I1010 01:22:11.154266 213725184 reactor.cc:634] Master_R002: DEBUG: Closing idle connection: Connection (0x0000000113d71698) server 127.0.0.2:51835 => 127.0.0.2:7100 - it has been idle for 2343.27s
I1010 01:22:11.159039 214798336 reactor.cc:634] Master_R004: DEBUG: Closing idle connection: Connection (0x000000011480c3d8) server 127.0.0.3:51847 => 127.0.0.2:7100 - it has been idle for 2342.31s
W1010 01:22:11.164566 212652032 yb_rpc.cc:532] Connection (0x000000011178f558) client 127.0.0.2:51884 => 127.0.0.1:7100: Network error (yb/rpc/yb_rpc.cc:531): Rpc timeout, passed: 2340.975s, timeout: 15.000s, now: 169384.586s, last_read_time_: 167043.610s
I1010 01:22:11.166128 214261760 reactor.cc:634] Master_R003: DEBUG: Closing idle connection: Connection (0x0000000110f55918) server 127.0.0.2:51918 => 127.0.0.2:7100 - it has been idle for 2367.77s
I1010 01:22:11.168386 215334912 reactor.cc:634] Master_R005: DEBUG: Closing idle connection: Connection (0x00000001117e0018) server 127.0.0.1:51878 => 127.0.0.2:7100 - it has been idle for 2342.28s
W1010 01:22:11.168788 215871488 yb_rpc.cc:532] Connection (0x0000000110b54f18) client 127.0.0.2:51919 => 127.0.0.2:7100: Network error (yb/rpc/yb_rpc.cc:531): Rpc timeout, passed: 2342.582s, timeout: 15.000s, now: 169384.586s, last_read_time_: 167042.004s
I1010 01:22:11.169103 216408064 reactor.cc:634] Master_R007: DEBUG: Closing idle connection: Connection (0x000000010f710f18) server 127.0.0.3:51927 => 127.0.0.2:7100 - it has been idle for 2367.81s
I1010 01:22:11.169770 213188608 reactor.cc:634] Master_R001: DEBUG: Closing idle connection: Connection (0x00000001111dcb58) server 127.0.0.1:51852 => 127.0.0.2:7100 - it has been idle for 2345.27s
I1010 01:22:11.173668 213725184 reactor.cc:634] Master_R002: DEBUG: Closing idle connection: Connection (0x0000000110f55558) server 127.0.0.2:51919 => 127.0.0.2:7100 - it has been idle for 2367.77s
I1010 01:22:11.179489 214798336 reactor.cc:634] Master_R004: DEBUG: Closing idle connection: Connection (0x000000011480c518) server 127.0.0.2:51850 => 127.0.0.2:7100 - it has been idle for 2341.21s
W1010 01:22:11.180788 212652032 yb_rpc.cc:532] Connection (0x0000000113d97918) client 127.0.0.2:51932 => 127.0.0.2:7100: Network error (yb/rpc/yb_rpc.cc:531): Rpc timeout, passed: 2342.676s, timeout: 15.000s, now: 169384.586s, last_read_time_: 167041.910s
W1010 01:22:11.180950 215871488 yb_rpc.cc:532] Connection (0x0000000113d1af18) client 127.0.0.2:51947 => 127.0.0.2:9100: Network error (yb/rpc/yb_rpc.cc:531): Rpc timeout, passed: 2342.582s, timeout: 15.000s, now: 169384.586s, last_read_time_: 167042.004s
W1010 01:22:11.181278 216408064 yb_rpc.cc:532] Connection (0x0000000113dd1a58) client 127.0.0.2:51953 => 127.0.0.3:9100: Network error (yb/rpc/yb_rpc.cc:531): Rpc timeout, passed: 2342.710s, timeout: 15.000s, now: 169384.586s, last_read_time_: 167041.876s
I1010 01:22:11.181511 213188608 reactor.cc:634] Master_R001: DEBUG: Closing idle connection: Connection (0x0000000113db2dd8) server 127.0.0.3:51856 => 127.0.0.2:7100 - it has been idle for 2341.27s
W1010 01:22:11.181640 213725184 yb_rpc.cc:532] Connection (0x0000000113dd1418) client 127.0.0.2:51966 => 127.0.0.3:9100: Network error (yb/rpc/yb_rpc.cc:531): Rpc timeout, passed: 2342.670s, timeout: 15.000s, now: 169384.586s, last_read_time_: 167041.915s
I1010 01:22:11.181885 214798336 reactor.cc:634] Master_R004: DEBUG: Closing idle connection: Connection (0x0000000113db2b58) server 127.0.0.1:51859 => 127.0.0.2:7100 - it has been idle for 2344.31s
W1010 01:22:11.182186 212652032 yb_rpc.cc:532] Connection (0x0000000114819918) client 127.0.0.2:51959 => 127.0.0.1:9100: Network error (yb/rpc/yb_rpc.cc:531): Rpc timeout, passed: 2342.676s, timeout: 15.000s, now: 169384.586s, last_read_time_: 167041.910s
W1010 01:22:11.182355 215871488 yb_rpc.cc:532] Connection (0x0000000113d1ba58) client 127.0.0.2:51950 => 127.0.0.3:9100: Network error (yb/rpc/yb_rpc.cc:531): Rpc timeout, passed: 2342.582s, timeout: 15.000s, now: 169384.586s, last_read_time_: 167042.004s
W1010 01:22:11.182499 216408064 yb_rpc.cc:532] Connection (0x00000001147f03d8) client 127.0.0.2:51918 => 127.0.0.2:7100: Network error (yb/rpc/yb_rpc.cc:531): Rpc timeout, passed: 2342.609s, timeout: 15.000s, now: 169384.586s, last_read_time_: 167041.977s
I1010 01:22:11.182714 213188608 reactor.cc:634] Master_R001: DEBUG: Closing idle connection: Connection (0x00000001117e1a58) server 127.0.0.3:51868 => 127.0.0.2:7100 - it has been idle for 2340.27s
W1010 01:22:11.182961 213725184 yb_rpc.cc:532] Connection (0x000000011178f7d8) client 127.0.0.2:51961 => 127.0.0.1:9100: Network error (yb/rpc/yb_rpc.cc:531): Rpc timeout, passed: 2342.670s, timeout: 15.000s, now: 169384.586s, last_read_time_: 167041.915s
I1010 01:22:11.183194 214798336 reactor.cc:634] Master_R004: DEBUG: Closing idle connection: Connection (0x00000001117e1698) server 127.0.0.3:51880 => 127.0.0.2:7100 - it has been idle for 2346.31s
W1010 01:22:11.183399 212652032 yb_rpc.cc:532] Connection (0x0000000113dd1558) client 127.0.0.2:51951 => 127.0.0.2:9100: Network error (yb/rpc/yb_rpc.cc:531): Rpc timeout, passed: 2342.575s, timeout: 15.000s, now: 169384.586s, last_read_time_: 167042.011s
W1010 01:22:11.183509 215871488 yb_rpc.cc:532] Connection (0x00000001117e1e18) client 127.0.0.2:51956 => 127.0.0.1:9100: Network error (yb/rpc/yb_rpc.cc:531): Rpc timeout, passed: 2342.582s, timeout: 15.000s, now: 169384.586s, last_read_time_: 167042.004s
W1010 01:22:11.183696 216408064 yb_rpc.cc:532] Connection (0x0000000113dd1198) client 127.0.0.2:51949 => 127.0.0.2:9100: Network error (yb/rpc/yb_rpc.cc:531): Rpc timeout, passed: 2342.609s, timeout: 15.000s, now: 169384.586s, last_read_time_: 167041.977s
I1010 01:22:11.183820 213188608 reactor.cc:634] Master_R001: DEBUG: Closing idle connection: Connection (0x00000001117e1198) server 127.0.0.2:51892 => 127.0.0.2:7100 - it has been idle for 2367.77s
W1010 01:22:11.183990 213725184 yb_rpc.cc:532] Connection (0x0000000113db3198) client 127.0.0.2:51891 => 127.0.0.2:7100: Network error (yb/rpc/yb_rpc.cc:531): Rpc timeout, passed: 2342.670s, timeout: 15.000s, now: 169384.586s, last_read_time_: 167041.915s
I1010 01:22:11.184201 214798336 reactor.cc:634] Master_R004: DEBUG: Closing idle connection: Connection (0x00000001117e1058) server 127.0.0.2:51891 => 127.0.0.2:7100 - it has been idle for 2367.81s
W1010 01:22:11.184345 212652032 yb_rpc.cc:532] Connection (0x0000000113dd1918) client 127.0.0.2:51954 => 127.0.0.3:9100: Network error (yb/rpc/yb_rpc.cc:531): Rpc timeout, passed: 2342.575s, timeout: 15.000s, now: 169384.586s, last_read_time_: 167042.011s
W1010 01:22:11.184538 215871488 yb_rpc.cc:532] Connection (0x0000000113db23d8) client 127.0.0.2:51753 => 127.0.0.1:7100: Network error (yb/rpc/yb_rpc.cc:531): Rpc timeout, passed: 2342.081s, timeout: 15.000s, now: 169384.586s, last_read_time_: 167042.505s
W1010 01:22:11.184732 216408064 yb_rpc.cc:532] Connection (0x0000000113dd0518) client 127.0.0.2:51957 => 127.0.0.1:9100: Network error (yb/rpc/yb_rpc.cc:531): Rpc timeout, passed: 2342.609s, timeout: 15.000s, now: 169384.586s, last_read_time_: 167041.977s
I1010 01:22:11.184806 213188608 reactor.cc:634] Master_R001: DEBUG: Closing idle connection: Connection (0x0000000110f55cd8) server 127.0.0.2:51905 => 127.0.0.2:7100 - it has been idle for 2367.77s
W1010 01:22:11.184981 213725184 yb_rpc.cc:532] Connection (0x000000011178fcd8) client 127.0.0.2:51962 => 127.0.0.2:9100: Network error (yb/rpc/yb_rpc.cc:531): Rpc timeout, passed: 2342.470s, timeout: 15.000s, now: 169384.586s, last_read_time_: 167042.116s
I1010 01:22:11.185118 214798336 reactor.cc:634] Master_R004: DEBUG: Closing idle connection: Connection (0x00000001117e1418) server 127.0.0.1:51904 => 127.0.0.2:7100 - it has been idle for 2367.81s
W1010 01:22:11.185312 212652032 yb_rpc.cc:532] Connection (0x000000011178e3d8) client 127.0.0.2:51887 => 127.0.0.3:7100: Network error (yb/rpc/yb_rpc.cc:531): Rpc timeout, passed: 2339.775s, timeout: 15.000s, now: 169384.586s, last_read_time_: 167044.810s
W1010 01:22:11.185505 215871488 yb_rpc.cc:532] Connection (0x000000011178ec98) client 127.0.0.2:51759 => 127.0.0.3:7100: Network error (yb/rpc/yb_rpc.cc:531): Rpc timeout, passed: 2340.882s, timeout: 15.000s, now: 169384.586s, last_read_time_: 167043.704s
W1010 01:22:11.185683 216408064 yb_rpc.cc:532] Connection (0x000000011178fe18) client 127.0.0.2:51758 => 127.0.0.1:7100: Network error (yb/rpc/yb_rpc.cc:531): Rpc timeout, passed: 2341.509s, timeout: 15.000s, now: 169384.586s, last_read_time_: 167043.077s
W1010 01:22:11.185995 214261760 yb_rpc.cc:532] Connection (0x0000000113db32d8) client 127.0.0.2:51892 => 127.0.0.2:7100: Network error (yb/rpc/yb_rpc.cc:531): Rpc timeout, passed: 2342.669s, timeout: 15.000s, now: 169384.586s, last_read_time_: 167041.917s
I1010 01:22:11.186041 215334912 reactor.cc:634] Master_R005: DEBUG: Closing idle connection: Connection (0x0000000110f55418) server 127.0.0.3:51914 => 127.0.0.2:7100 - it has been idle for 2367.78s
I1010 01:22:11.189585 213188608 reactor.cc:634] Master_R001: DEBUG: Closing idle connection: Connection (0x00000001147da158) server 127.0.0.1:51937 => 127.0.0.2:7100 - it has been idle for 2367.77s
W1010 01:22:11.191309 213725184 yb_rpc.cc:532] Connection (0x0000000113db2298) client 127.0.0.2:51888 => 127.0.0.1:7100: Network error (yb/rpc/yb_rpc.cc:531): Rpc timeout, passed: 2339.969s, timeout: 15.000s, now: 169384.586s, last_read_time_: 167044.617s
I1010 01:22:11.191551 214798336 reactor.cc:634] Master_R004: DEBUG: Closing idle connection: Connection (0x0000000110f548d8) server 127.0.0.3:51912 => 127.0.0.2:7100 - it has been idle for 2367.81s
W1010 01:22:11.192600 216408064 yb_rpc.cc:532] Connection (0x0000000113d14158) client 127.0.0.2:51885 => 127.0.0.3:7100: Network error (yb/rpc/yb_rpc.cc:531): Rpc timeout, passed: 2340.310s, timeout: 15.000s, now: 169384.586s, last_read_time_: 167044.276s
W1010 01:22:11.193084 214261760 yb_rpc.cc:532] Connection (0x000000011178e158) client 127.0.0.2:51967 => 127.0.0.3:9100: Network error (yb/rpc/yb_rpc.cc:531): Rpc timeout, passed: 2342.569s, timeout: 15.000s, now: 169384.586s, last_read_time_: 167042.016s
I1010 01:22:11.194123 215334912 reactor.cc:634] Master_R005: DEBUG: Closing idle connection: Connection (0x00000001147da3d8) server 127.0.0.1:51945 => 127.0.0.2:7100 - it has been idle for 2367.78s
I1010 01:22:11.194214 214798336 reactor.cc:634] Master_R004: DEBUG: Closing idle connection: Connection (0x0000000113d148d8) server 127.0.0.2:51932 => 127.0.0.2:7100 - it has been idle for 2367.81s
I1010 01:22:11.194476 222310400 raft_consensus.cc:3086] T 00000000000000000000000000000000 P 3e8eb6bafdb342549e324f48c3b5b69a [term 4 LEADER]:  Leader pre-election vote request: Denying vote to candidate e8b222ca9c514c17b0c8c653014e9169 for term 5 because replica believes a valid leader to be alive (leader uuid: 3e8eb6bafdb342549e324f48c3b5b69a). Time left: 9223202651.109s
W1010 01:22:11.194492 214261760 yb_rpc.cc:532] Connection (0x0000000110f55e18) client 127.0.0.2:51969 => 127.0.0.1:9100: Network error (yb/rpc/yb_rpc.cc:531): Rpc timeout, passed: 2342.569s, timeout: 15.000s, now: 169384.586s, last_read_time_: 167042.016s
W1010 01:22:11.194589 215334912 yb_rpc.cc:532] Connection (0x000000011178e298) client 127.0.0.2:51906 => 127.0.0.2:7100: Network error (yb/rpc/yb_rpc.cc:531): Rpc timeout, passed: 2342.679s, timeout: 15.000s, now: 169384.586s, last_read_time_: 167041.907s
I1010 01:22:11.194729 214798336 reactor.cc:634] Master_R004: DEBUG: Closing idle connection: Connection (0x0000000113d14b58) server 127.0.0.2:51933 => 127.0.0.2:7100 - it has been idle for 2367.81s
W1010 01:22:11.194905 214261760 yb_rpc.cc:532] Connection (0x000000011178e518) client 127.0.0.2:51963 => 127.0.0.2:9100: Network error (yb/rpc/yb_rpc.cc:531): Rpc timeout, passed: 2342.569s, timeout: 15.000s, now: 169384.586s, last_read_time_: 167042.016s
W1010 01:22:11.195008 215334912 yb_rpc.cc:532] Connection (0x00000001147e2018) client 127.0.0.2:51948 => 127.0.0.3:9100: Network error (yb/rpc/yb_rpc.cc:531): Rpc timeout, passed: 2342.679s, timeout: 15.000s, now: 169384.586s, last_read_time_: 167041.907s
W1010 01:22:11.195178 214798336 yb_rpc.cc:532] Connection (0x00000001147d3e18) client 127.0.0.2:51968 => 127.0.0.3:9100: Network error (yb/rpc/yb_rpc.cc:531): Rpc timeout, passed: 2342.609s, timeout: 15.000s, now: 169384.586s, last_read_time_: 167041.977s
W1010 01:22:11.195353 214261760 yb_rpc.cc:532] Connection (0x000000011178ef18) client 127.0.0.2:51895 => 127.0.0.1:7100: Network error (yb/rpc/yb_rpc.cc:531): Rpc timeout, passed: 2339.569s, timeout: 15.000s, now: 169384.586s, last_read_time_: 167045.017s
W1010 01:22:11.195478 215334912 yb_rpc.cc:532] Connection (0x00000001147de298) client 127.0.0.2:51946 => 127.0.0.2:9100: Network error (yb/rpc/yb_rpc.cc:531): Rpc timeout, passed: 2342.580s, timeout: 15.000s, now: 169384.586s, last_read_time_: 167042.006s
W1010 01:22:11.195647 214798336 yb_rpc.cc:532] Connection (0x00000001111dc518) client 127.0.0.2:51952 => 127.0.0.1:9100: Network error (yb/rpc/yb_rpc.cc:531): Rpc timeout, passed: 2342.609s, timeout: 15.000s, now: 169384.586s, last_read_time_: 167041.977s
W1010 01:22:11.195914 214261760 yb_rpc.cc:532] Connection (0x0000000110f54f18) client 127.0.0.2:51893 => 127.0.0.3:7100: Network error (yb/rpc/yb_rpc.cc:531): Rpc timeout, passed: 2338.369s, timeout: 15.000s, now: 169384.586s, last_read_time_: 167046.216s
W1010 01:22:11.196125 215334912 yb_rpc.cc:532] Connection (0x00000001147e2158) client 127.0.0.2:51955 => 127.0.0.1:9100: Network error (yb/rpc/yb_rpc.cc:531): Rpc timeout, passed: 2342.580s, timeout: 15.000s, now: 169384.586s, last_read_time_: 167042.006s
W1010 01:22:11.196277 214798336 yb_rpc.cc:532] Connection (0x000000011178e018) client 127.0.0.2:51905 => 127.0.0.2:7100: Network error (yb/rpc/yb_rpc.cc:531): Rpc timeout, passed: 2342.609s, timeout: 15.000s, now: 169384.586s, last_read_time_: 167041.977s
W1010 01:22:11.196466 215334912 yb_rpc.cc:532] Connection (0x0000000110b54518) client 127.0.0.2:51752 => 127.0.0.3:7100: Network error (yb/rpc/yb_rpc.cc:531): Rpc timeout, passed: 2341.379s, timeout: 15.000s, now: 169384.586s, last_read_time_: 167043.207s
W1010 01:22:11.196615 214798336 yb_rpc.cc:532] Connection (0x00000001111dd918) client 127.0.0.2:51965 => 127.0.0.2:9100: Network error (yb/rpc/yb_rpc.cc:531): Rpc timeout, passed: 2342.510s, timeout: 15.000s, now: 169384.586s, last_read_time_: 167042.076s
W1010 01:22:11.196761 215334912 yb_rpc.cc:532] Connection (0x0000000113db2798) client 127.0.0.2:51890 => 127.0.0.1:7100: Network error (yb/rpc/yb_rpc.cc:531): Rpc timeout, passed: 2338.378s, timeout: 15.000s, now: 169384.586s, last_read_time_: 167046.208s
W1010 01:22:11.196894 214798336 yb_rpc.cc:532] Connection (0x0000000110e552d8) client 127.0.0.2:51911 => 127.0.0.1:7100: Network error (yb/rpc/yb_rpc.cc:531): Rpc timeout, passed: 2339.009s, timeout: 15.000s, now: 169384.586s, last_read_time_: 167045.577s
W1010 01:22:11.197139 214798336 yb_rpc.cc:532] Connection (0x00000001111dc658) client 127.0.0.2:51907 => 127.0.0.3:7100: Network error (yb/rpc/yb_rpc.cc:531): Rpc timeout, passed: 2341.911s, timeout: 15.000s, now: 169384.586s, last_read_time_: 167042.675s
W1010 01:22:11.200052 213188608 yb_rpc.cc:532] Connection (0x0000000114817418) client 127.0.0.2:51964 => 127.0.0.3:9100: Network error (yb/rpc/yb_rpc.cc:531): Rpc timeout, passed: 2342.673s, timeout: 15.000s, now: 169384.586s, last_read_time_: 167041.913s
W1010 01:22:11.200098 213725184 yb_rpc.cc:532] Connection (0x0000000113d1ab58) client 127.0.0.2:51894 => 127.0.0.3:7100: Network error (yb/rpc/yb_rpc.cc:531): Rpc timeout, passed: 2338.770s, timeout: 15.000s, now: 169384.586s, last_read_time_: 167045.816s
W1010 01:22:11.202925 213188608 yb_rpc.cc:532] Connection (0x0000000113d71058) client 127.0.0.2:51933 => 127.0.0.2:7100: Network error (yb/rpc/yb_rpc.cc:531): Rpc timeout, passed: 2342.673s, timeout: 15.000s, now: 169384.586s, last_read_time_: 167041.913s
W1010 01:22:11.203136 213188608 yb_rpc.cc:532] Connection (0x000000011480c8d8) client 127.0.0.2:51958 => 127.0.0.2:9100: Network error (yb/rpc/yb_rpc.cc:531): Rpc timeout, passed: 2342.574s, timeout: 15.000s, now: 169384.586s, last_read_time_: 167042.012s
W1010 01:22:11.203346 213188608 yb_rpc.cc:532] Connection (0x0000000113db2158) client 127.0.0.2:51886 => 127.0.0.1:7100: Network error (yb/rpc/yb_rpc.cc:531): Rpc timeout, passed: 2340.473s, timeout: 15.000s, now: 169384.586s, last_read_time_: 167044.113s
W1010 01:22:11.203470 213188608 yb_rpc.cc:532] Connection (0x000000011178f418) client 127.0.0.2:51889 => 127.0.0.3:7100: Network error (yb/rpc/yb_rpc.cc:531): Rpc timeout, passed: 2339.372s, timeout: 15.000s, now: 169384.586s, last_read_time_: 167045.214s
W1010 01:22:11.203631 213188608 yb_rpc.cc:532] Connection (0x0000000114811cd8) client 127.0.0.2:51960 => 127.0.0.1:9100: Network error (yb/rpc/yb_rpc.cc:531): Rpc timeout, passed: 2342.574s, timeout: 15.000s, now: 169384.586s, last_read_time_: 167042.012s
I1010 01:22:11.203980 222310400 raft_consensus.cc:3086] T 00000000000000000000000000000000 P 3e8eb6bafdb342549e324f48c3b5b69a [term 4 LEADER]:  Leader pre-election vote request: Denying vote to candidate 804ce06c9a15466ca3f003ffe7ec6df2 for term 5 because replica believes a valid leader to be alive (leader uuid: 3e8eb6bafdb342549e324f48c3b5b69a). Time left: 9223202651.100s
I1010 01:22:11.205783 225529856 raft_consensus.cc:3086] T 00000000000000000000000000000000 P 3e8eb6bafdb342549e324f48c3b5b69a [term 4 LEADER]:  Leader election vote request: Denying vote to candidate e8b222ca9c514c17b0c8c653014e9169 for term 5 because replica believes a valid leader to be alive (leader uuid: 3e8eb6bafdb342549e324f48c3b5b69a). Time left: 9223202651.098s
I1010 01:22:11.218103 223383552 master_heartbeat_service.cc:1104] Tablet: c09c8a2af076408b8083ae6bfc2a671e reported consensus state change. New consensus state: current_term: 3 leader_uuid: "6b460ba950654300b6c50d93f25aea31" config { opid_index: 3 peers { permanent_uuid: "23d881032c1249bd803e401a539be0e2" member_type: VOTER last_known_private_addr { host: "127.0.0.3" port: 9100 } cloud_info { placement_cloud: "cloud1" placement_region: "datacenter1" placement_zone: "rack1" } } peers { permanent_uuid: "6b460ba950654300b6c50d93f25aea31" member_type: VOTER last_known_private_addr { host: "127.0.0.2" port: 9100 } cloud_info { placement_cloud: "cloud1" placement_region: "datacenter1" placement_zone: "rack1" } } } from 6b460ba950654300b6c50d93f25aea31
I1010 01:22:11.220157 222310400 consensus_queue.cc:1317] T 00000000000000000000000000000000 P 3e8eb6bafdb342549e324f48c3b5b69a [LEADER]: Peer responded invalid term: { peer: 804ce06c9a15466ca3f003ffe7ec6df2 is_new: 0 last_received: 4.633 next_index: 634 last_known_committed_idx: 633 is_last_exchange_successful: 0 needs_remote_bootstrap: 0 member_type: VOTER num_sst_files: 2 last_applied: 4.633 last_successful_communication_time: 0ms ago}. Peer's new term: 5
I1010 01:22:11.220311 236797952 raft_consensus.cc:3627] T 00000000000000000000000000000000 P 3e8eb6bafdb342549e324f48c3b5b69a [term 4 LEADER]: Stepping down as leader of term 4 since new term is 5
I1010 01:22:11.220381 236797952 raft_consensus.cc:1135] T 00000000000000000000000000000000 P 3e8eb6bafdb342549e324f48c3b5b69a [term 4 LEADER]: Becoming Follower/Learner. State: Replica: 3e8eb6bafdb342549e324f48c3b5b69a, State: 1, Role: LEADER, Watermarks: {Received: 4.634 Committed: 4.633} Leader: 4.634, new leader: , initial_fd_wait: <uninitialized>
I1010 01:22:11.220412 225529856 consensus_queue.cc:1317] T 00000000000000000000000000000000 P 3e8eb6bafdb342549e324f48c3b5b69a [LEADER]: Peer responded invalid term: { peer: e8b222ca9c514c17b0c8c653014e9169 is_new: 0 last_received: 4.633 next_index: 634 last_known_committed_idx: 633 is_last_exchange_successful: 0 needs_remote_bootstrap: 0 member_type: VOTER num_sst_files: 2 last_applied: 4.633 last_successful_communication_time: 0ms ago}. Peer's new term: 5
I1010 01:22:11.220424 236797952 consensus_meta.cc:361] T 00000000000000000000000000000000 P 3e8eb6bafdb342549e324f48c3b5b69a: Updating active role from LEADER to FOLLOWER. Consensus state: current_term: 4 leader_uuid: "" config { opid_index: -1 peers { permanent_uuid: "e8b222ca9c514c17b0c8c653014e9169" member_type: VOTER last_known_private_addr { host: "127.0.0.1" port: 7100 } cloud_info { placement_cloud: "cloud1" placement_region: "datacenter1" placement_zone: "rack1" } } peers { permanent_uuid: "3e8eb6bafdb342549e324f48c3b5b69a" member_type: VOTER last_known_private_addr { host: "127.0.0.2" port: 7100 } cloud_info { placement_cloud: "cloud1" placement_region: "datacenter1" placement_zone: "rack1" } } peers { permanent_uuid: "804ce06c9a15466ca3f003ffe7ec6df2" member_type: VOTER last_known_private_addr { host: "127.0.0.3" port: 7100 } cloud_info { placement_cloud: "cloud1" placement_region: "datacenter1" placement_zone: "rack1" } } }, has_pending_config = 0
I1010 01:22:11.220535 236797952 consensus_queue.cc:270] T 00000000000000000000000000000000 P 3e8eb6bafdb342549e324f48c3b5b69a [NON_LEADER]: Queue going to NON_LEADER mode. State: All replicated op: 4.633, Majority replicated op: 4.633, Committed index: 4.633, Last applied: 4.633, Last appended: 4.634, Current term: 4, Majority size: -1, State: QUEUE_OPEN, Mode: NON_LEADER
I1010 01:22:11.220572 236797952 consensus_peers.cc:661] T 00000000000000000000000000000000 P 3e8eb6bafdb342549e324f48c3b5b69a -> Peer 804ce06c9a15466ca3f003ffe7ec6df2 ([host: "127.0.0.3" port: 7100], []): Closing peer
I1010 01:22:11.220614 236797952 consensus_peers.cc:661] T 00000000000000000000000000000000 P 3e8eb6bafdb342549e324f48c3b5b69a -> Peer e8b222ca9c514c17b0c8c653014e9169 ([host: "127.0.0.1" port: 7100], []): Closing peer
I1010 01:22:11.220683 236797952 raft_consensus.cc:3634] T 00000000000000000000000000000000 P 3e8eb6bafdb342549e324f48c3b5b69a [term 4 FOLLOWER]: Advancing to term 5
I1010 01:22:11.220722 236797952 consensus_meta.cc:361] T 00000000000000000000000000000000 P 3e8eb6bafdb342549e324f48c3b5b69a: Updating active role from FOLLOWER to FOLLOWER. Consensus state: current_term: 5 leader_uuid: "" config { opid_index: -1 peers { permanent_uuid: "e8b222ca9c514c17b0c8c653014e9169" member_type: VOTER last_known_private_addr { host: "127.0.0.1" port: 7100 } cloud_info { placement_cloud: "cloud1" placement_region: "datacenter1" placement_zone: "rack1" } } peers { permanent_uuid: "3e8eb6bafdb342549e324f48c3b5b69a" member_type: VOTER last_known_private_addr { host: "127.0.0.2" port: 7100 } cloud_info { placement_cloud: "cloud1" placement_region: "datacenter1" placement_zone: "rack1" } } peers { permanent_uuid: "804ce06c9a15466ca3f003ffe7ec6df2" member_type: VOTER last_known_private_addr { host: "127.0.0.3" port: 7100 } cloud_info { placement_cloud: "cloud1" placement_region: "datacenter1" placement_zone: "rack1" } } }, has_pending_config = 0
W1010 01:22:12.221249 232505344 long_operation_tracker.cc:125] TSHeartbeat running for 1.001s in thread 0x70000d509000:
    @     0x70000d507a07  (unknown)
    @        0x10eb122e6  yb::ConditionVariable::WaitUntil()
    @        0x10eb12666  yb::CountDownLatch::WaitUntil()
    @        0x1084caac2  yb::master::SysCatalogTable::SyncWrite()
    @        0x10820811b  yb::master::SysCatalogTable::Mutate<>()
    @        0x10840cd42  yb::master::(anonymous namespace)::MasterHeartbeatServiceImpl::ProcessTabletReportBatch()
    @        0x108409b22  yb::master::(anonymous namespace)::MasterHeartbeatServiceImpl::ProcessTabletReport()
    @        0x108406761  yb::master::(anonymous namespace)::MasterHeartbeatServiceImpl::TSHeartbeat()
    @        0x10d624d8b  std::__1::__function::__func<>::operator()()
    @        0x10d624943  yb::master::MasterHeartbeatIf::Handle()
    @        0x10cec2274  yb::rpc::ServicePoolImpl::Handle()
    @        0x10ce5aff3  yb::rpc::InboundCall::InboundCallTask::Run()
    @        0x10ced2575  yb::rpc::(anonymous namespace)::Worker::Execute()
    @        0x10eca1247  yb::Thread::SuperviseThread()
    @     0x7ff8026604e0  _pthread_start
    @     0x7ff80265bf6a  thread_start
I1010 01:22:14.379421 222310400 raft_consensus.cc:3031] T 00000000000000000000000000000000 P 3e8eb6bafdb342549e324f48c3b5b69a [term 5 FOLLOWER]:  Leader pre-election vote request: Denying vote to candidate e8b222ca9c514c17b0c8c653014e9169 for term 6 because replica has last-logged OpId of term: 4 index: 634, which is greater than that of the candidate, which has last-logged OpId of term: 4 index: 633.
I1010 01:22:14.383605 225529856 raft_consensus.cc:3634] T 00000000000000000000000000000000 P 3e8eb6bafdb342549e324f48c3b5b69a [term 5 FOLLOWER]: Advancing to term 6
I1010 01:22:14.383669 225529856 consensus_meta.cc:361] T 00000000000000000000000000000000 P 3e8eb6bafdb342549e324f48c3b5b69a: Updating active role from FOLLOWER to FOLLOWER. Consensus state: current_term: 6 leader_uuid: "" config { opid_index: -1 peers { permanent_uuid: "e8b222ca9c514c17b0c8c653014e9169" member_type: VOTER last_known_private_addr { host: "127.0.0.1" port: 7100 } cloud_info { placement_cloud: "cloud1" placement_region: "datacenter1" placement_zone: "rack1" } } peers { permanent_uuid: "3e8eb6bafdb342549e324f48c3b5b69a" member_type: VOTER last_known_private_addr { host: "127.0.0.2" port: 7100 } cloud_info { placement_cloud: "cloud1" placement_region: "datacenter1" placement_zone: "rack1" } } peers { permanent_uuid: "804ce06c9a15466ca3f003ffe7ec6df2" member_type: VOTER last_known_private_addr { host: "127.0.0.3" port: 7100 } cloud_info { placement_cloud: "cloud1" placement_region: "datacenter1" placement_zone: "rack1" } } }, has_pending_config = 0
I1010 01:22:14.384595 225529856 raft_consensus.cc:3031] T 00000000000000000000000000000000 P 3e8eb6bafdb342549e324f48c3b5b69a [term 6 FOLLOWER]:  Leader election vote request: Denying vote to candidate e8b222ca9c514c17b0c8c653014e9169 for term 6 because replica has last-logged OpId of term: 4 index: 634, which is greater than that of the candidate, which has last-logged OpId of term: 4 index: 633.
I1010 01:22:14.387614 222310400 raft_consensus.cc:1754] T 00000000000000000000000000000000 P 3e8eb6bafdb342549e324f48c3b5b69a [term 6 FOLLOWER]: Refusing update from remote peer e8b222ca9c514c17b0c8c653014e9169: Log matching property violated. Preceding OpId in replica: 4.634. Preceding OpId from leader: 6.634. (term mismatch)
I1010 01:22:14.387717 222310400 replica_state.cc:615] T 00000000000000000000000000000000 P 3e8eb6bafdb342549e324f48c3b5b69a [term 6 FOLLOWER]: Aborting all operations after (but not including): 633. Current State: Replica: 3e8eb6bafdb342549e324f48c3b5b69a, State: 1, Role: FOLLOWER, Watermarks: {Received: 4.634 Committed: 4.633} Leader: 0.0
I1010 01:22:14.387777 222310400 replica_state.cc:648] T 00000000000000000000000000000000 P 3e8eb6bafdb342549e324f48c3b5b69a [term 6 FOLLOWER]: Aborting uncommitted operation due to leader change: 4.634, committed: 4.633
I1010 01:22:14.387882 222310400 raft_consensus.cc:1970] T 00000000000000000000000000000000 P 3e8eb6bafdb342549e324f48c3b5b69a [term 6 FOLLOWER]: Returning from UpdateConsensus because of error: error { code: PRECEDING_ENTRY_DIDNT_MATCH status { code: ILLEGAL_STATE message: "Log matching property violated. Preceding OpId in replica: 4.634. Preceding OpId from leader: 6.634. (term mismatch)" source_file: "../../src/yb/consensus/raft_consensus.cc" source_line: 1752 errors: "00" } }
W1010 01:22:14.387918 223383552 master_heartbeat_service.cc:910] Error updating tablets: Aborted (yb/consensus/replica_state.cc:644): Operation aborted by new leader
I1010 01:22:14.388556 225529856 consensus_meta.cc:361] T 00000000000000000000000000000000 P 3e8eb6bafdb342549e324f48c3b5b69a: Updating active role from FOLLOWER to FOLLOWER. Consensus state: current_term: 6 leader_uuid: "e8b222ca9c514c17b0c8c653014e9169" config { opid_index: -1 peers { permanent_uuid: "e8b222ca9c514c17b0c8c653014e9169" member_type: VOTER last_known_private_addr { host: "127.0.0.1" port: 7100 } cloud_info { placement_cloud: "cloud1" placement_region: "datacenter1" placement_zone: "rack1" } } peers { permanent_uuid: "3e8eb6bafdb342549e324f48c3b5b69a" member_type: VOTER last_known_private_addr { host: "127.0.0.2" port: 7100 } cloud_info { placement_cloud: "cloud1" placement_region: "datacenter1" placement_zone: "rack1" } } peers { permanent_uuid: "804ce06c9a15466ca3f003ffe7ec6df2" member_type: VOTER last_known_private_addr { host: "127.0.0.3" port: 7100 } cloud_info { placement_cloud: "cloud1" placement_region: "datacenter1" placement_zone: "rack1" } } }, has_pending_config = 0
I1010 01:22:14.388662 225529856 raft_consensus.cc:3519] T 00000000000000000000000000000000 P 3e8eb6bafdb342549e324f48c3b5b69a [term 6 FOLLOWER]: Calling mark dirty synchronously for reason code NEW_LEADER_ELECTED
