Log file created at: 2024/10/09 23:11:56
Current UTC time: 2024/10/09 17:41:56
Running on machine: NAG-MAC.local
Application fingerprint: version 2.23.0.0 build 710 revision a31a4eba31527467192adc816e771ac09c28bb1a build_type RELEASE built at 30 Aug 2024 20:38:52 GMT
Running duration (h:mm:ss): 0:00:00
Log line format: [IWEF]mmdd hh:mm:ss.uuuuuu threadid file:line] msg
W1009 23:11:56.125146 448443904 hybrid_clock.cc:131] HybridClock initialized in local mode (OS X only). Not suitable for distributed clusters.
W1009 23:11:56.147764 159170560 catalog_manager.cc:1676] Failed to get current config: Illegal state (yb/master/catalog_manager.cc:11525): Node e8b222ca9c514c17b0c8c653014e9169 peer not initialized.
W1009 23:11:56.154330 165072896 catalog_manager.cc:1676] Failed to get current config: Illegal state (yb/master/catalog_manager.cc:11525): Node e8b222ca9c514c17b0c8c653014e9169 peer not initialized.
W1009 23:11:56.157822 163463168 consensus_peers.cc:797] Error getting permanent uuid from config peer [127.0.0.2:7100]: Network error (yb/util/net/socket.cc:540): recvmsg error: Connection refused (system error 61)
W1009 23:11:56.194648 163463168 consensus_peers.cc:797] Error getting permanent uuid from config peer [127.0.0.2:7100]: Network error (yb/util/net/socket.cc:540): recvmsg error: Connection refused (system error 61)
W1009 23:11:56.253211 163463168 consensus_peers.cc:797] Error getting permanent uuid from config peer [127.0.0.2:7100]: Network error (yb/util/net/socket.cc:540): recvmsg error: Connection refused (system error 61)
W1009 23:11:56.354800 163463168 consensus_peers.cc:797] Error getting permanent uuid from config peer [127.0.0.2:7100]: Network error (yb/util/net/socket.cc:540): recvmsg error: Connection refused (system error 61)
W1009 23:11:56.489509 163463168 consensus_peers.cc:797] Error getting permanent uuid from config peer [127.0.0.2:7100]: Network error (yb/util/net/socket.cc:540): recvmsg error: Connection refused (system error 61)
W1009 23:11:56.759775 163463168 consensus_peers.cc:797] Error getting permanent uuid from config peer [127.0.0.2:7100]: Network error (yb/util/net/socket.cc:540): recvmsg error: Connection refused (system error 61)
W1009 23:11:57.316380 163463168 consensus_peers.cc:797] Error getting permanent uuid from config peer [127.0.0.2:7100]: Network error (yb/util/net/socket.cc:540): recvmsg error: Connection refused (system error 61)
W1009 23:11:57.697914 162926592 async_client_initializer.cc:94] Failed to initialize client: Timed out (yb/rpc/rpc.cc:223): Could not locate the leader master: GetLeaderMasterRpc(addrs: [127.0.0.1:7100, 127.0.0.2:7100, 127.0.0.3:7100], num_attempts: 53) passed its deadline 161572.072s (passed: 1.543s): Network error (yb/util/net/socket.cc:540): recvmsg error: Connection refused (system error 61)
W1009 23:11:58.387495 163463168 consensus_peers.cc:797] Error getting permanent uuid from config peer [127.0.0.2:7100]: Network error (yb/util/net/socket.cc:540): recvmsg error: Connection refused (system error 61)
W1009 23:11:58.699981 165072896 catalog_manager.cc:1676] Failed to get current config: Illegal state (yb/master/catalog_manager.cc:11525): Node e8b222ca9c514c17b0c8c653014e9169 peer not initialized.
W1009 23:12:00.227473 162926592 async_client_initializer.cc:94] Failed to initialize client: Timed out (yb/rpc/rpc.cc:223): Could not locate the leader master: GetLeaderMasterRpc(addrs: [127.0.0.1:7100, 127.0.0.2:7100, 127.0.0.3:7100], num_attempts: 52) passed its deadline 161574.618s (passed: 1.526s): Network error (yb/util/net/socket.cc:540): recvmsg error: Connection refused (system error 61)
W1009 23:12:00.466872 163463168 consensus_peers.cc:797] Error getting permanent uuid from config peer [127.0.0.2:7100]: Network error (yb/util/net/socket.cc:540): recvmsg error: Connection refused (system error 61)
W1009 23:12:01.232270 165072896 catalog_manager.cc:1676] Failed to get current config: Illegal state (yb/master/catalog_manager.cc:11525): Node e8b222ca9c514c17b0c8c653014e9169 peer not initialized.
W1009 23:12:02.781900 162926592 async_client_initializer.cc:94] Failed to initialize client: Timed out (yb/rpc/rpc.cc:223): Could not locate the leader master: GetLeaderMasterRpc(addrs: [127.0.0.1:7100, 127.0.0.2:7100, 127.0.0.3:7100], num_attempts: 53) passed its deadline 161577.150s (passed: 1.549s): Not found (yb/master/master_rpc.cc:286): no leader found: GetLeaderMasterRpc(addrs: [127.0.0.1:7100, 127.0.0.2:7100, 127.0.0.3:7100], num_attempts: 1)
W1009 23:12:03.786971 165072896 catalog_manager.cc:1676] Failed to get current config: Illegal state (yb/master/catalog_manager.cc:11525): Node e8b222ca9c514c17b0c8c653014e9169 peer not initialized.
W1009 23:12:04.584519 163463168 consensus_peers.cc:797] Error getting permanent uuid from config peer [127.0.0.2:7100]: Network error (yb/util/net/socket.cc:540): recvmsg error: Connection refused (system error 61)
W1009 23:12:05.330917 162926592 async_client_initializer.cc:94] Failed to initialize client: Timed out (yb/rpc/rpc.cc:223): Could not locate the leader master: GetLeaderMasterRpc(addrs: [127.0.0.1:7100, 127.0.0.2:7100, 127.0.0.3:7100], num_attempts: 53) passed its deadline 161579.705s (passed: 1.543s): Network error (yb/util/net/socket.cc:540): recvmsg error: Connection refused (system error 61)
W1009 23:12:06.334810 165072896 catalog_manager.cc:1676] Failed to get current config: Illegal state (yb/master/catalog_manager.cc:11525): Node e8b222ca9c514c17b0c8c653014e9169 peer not initialized.
W1009 23:12:07.882064 162926592 async_client_initializer.cc:94] Failed to initialize client: Timed out (yb/rpc/rpc.cc:223): Could not locate the leader master: GetLeaderMasterRpc(addrs: [127.0.0.1:7100, 127.0.0.2:7100, 127.0.0.3:7100], num_attempts: 53) passed its deadline 161582.253s (passed: 1.546s): Not found (yb/master/master_rpc.cc:286): no leader found: GetLeaderMasterRpc(addrs: [127.0.0.1:7100, 127.0.0.2:7100, 127.0.0.3:7100], num_attempts: 1)
W1009 23:12:08.886778 165072896 catalog_manager.cc:1676] Failed to get current config: Illegal state (yb/master/catalog_manager.cc:11525): Node e8b222ca9c514c17b0c8c653014e9169 peer not initialized.
W1009 23:12:10.396697 162926592 async_client_initializer.cc:94] Failed to initialize client: Timed out (yb/rpc/rpc.cc:223): Could not locate the leader master: GetLeaderMasterRpc(addrs: [127.0.0.1:7100, 127.0.0.2:7100, 127.0.0.3:7100], num_attempts: 52) passed its deadline 161584.805s (passed: 1.509s): Not found (yb/master/master_rpc.cc:286): no leader found: GetLeaderMasterRpc(addrs: [127.0.0.1:7100, 127.0.0.2:7100, 127.0.0.3:7100], num_attempts: 1)
W1009 23:12:11.398480 167219200 catalog_manager.cc:1676] Failed to get current config: Illegal state (yb/master/catalog_manager.cc:11525): Node e8b222ca9c514c17b0c8c653014e9169 peer not initialized.
W1009 23:12:12.799065 163463168 consensus_peers.cc:797] Error getting permanent uuid from config peer [127.0.0.3:7100]: Network error (yb/util/net/socket.cc:540): recvmsg error: Connection refused (system error 61)
W1009 23:12:12.822307 163463168 consensus_peers.cc:797] Error getting permanent uuid from config peer [127.0.0.3:7100]: Network error (yb/util/net/socket.cc:540): recvmsg error: Connection refused (system error 61)
W1009 23:12:12.888392 163463168 consensus_peers.cc:797] Error getting permanent uuid from config peer [127.0.0.3:7100]: Network error (yb/util/net/socket.cc:540): recvmsg error: Connection refused (system error 61)
W1009 23:12:12.943917 162926592 async_client_initializer.cc:94] Failed to initialize client: Timed out (yb/rpc/rpc.cc:223): Could not locate the leader master: GetLeaderMasterRpc(addrs: [127.0.0.1:7100, 127.0.0.2:7100, 127.0.0.3:7100], num_attempts: 53) passed its deadline 161587.316s (passed: 1.544s): Not found (yb/master/master_rpc.cc:286): no leader found: GetLeaderMasterRpc(addrs: [127.0.0.1:7100, 127.0.0.2:7100, 127.0.0.3:7100], num_attempts: 1)
W1009 23:12:12.977303 163463168 consensus_peers.cc:797] Error getting permanent uuid from config peer [127.0.0.3:7100]: Network error (yb/util/net/socket.cc:540): recvmsg error: Connection refused (system error 61)
W1009 23:12:13.127148 163463168 consensus_peers.cc:797] Error getting permanent uuid from config peer [127.0.0.3:7100]: Network error (yb/util/net/socket.cc:540): recvmsg error: Connection refused (system error 61)
W1009 23:12:13.426247 163463168 consensus_peers.cc:797] Error getting permanent uuid from config peer [127.0.0.3:7100]: Network error (yb/util/net/socket.cc:540): recvmsg error: Connection refused (system error 61)
W1009 23:12:13.950567 167219200 catalog_manager.cc:1676] Failed to get current config: Illegal state (yb/master/catalog_manager.cc:11525): Node e8b222ca9c514c17b0c8c653014e9169 peer not initialized.
W1009 23:12:13.950640 163463168 consensus_peers.cc:797] Error getting permanent uuid from config peer [127.0.0.3:7100]: Network error (yb/util/net/socket.cc:540): recvmsg error: Connection refused (system error 61)
W1009 23:12:15.029852 163463168 consensus_peers.cc:797] Error getting permanent uuid from config peer [127.0.0.3:7100]: Network error (yb/util/net/socket.cc:540): recvmsg error: Connection refused (system error 61)
W1009 23:12:15.476469 162926592 async_client_initializer.cc:94] Failed to initialize client: Timed out (yb/rpc/rpc.cc:223): Could not locate the leader master: GetLeaderMasterRpc(addrs: [127.0.0.1:7100, 127.0.0.2:7100, 127.0.0.3:7100], num_attempts: 52) passed its deadline 161589.868s (passed: 1.525s): Not found (yb/master/master_rpc.cc:286): no leader found: GetLeaderMasterRpc(addrs: [127.0.0.1:7100, 127.0.0.2:7100, 127.0.0.3:7100], num_attempts: 1)
W1009 23:12:16.481806 165072896 catalog_manager.cc:1676] Failed to get current config: Illegal state (yb/master/catalog_manager.cc:11525): Node e8b222ca9c514c17b0c8c653014e9169 peer not initialized.
W1009 23:12:17.112285 170975232 catalog_manager_bg_tasks.cc:189] Catalog manager background task thread going to sleep: Service unavailable (yb/master/scoped_leader_shared_lock.cc:91): Catalog manager is not initialized. State: 1
W1009 23:12:18.018546 162926592 async_client_initializer.cc:94] Failed to initialize client: Timed out (yb/rpc/rpc.cc:223): Could not locate the leader master: GetLeaderMasterRpc(addrs: [127.0.0.1:7100, 127.0.0.2:7100, 127.0.0.3:7100], num_attempts: 53) passed its deadline 161592.400s (passed: 1.536s): Not found (yb/master/master_rpc.cc:286): no leader found: GetLeaderMasterRpc(addrs: [127.0.0.1:7100, 127.0.0.2:7100, 127.0.0.3:7100], num_attempts: 1)
W1009 23:12:20.544509 162926592 async_client_initializer.cc:94] Failed to initialize client: Timed out (yb/rpc/rpc.cc:223): Could not locate the leader master: GetLeaderMasterRpc(addrs: [127.0.0.1:7100, 127.0.0.2:7100, 127.0.0.3:7100, 127.0.0.1:7100, 127.0.0.2:7100, 127.0.0.3:7100], num_attempts: 52) passed its deadline 161594.937s (passed: 1.525s): Not found (yb/master/master_rpc.cc:286): no leader found: GetLeaderMasterRpc(addrs: [127.0.0.1:7100, 127.0.0.2:7100, 127.0.0.3:7100, 127.0.0.1:7100, 127.0.0.2:7100, 127.0.0.3:7100], num_attempts: 1)
W1009 23:13:38.699834 166146048 leader_election.cc:275] T 00000000000000000000000000000000 P e8b222ca9c514c17b0c8c653014e9169 [CANDIDATE]: Term 2 pre-election: RPC error from VoteRequest() call to peer 804ce06c9a15466ca3f003ffe7ec6df2: Network error (yb/util/net/socket.cc:540): recvmsg error: Connection refused (system error 61)
W1009 23:13:38.702967 166146048 leader_election.cc:275] T 00000000000000000000000000000000 P e8b222ca9c514c17b0c8c653014e9169 [CANDIDATE]: Term 2 election: RPC error from VoteRequest() call to peer 804ce06c9a15466ca3f003ffe7ec6df2: Network error (yb/util/net/socket.cc:540): recvmsg error: Connection refused (system error 61)
W1009 23:13:38.706053 176877568 raft_consensus.cc:1397] Leader lease expiration was not set: Illegal state (yb/consensus/replica_state.cc:1413): NoOp of current term is not committed (majority_replicated_lease_expiration_ = -inf, majority_replicated_ht_lease_expiration_ = 0)
W1009 23:13:38.706133 166146048 consensus_peers.cc:624] T 00000000000000000000000000000000 P e8b222ca9c514c17b0c8c653014e9169 -> Peer 804ce06c9a15466ca3f003ffe7ec6df2 ([host: "127.0.0.3" port: 7100], []): Couldn't send request.  Status: Network error (yb/util/net/socket.cc:540): recvmsg error: Connection refused (system error 61). Retrying in the next heartbeat period. Already tried 1 times. State: 2
W1009 23:13:38.706141 176877568 replica_state.cc:805] T 00000000000000000000000000000000 P e8b222ca9c514c17b0c8c653014e9169 [term 2 LEADER]: Can't advance the committed index across term boundaries until operations from the current term are replicated. Last committed operation was: 1.572, New majority replicated is: 1.572, Current term is: 2
W1009 23:13:38.708117 176877568 raft_consensus.cc:1397] Leader lease expiration was not set: Illegal state (yb/consensus/replica_state.cc:1413): NoOp of current term is not committed (majority_replicated_lease_expiration_ = -inf, majority_replicated_ht_lease_expiration_ = 0)
W1009 23:13:38.743602 165609472 client_master_rpc.cc:134] ListTables: Encountered a network error from the Master(127.0.0.1:7100): Network error (yb/util/net/socket.cc:540): recvmsg error: Connection refused (system error 61), retrying...
W1009 23:13:41.736060 175267840 master.cc:537] ListMasters: Network error (yb/util/net/socket.cc:540): Unable to get registration information for peer ([127.0.0.3:7100]) id (804ce06c9a15466ca3f003ffe7ec6df2): recvmsg error: Connection refused (system error 61)
W1009 23:13:43.742509 166146048 consensus_peers.cc:624] T 00000000000000000000000000000000 P e8b222ca9c514c17b0c8c653014e9169 -> Peer 804ce06c9a15466ca3f003ffe7ec6df2 ([host: "127.0.0.3" port: 7100], []): Couldn't send request.  Status: Network error (yb/util/net/socket.cc:540): recvmsg error: Connection refused (system error 61). Retrying in the next heartbeat period. Already tried 11 times. State: 2
W1009 23:13:48.884456 166146048 consensus_peers.cc:624] T 00000000000000000000000000000000 P e8b222ca9c514c17b0c8c653014e9169 -> Peer 804ce06c9a15466ca3f003ffe7ec6df2 ([host: "127.0.0.3" port: 7100], []): Couldn't send request.  Status: Network error (yb/util/net/socket.cc:540): recvmsg error: Connection refused (system error 61). Retrying in the next heartbeat period. Already tried 21 times. State: 2
W1009 23:15:47.551017 173121536 master_heartbeat_service.cc:330] Failed CheckUniverseUuidMatchFromTserver check: Operation failed. Try again (yb/master/master_heartbeat_service.cc:245): universe_uuid needs to be set in the request
W1009 23:15:47.552484 159707136 master_heartbeat_service.cc:629] Invalid tablet report from d5c37cb1777946179e6692ee5e504715: Received an incremental tablet report when a full one was needed
W1009 23:16:36.936053 165609472 master_heartbeat_service.cc:330] Failed CheckUniverseUuidMatchFromTserver check: Operation failed. Try again (yb/master/master_heartbeat_service.cc:245): universe_uuid needs to be set in the request
W1009 23:16:36.937732 163999744 master_heartbeat_service.cc:629] Invalid tablet report from 6b460ba950654300b6c50d93f25aea31: Received an incremental tablet report when a full one was needed
W1009 23:16:56.792645 159707136 master_heartbeat_service.cc:330] Failed CheckUniverseUuidMatchFromTserver check: Operation failed. Try again (yb/master/master_heartbeat_service.cc:245): universe_uuid needs to be set in the request
W1009 23:16:56.797369 164536320 master_heartbeat_service.cc:629] Invalid tablet report from 23d881032c1249bd803e401a539be0e2: Received an incremental tablet report when a full one was needed
W1009 23:16:56.879343 176340992 async_rpc_tasks.cc:903] RunLeaderElection RPC for tablet 825df89ca459463f921e4a6d8e68a90d (transactions [id=f80c17935cc9489ab3c6c05dceb25976]) on TS=d5c37cb1777946179e6692ee5e504715 (task=0x0000000119966e18, state=kRunning): RunLeaderElection RPC for tablet 825df89ca459463f921e4a6d8e68a90d on TS d5c37cb1777946179e6692ee5e504715 failed: Illegal state (yb/tserver/service_util.cc:271): Tablet 825df89ca459463f921e4a6d8e68a90d not RUNNING: NOT_STARTED (tablet server error 12) (raft group state error 5)
W1009 23:16:56.882702 180633600 async_rpc_tasks.cc:903] RunLeaderElection RPC for tablet 9cd834df5c9f41b091ffb845bd6122ec (transactions [id=f80c17935cc9489ab3c6c05dceb25976]) on TS=6b460ba950654300b6c50d93f25aea31 (task=0x0000000119967a18, state=kRunning): RunLeaderElection RPC for tablet 9cd834df5c9f41b091ffb845bd6122ec on TS 6b460ba950654300b6c50d93f25aea31 failed: Illegal state (yb/tserver/service_util.cc:271): Tablet 9cd834df5c9f41b091ffb845bd6122ec not RUNNING: NOT_STARTED (tablet server error 12) (raft group state error 5)
W1009 23:16:56.883208 175804416 async_rpc_tasks.cc:903] RunLeaderElection RPC for tablet db3b3178db1849c4b3ebbe53840c6b02 (transactions [id=f80c17935cc9489ab3c6c05dceb25976]) on TS=23d881032c1249bd803e401a539be0e2 (task=0x0000000119967c18, state=kRunning): RunLeaderElection RPC for tablet db3b3178db1849c4b3ebbe53840c6b02 on TS 23d881032c1249bd803e401a539be0e2 failed: Illegal state (yb/tserver/service_util.cc:271): Tablet db3b3178db1849c4b3ebbe53840c6b02 not RUNNING: NOT_STARTED (tablet server error 12) (raft group state error 5)
W1009 23:16:56.883908 178487296 async_rpc_tasks.cc:903] RunLeaderElection RPC for tablet c09c8a2af076408b8083ae6bfc2a671e (transactions [id=f80c17935cc9489ab3c6c05dceb25976]) on TS=d5c37cb1777946179e6692ee5e504715 (task=0x000000011acc8418, state=kRunning): RunLeaderElection RPC for tablet c09c8a2af076408b8083ae6bfc2a671e on TS d5c37cb1777946179e6692ee5e504715 failed: Illegal state (yb/tserver/service_util.cc:271): Tablet c09c8a2af076408b8083ae6bfc2a671e not RUNNING: NOT_STARTED (tablet server error 12) (raft group state error 5)
W1009 23:16:56.887972 177414144 async_rpc_tasks.cc:903] RunLeaderElection RPC for tablet 2a30e7b2effb4ab888e1f5a8af3fb03b (transactions [id=f80c17935cc9489ab3c6c05dceb25976]) on TS=d5c37cb1777946179e6692ee5e504715 (task=0x0000000119967618, state=kRunning): RunLeaderElection RPC for tablet 2a30e7b2effb4ab888e1f5a8af3fb03b on TS d5c37cb1777946179e6692ee5e504715 failed: Illegal state (yb/tserver/service_util.cc:271): Tablet 2a30e7b2effb4ab888e1f5a8af3fb03b not RUNNING: NOT_STARTED (tablet server error 12) (raft group state error 5)
W1009 23:16:56.903782 180633600 async_rpc_tasks.cc:903] RunLeaderElection RPC for tablet 825df89ca459463f921e4a6d8e68a90d (transactions [id=f80c17935cc9489ab3c6c05dceb25976]) on TS=d5c37cb1777946179e6692ee5e504715 (task=0x0000000119966e18, state=kRunning): RunLeaderElection RPC for tablet 825df89ca459463f921e4a6d8e68a90d on TS d5c37cb1777946179e6692ee5e504715 failed: Illegal state (yb/tserver/service_util.cc:271): Tablet 825df89ca459463f921e4a6d8e68a90d not RUNNING: BOOTSTRAPPING (tablet server error 12) (raft group state error 0)
W1009 23:16:56.907495 178487296 async_rpc_tasks.cc:903] RunLeaderElection RPC for tablet 9cd834df5c9f41b091ffb845bd6122ec (transactions [id=f80c17935cc9489ab3c6c05dceb25976]) on TS=6b460ba950654300b6c50d93f25aea31 (task=0x0000000119967a18, state=kRunning): RunLeaderElection RPC for tablet 9cd834df5c9f41b091ffb845bd6122ec on TS 6b460ba950654300b6c50d93f25aea31 failed: Illegal state (yb/tserver/service_util.cc:271): Tablet 9cd834df5c9f41b091ffb845bd6122ec not RUNNING: BOOTSTRAPPING (tablet server error 12) (raft group state error 0)
W1009 23:16:56.908286 180097024 async_rpc_tasks.cc:903] RunLeaderElection RPC for tablet c09c8a2af076408b8083ae6bfc2a671e (transactions [id=f80c17935cc9489ab3c6c05dceb25976]) on TS=d5c37cb1777946179e6692ee5e504715 (task=0x000000011acc8418, state=kRunning): RunLeaderElection RPC for tablet c09c8a2af076408b8083ae6bfc2a671e on TS d5c37cb1777946179e6692ee5e504715 failed: Illegal state (yb/tserver/service_util.cc:271): Tablet c09c8a2af076408b8083ae6bfc2a671e not RUNNING: BOOTSTRAPPING (tablet server error 12) (raft group state error 0)
W1009 23:16:56.912505 177414144 async_rpc_tasks.cc:903] RunLeaderElection RPC for tablet 2a30e7b2effb4ab888e1f5a8af3fb03b (transactions [id=f80c17935cc9489ab3c6c05dceb25976]) on TS=d5c37cb1777946179e6692ee5e504715 (task=0x0000000119967618, state=kRunning): RunLeaderElection RPC for tablet 2a30e7b2effb4ab888e1f5a8af3fb03b on TS d5c37cb1777946179e6692ee5e504715 failed: Illegal state (yb/tserver/service_util.cc:271): Tablet 2a30e7b2effb4ab888e1f5a8af3fb03b not RUNNING: BOOTSTRAPPING (tablet server error 12) (raft group state error 0)
W1009 23:16:56.912892 179560448 async_rpc_tasks.cc:903] RunLeaderElection RPC for tablet 7c7b0e8f396b4659b1f29a4dd140c822 (transactions [id=f80c17935cc9489ab3c6c05dceb25976]) on TS=23d881032c1249bd803e401a539be0e2 (task=0x0000000119256818, state=kRunning): RunLeaderElection RPC for tablet 7c7b0e8f396b4659b1f29a4dd140c822 on TS 23d881032c1249bd803e401a539be0e2 failed: Illegal state (yb/tserver/service_util.cc:271): Tablet 7c7b0e8f396b4659b1f29a4dd140c822 not RUNNING: BOOTSTRAPPING (tablet server error 12) (raft group state error 0)
W1009 23:16:56.916633 180633600 async_rpc_tasks.cc:903] RunLeaderElection RPC for tablet 4c1e255cf37d4de58ed9d6a6f32e7473 (transactions [id=f80c17935cc9489ab3c6c05dceb25976]) on TS=d5c37cb1777946179e6692ee5e504715 (task=0x0000000119257a18, state=kRunning): RunLeaderElection RPC for tablet 4c1e255cf37d4de58ed9d6a6f32e7473 on TS d5c37cb1777946179e6692ee5e504715 failed: Illegal state (yb/tserver/service_util.cc:271): Tablet 4c1e255cf37d4de58ed9d6a6f32e7473 not RUNNING: BOOTSTRAPPING (tablet server error 12) (raft group state error 0)
W1009 23:16:56.919947 180097024 async_rpc_tasks.cc:903] RunLeaderElection RPC for tablet 5aab7c3da55c4174a9735369225d0c54 (transactions [id=f80c17935cc9489ab3c6c05dceb25976]) on TS=d5c37cb1777946179e6692ee5e504715 (task=0x0000000119257218, state=kRunning): RunLeaderElection RPC for tablet 5aab7c3da55c4174a9735369225d0c54 on TS d5c37cb1777946179e6692ee5e504715 failed: Illegal state (yb/tserver/service_util.cc:271): Tablet 5aab7c3da55c4174a9735369225d0c54 not RUNNING: NOT_STARTED (tablet server error 12) (raft group state error 5)
W1009 23:16:56.944131 180633600 async_rpc_tasks.cc:903] RunLeaderElection RPC for tablet 5aab7c3da55c4174a9735369225d0c54 (transactions [id=f80c17935cc9489ab3c6c05dceb25976]) on TS=d5c37cb1777946179e6692ee5e504715 (task=0x0000000119257218, state=kRunning): RunLeaderElection RPC for tablet 5aab7c3da55c4174a9735369225d0c54 on TS d5c37cb1777946179e6692ee5e504715 failed: Illegal state (yb/tserver/service_util.cc:271): Tablet 5aab7c3da55c4174a9735369225d0c54 not RUNNING: BOOTSTRAPPING (tablet server error 12) (raft group state error 0)
W1009 23:16:56.948568 178487296 async_rpc_tasks.cc:903] RunLeaderElection RPC for tablet 54eeee0960454077a8ed85a75d38bc29 (transactions [id=f80c17935cc9489ab3c6c05dceb25976]) on TS=6b460ba950654300b6c50d93f25aea31 (task=0x0000000119257418, state=kRunning): RunLeaderElection RPC for tablet 54eeee0960454077a8ed85a75d38bc29 on TS 6b460ba950654300b6c50d93f25aea31 failed: Illegal state (yb/tserver/service_util.cc:271): Tablet 54eeee0960454077a8ed85a75d38bc29 not RUNNING: BOOTSTRAPPING (tablet server error 12) (raft group state error 0)
W1009 23:16:56.966642 169902080 master_heartbeat_service.cc:987] Stale heartbeat for Tablet 1b3f2a4877404ba898e6ff9448cf4740 (table transactions [id=f80c17935cc9489ab3c6c05dceb25976]) on TS d5c37cb1777946179e6692ee5e504715 cstate=current_term: 0 config { opid_index: -1 peers { permanent_uuid: "23d881032c1249bd803e401a539be0e2" member_type: VOTER last_known_private_addr { host: "127.0.0.3" port: 9100 } cloud_info { placement_cloud: "cloud1" placement_region: "datacenter1" placement_zone: "rack1" } } peers { permanent_uuid: "6b460ba950654300b6c50d93f25aea31" member_type: VOTER last_known_private_addr { host: "127.0.0.2" port: 9100 } cloud_info { placement_cloud: "cloud1" placement_region: "datacenter1" placement_zone: "rack1" } } peers { permanent_uuid: "d5c37cb1777946179e6692ee5e504715" member_type: VOTER last_known_private_addr { host: "127.0.0.1" port: 9100 } cloud_info { placement_cloud: "cloud1" placement_region: "datacenter1" placement_zone: "rack1" } } }, prev_cstate=current_term: 1 leader_uuid: "23d881032c1249bd803e401a539be0e2" config { opid_index: -1 peers { permanent_uuid: "23d881032c1249bd803e401a539be0e2" member_type: VOTER last_known_private_addr { host: "127.0.0.3" port: 9100 } cloud_info { placement_cloud: "cloud1" placement_region: "datacenter1" placement_zone: "rack1" } } peers { permanent_uuid: "6b460ba950654300b6c50d93f25aea31" member_type: VOTER last_known_private_addr { host: "127.0.0.2" port: 9100 } cloud_info { placement_cloud: "cloud1" placement_region: "datacenter1" placement_zone: "rack1" } } peers { permanent_uuid: "d5c37cb1777946179e6692ee5e504715" member_type: VOTER last_known_private_addr { host: "127.0.0.1" port: 9100 } cloud_info { placement_cloud: "cloud1" placement_region: "datacenter1" placement_zone: "rack1" } } }
W1009 23:16:56.979944 166682624 master_heartbeat_service.cc:987] Stale heartbeat for Tablet 1b3f2a4877404ba898e6ff9448cf4740 (table transactions [id=f80c17935cc9489ab3c6c05dceb25976]) on TS d5c37cb1777946179e6692ee5e504715 cstate=current_term: 0 config { opid_index: -1 peers { permanent_uuid: "23d881032c1249bd803e401a539be0e2" member_type: VOTER last_known_private_addr { host: "127.0.0.3" port: 9100 } cloud_info { placement_cloud: "cloud1" placement_region: "datacenter1" placement_zone: "rack1" } } peers { permanent_uuid: "6b460ba950654300b6c50d93f25aea31" member_type: VOTER last_known_private_addr { host: "127.0.0.2" port: 9100 } cloud_info { placement_cloud: "cloud1" placement_region: "datacenter1" placement_zone: "rack1" } } peers { permanent_uuid: "d5c37cb1777946179e6692ee5e504715" member_type: VOTER last_known_private_addr { host: "127.0.0.1" port: 9100 } cloud_info { placement_cloud: "cloud1" placement_region: "datacenter1" placement_zone: "rack1" } } }, prev_cstate=current_term: 1 leader_uuid: "23d881032c1249bd803e401a539be0e2" config { opid_index: -1 peers { permanent_uuid: "23d881032c1249bd803e401a539be0e2" member_type: VOTER last_known_private_addr { host: "127.0.0.3" port: 9100 } cloud_info { placement_cloud: "cloud1" placement_region: "datacenter1" placement_zone: "rack1" } } peers { permanent_uuid: "6b460ba950654300b6c50d93f25aea31" member_type: VOTER last_known_private_addr { host: "127.0.0.2" port: 9100 } cloud_info { placement_cloud: "cloud1" placement_region: "datacenter1" placement_zone: "rack1" } } peers { permanent_uuid: "d5c37cb1777946179e6692ee5e504715" member_type: VOTER last_known_private_addr { host: "127.0.0.1" port: 9100 } cloud_info { placement_cloud: "cloud1" placement_region: "datacenter1" placement_zone: "rack1" } } }
W1009 23:16:57.014539 159707136 master_heartbeat_service.cc:987] Stale heartbeat for Tablet 9b45d3f9024e43b58a591ec35594430e (table transactions [id=f80c17935cc9489ab3c6c05dceb25976]) on TS 6b460ba950654300b6c50d93f25aea31 cstate=current_term: 0 config { opid_index: -1 peers { permanent_uuid: "23d881032c1249bd803e401a539be0e2" member_type: VOTER last_known_private_addr { host: "127.0.0.3" port: 9100 } cloud_info { placement_cloud: "cloud1" placement_region: "datacenter1" placement_zone: "rack1" } } peers { permanent_uuid: "6b460ba950654300b6c50d93f25aea31" member_type: VOTER last_known_private_addr { host: "127.0.0.2" port: 9100 } cloud_info { placement_cloud: "cloud1" placement_region: "datacenter1" placement_zone: "rack1" } } peers { permanent_uuid: "d5c37cb1777946179e6692ee5e504715" member_type: VOTER last_known_private_addr { host: "127.0.0.1" port: 9100 } cloud_info { placement_cloud: "cloud1" placement_region: "datacenter1" placement_zone: "rack1" } } }, prev_cstate=current_term: 1 leader_uuid: "23d881032c1249bd803e401a539be0e2" config { opid_index: -1 peers { permanent_uuid: "23d881032c1249bd803e401a539be0e2" member_type: VOTER last_known_private_addr { host: "127.0.0.3" port: 9100 } cloud_info { placement_cloud: "cloud1" placement_region: "datacenter1" placement_zone: "rack1" } } peers { permanent_uuid: "6b460ba950654300b6c50d93f25aea31" member_type: VOTER last_known_private_addr { host: "127.0.0.2" port: 9100 } cloud_info { placement_cloud: "cloud1" placement_region: "datacenter1" placement_zone: "rack1" } } peers { permanent_uuid: "d5c37cb1777946179e6692ee5e504715" member_type: VOTER last_known_private_addr { host: "127.0.0.1" port: 9100 } cloud_info { placement_cloud: "cloud1" placement_region: "datacenter1" placement_zone: "rack1" } } }
W1009 23:16:57.014900 159707136 master_heartbeat_service.cc:987] Stale heartbeat for Tablet f5bd6014d733492eac6dd2cfba061381 (table transactions [id=f80c17935cc9489ab3c6c05dceb25976]) on TS 6b460ba950654300b6c50d93f25aea31 cstate=current_term: 0 config { opid_index: -1 peers { permanent_uuid: "23d881032c1249bd803e401a539be0e2" member_type: VOTER last_known_private_addr { host: "127.0.0.3" port: 9100 } cloud_info { placement_cloud: "cloud1" placement_region: "datacenter1" placement_zone: "rack1" } } peers { permanent_uuid: "6b460ba950654300b6c50d93f25aea31" member_type: VOTER last_known_private_addr { host: "127.0.0.2" port: 9100 } cloud_info { placement_cloud: "cloud1" placement_region: "datacenter1" placement_zone: "rack1" } } peers { permanent_uuid: "d5c37cb1777946179e6692ee5e504715" member_type: VOTER last_known_private_addr { host: "127.0.0.1" port: 9100 } cloud_info { placement_cloud: "cloud1" placement_region: "datacenter1" placement_zone: "rack1" } } }, prev_cstate=current_term: 1 leader_uuid: "d5c37cb1777946179e6692ee5e504715" config { opid_index: -1 peers { permanent_uuid: "23d881032c1249bd803e401a539be0e2" member_type: VOTER last_known_private_addr { host: "127.0.0.3" port: 9100 } cloud_info { placement_cloud: "cloud1" placement_region: "datacenter1" placement_zone: "rack1" } } peers { permanent_uuid: "6b460ba950654300b6c50d93f25aea31" member_type: VOTER last_known_private_addr { host: "127.0.0.2" port: 9100 } cloud_info { placement_cloud: "cloud1" placement_region: "datacenter1" placement_zone: "rack1" } } peers { permanent_uuid: "d5c37cb1777946179e6692ee5e504715" member_type: VOTER last_known_private_addr { host: "127.0.0.1" port: 9100 } cloud_info { placement_cloud: "cloud1" placement_region: "datacenter1" placement_zone: "rack1" } } }
W1009 23:16:57.016044 164536320 master_heartbeat_service.cc:987] Stale heartbeat for Tablet 60dd6403c44b41109fa083272368d0d0 (table transactions [id=f80c17935cc9489ab3c6c05dceb25976]) on TS d5c37cb1777946179e6692ee5e504715 cstate=current_term: 0 config { opid_index: -1 peers { permanent_uuid: "23d881032c1249bd803e401a539be0e2" member_type: VOTER last_known_private_addr { host: "127.0.0.3" port: 9100 } cloud_info { placement_cloud: "cloud1" placement_region: "datacenter1" placement_zone: "rack1" } } peers { permanent_uuid: "6b460ba950654300b6c50d93f25aea31" member_type: VOTER last_known_private_addr { host: "127.0.0.2" port: 9100 } cloud_info { placement_cloud: "cloud1" placement_region: "datacenter1" placement_zone: "rack1" } } peers { permanent_uuid: "d5c37cb1777946179e6692ee5e504715" member_type: VOTER last_known_private_addr { host: "127.0.0.1" port: 9100 } cloud_info { placement_cloud: "cloud1" placement_region: "datacenter1" placement_zone: "rack1" } } }, prev_cstate=current_term: 1 leader_uuid: "23d881032c1249bd803e401a539be0e2" config { opid_index: -1 peers { permanent_uuid: "23d881032c1249bd803e401a539be0e2" member_type: VOTER last_known_private_addr { host: "127.0.0.3" port: 9100 } cloud_info { placement_cloud: "cloud1" placement_region: "datacenter1" placement_zone: "rack1" } } peers { permanent_uuid: "6b460ba950654300b6c50d93f25aea31" member_type: VOTER last_known_private_addr { host: "127.0.0.2" port: 9100 } cloud_info { placement_cloud: "cloud1" placement_region: "datacenter1" placement_zone: "rack1" } } peers { permanent_uuid: "d5c37cb1777946179e6692ee5e504715" member_type: VOTER last_known_private_addr { host: "127.0.0.1" port: 9100 } cloud_info { placement_cloud: "cloud1" placement_region: "datacenter1" placement_zone: "rack1" } } }
W1010 00:42:39.164119 157024256 yb_rpc.cc:532] Connection (0x0000000116a30518) client 127.0.0.1:49181 => 127.0.0.2:7100: Network error (yb/rpc/yb_rpc.cc:531): Rpc timeout, passed: 1204.835s, timeout: 15.000s, now: 167012.574s, last_read_time_: 165807.739s
W1010 00:42:39.164984 170975232 scoped_leader_shared_lock.cc:170] RPC took a long time (../../src/yb/master/catalog_manager_bg_tasks.cc:187, Run): 1.141s
W1010 00:42:39.165408 174731264 scoped_leader_shared_lock.cc:170] RPC took a long time (../../src/yb/master/catalog_manager.cc:2715, RefreshTablespaceInfoPeriodically): 1.134s
W1010 00:42:39.166237 154341376 yb_rpc.cc:532] Connection (0x000000011957d2d8) client 127.0.0.1:49293 => 127.0.0.3:7100: Network error (yb/rpc/yb_rpc.cc:531): Rpc timeout, passed: 1204.695s, timeout: 15.000s, now: 167012.574s, last_read_time_: 165807.879s
W1010 00:42:39.167264 154877952 yb_rpc.cc:532] Connection (0x0000000116a3d698) client 127.0.0.1:49295 => 127.0.0.3:7100: Network error (yb/rpc/yb_rpc.cc:531): Rpc timeout, passed: 1204.135s, timeout: 15.000s, now: 167012.574s, last_read_time_: 165808.439s
W1010 00:42:39.168061 156487680 yb_rpc.cc:532] Connection (0x00000001166f03d8) client 127.0.0.1:49179 => 127.0.0.2:7100: Network error (yb/rpc/yb_rpc.cc:531): Rpc timeout, passed: 1205.235s, timeout: 15.000s, now: 167012.574s, last_read_time_: 165807.339s
W1010 00:42:39.169082 157024256 yb_rpc.cc:532] Connection (0x0000000119a29cd8) client 127.0.0.1:49283 => 127.0.0.3:7100: Network error (yb/rpc/yb_rpc.cc:531): Rpc timeout, passed: 1206.235s, timeout: 15.000s, now: 167012.574s, last_read_time_: 165806.339s
W1010 00:42:39.171494 154341376 yb_rpc.cc:532] Connection (0x0000000119a14b58) client 127.0.0.1:49186 => 127.0.0.2:7100: Network error (yb/rpc/yb_rpc.cc:531): Rpc timeout, passed: 1203.395s, timeout: 15.000s, now: 167012.574s, last_read_time_: 165809.179s
W1010 00:42:39.171835 155951104 yb_rpc.cc:532] Connection (0x0000000118e54298) client 127.0.0.1:49297 => 127.0.0.3:7100: Network error (yb/rpc/yb_rpc.cc:531): Rpc timeout, passed: 1202.995s, timeout: 15.000s, now: 167012.574s, last_read_time_: 165809.578s
W1010 00:42:39.173012 154877952 yb_rpc.cc:532] Connection (0x000000011665de18) client 127.0.0.1:49195 => 127.0.0.2:7100: Network error (yb/rpc/yb_rpc.cc:531): Rpc timeout, passed: 1202.935s, timeout: 15.000s, now: 167012.574s, last_read_time_: 165809.639s
W1010 00:42:39.175093 155414528 yb_rpc.cc:532] Connection (0x0000000119dd4f18) client 127.0.0.1:49296 => 127.0.0.3:7100: Network error (yb/rpc/yb_rpc.cc:531): Rpc timeout, passed: 1203.594s, timeout: 15.000s, now: 167012.574s, last_read_time_: 165808.980s
W1010 00:42:39.175164 156487680 yb_rpc.cc:532] Connection (0x0000000119a2c3d8) client 127.0.0.1:49282 => 127.0.0.3:7100: Network error (yb/rpc/yb_rpc.cc:531): Rpc timeout, passed: 1202.435s, timeout: 15.000s, now: 167012.574s, last_read_time_: 165810.139s
W1010 00:42:39.178468 155951104 yb_rpc.cc:532] Connection (0x0000000118e74158) client 127.0.0.1:64737 => 127.0.0.2:7100: Network error (yb/rpc/yb_rpc.cc:531): Rpc timeout, passed: 1205.693s, timeout: 15.000s, now: 167012.574s, last_read_time_: 165806.880s
W1010 00:42:39.180037 155414528 yb_rpc.cc:532] Connection (0x0000000118e74f18) client 127.0.0.1:64734 => 127.0.0.2:7100: Network error (yb/rpc/yb_rpc.cc:531): Rpc timeout, passed: 1202.395s, timeout: 15.000s, now: 167012.574s, last_read_time_: 165810.179s
W1010 00:42:39.180824 153804800 yb_rpc.cc:532] Connection (0x000000011958c3d8) client 127.0.0.1:49291 => 127.0.0.3:7100: Network error (yb/rpc/yb_rpc.cc:531): Rpc timeout, passed: 1205.093s, timeout: 15.000s, now: 167012.573s, last_read_time_: 165807.480s
W1010 00:42:39.182340 153804800 yb_rpc.cc:532] Connection (0x0000000116a30298) client 127.0.0.1:49185 => 127.0.0.2:7100: Network error (yb/rpc/yb_rpc.cc:531): Rpc timeout, passed: 1203.795s, timeout: 15.000s, now: 167012.573s, last_read_time_: 165808.778s
W1010 00:42:39.182646 157560832 yb_rpc.cc:532] Connection (0x0000000119581558) client 127.0.0.1:49184 => 127.0.0.2:7100: Network error (yb/rpc/yb_rpc.cc:531): Rpc timeout, passed: 1204.395s, timeout: 15.000s, now: 167012.574s, last_read_time_: 165808.179s
W1010 00:42:39.183420 157560832 yb_rpc.cc:532] Connection (0x0000000119a2c8d8) client 127.0.0.1:49290 => 127.0.0.3:7100: Network error (yb/rpc/yb_rpc.cc:531): Rpc timeout, passed: 1205.694s, timeout: 15.000s, now: 167012.574s, last_read_time_: 165806.880s
W1010 01:22:10.058923 154877952 yb_rpc.cc:532] Connection (0x0000000116a3d698) client 127.0.0.1:51922 => 127.0.0.2:7100: Network error (yb/rpc/yb_rpc.cc:531): Rpc timeout, passed: 2342.750s, timeout: 15.000s, now: 169384.583s, last_read_time_: 167041.832s
W1010 01:22:11.155768 154877952 yb_rpc.cc:532] Connection (0x000000011665de18) client 127.0.0.1:51909 => 127.0.0.3:7100: Network error (yb/rpc/yb_rpc.cc:531): Rpc timeout, passed: 2342.552s, timeout: 15.000s, now: 169384.583s, last_read_time_: 167042.030s
W1010 01:22:11.168670 154341376 yb_rpc.cc:532] Connection (0x000000011957d2d8) client 127.0.0.1:51910 => 127.0.0.2:7100: Network error (yb/rpc/yb_rpc.cc:531): Rpc timeout, passed: 2342.651s, timeout: 15.000s, now: 169384.580s, last_read_time_: 167041.929s
W1010 01:22:11.169557 154877952 yb_rpc.cc:532] Connection (0x000000011957b918) client 127.0.0.1:51943 => 127.0.0.1:7100: Network error (yb/rpc/yb_rpc.cc:531): Rpc timeout, passed: 2342.552s, timeout: 15.000s, now: 169384.583s, last_read_time_: 167042.030s
W1010 01:22:11.181373 154341376 yb_rpc.cc:532] Connection (0x0000000119580518) client 127.0.0.1:51935 => 127.0.0.1:7100: Network error (yb/rpc/yb_rpc.cc:531): Rpc timeout, passed: 2342.551s, timeout: 15.000s, now: 169384.580s, last_read_time_: 167042.028s
W1010 01:22:11.182564 157560832 yb_rpc.cc:532] Connection (0x0000000119a11418) client 127.0.0.1:51944 => 127.0.0.3:7100: Network error (yb/rpc/yb_rpc.cc:531): Rpc timeout, passed: 2342.551s, timeout: 15.000s, now: 169384.586s, last_read_time_: 167042.035s
W1010 01:22:11.182695 157024256 yb_rpc.cc:532] Connection (0x0000000119a29cd8) client 127.0.0.1:51760 => 127.0.0.3:7100: Network error (yb/rpc/yb_rpc.cc:531): Rpc timeout, passed: 2342.657s, timeout: 15.000s, now: 169384.586s, last_read_time_: 167041.929s
W1010 01:22:11.182832 153804800 yb_rpc.cc:532] Connection (0x0000000119585198) client 127.0.0.1:51941 => 127.0.0.3:7100: Network error (yb/rpc/yb_rpc.cc:531): Rpc timeout, passed: 2342.740s, timeout: 15.000s, now: 169384.576s, last_read_time_: 167041.836s
W1010 01:22:11.183009 154341376 yb_rpc.cc:532] Connection (0x0000000119a14b58) client 127.0.0.1:51903 => 127.0.0.3:7100: Network error (yb/rpc/yb_rpc.cc:531): Rpc timeout, passed: 2342.651s, timeout: 15.000s, now: 169384.580s, last_read_time_: 167041.929s
W1010 01:22:11.183831 157024256 yb_rpc.cc:532] Connection (0x0000000119583918) client 127.0.0.1:51940 => 127.0.0.2:7100: Network error (yb/rpc/yb_rpc.cc:531): Rpc timeout, passed: 2342.657s, timeout: 15.000s, now: 169384.586s, last_read_time_: 167041.929s
W1010 01:22:11.183992 153804800 yb_rpc.cc:532] Connection (0x0000000116a30298) client 127.0.0.1:51904 => 127.0.0.2:7100: Network error (yb/rpc/yb_rpc.cc:531): Rpc timeout, passed: 2342.641s, timeout: 15.000s, now: 169384.576s, last_read_time_: 167041.935s
W1010 01:22:11.184545 157024256 yb_rpc.cc:532] Connection (0x0000000119a29698) client 127.0.0.1:51920 => 127.0.0.1:7100: Network error (yb/rpc/yb_rpc.cc:531): Rpc timeout, passed: 2342.457s, timeout: 15.000s, now: 169384.586s, last_read_time_: 167042.128s
W1010 01:22:11.184671 153804800 yb_rpc.cc:532] Connection (0x00000001195abcd8) client 127.0.0.1:51934 => 127.0.0.1:7100: Network error (yb/rpc/yb_rpc.cc:531): Rpc timeout, passed: 2342.541s, timeout: 15.000s, now: 169384.576s, last_read_time_: 167042.035s
W1010 01:22:11.185317 155414528 yb_rpc.cc:532] Connection (0x0000000119dd4f18) client 127.0.0.1:51923 => 127.0.0.3:7100: Network error (yb/rpc/yb_rpc.cc:531): Rpc timeout, passed: 2342.650s, timeout: 15.000s, now: 169384.583s, last_read_time_: 167041.933s
W1010 01:22:11.185424 155414528 yb_rpc.cc:532] Connection (0x00000001195e1cd8) client 127.0.0.1:51925 => 127.0.0.2:7100: Network error (yb/rpc/yb_rpc.cc:531): Rpc timeout, passed: 2342.650s, timeout: 15.000s, now: 169384.583s, last_read_time_: 167041.933s
W1010 01:22:11.185508 155414528 yb_rpc.cc:532] Connection (0x00000001195de158) client 127.0.0.1:51942 => 127.0.0.1:7100: Network error (yb/rpc/yb_rpc.cc:531): Rpc timeout, passed: 2342.450s, timeout: 15.000s, now: 169384.583s, last_read_time_: 167042.132s
W1010 01:22:11.186086 155951104 yb_rpc.cc:532] Connection (0x0000000118e74158) client 127.0.0.1:51761 => 127.0.0.2:7100: Network error (yb/rpc/yb_rpc.cc:531): Rpc timeout, passed: 2342.652s, timeout: 15.000s, now: 169384.585s, last_read_time_: 167041.933s
W1010 01:22:11.186210 157560832 yb_rpc.cc:532] Connection (0x0000000119581a58) client 127.0.0.1:51945 => 127.0.0.2:7100: Network error (yb/rpc/yb_rpc.cc:531): Rpc timeout, passed: 2342.650s, timeout: 15.000s, now: 169384.586s, last_read_time_: 167041.935s
W1010 01:22:11.189586 155951104 yb_rpc.cc:532] Connection (0x0000000118e55698) client 127.0.0.1:51921 => 127.0.0.3:7100: Network error (yb/rpc/yb_rpc.cc:531): Rpc timeout, passed: 2342.553s, timeout: 15.000s, now: 169384.585s, last_read_time_: 167042.032s
W1010 01:22:11.191139 156487680 yb_rpc.cc:532] Connection (0x0000000119a2c3d8) client 127.0.0.1:51908 => 127.0.0.1:7100: Network error (yb/rpc/yb_rpc.cc:531): Rpc timeout, passed: 2342.654s, timeout: 15.000s, now: 169384.586s, last_read_time_: 167041.931s
W1010 01:22:11.191462 157560832 yb_rpc.cc:532] Connection (0x0000000119a2c8d8) client 127.0.0.1:51924 => 127.0.0.1:7100: Network error (yb/rpc/yb_rpc.cc:531): Rpc timeout, passed: 2342.449s, timeout: 15.000s, now: 169384.586s, last_read_time_: 167042.136s
W1010 01:22:11.192158 155951104 yb_rpc.cc:532] Connection (0x0000000119a17e18) client 127.0.0.1:51902 => 127.0.0.1:7100: Network error (yb/rpc/yb_rpc.cc:531): Rpc timeout, passed: 2342.452s, timeout: 15.000s, now: 169384.585s, last_read_time_: 167042.132s
W1010 01:22:11.192603 156487680 yb_rpc.cc:532] Connection (0x0000000119a2c298) client 127.0.0.1:51937 => 127.0.0.2:7100: Network error (yb/rpc/yb_rpc.cc:531): Rpc timeout, passed: 2342.654s, timeout: 15.000s, now: 169384.586s, last_read_time_: 167041.931s
W1010 01:22:11.193696 156487680 yb_rpc.cc:532] Connection (0x00000001195c1698) client 127.0.0.1:51936 => 127.0.0.3:7100: Network error (yb/rpc/yb_rpc.cc:531): Rpc timeout, passed: 2342.654s, timeout: 15.000s, now: 169384.586s, last_read_time_: 167041.931s
W1010 01:22:14.386883 176877568 raft_consensus.cc:1397] Leader lease expiration was not set: Illegal state (yb/consensus/replica_state.cc:1413): NoOp of current term is not committed (majority_replicated_lease_expiration_ = -inf, majority_replicated_ht_lease_expiration_ = 0)
W1010 01:22:14.386986 176877568 replica_state.cc:805] T 00000000000000000000000000000000 P e8b222ca9c514c17b0c8c653014e9169 [term 6 LEADER]: Can't advance the committed index across term boundaries until operations from the current term are replicated. Last committed operation was: 4.633, New majority replicated is: 4.633, Current term is: 6
W1010 01:22:14.388968 176877568 raft_consensus.cc:1397] Leader lease expiration was not set: Illegal state (yb/consensus/replica_state.cc:1413): NoOp of current term is not committed (majority_replicated_lease_expiration_ = -inf, majority_replicated_ht_lease_expiration_ = 0)
W1010 01:22:14.393796 176340992 permissions_manager.cc:1064] Multiple security configs found when loading sys catalog
W1010 01:22:14.421864 159707136 client_master_rpc.cc:92] ListTables: Leader Master has changed (127.0.0.2:7100 is no longer the leader), re-trying...
W1010 01:22:14.442272 163999744 master_heartbeat_service.cc:629] Invalid tablet report from 23d881032c1249bd803e401a539be0e2: Received an incremental tablet report when a full one was needed
W1010 01:22:14.445693 164536320 master_heartbeat_service.cc:629] Invalid tablet report from 6b460ba950654300b6c50d93f25aea31: Received an incremental tablet report when a full one was needed
W1010 01:22:14.723409 173121536 master_heartbeat_service.cc:629] Invalid tablet report from d5c37cb1777946179e6692ee5e504715: Received an incremental tablet report when a full one was needed
W1010 06:15:26.061771 157024256 yb_rpc.cc:532] Connection (0x0000000119a29698) client 127.0.0.1:52030 => 127.0.0.2:7100: Network error (yb/rpc/yb_rpc.cc:531): Rpc timeout, passed: 17590.571s, timeout: 15.000s, now: 186980.009s, last_read_time_: 169389.437s
W1010 06:15:26.072917 155951104 yb_rpc.cc:532] Connection (0x0000000119a17e18) client 127.0.0.1:52109 => 127.0.0.2:7100: Network error (yb/rpc/yb_rpc.cc:531): Rpc timeout, passed: 17591.170s, timeout: 15.000s, now: 186980.116s, last_read_time_: 169388.945s
W1010 06:15:26.072937 157024256 yb_rpc.cc:532] Connection (0x0000000119a29cd8) client 127.0.0.1:52111 => 127.0.0.3:7100: Network error (yb/rpc/yb_rpc.cc:531): Rpc timeout, passed: 17591.072s, timeout: 15.000s, now: 186980.009s, last_read_time_: 169388.936s
W1010 06:15:26.074762 155951104 yb_rpc.cc:532] Connection (0x0000000119fd92d8) client 127.0.0.1:52114 => 127.0.0.3:7100: Network error (yb/rpc/yb_rpc.cc:531): Rpc timeout, passed: 17591.170s, timeout: 15.000s, now: 186980.116s, last_read_time_: 169388.945s
W1010 06:15:26.074890 153804800 yb_rpc.cc:532] Connection (0x00000001195abcd8) client 127.0.0.1:52036 => 127.0.0.3:7100: Network error (yb/rpc/yb_rpc.cc:531): Rpc timeout, passed: 17590.733s, timeout: 15.000s, now: 186980.071s, last_read_time_: 169389.337s
W1010 06:15:26.074981 157024256 yb_rpc.cc:532] Connection (0x00000001195abe18) client 127.0.0.1:52150 => 127.0.0.1:7100: Network error (yb/rpc/yb_rpc.cc:531): Rpc timeout, passed: 17591.072s, timeout: 15.000s, now: 186980.009s, last_read_time_: 169388.936s
W1010 06:15:26.075058 154877952 yb_rpc.cc:532] Connection (0x000000011957b918) client 127.0.0.1:52106 => 127.0.0.3:7100: Network error (yb/rpc/yb_rpc.cc:531): Rpc timeout, passed: 17591.145s, timeout: 15.000s, now: 186980.079s, last_read_time_: 169388.933s
W1010 06:15:26.075493 155414528 yb_rpc.cc:532] Connection (0x00000001195de158) client 127.0.0.1:52107 => 127.0.0.3:7100: Network error (yb/rpc/yb_rpc.cc:531): Rpc timeout, passed: 17591.177s, timeout: 15.000s, now: 186980.114s, last_read_time_: 169388.937s
W1010 06:15:26.075656 155951104 yb_rpc.cc:532] Connection (0x0000000119fd9198) client 127.0.0.1:52142 => 127.0.0.1:7100: Network error (yb/rpc/yb_rpc.cc:531): Rpc timeout, passed: 17591.170s, timeout: 15.000s, now: 186980.116s, last_read_time_: 169388.945s
W1010 06:15:26.075851 153804800 yb_rpc.cc:532] Connection (0x0000000116a30298) client 127.0.0.1:52105 => 127.0.0.2:7100: Network error (yb/rpc/yb_rpc.cc:531): Rpc timeout, passed: 17591.134s, timeout: 15.000s, now: 186980.071s, last_read_time_: 169388.936s
W1010 06:15:26.076509 154877952 yb_rpc.cc:532] Connection (0x000000011665de18) client 127.0.0.1:52115 => 127.0.0.2:7100: Network error (yb/rpc/yb_rpc.cc:531): Rpc timeout, passed: 17591.145s, timeout: 15.000s, now: 186980.079s, last_read_time_: 169388.933s
W1010 06:15:26.076913 155414528 yb_rpc.cc:532] Connection (0x0000000116a31558) client 127.0.0.1:52128 => 127.0.0.2:7100: Network error (yb/rpc/yb_rpc.cc:531): Rpc timeout, passed: 17591.177s, timeout: 15.000s, now: 186980.114s, last_read_time_: 169388.937s
W1010 06:15:26.078791 153804800 yb_rpc.cc:532] Connection (0x0000000119585198) client 127.0.0.1:52112 => 127.0.0.1:7100: Network error (yb/rpc/yb_rpc.cc:531): Rpc timeout, passed: 17591.134s, timeout: 15.000s, now: 186980.071s, last_read_time_: 169388.936s
W1010 06:15:26.078927 154877952 yb_rpc.cc:532] Connection (0x0000000116a3d698) client 127.0.0.1:52130 => 127.0.0.1:7100: Network error (yb/rpc/yb_rpc.cc:531): Rpc timeout, passed: 17591.145s, timeout: 15.000s, now: 186980.079s, last_read_time_: 169388.933s
W1010 06:15:26.079658 155414528 yb_rpc.cc:532] Connection (0x00000001195c92d8) client 127.0.0.1:52129 => 127.0.0.1:7100: Network error (yb/rpc/yb_rpc.cc:531): Rpc timeout, passed: 17591.177s, timeout: 15.000s, now: 186980.114s, last_read_time_: 169388.937s
W1010 06:15:26.084167 156487680 yb_rpc.cc:532] Connection (0x00000001195c1698) client 127.0.0.1:52006 => 127.0.0.2:7100: Network error (yb/rpc/yb_rpc.cc:531): Rpc timeout, passed: 17591.170s, timeout: 15.000s, now: 186980.116s, last_read_time_: 169388.945s
W1010 06:15:26.101853 156487680 yb_rpc.cc:532] Connection (0x0000000119a2c3d8) client 127.0.0.1:52110 => 127.0.0.3:7100: Network error (yb/rpc/yb_rpc.cc:531): Rpc timeout, passed: 17591.170s, timeout: 15.000s, now: 186980.116s, last_read_time_: 169388.945s
W1010 06:15:26.102882 156487680 yb_rpc.cc:532] Connection (0x000000011958cf18) client 127.0.0.1:52141 => 127.0.0.1:7100: Network error (yb/rpc/yb_rpc.cc:531): Rpc timeout, passed: 17591.170s, timeout: 15.000s, now: 186980.116s, last_read_time_: 169388.945s
W1010 06:15:26.103332 156487680 yb_rpc.cc:532] Connection (0x00000001195ab7d8) client 127.0.0.1:52172 => 127.0.0.1:9100: Network error (yb/rpc/yb_rpc.cc:531): Rpc timeout, passed: 17591.170s, timeout: 15.000s, now: 186980.116s, last_read_time_: 169388.945s
W1010 06:15:26.104310 157560832 yb_rpc.cc:532] Connection (0x0000000119a2c8d8) client 127.0.0.1:52005 => 127.0.0.3:7100: Network error (yb/rpc/yb_rpc.cc:531): Rpc timeout, passed: 17591.151s, timeout: 15.000s, now: 186980.096s, last_read_time_: 169388.944s
W1010 06:15:26.104674 157560832 yb_rpc.cc:532] Connection (0x0000000119581a58) client 127.0.0.1:52103 => 127.0.0.2:7100: Network error (yb/rpc/yb_rpc.cc:531): Rpc timeout, passed: 17591.151s, timeout: 15.000s, now: 186980.096s, last_read_time_: 169388.944s
W1010 06:15:26.104946 157560832 yb_rpc.cc:532] Connection (0x0000000116604c98) client 127.0.0.1:52152 => 127.0.0.1:7100: Network error (yb/rpc/yb_rpc.cc:531): Rpc timeout, passed: 17591.151s, timeout: 15.000s, now: 186980.096s, last_read_time_: 169388.944s
