Log file created at: 2024/10/09 23:11:56
Current UTC time: 2024/10/09 17:41:56
Running on machine: NAG-MAC.local
Application fingerprint: version 2.23.0.0 build 710 revision a31a4eba31527467192adc816e771ac09c28bb1a build_type RELEASE built at 30 Aug 2024 20:38:52 GMT
Running duration (h:mm:ss): 0:00:00
Log line format: [IWEF]mmdd hh:mm:ss.uuuuuu threadid file:line] msg
I1009 23:11:56.116092 448443904 server_main_util.cc:163] NumCPUs determined to be: 8
I1009 23:11:56.117113 448443904 server_main_util.cc:101] Total available RAM is 16.000000 GiB
I1009 23:11:56.117137 448443904 server_main_util.cc:90] Setting flag db_block_cache_size_percentage to recommended value -3
I1009 23:11:56.117157 448443904 server_main_util.cc:92] Setting flag default_memory_limit_to_ram_ratio to recommended value 0.1
I1009 23:11:56.117179 448443904 server_main_util.cc:94] Setting flag tablet_overhead_size_percentage to recommended value 0
I1009 23:11:56.117204 448443904 mem_tracker.cc:265] Creating root MemTracker with garbage collection threshold 17179869 bytes
I1009 23:11:56.117218 448443904 mem_tracker.cc:269] Root memory limit is 1717986918
I1009 23:11:56.117249 448443904 tcmalloc_util.cc:231] Setting tcmalloc max thread cache bytes to: 42949672
I1009 23:11:56.117267 448443904 tcmalloc_util.cc:264] Setting TCMalloc profiler sampling frequency to 1048576 bytes
I1009 23:11:56.117355 448443904 server_base_options.cc:165] Updating master addrs to {127.0.0.1:7100},{127.0.0.2:7100},{127.0.0.3:7100}
I1009 23:11:56.117383 448443904 server_base_options.cc:165] Updating master addrs to {127.0.0.1:7100},{127.0.0.2:7100},{127.0.0.3:7100}
I1009 23:11:56.117416 448443904 server_base_options.cc:165] Updating master addrs to {127.0.0.1:7100},{127.0.0.2:7100},{127.0.0.3:7100}
I1009 23:11:56.117537 448443904 shared_mem.cc:158] Using directory /tmp to store shared memory objects
I1009 23:11:56.118500 448443904 mem_tracker.cc:805] MemTracker: hard memory limit is 1.600000 GB
I1009 23:11:56.118525 448443904 mem_tracker.cc:807] MemTracker: soft memory limit is 1.360000 GB
I1009 23:11:56.118681 448443904 thread_pool.cc:178] Starting thread pool { name: raft_notifications max_workers: 18446744073709551615 }
I1009 23:11:56.119189 448443904 server_base_options.cc:165] Updating master addrs to {127.0.0.1:7100},{127.0.0.2:7100},{127.0.0.3:7100}
I1009 23:11:56.119369 448443904 rpc_server.cc:84] yb::server::RpcServer created at 0x113e512c0
I1009 23:11:56.119395 448443904 master.cc:180] yb::master::Master created at 0x7ff7b3638798
I1009 23:11:56.119408 448443904 master.cc:181] yb::master::TSManager created at 0x113e9b400
I1009 23:11:56.119421 448443904 master.cc:182] yb::master::CatalogManager created at 0x114e28000
I1009 23:11:56.119469 448443904 master_main.cc:138] Initializing master server...
I1009 23:11:56.122700 448443904 server_base.cc:533] Could not load existing FS layout: Not found (yb/fs/fs_manager.cc:402): Metadata wasn't found
I1009 23:11:56.122776 448443904 server_base.cc:534] Creating new FS layout
I1009 23:11:56.124071 448443904 fs_manager.cc:636] Generated new instance metadata in path /Users/nag/yb/yugabyte-data/node1/yb-data/master/instance:
uuid: "e8b222ca9c514c17b0c8c653014e9169"
format_stamp: "Formatted at 2024-10-09 17:41:56 on NAG-MAC.local"
initdb_done_set_after_sys_catalog_restore: true
I1009 23:11:56.124992 448443904 fs_manager.cc:415] Opened local filesystem: /Users/nag/yb/yugabyte-data/node1
uuid: "e8b222ca9c514c17b0c8c653014e9169"
format_stamp: "Formatted at 2024-10-09 17:41:56 on NAG-MAC.local"
initdb_done_set_after_sys_catalog_restore: true
W1009 23:11:56.125146 448443904 hybrid_clock.cc:131] HybridClock initialized in local mode (OS X only). Not suitable for distributed clusters.
I1009 23:11:56.125427 448443904 server_base.cc:286] Auto setting FLAGS_num_reactor_threads to 8
I1009 23:11:56.125456 448443904 secure.cc:138] SetupSecureContext: kInternal, 0
I1009 23:11:56.125963 448443904 thread_pool.cc:178] Starting thread pool { name: Master max_workers: 1024 }
I1009 23:11:56.127120 448443904 master_auto_flags_manager.cc:287] Creating AutoFlags configuration for new cluster.
I1009 23:11:56.127156 448443904 master_auto_flags_manager.cc:299] Promoting AutoFlags. max_flag_class: kNewInstallsOnly, promote_non_runtime: 1
I1009 23:11:56.127604 448443904 auto_flags_manager_base.cc:297] Storing new AutoFlags config: config_version: 1 promoted_flags { process_name: "yb-master" flags: "TEST_auto_flags_initialized" flags: "TEST_auto_flags_new_install" flags: "cdc_enable_postgres_replica_identity" flags: "cdc_write_post_apply_metadata" flags: "cdcsdk_enable_dynamic_tables_disable_option" flags: "cdcsdk_enable_identification_of_non_eligible_tables" flags: "enable_automatic_tablet_splitting" flags: "enable_flush_retryable_requests" flags: "enable_object_retention_due_to_snapshots" flags: "enable_tablet_split_of_xcluster_replicated_tables" flags: "enable_xcluster_api_v2" flags: "enable_xcluster_auto_flag_validation" flags: "master_enable_universe_uuid_heartbeat_check" flags: "regular_tablets_data_block_key_value_encoding" flags: "remote_bootstrap_from_leader_only" flags: "save_index_into_wal_segments" flags: "use_parent_table_id_field" flags: "xcluster_enable_subtxn_abort_propagation" flags: "yb_enable_cdc_consistent_snapshot_streams" flags: "ycql_allow_cassandra_drop" flags: "ysql_enable_packed_row" flags: "ysql_skip_row_lock_for_update" flags: "ysql_yb_bypass_cond_recheck" flags: "ysql_yb_enable_add_column_missing_default" flags: "ysql_yb_enable_alter_table_rewrite" flags: "ysql_yb_enable_ddl_atomicity_infra" flags: "ysql_yb_enable_expression_pushdown" flags: "ysql_yb_enable_hash_batch_in" flags: "ysql_yb_enable_index_aggregate_pushdown" flags: "ysql_yb_enable_pg_locks" flags: "ysql_yb_enable_replica_identity" flags: "ysql_yb_enable_replication_commands" flags: "ysql_yb_enable_replication_slot_consumption" flags: "ysql_yb_enable_saop_pushdown" flags: "ysql_yb_enable_sequence_pushdown" flags: "ysql_yb_pushdown_is_not_null" flags: "ysql_yb_pushdown_strict_inequality" flag_infos { promoted_version: 1 } flag_infos { promoted_version: 1 } flag_infos { promoted_version: 1 } flag_infos { promoted_version: 1 } flag_infos { promoted_version: 1 } flag_infos { promoted_version: 1 } flag_infos { promoted_version: 1 } flag_infos { promoted_version: 1 } flag_infos { promoted_version: 1 } flag_infos { promoted_version: 1 } flag_infos { promoted_version: 1 } flag_infos { promoted_version: 1 } flag_infos { promoted_version: 1 } flag_infos { promoted_version: 1 } flag_infos { promoted_version: 1 } flag_infos { promoted_version: 1 } flag_infos { promoted_version: 1 } flag_infos { promoted_version: 1 } flag_infos { promoted_version: 1 } flag_infos { promoted_version: 1 } flag_infos { promoted_version: 1 } flag_infos { promoted_version: 1 } flag_infos { promoted_version: 1 } flag_infos { promoted_version: 1 } flag_infos { promoted_version: 1 } flag_infos { promoted_version: 1 } flag_infos { promoted_version: 1 } flag_infos { promoted_version: 1 } flag_infos { promoted_version: 1 } flag_infos { promoted_version: 1 } flag_infos { promoted_version: 1 } flag_infos { promoted_version: 1 } flag_infos { promoted_version: 1 } flag_infos { promoted_version: 1 } flag_infos { promoted_version: 1 } flag_infos { promoted_version: 1 } flag_infos { promoted_version: 1 } } promoted_flags { process_name: "yb-tserver" flags: "TEST_auto_flags_initialized" flags: "TEST_auto_flags_new_install" flags: "cdc_write_post_apply_metadata" flags: "enable_automatic_tablet_splitting" flags: "enable_flush_retryable_requests" flags: "enable_xcluster_auto_flag_validation" flags: "regular_tablets_data_block_key_value_encoding" flags: "remote_bootstrap_from_leader_only" flags: "save_index_into_wal_segments" flags: "xcluster_enable_subtxn_abort_propagation" flags: "yb_enable_cdc_consistent_snapshot_streams" flags: "ycql_suppress_group_by_error" flags: "ysql_enable_packed_row" flags: "ysql_skip_row_lock_for_update" flags: "ysql_yb_bypass_cond_recheck" flags: "ysql_yb_enable_add_column_missing_default" flags: "ysql_yb_enable_alter_table_rewrite" flags: "ysql_yb_enable_ddl_atomicity_infra" flags: "ysql_yb_enable_expression_pushdown" flags: "ysql_yb_enable_hash_batch_in" flags: "ysql_yb_enable_index_aggregate_pushdown" flags: "ysql_yb_enable_pg_locks" flags: "ysql_yb_enable_replica_identity" flags: "ysql_yb_enable_replication_commands" flags: "ysql_yb_enable_replication_slot_consumption" flags: "ysql_yb_enable_saop_pushdown" flags: "ysql_yb_enable_sequence_pushdown" flags: "ysql_yb_pushdown_is_not_null" flags: "ysql_yb_pushdown_strict_inequality" flag_infos { promoted_version: 1 } flag_infos { promoted_version: 1 } flag_infos { promoted_version: 1 } flag_infos { promoted_version: 1 } flag_infos { promoted_version: 1 } flag_infos { promoted_version: 1 } flag_infos { promoted_version: 1 } flag_infos { promoted_version: 1 } flag_infos { promoted_version: 1 } flag_infos { promoted_version: 1 } flag_infos { promoted_version: 1 } flag_infos { promoted_version: 1 } flag_infos { promoted_version: 1 } flag_infos { promoted_version: 1 } flag_infos { promoted_version: 1 } flag_infos { promoted_version: 1 } flag_infos { promoted_version: 1 } flag_infos { promoted_version: 1 } flag_infos { promoted_version: 1 } flag_infos { promoted_version: 1 } flag_infos { promoted_version: 1 } flag_infos { promoted_version: 1 } flag_infos { promoted_version: 1 } flag_infos { promoted_version: 1 } flag_infos { promoted_version: 1 } flag_infos { promoted_version: 1 } flag_infos { promoted_version: 1 } flag_infos { promoted_version: 1 } flag_infos { promoted_version: 1 } }
I1009 23:11:56.128463 448443904 fs_manager.cc:323] AutoFlags config stored in '/Users/nag/yb/yugabyte-data/node1/yb-data/master/auto_flags_config'.
I1009 23:11:56.128890 448443904 auto_flags_manager_base.cc:361] AutoFlags promoted: ysql_yb_pushdown_strict_inequality,ysql_yb_pushdown_is_not_null,ysql_yb_enable_sequence_pushdown,ysql_yb_enable_saop_pushdown,ysql_yb_enable_replication_slot_consumption,ysql_yb_enable_pg_locks,ysql_yb_enable_index_aggregate_pushdown,ysql_yb_enable_hash_batch_in,ysql_yb_enable_ddl_atomicity_infra,ysql_yb_enable_alter_table_rewrite,ysql_yb_enable_add_column_missing_default,ysql_yb_enable_replica_identity,ysql_enable_packed_row,ycql_allow_cassandra_drop,yb_enable_cdc_consistent_snapshot_streams,use_parent_table_id_field,TEST_auto_flags_initialized,ysql_yb_bypass_cond_recheck,remote_bootstrap_from_leader_only,enable_automatic_tablet_splitting,cdc_enable_postgres_replica_identity,enable_xcluster_api_v2,xcluster_enable_subtxn_abort_propagation,regular_tablets_data_block_key_value_encoding,enable_flush_retryable_requests,save_index_into_wal_segments,ysql_yb_enable_replication_commands,enable_tablet_split_of_xcluster_replicated_tables,cdcsdk_enable_identification_of_non_eligible_tables,master_enable_universe_uuid_heartbeat_check,cdcsdk_enable_dynamic_tables_disable_option,cdc_write_post_apply_metadata,enable_object_retention_due_to_snapshots,ysql_yb_enable_expression_pushdown,TEST_auto_flags_new_install,ysql_skip_row_lock_for_update,enable_xcluster_auto_flag_validation
I1009 23:11:56.146579 448443904 server_base.cc:269] Running on host: NAG-MAC.local
I1009 23:11:56.146744 448443904 master_main.cc:141] Starting Master server...
I1009 23:11:56.146751 158097408 async_client_initializer.cc:81] Starting to init ybclient
I1009 23:11:56.146770 448443904 ulimit_util.cc:212] Configured soft limit for cpu time is already larger than specified min value (unlimited vs. unlimited). Skipping.
I1009 23:11:56.146850 448443904 ulimit_util.cc:212] Configured soft limit for file size is already larger than specified min value (unlimited vs. unlimited). Skipping.
I1009 23:11:56.146865 448443904 ulimit_util.cc:212] Configured soft limit for data seg size is already larger than specified min value (unlimited vs. unlimited). Skipping.
I1009 23:11:56.146875 448443904 ulimit_util.cc:212] Configured soft limit for stack size is already larger than specified min value (8388608 vs. 8388608). Skipping.
I1009 23:11:56.146886 448443904 ulimit_util.cc:212] Configured soft limit for max memory size is already larger than specified min value (unlimited vs. unlimited). Skipping.
I1009 23:11:56.146896 448443904 ulimit_util.cc:212] Configured soft limit for max locked memory is already larger than specified min value (unlimited vs. 65536). Skipping.
I1009 23:11:56.146925 448443904 env_posix.cc:1568] Modifying limit for max user processes from 2784 to 4176
I1009 23:11:56.146939 448443904 env_posix.cc:1568] Modifying limit for open files from 8192 to 10240
I1009 23:11:56.146950 448443904 master_main.cc:143] ulimit cur(max)...
ulimit: core file size 0(unlimited) blks
ulimit: data seg size unlimited(unlimited) kb
ulimit: open files 10240(unlimited)
ulimit: file size unlimited(unlimited) blks
ulimit: max locked memory unlimited(unlimited) kb
ulimit: max memory size unlimited(unlimited) kb
ulimit: stack size 8192(65532) kb
ulimit: cpu time unlimited(unlimited) secs
ulimit: max user processes 2784(2784)
I1009 23:11:56.147348 448443904 service_pool.cc:149] yb.master.MasterService: yb::rpc::ServicePoolImpl created at 0x113e68fc0
I1009 23:11:56.147568 448443904 service_pool.cc:149] yb.master.MasterBackup: yb::rpc::ServicePoolImpl created at 0x113e68000
I1009 23:11:56.147734 448443904 service_pool.cc:149] yb.master.MasterService: yb::rpc::ServicePoolImpl created at 0x113e68b40
W1009 23:11:56.147764 159170560 catalog_manager.cc:1676] Failed to get current config: Illegal state (yb/master/catalog_manager.cc:11525): Node e8b222ca9c514c17b0c8c653014e9169 peer not initialized.
I1009 23:11:56.147815 159170560 client-internal.cc:2860] New master addresses: [127.0.0.1:7100,127.0.0.2:7100,127.0.0.3:7100]
I1009 23:11:56.148303 448443904 service_pool.cc:149] yb.master.MasterService: yb::rpc::ServicePoolImpl created at 0x113e68d80
I1009 23:11:56.148418 448443904 service_pool.cc:149] yb.master.MasterService: yb::rpc::ServicePoolImpl created at 0x113e68480
I1009 23:11:56.148474 157024256 tcp_stream.cc:329] { local: 127.0.0.1:63638 remote: 127.0.0.2:7100 }:  Recv failed: Network error (yb/util/net/socket.cc:540): recvmsg error: Connection refused (system error 61)
I1009 23:11:56.148962 448443904 service_pool.cc:149] yb.master.MasterService: yb::rpc::ServicePoolImpl created at 0x113e68900
I1009 23:11:56.149088 448443904 service_pool.cc:149] yb.master.MasterService: yb::rpc::ServicePoolImpl created at 0x113e69440
I1009 23:11:56.149145 448443904 service_pool.cc:149] yb.master.MasterService: yb::rpc::ServicePoolImpl created at 0x113e69680
I1009 23:11:56.150219 448443904 service_pool.cc:149] yb.master.MasterService: yb::rpc::ServicePoolImpl created at 0x113e698c0
I1009 23:11:56.150295 448443904 service_pool.cc:149] yb.master.MasterService: yb::rpc::ServicePoolImpl created at 0x113e69b00
I1009 23:11:56.150794 448443904 service_pool.cc:149] yb.tserver.TabletServerService: yb::rpc::ServicePoolImpl created at 0x113e69d40
I1009 23:11:56.151002 448443904 thread_pool.cc:178] Starting thread pool { name: Master-high-pri max_workers: 1024 }
I1009 23:11:56.151022 448443904 service_pool.cc:149] yb.consensus.ConsensusService: yb::rpc::ServicePoolImpl created at 0x1162fe240
I1009 23:11:56.151309 448443904 service_pool.cc:149] yb.tserver.RemoteBootstrapService: yb::rpc::ServicePoolImpl created at 0x1162fe480
I1009 23:11:56.152165 448443904 service_pool.cc:149] yb.tserver.PgClientService: yb::rpc::ServicePoolImpl created at 0x1162fe6c0
I1009 23:11:56.152184 160780288 async_client_initializer.cc:81] Starting to init ybclient
I1009 23:11:56.152307 448443904 webserver.cc:353] Starting webserver on 127.0.0.1:7000
I1009 23:11:56.152324 448443904 webserver.cc:362] Document root: /Users/nag/yb/yugabyte-2.23.0.0/www
I1009 23:11:56.152361 448443904 webserver.cc:348] Webserver listen spec is 127.0.0.1:7000
I1009 23:11:56.152487 448443904 webserver.cc:468] Webserver started. Bound to: http://127.0.0.1:7000/
I1009 23:11:56.152662 448443904 service_pool.cc:149] yb.server.GenericService: yb::rpc::ServicePoolImpl created at 0x1162fe900
I1009 23:11:56.152957 448443904 rpc_server.cc:167] RPC server started. Bound to: 127.0.0.1:7100
I1009 23:11:56.153177 448443904 db_server_base.cc:69] Node information: { hostname: 'NAG-MAC.local', rpc_ip: '127.0.0.1', webserver_ip: '127.0.0.1', uuid: 'e8b222ca9c514c17b0c8c653014e9169' }
I1009 23:11:56.153149 162926592 async_client_initializer.cc:81] Starting to init ybclient
I1009 23:11:56.153282 448443904 server_base.cc:598] Using private rpc address 127.0.0.1
I1009 23:11:56.153299 162390016 client-internal.cc:2860] New master addresses: [127.0.0.1:7100,127.0.0.2:7100,127.0.0.3:7100]
I1009 23:11:56.153354 448443904 server_base.cc:620] Using http address 127.0.0.1
I1009 23:11:56.153615 163463168 sys_catalog.cc:271] Trying to load previous SysCatalogTable data from disk
I1009 23:11:56.153681 163463168 catalog_manager.cc:2132] Did not find previous SysCatalogTable data on disk. Not found (yb/fs/fs_manager.cc:768): Metadata dir not found for tablet 00000000000000000000000000000000
I1009 23:11:56.153726 163463168 sys_catalog.cc:335] Creating new SysCatalogTable data
I1009 23:11:56.153831 163463168 fs_manager.cc:759] SetTabletPathByDataPath: Tablet 00000000000000000000000000000000 metadata path being set to /Users/nag/yb/yugabyte-data/node1/yb-data/master
W1009 23:11:56.154330 165072896 catalog_manager.cc:1676] Failed to get current config: Illegal state (yb/master/catalog_manager.cc:11525): Node e8b222ca9c514c17b0c8c653014e9169 peer not initialized.
I1009 23:11:56.154373 165072896 client-internal.cc:2860] New master addresses: [127.0.0.1:7100,127.0.0.2:7100,127.0.0.3:7100]
I1009 23:11:56.156422 163463168 sys_catalog.cc:387] Determining permanent_uuid for [127.0.0.1:7100]
I1009 23:11:56.157374 166146048 server_base.cc:598] Using private rpc address 127.0.0.1
I1009 23:11:56.157590 163463168 sys_catalog.cc:387] Determining permanent_uuid for [127.0.0.2:7100]
W1009 23:11:56.157822 163463168 consensus_peers.cc:797] Error getting permanent uuid from config peer [127.0.0.2:7100]: Network error (yb/util/net/socket.cc:540): recvmsg error: Connection refused (system error 61)
I1009 23:11:56.194404 163463168 consensus_peers.cc:810] Retrying to get permanent uuid for remote peer: [127.0.0.2:7100] attempt: 1
W1009 23:11:56.194648 163463168 consensus_peers.cc:797] Error getting permanent uuid from config peer [127.0.0.2:7100]: Network error (yb/util/net/socket.cc:540): recvmsg error: Connection refused (system error 61)
I1009 23:11:56.214680 157560832 tcp_stream.cc:329] { local: 127.0.0.1:63696 remote: 127.0.0.3:7100 }:  Recv failed: Network error (yb/util/net/socket.cc:540): recvmsg error: Connection refused (system error 61)
I1009 23:11:56.252399 163463168 consensus_peers.cc:810] Retrying to get permanent uuid for remote peer: [127.0.0.2:7100] attempt: 2
W1009 23:11:56.253211 163463168 consensus_peers.cc:797] Error getting permanent uuid from config peer [127.0.0.2:7100]: Network error (yb/util/net/socket.cc:540): recvmsg error: Connection refused (system error 61)
I1009 23:11:56.346410 157024256 tcp_stream.cc:329] { local: 127.0.0.1:63745 remote: 127.0.0.3:7100 }:  Recv failed: Network error (yb/util/net/socket.cc:540): recvmsg error: Connection refused (system error 61)
I1009 23:11:56.354318 163463168 consensus_peers.cc:810] Retrying to get permanent uuid for remote peer: [127.0.0.2:7100] attempt: 3
W1009 23:11:56.354800 163463168 consensus_peers.cc:797] Error getting permanent uuid from config peer [127.0.0.2:7100]: Network error (yb/util/net/socket.cc:540): recvmsg error: Connection refused (system error 61)
I1009 23:11:56.489027 163463168 consensus_peers.cc:810] Retrying to get permanent uuid for remote peer: [127.0.0.2:7100] attempt: 4
W1009 23:11:56.489509 163463168 consensus_peers.cc:797] Error getting permanent uuid from config peer [127.0.0.2:7100]: Network error (yb/util/net/socket.cc:540): recvmsg error: Connection refused (system error 61)
I1009 23:11:56.538069 157024256 tcp_stream.cc:329] { local: 127.0.0.1:63794 remote: 127.0.0.2:7100 }:  Recv failed: Network error (yb/util/net/socket.cc:540): recvmsg error: Connection refused (system error 61)
I1009 23:11:56.759501 163463168 consensus_peers.cc:810] Retrying to get permanent uuid for remote peer: [127.0.0.2:7100] attempt: 5
W1009 23:11:56.759775 163463168 consensus_peers.cc:797] Error getting permanent uuid from config peer [127.0.0.2:7100]: Network error (yb/util/net/socket.cc:540): recvmsg error: Connection refused (system error 61)
I1009 23:11:56.825639 157560832 tcp_stream.cc:329] { local: 127.0.0.1:63844 remote: 127.0.0.2:7100 }:  Recv failed: Network error (yb/util/net/socket.cc:540): recvmsg error: Connection refused (system error 61)
I1009 23:11:57.154855 157560832 tcp_stream.cc:329] { local: 127.0.0.1:63894 remote: 127.0.0.2:7100 }:  Recv failed: Network error (yb/util/net/socket.cc:540): recvmsg error: Connection refused (system error 61)
I1009 23:11:57.315981 163463168 consensus_peers.cc:810] Retrying to get permanent uuid for remote peer: [127.0.0.2:7100] attempt: 6
W1009 23:11:57.316380 163463168 consensus_peers.cc:797] Error getting permanent uuid from config peer [127.0.0.2:7100]: Network error (yb/util/net/socket.cc:540): recvmsg error: Connection refused (system error 61)
I1009 23:11:57.569886 153804800 tcp_stream.cc:329] { local: 127.0.0.1:63945 remote: 127.0.0.2:7100 }:  Recv failed: Network error (yb/util/net/socket.cc:540): recvmsg error: Connection refused (system error 61)
W1009 23:11:57.697914 162926592 async_client_initializer.cc:94] Failed to initialize client: Timed out (yb/rpc/rpc.cc:223): Could not locate the leader master: GetLeaderMasterRpc(addrs: [127.0.0.1:7100, 127.0.0.2:7100, 127.0.0.3:7100], num_attempts: 53) passed its deadline 161572.072s (passed: 1.543s): Network error (yb/util/net/socket.cc:540): recvmsg error: Connection refused (system error 61)
I1009 23:11:58.251206 155414528 tcp_stream.cc:329] { local: 127.0.0.1:63997 remote: 127.0.0.3:7100 }:  Recv failed: Network error (yb/util/net/socket.cc:540): recvmsg error: Connection refused (system error 61)
I1009 23:11:58.386899 163463168 consensus_peers.cc:810] Retrying to get permanent uuid for remote peer: [127.0.0.2:7100] attempt: 7
W1009 23:11:58.387495 163463168 consensus_peers.cc:797] Error getting permanent uuid from config peer [127.0.0.2:7100]: Network error (yb/util/net/socket.cc:540): recvmsg error: Connection refused (system error 61)
W1009 23:11:58.699981 165072896 catalog_manager.cc:1676] Failed to get current config: Illegal state (yb/master/catalog_manager.cc:11525): Node e8b222ca9c514c17b0c8c653014e9169 peer not initialized.
I1009 23:11:58.700093 165072896 client-internal.cc:2860] New master addresses: [127.0.0.1:7100,127.0.0.2:7100,127.0.0.3:7100]
I1009 23:11:58.770095 155414528 tcp_stream.cc:329] { local: 127.0.0.1:64046 remote: 127.0.0.3:7100 }:  Recv failed: Network error (yb/util/net/socket.cc:540): recvmsg error: Connection refused (system error 61)
I1009 23:11:59.102463 157560832 tcp_stream.cc:329] { local: 127.0.0.1:64096 remote: 127.0.0.3:7100 }:  Recv failed: Network error (yb/util/net/socket.cc:540): recvmsg error: Connection refused (system error 61)
I1009 23:11:59.587467 156487680 tcp_stream.cc:329] { local: 127.0.0.1:64145 remote: 127.0.0.2:7100 }:  Recv failed: Network error (yb/util/net/socket.cc:540): recvmsg error: Connection refused (system error 61)
I1009 23:12:00.171954 155951104 tcp_stream.cc:329] { local: 127.0.0.1:64196 remote: 127.0.0.3:7100 }:  Recv failed: Network error (yb/util/net/socket.cc:540): recvmsg error: Connection refused (system error 61)
W1009 23:12:00.227473 162926592 async_client_initializer.cc:94] Failed to initialize client: Timed out (yb/rpc/rpc.cc:223): Could not locate the leader master: GetLeaderMasterRpc(addrs: [127.0.0.1:7100, 127.0.0.2:7100, 127.0.0.3:7100], num_attempts: 52) passed its deadline 161574.618s (passed: 1.526s): Network error (yb/util/net/socket.cc:540): recvmsg error: Connection refused (system error 61)
I1009 23:12:00.466477 163463168 consensus_peers.cc:810] Retrying to get permanent uuid for remote peer: [127.0.0.2:7100] attempt: 8
W1009 23:12:00.466872 163463168 consensus_peers.cc:797] Error getting permanent uuid from config peer [127.0.0.2:7100]: Network error (yb/util/net/socket.cc:540): recvmsg error: Connection refused (system error 61)
W1009 23:12:01.232270 165072896 catalog_manager.cc:1676] Failed to get current config: Illegal state (yb/master/catalog_manager.cc:11525): Node e8b222ca9c514c17b0c8c653014e9169 peer not initialized.
I1009 23:12:01.232410 165072896 client-internal.cc:2860] New master addresses: [127.0.0.1:7100,127.0.0.2:7100,127.0.0.3:7100]
I1009 23:12:01.236016 157560832 tcp_stream.cc:329] { local: 127.0.0.1:64246 remote: 127.0.0.2:7100 }:  Recv failed: Network error (yb/util/net/socket.cc:540): recvmsg error: Connection refused (system error 61)
I1009 23:12:01.530503 155414528 tcp_stream.cc:329] { local: 127.0.0.1:64296 remote: 127.0.0.2:7100 }:  Recv failed: Network error (yb/util/net/socket.cc:540): recvmsg error: Connection refused (system error 61)
I1009 23:12:02.058568 157560832 tcp_stream.cc:329] { local: 127.0.0.1:64347 remote: 127.0.0.3:7100 }:  Recv failed: Network error (yb/util/net/socket.cc:540): recvmsg error: Connection refused (system error 61)
I1009 23:12:02.669807 153804800 tcp_stream.cc:329] { local: 127.0.0.1:64398 remote: 127.0.0.3:7100 }:  Recv failed: Network error (yb/util/net/socket.cc:540): recvmsg error: Connection refused (system error 61)
W1009 23:12:02.781900 162926592 async_client_initializer.cc:94] Failed to initialize client: Timed out (yb/rpc/rpc.cc:223): Could not locate the leader master: GetLeaderMasterRpc(addrs: [127.0.0.1:7100, 127.0.0.2:7100, 127.0.0.3:7100], num_attempts: 53) passed its deadline 161577.150s (passed: 1.549s): Not found (yb/master/master_rpc.cc:286): no leader found: GetLeaderMasterRpc(addrs: [127.0.0.1:7100, 127.0.0.2:7100, 127.0.0.3:7100], num_attempts: 1)
W1009 23:12:03.786971 165072896 catalog_manager.cc:1676] Failed to get current config: Illegal state (yb/master/catalog_manager.cc:11525): Node e8b222ca9c514c17b0c8c653014e9169 peer not initialized.
I1009 23:12:03.787130 165072896 client-internal.cc:2860] New master addresses: [127.0.0.1:7100,127.0.0.2:7100,127.0.0.3:7100]
I1009 23:12:03.810286 154877952 tcp_stream.cc:329] { local: 127.0.0.1:64449 remote: 127.0.0.3:7100 }:  Recv failed: Network error (yb/util/net/socket.cc:540): recvmsg error: Connection refused (system error 61)
I1009 23:12:04.164832 157024256 tcp_stream.cc:329] { local: 127.0.0.1:64498 remote: 127.0.0.2:7100 }:  Recv failed: Network error (yb/util/net/socket.cc:540): recvmsg error: Connection refused (system error 61)
I1009 23:12:04.583716 163463168 consensus_peers.cc:810] Retrying to get permanent uuid for remote peer: [127.0.0.2:7100] attempt: 9
W1009 23:12:04.584519 163463168 consensus_peers.cc:797] Error getting permanent uuid from config peer [127.0.0.2:7100]: Network error (yb/util/net/socket.cc:540): recvmsg error: Connection refused (system error 61)
I1009 23:12:04.692579 156487680 tcp_stream.cc:329] { local: 127.0.0.1:64549 remote: 127.0.0.3:7100 }:  Recv failed: Network error (yb/util/net/socket.cc:540): recvmsg error: Connection refused (system error 61)
W1009 23:12:05.330917 162926592 async_client_initializer.cc:94] Failed to initialize client: Timed out (yb/rpc/rpc.cc:223): Could not locate the leader master: GetLeaderMasterRpc(addrs: [127.0.0.1:7100, 127.0.0.2:7100, 127.0.0.3:7100], num_attempts: 53) passed its deadline 161579.705s (passed: 1.543s): Network error (yb/util/net/socket.cc:540): recvmsg error: Connection refused (system error 61)
I1009 23:12:05.511600 155414528 tcp_stream.cc:329] { local: 127.0.0.1:64600 remote: 127.0.0.3:7100 }:  Recv failed: Network error (yb/util/net/socket.cc:540): recvmsg error: Connection refused (system error 61)
I1009 23:12:05.802457 166146048 server_base.cc:598] Using private rpc address 127.0.0.1
W1009 23:12:06.334810 165072896 catalog_manager.cc:1676] Failed to get current config: Illegal state (yb/master/catalog_manager.cc:11525): Node e8b222ca9c514c17b0c8c653014e9169 peer not initialized.
I1009 23:12:06.334995 165072896 client-internal.cc:2860] New master addresses: [127.0.0.1:7100,127.0.0.2:7100,127.0.0.3:7100]
I1009 23:12:06.822110 154877952 tcp_stream.cc:329] { local: 127.0.0.1:64801 remote: 127.0.0.3:7100 }:  Recv failed: Network error (yb/util/net/socket.cc:540): recvmsg error: Connection refused (system error 61)
W1009 23:12:07.882064 162926592 async_client_initializer.cc:94] Failed to initialize client: Timed out (yb/rpc/rpc.cc:223): Could not locate the leader master: GetLeaderMasterRpc(addrs: [127.0.0.1:7100, 127.0.0.2:7100, 127.0.0.3:7100], num_attempts: 53) passed its deadline 161582.253s (passed: 1.546s): Not found (yb/master/master_rpc.cc:286): no leader found: GetLeaderMasterRpc(addrs: [127.0.0.1:7100, 127.0.0.2:7100, 127.0.0.3:7100], num_attempts: 1)
W1009 23:12:08.886778 165072896 catalog_manager.cc:1676] Failed to get current config: Illegal state (yb/master/catalog_manager.cc:11525): Node e8b222ca9c514c17b0c8c653014e9169 peer not initialized.
I1009 23:12:08.886940 165072896 client-internal.cc:2860] New master addresses: [127.0.0.1:7100,127.0.0.2:7100,127.0.0.3:7100]
I1009 23:12:08.893936 157560832 tcp_stream.cc:329] { local: 127.0.0.1:64959 remote: 127.0.0.3:7100 }:  Recv failed: Network error (yb/util/net/socket.cc:540): recvmsg error: Connection refused (system error 61)
I1009 23:12:09.802444 156487680 tcp_stream.cc:329] { local: 127.0.0.1:65051 remote: 127.0.0.3:7100 }:  Recv failed: Network error (yb/util/net/socket.cc:540): recvmsg error: Connection refused (system error 61)
W1009 23:12:10.396697 162926592 async_client_initializer.cc:94] Failed to initialize client: Timed out (yb/rpc/rpc.cc:223): Could not locate the leader master: GetLeaderMasterRpc(addrs: [127.0.0.1:7100, 127.0.0.2:7100, 127.0.0.3:7100], num_attempts: 52) passed its deadline 161584.805s (passed: 1.509s): Not found (yb/master/master_rpc.cc:286): no leader found: GetLeaderMasterRpc(addrs: [127.0.0.1:7100, 127.0.0.2:7100, 127.0.0.3:7100], num_attempts: 1)
W1009 23:12:11.398480 167219200 catalog_manager.cc:1676] Failed to get current config: Illegal state (yb/master/catalog_manager.cc:11525): Node e8b222ca9c514c17b0c8c653014e9169 peer not initialized.
I1009 23:12:11.398598 167219200 client-internal.cc:2860] New master addresses: [127.0.0.1:7100,127.0.0.2:7100,127.0.0.3:7100]
I1009 23:12:11.595173 154877952 tcp_stream.cc:329] { local: 127.0.0.1:65175 remote: 127.0.0.3:7100 }:  Recv failed: Network error (yb/util/net/socket.cc:540): recvmsg error: Connection refused (system error 61)
I1009 23:12:12.798288 163463168 consensus_peers.cc:810] Retrying to get permanent uuid for remote peer: [127.0.0.2:7100] attempt: 10
I1009 23:12:12.798808 163463168 sys_catalog.cc:387] Determining permanent_uuid for [127.0.0.3:7100]
W1009 23:12:12.799065 163463168 consensus_peers.cc:797] Error getting permanent uuid from config peer [127.0.0.3:7100]: Network error (yb/util/net/socket.cc:540): recvmsg error: Connection refused (system error 61)
I1009 23:12:12.821949 163463168 consensus_peers.cc:810] Retrying to get permanent uuid for remote peer: [127.0.0.3:7100] attempt: 1
W1009 23:12:12.822307 163463168 consensus_peers.cc:797] Error getting permanent uuid from config peer [127.0.0.3:7100]: Network error (yb/util/net/socket.cc:540): recvmsg error: Connection refused (system error 61)
I1009 23:12:12.887938 163463168 consensus_peers.cc:810] Retrying to get permanent uuid for remote peer: [127.0.0.3:7100] attempt: 2
I1009 23:12:12.888350 154341376 tcp_stream.cc:329] { local: 127.0.0.1:65267 remote: 127.0.0.3:7100 }:  Recv failed: Network error (yb/util/net/socket.cc:540): recvmsg error: Connection refused (system error 61)
W1009 23:12:12.888392 163463168 consensus_peers.cc:797] Error getting permanent uuid from config peer [127.0.0.3:7100]: Network error (yb/util/net/socket.cc:540): recvmsg error: Connection refused (system error 61)
W1009 23:12:12.943917 162926592 async_client_initializer.cc:94] Failed to initialize client: Timed out (yb/rpc/rpc.cc:223): Could not locate the leader master: GetLeaderMasterRpc(addrs: [127.0.0.1:7100, 127.0.0.2:7100, 127.0.0.3:7100], num_attempts: 53) passed its deadline 161587.316s (passed: 1.544s): Not found (yb/master/master_rpc.cc:286): no leader found: GetLeaderMasterRpc(addrs: [127.0.0.1:7100, 127.0.0.2:7100, 127.0.0.3:7100], num_attempts: 1)
I1009 23:12:12.976785 163463168 consensus_peers.cc:810] Retrying to get permanent uuid for remote peer: [127.0.0.3:7100] attempt: 3
W1009 23:12:12.977303 163463168 consensus_peers.cc:797] Error getting permanent uuid from config peer [127.0.0.3:7100]: Network error (yb/util/net/socket.cc:540): recvmsg error: Connection refused (system error 61)
I1009 23:12:13.126765 163463168 consensus_peers.cc:810] Retrying to get permanent uuid for remote peer: [127.0.0.3:7100] attempt: 4
W1009 23:12:13.127148 163463168 consensus_peers.cc:797] Error getting permanent uuid from config peer [127.0.0.3:7100]: Network error (yb/util/net/socket.cc:540): recvmsg error: Connection refused (system error 61)
I1009 23:12:13.425130 163463168 consensus_peers.cc:810] Retrying to get permanent uuid for remote peer: [127.0.0.3:7100] attempt: 5
W1009 23:12:13.426247 163463168 consensus_peers.cc:797] Error getting permanent uuid from config peer [127.0.0.3:7100]: Network error (yb/util/net/socket.cc:540): recvmsg error: Connection refused (system error 61)
I1009 23:12:13.948870 163463168 consensus_peers.cc:810] Retrying to get permanent uuid for remote peer: [127.0.0.3:7100] attempt: 6
W1009 23:12:13.950567 167219200 catalog_manager.cc:1676] Failed to get current config: Illegal state (yb/master/catalog_manager.cc:11525): Node e8b222ca9c514c17b0c8c653014e9169 peer not initialized.
I1009 23:12:13.950620 167219200 client-internal.cc:2860] New master addresses: [127.0.0.1:7100,127.0.0.2:7100,127.0.0.3:7100]
W1009 23:12:13.950640 163463168 consensus_peers.cc:797] Error getting permanent uuid from config peer [127.0.0.3:7100]: Network error (yb/util/net/socket.cc:540): recvmsg error: Connection refused (system error 61)
I1009 23:12:14.543967 154877952 tcp_stream.cc:329] { local: 127.0.0.1:65386 remote: 127.0.0.3:7100 }:  Recv failed: Network error (yb/util/net/socket.cc:540): recvmsg error: Connection refused (system error 61)
I1009 23:12:15.029238 163463168 consensus_peers.cc:810] Retrying to get permanent uuid for remote peer: [127.0.0.3:7100] attempt: 7
W1009 23:12:15.029852 163463168 consensus_peers.cc:797] Error getting permanent uuid from config peer [127.0.0.3:7100]: Network error (yb/util/net/socket.cc:540): recvmsg error: Connection refused (system error 61)
W1009 23:12:15.476469 162926592 async_client_initializer.cc:94] Failed to initialize client: Timed out (yb/rpc/rpc.cc:223): Could not locate the leader master: GetLeaderMasterRpc(addrs: [127.0.0.1:7100, 127.0.0.2:7100, 127.0.0.3:7100], num_attempts: 52) passed its deadline 161589.868s (passed: 1.525s): Not found (yb/master/master_rpc.cc:286): no leader found: GetLeaderMasterRpc(addrs: [127.0.0.1:7100, 127.0.0.2:7100, 127.0.0.3:7100], num_attempts: 1)
I1009 23:12:16.021044 166146048 server_base.cc:598] Using private rpc address 127.0.0.1
I1009 23:12:16.038775 164536320 encryption_manager.cc:60] Responding to GetUniverseKeyRegistry request with key ids: 
W1009 23:12:16.481806 165072896 catalog_manager.cc:1676] Failed to get current config: Illegal state (yb/master/catalog_manager.cc:11525): Node e8b222ca9c514c17b0c8c653014e9169 peer not initialized.
I1009 23:12:16.481900 165072896 client-internal.cc:2860] New master addresses: [127.0.0.1:7100,127.0.0.2:7100,127.0.0.3:7100]
I1009 23:12:17.090554 163463168 consensus_peers.cc:810] Retrying to get permanent uuid for remote peer: [127.0.0.3:7100] attempt: 8
I1009 23:12:17.091272 163463168 sys_catalog.cc:402] Setting up raft configuration: opid_index: -1 peers { permanent_uuid: "e8b222ca9c514c17b0c8c653014e9169" member_type: VOTER last_known_private_addr { host: "127.0.0.1" port: 7100 } cloud_info { placement_cloud: "cloud1" placement_region: "datacenter1" placement_zone: "rack1" } } peers { permanent_uuid: "3e8eb6bafdb342549e324f48c3b5b69a" member_type: VOTER last_known_private_addr { host: "127.0.0.2" port: 7100 } cloud_info { placement_cloud: "cloud1" placement_region: "datacenter1" placement_zone: "rack1" } } peers { permanent_uuid: "804ce06c9a15466ca3f003ffe7ec6df2" member_type: VOTER last_known_private_addr { host: "127.0.0.3" port: 7100 } cloud_info { placement_cloud: "cloud1" placement_region: "datacenter1" placement_zone: "rack1" } }
I1009 23:12:17.091598 163463168 consensus_meta.cc:361] T 00000000000000000000000000000000 P e8b222ca9c514c17b0c8c653014e9169: Updating active role from UNKNOWN_ROLE to FOLLOWER. Consensus state: current_term: 0 leader_uuid: "" config { opid_index: -1 peers { permanent_uuid: "e8b222ca9c514c17b0c8c653014e9169" member_type: VOTER last_known_private_addr { host: "127.0.0.1" port: 7100 } cloud_info { placement_cloud: "cloud1" placement_region: "datacenter1" placement_zone: "rack1" } } peers { permanent_uuid: "3e8eb6bafdb342549e324f48c3b5b69a" member_type: VOTER last_known_private_addr { host: "127.0.0.2" port: 7100 } cloud_info { placement_cloud: "cloud1" placement_region: "datacenter1" placement_zone: "rack1" } } peers { permanent_uuid: "804ce06c9a15466ca3f003ffe7ec6df2" member_type: VOTER last_known_private_addr { host: "127.0.0.3" port: 7100 } cloud_info { placement_cloud: "cloud1" placement_region: "datacenter1" placement_zone: "rack1" } } }, has_pending_config = 0
I1009 23:12:17.092532 163463168 server_base.cc:598] Using private rpc address 127.0.0.1
I1009 23:12:17.092623 163463168 tablet_bootstrap_state_manager.cc:61] Wal dir is not created, skip initializing TabletBootstrapStateManager for 00000000000000000000000000000000
I1009 23:12:17.092681 163463168 tablet_peer.cc:1643] T 00000000000000000000000000000000 P e8b222ca9c514c17b0c8c653014e9169 [state=BOOTSTRAPPING]: Changed state from NOT_STARTED to BOOTSTRAPPING
I1009 23:12:17.094022 163463168 consensus_meta.cc:361] T 00000000000000000000000000000000 P e8b222ca9c514c17b0c8c653014e9169: Updating active role from UNKNOWN_ROLE to FOLLOWER. Consensus state: current_term: 0 leader_uuid: "" config { opid_index: -1 peers { permanent_uuid: "e8b222ca9c514c17b0c8c653014e9169" member_type: VOTER last_known_private_addr { host: "127.0.0.1" port: 7100 } cloud_info { placement_cloud: "cloud1" placement_region: "datacenter1" placement_zone: "rack1" } } peers { permanent_uuid: "3e8eb6bafdb342549e324f48c3b5b69a" member_type: VOTER last_known_private_addr { host: "127.0.0.2" port: 7100 } cloud_info { placement_cloud: "cloud1" placement_region: "datacenter1" placement_zone: "rack1" } } peers { permanent_uuid: "804ce06c9a15466ca3f003ffe7ec6df2" member_type: VOTER last_known_private_addr { host: "127.0.0.3" port: 7100 } cloud_info { placement_cloud: "cloud1" placement_region: "datacenter1" placement_zone: "rack1" } } }, has_pending_config = 0
I1009 23:12:17.094127 163463168 tablet_bootstrap_if.cc:96] T 00000000000000000000000000000000 P e8b222ca9c514c17b0c8c653014e9169: Bootstrap starting.
I1009 23:12:17.094264 163463168 tablet.cc:637] T 00000000000000000000000000000000 P e8b222ca9c514c17b0c8c653014e9169: Schema version for sys.catalog is 0
I1009 23:12:17.094806 163463168 transaction_participant.cc:193] T 00000000000000000000000000000000 P e8b222ca9c514c17b0c8c653014e9169: Create
I1009 23:12:17.094959 163463168 docdb_rocksdb_util.cc:367] FLAGS_rocksdb_max_background_flushes was not set, automatically configuring 2 max background flushes
I1009 23:12:17.094993 163463168 docdb_rocksdb_util.cc:402] FLAGS_rocksdb_max_background_compactions was not set, automatically configuring 2 background compactions.
I1009 23:12:17.095011 163463168 docdb_rocksdb_util.cc:415] FLAGS_rocksdb_base_background_compactions was not set, automatically configuring 2 base background compactions.
I1009 23:12:17.095048 163463168 docdb_rocksdb_util.cc:659] T 00000000000000000000000000000000 P e8b222ca9c514c17b0c8c653014e9169 [R]: Write buffer size: 134217728
I1009 23:12:17.095068 163463168 docdb_rocksdb_util.cc:627] FLAGS_priority_thread_pool_size was not set, automatically configuring to 3.
I1009 23:12:17.095191 163463168 tablet.cc:764] T 00000000000000000000000000000000 P e8b222ca9c514c17b0c8c653014e9169: Creating RocksDB database in dir /Users/nag/yb/yugabyte-data/node1/yb-data/master/data/rocksdb/table-sys.catalog.uuid/tablet-00000000000000000000000000000000
I1009 23:12:17.095854 163463168 tablet.cc:980] Opening RocksDB at: /Users/nag/yb/yugabyte-data/node1/yb-data/master/data/rocksdb/table-sys.catalog.uuid/tablet-00000000000000000000000000000000
I1009 23:12:17.096900 163463168 db_impl.cc:939] T 00000000000000000000000000000000 P e8b222ca9c514c17b0c8c653014e9169 [R]: Creating manifest 1 
I1009 23:12:17.099102 163463168 version_set.cc:2966] T 00000000000000000000000000000000 P e8b222ca9c514c17b0c8c653014e9169 [R]: Recovered from manifest file:/Users/nag/yb/yugabyte-data/node1/yb-data/master/data/rocksdb/table-sys.catalog.uuid/tablet-00000000000000000000000000000000/MANIFEST-000001 succeeded,manifest_file_number is 1, next_file_number is 3, last_sequence is 1125899906842624, log_number is 0,prev_log_number is 0,max_column_family is 0, flushed_values is <NULL>
I1009 23:12:17.099172 163463168 version_set.cc:2974] T 00000000000000000000000000000000 P e8b222ca9c514c17b0c8c653014e9169 [R]: Column family [default] (ID 0), log number is 0
I1009 23:12:17.101300 163463168 tablet.cc:995] T 00000000000000000000000000000000 P e8b222ca9c514c17b0c8c653014e9169: Opening intents DB at: /Users/nag/yb/yugabyte-data/node1/yb-data/master/data/rocksdb/table-sys.catalog.uuid/tablet-00000000000000000000000000000000.intents
I1009 23:12:17.101569 163463168 db_impl.cc:939] T 00000000000000000000000000000000 P e8b222ca9c514c17b0c8c653014e9169 [I]: Creating manifest 1 
I1009 23:12:17.102888 163463168 version_set.cc:2966] T 00000000000000000000000000000000 P e8b222ca9c514c17b0c8c653014e9169 [I]: Recovered from manifest file:/Users/nag/yb/yugabyte-data/node1/yb-data/master/data/rocksdb/table-sys.catalog.uuid/tablet-00000000000000000000000000000000.intents/MANIFEST-000001 succeeded,manifest_file_number is 1, next_file_number is 3, last_sequence is 1125899906842624, log_number is 0,prev_log_number is 0,max_column_family is 0, flushed_values is <NULL>
I1009 23:12:17.102922 163463168 version_set.cc:2974] T 00000000000000000000000000000000 P e8b222ca9c514c17b0c8c653014e9169 [I]: Column family [default] (ID 0), log number is 0
I1009 23:12:17.104310 163463168 tablet.cc:1051] T 00000000000000000000000000000000 P e8b222ca9c514c17b0c8c653014e9169: Successfully opened a RocksDB database at /Users/nag/yb/yugabyte-data/node1/yb-data/master/data/rocksdb/table-sys.catalog.uuid/tablet-00000000000000000000000000000000, obj: 0x11659fe00
I1009 23:12:17.104317 169365504 transaction_loader.cc:104] T 00000000000000000000000000000000 P e8b222ca9c514c17b0c8c653014e9169: Load transactions start
I1009 23:12:17.104367 163463168 tablet_bootstrap.cc:644] T 00000000000000000000000000000000 P e8b222ca9c514c17b0c8c653014e9169: Time spent opening tablet: real 0.009s	user 0.002s	sys 0.006s
I1009 23:12:17.104444 169365504 transaction_loader.cc:177] T 00000000000000000000000000000000 P e8b222ca9c514c17b0c8c653014e9169: LoadTransactions done: loaded 0 transactions
I1009 23:12:17.104737 163463168 tablet_bootstrap.cc:551] T 00000000000000000000000000000000 P e8b222ca9c514c17b0c8c653014e9169: No blocks or log segments found. Creating new log.
I1009 23:12:17.104815 163463168 log.cc:1461] T 00000000000000000000000000000000 P e8b222ca9c514c17b0c8c653014e9169: Setting log wal retention time to 0 seconds
I1009 23:12:17.104923 163463168 log.cc:735] durable_wal_write is turned on.
I1009 23:12:17.105438 163463168 tablet_bootstrap_if.cc:96] T 00000000000000000000000000000000 P e8b222ca9c514c17b0c8c653014e9169: No bootstrap required, opened a new log
I1009 23:12:17.105480 163463168 log.cc:1461] T 00000000000000000000000000000000 P e8b222ca9c514c17b0c8c653014e9169: Setting log wal retention time to 0 seconds
I1009 23:12:17.105796 163463168 consensus_meta.cc:361] T 00000000000000000000000000000000 P e8b222ca9c514c17b0c8c653014e9169: Updating active role from UNKNOWN_ROLE to FOLLOWER. Consensus state: current_term: 0 leader_uuid: "" config { opid_index: -1 peers { permanent_uuid: "e8b222ca9c514c17b0c8c653014e9169" member_type: VOTER last_known_private_addr { host: "127.0.0.1" port: 7100 } cloud_info { placement_cloud: "cloud1" placement_region: "datacenter1" placement_zone: "rack1" } } peers { permanent_uuid: "3e8eb6bafdb342549e324f48c3b5b69a" member_type: VOTER last_known_private_addr { host: "127.0.0.2" port: 7100 } cloud_info { placement_cloud: "cloud1" placement_region: "datacenter1" placement_zone: "rack1" } } peers { permanent_uuid: "804ce06c9a15466ca3f003ffe7ec6df2" member_type: VOTER last_known_private_addr { host: "127.0.0.3" port: 7100 } cloud_info { placement_cloud: "cloud1" placement_region: "datacenter1" placement_zone: "rack1" } } }, has_pending_config = 0
I1009 23:12:17.107465 163463168 consensus_meta.cc:361] T 00000000000000000000000000000000 P e8b222ca9c514c17b0c8c653014e9169: Updating active role from FOLLOWER to FOLLOWER. Consensus state: current_term: 0 leader_uuid: "" config { opid_index: -1 peers { permanent_uuid: "e8b222ca9c514c17b0c8c653014e9169" member_type: VOTER last_known_private_addr { host: "127.0.0.1" port: 7100 } cloud_info { placement_cloud: "cloud1" placement_region: "datacenter1" placement_zone: "rack1" } } peers { permanent_uuid: "3e8eb6bafdb342549e324f48c3b5b69a" member_type: VOTER last_known_private_addr { host: "127.0.0.2" port: 7100 } cloud_info { placement_cloud: "cloud1" placement_region: "datacenter1" placement_zone: "rack1" } } peers { permanent_uuid: "804ce06c9a15466ca3f003ffe7ec6df2" member_type: VOTER last_known_private_addr { host: "127.0.0.3" port: 7100 } cloud_info { placement_cloud: "cloud1" placement_region: "datacenter1" placement_zone: "rack1" } } }, has_pending_config = 0
I1009 23:12:17.107609 163463168 raft_consensus.cc:498] T 00000000000000000000000000000000 P e8b222ca9c514c17b0c8c653014e9169 [term 0 FOLLOWER]: Replica starting. Triggering 0 pending operations. Active config: opid_index: -1 peers { permanent_uuid: "e8b222ca9c514c17b0c8c653014e9169" member_type: VOTER last_known_private_addr { host: "127.0.0.1" port: 7100 } cloud_info { placement_cloud: "cloud1" placement_region: "datacenter1" placement_zone: "rack1" } } peers { permanent_uuid: "3e8eb6bafdb342549e324f48c3b5b69a" member_type: VOTER last_known_private_addr { host: "127.0.0.2" port: 7100 } cloud_info { placement_cloud: "cloud1" placement_region: "datacenter1" placement_zone: "rack1" } } peers { permanent_uuid: "804ce06c9a15466ca3f003ffe7ec6df2" member_type: VOTER last_known_private_addr { host: "127.0.0.3" port: 7100 } cloud_info { placement_cloud: "cloud1" placement_region: "datacenter1" placement_zone: "rack1" } }
I1009 23:12:17.107661 163463168 raft_consensus.cc:527] T 00000000000000000000000000000000 P e8b222ca9c514c17b0c8c653014e9169 [term 0 FOLLOWER]: Consensus starting up: Expiring fail detector timer to make a prompt election more likely
I1009 23:12:17.107676 163463168 raft_consensus.cc:1135] T 00000000000000000000000000000000 P e8b222ca9c514c17b0c8c653014e9169 [term 0 FOLLOWER]: Becoming Follower/Learner. State: Replica: e8b222ca9c514c17b0c8c653014e9169, State: 1, Role: FOLLOWER, Watermarks: {Received: 0.0 Committed: 0.0} Leader: 0.0, new leader: , initial_fd_wait: <uninitialized>
I1009 23:12:17.107754 163463168 consensus_meta.cc:361] T 00000000000000000000000000000000 P e8b222ca9c514c17b0c8c653014e9169: Updating active role from FOLLOWER to FOLLOWER. Consensus state: current_term: 0 leader_uuid: "" config { opid_index: -1 peers { permanent_uuid: "e8b222ca9c514c17b0c8c653014e9169" member_type: VOTER last_known_private_addr { host: "127.0.0.1" port: 7100 } cloud_info { placement_cloud: "cloud1" placement_region: "datacenter1" placement_zone: "rack1" } } peers { permanent_uuid: "3e8eb6bafdb342549e324f48c3b5b69a" member_type: VOTER last_known_private_addr { host: "127.0.0.2" port: 7100 } cloud_info { placement_cloud: "cloud1" placement_region: "datacenter1" placement_zone: "rack1" } } peers { permanent_uuid: "804ce06c9a15466ca3f003ffe7ec6df2" member_type: VOTER last_known_private_addr { host: "127.0.0.3" port: 7100 } cloud_info { placement_cloud: "cloud1" placement_region: "datacenter1" placement_zone: "rack1" } } }, has_pending_config = 0
I1009 23:12:17.107910 163463168 consensus_queue.cc:270] T 00000000000000000000000000000000 P e8b222ca9c514c17b0c8c653014e9169 [NON_LEADER]: Queue going to NON_LEADER mode. State: All replicated op: 0.0, Majority replicated op: 0.0, Committed index: 0.0, Last applied: 0.0, Last appended: 0.0, Current term: 0, Majority size: -1, State: QUEUE_OPEN, Mode: NON_LEADER
I1009 23:12:17.107970 163463168 raft_consensus.cc:3519] T 00000000000000000000000000000000 P e8b222ca9c514c17b0c8c653014e9169 [term 0 FOLLOWER]: Calling mark dirty synchronously for reason code CONSENSUS_STARTED
