I1009 23:16:56.917186 55816192 consensus_meta.cc:361] T 9b45d3f9024e43b58a591ec35594430e P 23d881032c1249bd803e401a539be0e2: Updating active role from FOLLOWER to FOLLOWER. Consensus state: current_term: 1 leader_uuid: "" config { opid_index: -1 peers { permanent_uuid: "23d881032c1249bd803e401a539be0e2" member_type: VOTER last_known_private_addr { host: "127.0.0.3" port: 9100 } cloud_info { placement_cloud: "cloud1" placement_region: "datacenter1" placement_zone: "rack1" } } peers { permanent_uuid: "6b460ba950654300b6c50d93f25aea31" member_type: VOTER last_known_private_addr { host: "127.0.0.2" port: 9100 } cloud_info { placement_cloud: "cloud1" placement_region: "datacenter1" placement_zone: "rack1" } } peers { permanent_uuid: "d5c37cb1777946179e6692ee5e504715" member_type: VOTER last_known_private_addr { host: "127.0.0.1" port: 9100 } cloud_info { placement_cloud: "cloud1" placement_region: "datacenter1" placement_zone: "rack1" } } }, has_pending_config = 0
I1009 23:16:56.917268 51523584 replica_state.cc:1356] T 769c8b8690e648df93f41c693d55ebc3 P 23d881032c1249bd803e401a539be0e2 [term 0 FOLLOWER]: Reset our lease: 161871.339s
I1009 23:16:56.917315 43474944 raft_consensus.cc:3519] T 30fedb9fed834e6d975c43711c3f6fd9 P 23d881032c1249bd803e401a539be0e2 [term 0 FOLLOWER]: Calling mark dirty synchronously for reason code CONSENSUS_STARTED
I1009 23:16:56.917593 54743040 leader_election.cc:214] T db3b3178db1849c4b3ebbe53840c6b02 P 23d881032c1249bd803e401a539be0e2 [CANDIDATE]: Term 1 pre-election: Requesting vote from peer 6b460ba950654300b6c50d93f25aea31
I1009 23:16:56.917784 44011520 tablet_bootstrap_if.cc:96] T 8078024ab93e4400a14d8399046d9f99 P 23d881032c1249bd803e401a539be0e2: No bootstrap required, opened a new log
I1009 23:16:56.918028 45621248 tablet_bootstrap_state_manager.cc:61] Wal dir is not created, skip initializing TabletBootstrapStateManager for a46de9d55d6845f1baaa95baceeadfe7
I1009 23:16:56.918148 42938368 tablet_peer.cc:1643] T 7c7b0e8f396b4659b1f29a4dd140c822 P 23d881032c1249bd803e401a539be0e2 [state=RUNNING]: Changed state from BOOTSTRAPPING to RUNNING
I1009 23:16:56.918315 56352768 raft_consensus.cc:3573] T a818e973b4b04213a257872ca0183570 P 23d881032c1249bd803e401a539be0e2 [term 0 FOLLOWER]: Snoozing leader timeout detection for 3.227s
I1009 23:16:56.918356 45084672 ts_tablet_manager.cc:2063] T 54eeee0960454077a8ed85a75d38bc29 P 23d881032c1249bd803e401a539be0e2: Time spent starting tablet: real 0.017s	user 0.001s	sys 0.001s
I1009 23:16:56.918596 44548096 ts_tablet_manager.cc:3478] Deleted transition in progress creating tablet for tablet 4c1e255cf37d4de58ed9d6a6f32e7473
I1009 23:16:56.918815 46157824 tablet_bootstrap_state_manager.cc:61] Wal dir is not created, skip initializing TabletBootstrapStateManager for bf1529417d2a441c9c33fa183a226bd3
I1009 23:16:56.918946 55279616 raft_consensus.cc:3123] T f27eef4b471b4c3c800523a8cd4a34f7 P 23d881032c1249bd803e401a539be0e2 [term 1 FOLLOWER]:  Leader election vote request: Granting yes vote for candidate 6b460ba950654300b6c50d93f25aea31 in term 1.
I1009 23:16:56.919023 51523584 raft_consensus.cc:2421] T 769c8b8690e648df93f41c693d55ebc3 P 23d881032c1249bd803e401a539be0e2 [term 0 FOLLOWER]: Pre-election. Granting vote for candidate d5c37cb1777946179e6692ee5e504715 in term 1
I1009 23:16:56.919174 43474944 tablet_peer.cc:1643] T 30fedb9fed834e6d975c43711c3f6fd9 P 23d881032c1249bd803e401a539be0e2 [state=RUNNING]: Changed state from BOOTSTRAPPING to RUNNING
I1009 23:16:56.919261 54743040 leader_election.cc:214] T db3b3178db1849c4b3ebbe53840c6b02 P 23d881032c1249bd803e401a539be0e2 [CANDIDATE]: Term 1 pre-election: Requesting vote from peer d5c37cb1777946179e6692ee5e504715
I1009 23:16:56.919317 44011520 log.cc:1461] T 8078024ab93e4400a14d8399046d9f99 P 23d881032c1249bd803e401a539be0e2: Setting log wal retention time to 0 seconds
I1009 23:16:56.919468 45621248 tablet_peer.cc:1643] T a46de9d55d6845f1baaa95baceeadfe7 P 23d881032c1249bd803e401a539be0e2 [state=BOOTSTRAPPING]: Changed state from NOT_STARTED to BOOTSTRAPPING
I1009 23:16:56.919636 42938368 tablet_peer.cc:1516] T 7c7b0e8f396b4659b1f29a4dd140c822 P 23d881032c1249bd803e401a539be0e2 [state=RUNNING]: Registered log gc
I1009 23:16:56.919684 56352768 raft_consensus.cc:3466] T a818e973b4b04213a257872ca0183570 P 23d881032c1249bd803e401a539be0e2 [term 0 FOLLOWER]: Leader pre-election won for term 1
I1009 23:16:56.919842 10743808 leader_election.cc:214] T 1b3f2a4877404ba898e6ff9448cf4740 P 23d881032c1249bd803e401a539be0e2 [CANDIDATE]: Term 1 election: Requesting vote from peer 6b460ba950654300b6c50d93f25aea31
I1009 23:16:56.919833 45084672 ts_tablet_manager.cc:3478] Deleted transition in progress creating tablet for tablet 54eeee0960454077a8ed85a75d38bc29
I1009 23:16:56.920027 46157824 tablet_peer.cc:1643] T bf1529417d2a441c9c33fa183a226bd3 P 23d881032c1249bd803e401a539be0e2 [state=BOOTSTRAPPING]: Changed state from NOT_STARTED to BOOTSTRAPPING
I1009 23:16:56.920228 43474944 tablet_peer.cc:1516] T 30fedb9fed834e6d975c43711c3f6fd9 P 23d881032c1249bd803e401a539be0e2 [state=RUNNING]: Registered log gc
I1009 23:16:56.920207 55816192 raft_consensus.cc:684] T 9b45d3f9024e43b58a591ec35594430e P 23d881032c1249bd803e401a539be0e2 [term 1 FOLLOWER]: Starting election with config: opid_index: -1 peers { permanent_uuid: "23d881032c1249bd803e401a539be0e2" member_type: VOTER last_known_private_addr { host: "127.0.0.3" port: 9100 } cloud_info { placement_cloud: "cloud1" placement_region: "datacenter1" placement_zone: "rack1" } } peers { permanent_uuid: "6b460ba950654300b6c50d93f25aea31" member_type: VOTER last_known_private_addr { host: "127.0.0.2" port: 9100 } cloud_info { placement_cloud: "cloud1" placement_region: "datacenter1" placement_zone: "rack1" } } peers { permanent_uuid: "d5c37cb1777946179e6692ee5e504715" member_type: VOTER last_known_private_addr { host: "127.0.0.1" port: 9100 } cloud_info { placement_cloud: "cloud1" placement_region: "datacenter1" placement_zone: "rack1" } }
I1009 23:16:56.920396 44011520 ts_tablet_manager.cc:1982] T 8078024ab93e4400a14d8399046d9f99 P 23d881032c1249bd803e401a539be0e2: Time spent bootstrapping tablet: real 0.015s	user 0.001s	sys 0.001s
I1009 23:16:56.920472 45621248 tablet_bootstrap_if.cc:96] T a46de9d55d6845f1baaa95baceeadfe7 P 23d881032c1249bd803e401a539be0e2: Bootstrap starting.
I1009 23:16:56.920557 42938368 ts_tablet_manager.cc:2063] T 7c7b0e8f396b4659b1f29a4dd140c822 P 23d881032c1249bd803e401a539be0e2: Time spent starting tablet: real 0.016s	user 0.001s	sys 0.001s
I1009 23:16:56.920614 56352768 raft_consensus.cc:644] T a818e973b4b04213a257872ca0183570 P 23d881032c1249bd803e401a539be0e2 [term 0 FOLLOWER]: Triggering leader election, mode=ELECT_EVEN_IF_LEADER_IS_ALIVE
I1009 23:16:56.920740 10743808 leader_election.cc:214] T 1b3f2a4877404ba898e6ff9448cf4740 P 23d881032c1249bd803e401a539be0e2 [CANDIDATE]: Term 1 election: Requesting vote from peer d5c37cb1777946179e6692ee5e504715
I1009 23:16:56.920945 46157824 tablet_bootstrap_if.cc:96] T bf1529417d2a441c9c33fa183a226bd3 P 23d881032c1249bd803e401a539be0e2: Bootstrap starting.
I1009 23:16:56.921015 43474944 ts_tablet_manager.cc:2063] T 30fedb9fed834e6d975c43711c3f6fd9 P 23d881032c1249bd803e401a539be0e2: Time spent starting tablet: real 0.017s	user 0.001s	sys 0.001s
I1009 23:16:56.921156 52596736 raft_consensus.cc:644] T 30fedb9fed834e6d975c43711c3f6fd9 P 23d881032c1249bd803e401a539be0e2 [term 0 FOLLOWER]: Triggering leader pre-election, mode=ELECT_EVEN_IF_LEADER_IS_ALIVE
I1009 23:16:56.921259 45621248 tablet.cc:637] T a46de9d55d6845f1baaa95baceeadfe7 P 23d881032c1249bd803e401a539be0e2: Schema version for transactions is 0
I1009 23:16:56.921304 42938368 ts_tablet_manager.cc:3478] Deleted transition in progress creating tablet for tablet 7c7b0e8f396b4659b1f29a4dd140c822
I1009 23:16:56.921335 56352768 raft_consensus.cc:3573] T a818e973b4b04213a257872ca0183570 P 23d881032c1249bd803e401a539be0e2 [term 0 FOLLOWER]: Snoozing leader timeout detection for 3.053s
I1009 23:16:56.921432 46157824 tablet.cc:637] T bf1529417d2a441c9c33fa183a226bd3 P 23d881032c1249bd803e401a539be0e2: Schema version for transactions is 0
I1009 23:16:56.921451 43474944 ts_tablet_manager.cc:3478] Deleted transition in progress creating tablet for tablet 30fedb9fed834e6d975c43711c3f6fd9
I1009 23:16:56.921495 52596736 raft_consensus.cc:3573] T 30fedb9fed834e6d975c43711c3f6fd9 P 23d881032c1249bd803e401a539be0e2 [term 0 FOLLOWER]: Snoozing leader timeout detection for 3.235s
I1009 23:16:56.921792 56352768 raft_consensus.cc:3634] T a818e973b4b04213a257872ca0183570 P 23d881032c1249bd803e401a539be0e2 [term 0 FOLLOWER]: Advancing to term 1
I1009 23:16:56.921983 45621248 tablet_bootstrap.cc:644] T a46de9d55d6845f1baaa95baceeadfe7 P 23d881032c1249bd803e401a539be0e2: Time spent opening tablet: real 0.000s	user 0.000s	sys 0.000s
I1009 23:16:56.922029 55816192 leader_election.cc:214] T 9b45d3f9024e43b58a591ec35594430e P 23d881032c1249bd803e401a539be0e2 [CANDIDATE]: Term 1 election: Requesting vote from peer 6b460ba950654300b6c50d93f25aea31
I1009 23:16:56.922153 52596736 raft_consensus.cc:684] T 30fedb9fed834e6d975c43711c3f6fd9 P 23d881032c1249bd803e401a539be0e2 [term 0 FOLLOWER]: Starting pre-election with config: opid_index: -1 peers { permanent_uuid: "23d881032c1249bd803e401a539be0e2" member_type: VOTER last_known_private_addr { host: "127.0.0.3" port: 9100 } cloud_info { placement_cloud: "cloud1" placement_region: "datacenter1" placement_zone: "rack1" } } peers { permanent_uuid: "6b460ba950654300b6c50d93f25aea31" member_type: VOTER last_known_private_addr { host: "127.0.0.2" port: 9100 } cloud_info { placement_cloud: "cloud1" placement_region: "datacenter1" placement_zone: "rack1" } } peers { permanent_uuid: "d5c37cb1777946179e6692ee5e504715" member_type: VOTER last_known_private_addr { host: "127.0.0.1" port: 9100 } cloud_info { placement_cloud: "cloud1" placement_region: "datacenter1" placement_zone: "rack1" } }
W1009 23:16:56.922220 54206464 leader_election.cc:281] T 1b3f2a4877404ba898e6ff9448cf4740 P 23d881032c1249bd803e401a539be0e2 [CANDIDATE]: Term 1 election: Tablet error from VoteRequest() call to peer d5c37cb1777946179e6692ee5e504715: Illegal state (yb/tserver/service_util.cc:271): Tablet 1b3f2a4877404ba898e6ff9448cf4740 not RUNNING: BOOTSTRAPPING (tablet server error 12) (raft group state error 0)
I1009 23:16:56.922255 56352768 consensus_meta.cc:361] T a818e973b4b04213a257872ca0183570 P 23d881032c1249bd803e401a539be0e2: Updating active role from FOLLOWER to FOLLOWER. Consensus state: current_term: 1 leader_uuid: "" config { opid_index: -1 peers { permanent_uuid: "23d881032c1249bd803e401a539be0e2" member_type: VOTER last_known_private_addr { host: "127.0.0.3" port: 9100 } cloud_info { placement_cloud: "cloud1" placement_region: "datacenter1" placement_zone: "rack1" } } peers { permanent_uuid: "6b460ba950654300b6c50d93f25aea31" member_type: VOTER last_known_private_addr { host: "127.0.0.2" port: 9100 } cloud_info { placement_cloud: "cloud1" placement_region: "datacenter1" placement_zone: "rack1" } } peers { permanent_uuid: "d5c37cb1777946179e6692ee5e504715" member_type: VOTER last_known_private_addr { host: "127.0.0.1" port: 9100 } cloud_info { placement_cloud: "cloud1" placement_region: "datacenter1" placement_zone: "rack1" } } }, has_pending_config = 0
I1009 23:16:56.922237 46157824 tablet_bootstrap.cc:644] T bf1529417d2a441c9c33fa183a226bd3 P 23d881032c1249bd803e401a539be0e2: Time spent opening tablet: real 0.000s	user 0.000s	sys 0.000s
I1009 23:16:56.922468 55816192 leader_election.cc:214] T 9b45d3f9024e43b58a591ec35594430e P 23d881032c1249bd803e401a539be0e2 [CANDIDATE]: Term 1 election: Requesting vote from peer d5c37cb1777946179e6692ee5e504715
I1009 23:16:56.922569 52060160 leader_election.cc:365] T db3b3178db1849c4b3ebbe53840c6b02 P 23d881032c1249bd803e401a539be0e2 [CANDIDATE]: Term 1 pre-election: Vote granted by peer 6b460ba950654300b6c50d93f25aea31
I1009 23:16:56.922583 52596736 leader_election.cc:214] T 30fedb9fed834e6d975c43711c3f6fd9 P 23d881032c1249bd803e401a539be0e2 [CANDIDATE]: Term 1 pre-election: Requesting vote from peer 6b460ba950654300b6c50d93f25aea31
I1009 23:16:56.922621 45621248 tablet_bootstrap.cc:551] T a46de9d55d6845f1baaa95baceeadfe7 P 23d881032c1249bd803e401a539be0e2: No blocks or log segments found. Creating new log.
I1009 23:16:56.922818 44011520 consensus_meta.cc:361] T 8078024ab93e4400a14d8399046d9f99 P 23d881032c1249bd803e401a539be0e2: Updating active role from FOLLOWER to FOLLOWER. Consensus state: current_term: 0 leader_uuid: "" config { opid_index: -1 peers { permanent_uuid: "23d881032c1249bd803e401a539be0e2" member_type: VOTER last_known_private_addr { host: "127.0.0.3" port: 9100 } cloud_info { placement_cloud: "cloud1" placement_region: "datacenter1" placement_zone: "rack1" } } peers { permanent_uuid: "6b460ba950654300b6c50d93f25aea31" member_type: VOTER last_known_private_addr { host: "127.0.0.2" port: 9100 } cloud_info { placement_cloud: "cloud1" placement_region: "datacenter1" placement_zone: "rack1" } } peers { permanent_uuid: "d5c37cb1777946179e6692ee5e504715" member_type: VOTER last_known_private_addr { host: "127.0.0.1" port: 9100 } cloud_info { placement_cloud: "cloud1" placement_region: "datacenter1" placement_zone: "rack1" } } }, has_pending_config = 0
I1009 23:16:56.923076 52060160 leader_election.cc:240] T db3b3178db1849c4b3ebbe53840c6b02 P 23d881032c1249bd803e401a539be0e2 [CANDIDATE]: Term 1 pre-election: Election decided. Result: candidate won.
I1009 23:16:56.923130 46157824 tablet_bootstrap.cc:551] T bf1529417d2a441c9c33fa183a226bd3 P 23d881032c1249bd803e401a539be0e2: No blocks or log segments found. Creating new log.
I1009 23:16:56.923282 52596736 leader_election.cc:214] T 30fedb9fed834e6d975c43711c3f6fd9 P 23d881032c1249bd803e401a539be0e2 [CANDIDATE]: Term 1 pre-election: Requesting vote from peer d5c37cb1777946179e6692ee5e504715
I1009 23:16:56.923363 45621248 log.cc:1461] T a46de9d55d6845f1baaa95baceeadfe7 P 23d881032c1249bd803e401a539be0e2: Setting log wal retention time to 0 seconds
I1009 23:16:56.923429 51523584 raft_consensus.cc:1754] T f5bd6014d733492eac6dd2cfba061381 P 23d881032c1249bd803e401a539be0e2 [term 1 FOLLOWER]: Refusing update from remote peer d5c37cb1777946179e6692ee5e504715: Log matching property violated. Preceding OpId in replica: 0.0. Preceding OpId from leader: 1.1. (index mismatch)
I1009 23:16:56.923563 44011520 raft_consensus.cc:498] T 8078024ab93e4400a14d8399046d9f99 P 23d881032c1249bd803e401a539be0e2 [term 0 FOLLOWER]: Replica starting. Triggering 0 pending operations. Active config: opid_index: -1 peers { permanent_uuid: "23d881032c1249bd803e401a539be0e2" member_type: VOTER last_known_private_addr { host: "127.0.0.3" port: 9100 } cloud_info { placement_cloud: "cloud1" placement_region: "datacenter1" placement_zone: "rack1" } } peers { permanent_uuid: "6b460ba950654300b6c50d93f25aea31" member_type: VOTER last_known_private_addr { host: "127.0.0.2" port: 9100 } cloud_info { placement_cloud: "cloud1" placement_region: "datacenter1" placement_zone: "rack1" } } peers { permanent_uuid: "d5c37cb1777946179e6692ee5e504715" member_type: VOTER last_known_private_addr { host: "127.0.0.1" port: 9100 } cloud_info { placement_cloud: "cloud1" placement_region: "datacenter1" placement_zone: "rack1" } }
W1009 23:16:56.923719 52060160 leader_election.cc:281] T 9b45d3f9024e43b58a591ec35594430e P 23d881032c1249bd803e401a539be0e2 [CANDIDATE]: Term 1 election: Tablet error from VoteRequest() call to peer 6b460ba950654300b6c50d93f25aea31: Illegal state (yb/tserver/service_util.cc:271): Tablet 9b45d3f9024e43b58a591ec35594430e not RUNNING: NOT_STARTED (tablet server error 12) (raft group state error 5)
I1009 23:16:56.923817 10743808 raft_consensus.cc:3573] T db3b3178db1849c4b3ebbe53840c6b02 P 23d881032c1249bd803e401a539be0e2 [term 0 FOLLOWER]: Snoozing leader timeout detection for 3.178s
I1009 23:16:56.923844 46157824 log.cc:1461] T bf1529417d2a441c9c33fa183a226bd3 P 23d881032c1249bd803e401a539be0e2: Setting log wal retention time to 0 seconds
I1009 23:16:56.924300 51523584 raft_consensus.cc:1970] T f5bd6014d733492eac6dd2cfba061381 P 23d881032c1249bd803e401a539be0e2 [term 1 FOLLOWER]: Returning from UpdateConsensus because of error: error { code: PRECEDING_ENTRY_DIDNT_MATCH status { code: ILLEGAL_STATE message: "Log matching property violated. Preceding OpId in replica: 0.0. Preceding OpId from leader: 1.1. (index mismatch)" source_file: "../../src/yb/consensus/raft_consensus.cc" source_line: 1752 errors: "00" } }
I1009 23:16:56.924440 44011520 raft_consensus.cc:527] T 8078024ab93e4400a14d8399046d9f99 P 23d881032c1249bd803e401a539be0e2 [term 0 FOLLOWER]: Consensus starting up: Expiring fail detector timer to make a prompt election more likely
W1009 23:16:56.924625 55279616 leader_election.cc:281] T 30fedb9fed834e6d975c43711c3f6fd9 P 23d881032c1249bd803e401a539be0e2 [CANDIDATE]: Term 1 pre-election: Tablet error from VoteRequest() call to peer 6b460ba950654300b6c50d93f25aea31: Illegal state (yb/tserver/service_util.cc:271): Tablet 30fedb9fed834e6d975c43711c3f6fd9 not RUNNING: BOOTSTRAPPING (tablet server error 12) (raft group state error 0)
I1009 23:16:56.924839 10743808 raft_consensus.cc:3466] T db3b3178db1849c4b3ebbe53840c6b02 P 23d881032c1249bd803e401a539be0e2 [term 0 FOLLOWER]: Leader pre-election won for term 1
I1009 23:16:56.924973 44011520 raft_consensus.cc:1135] T 8078024ab93e4400a14d8399046d9f99 P 23d881032c1249bd803e401a539be0e2 [term 0 FOLLOWER]: Becoming Follower/Learner. State: Replica: 23d881032c1249bd803e401a539be0e2, State: 1, Role: FOLLOWER, Watermarks: {Received: 0.0 Committed: 0.0} Leader: 0.0, new leader: , initial_fd_wait: <uninitialized>
I1009 23:16:56.925158 10743808 raft_consensus.cc:644] T db3b3178db1849c4b3ebbe53840c6b02 P 23d881032c1249bd803e401a539be0e2 [term 0 FOLLOWER]: Triggering leader election, mode=ELECT_EVEN_IF_LEADER_IS_ALIVE
I1009 23:16:56.925272 44011520 consensus_meta.cc:361] T 8078024ab93e4400a14d8399046d9f99 P 23d881032c1249bd803e401a539be0e2: Updating active role from FOLLOWER to FOLLOWER. Consensus state: current_term: 0 leader_uuid: "" config { opid_index: -1 peers { permanent_uuid: "23d881032c1249bd803e401a539be0e2" member_type: VOTER last_known_private_addr { host: "127.0.0.3" port: 9100 } cloud_info { placement_cloud: "cloud1" placement_region: "datacenter1" placement_zone: "rack1" } } peers { permanent_uuid: "6b460ba950654300b6c50d93f25aea31" member_type: VOTER last_known_private_addr { host: "127.0.0.2" port: 9100 } cloud_info { placement_cloud: "cloud1" placement_region: "datacenter1" placement_zone: "rack1" } } peers { permanent_uuid: "d5c37cb1777946179e6692ee5e504715" member_type: VOTER last_known_private_addr { host: "127.0.0.1" port: 9100 } cloud_info { placement_cloud: "cloud1" placement_region: "datacenter1" placement_zone: "rack1" } } }, has_pending_config = 0
I1009 23:16:56.925356 10743808 raft_consensus.cc:3573] T db3b3178db1849c4b3ebbe53840c6b02 P 23d881032c1249bd803e401a539be0e2 [term 0 FOLLOWER]: Snoozing leader timeout detection for 3.193s
I1009 23:16:56.925426 44011520 consensus_queue.cc:270] T 8078024ab93e4400a14d8399046d9f99 P 23d881032c1249bd803e401a539be0e2 [NON_LEADER]: Queue going to NON_LEADER mode. State: All replicated op: 0.0, Majority replicated op: 0.0, Committed index: 0.0, Last applied: 0.0, Last appended: 0.0, Current term: 0, Majority size: -1, State: QUEUE_OPEN, Mode: NON_LEADER
I1009 23:16:56.925519 10743808 raft_consensus.cc:3634] T db3b3178db1849c4b3ebbe53840c6b02 P 23d881032c1249bd803e401a539be0e2 [term 0 FOLLOWER]: Advancing to term 1
I1009 23:16:56.925679 44011520 raft_consensus.cc:3519] T 8078024ab93e4400a14d8399046d9f99 P 23d881032c1249bd803e401a539be0e2 [term 0 FOLLOWER]: Calling mark dirty synchronously for reason code CONSENSUS_STARTED
I1009 23:16:56.925841 10743808 consensus_meta.cc:361] T db3b3178db1849c4b3ebbe53840c6b02 P 23d881032c1249bd803e401a539be0e2: Updating active role from FOLLOWER to FOLLOWER. Consensus state: current_term: 1 leader_uuid: "" config { opid_index: -1 peers { permanent_uuid: "23d881032c1249bd803e401a539be0e2" member_type: VOTER last_known_private_addr { host: "127.0.0.3" port: 9100 } cloud_info { placement_cloud: "cloud1" placement_region: "datacenter1" placement_zone: "rack1" } } peers { permanent_uuid: "6b460ba950654300b6c50d93f25aea31" member_type: VOTER last_known_private_addr { host: "127.0.0.2" port: 9100 } cloud_info { placement_cloud: "cloud1" placement_region: "datacenter1" placement_zone: "rack1" } } peers { permanent_uuid: "d5c37cb1777946179e6692ee5e504715" member_type: VOTER last_known_private_addr { host: "127.0.0.1" port: 9100 } cloud_info { placement_cloud: "cloud1" placement_region: "datacenter1" placement_zone: "rack1" } } }, has_pending_config = 0
I1009 23:16:56.926012 44011520 tablet_peer.cc:1643] T 8078024ab93e4400a14d8399046d9f99 P 23d881032c1249bd803e401a539be0e2 [state=RUNNING]: Changed state from BOOTSTRAPPING to RUNNING
I1009 23:16:56.926491 44011520 tablet_peer.cc:1516] T 8078024ab93e4400a14d8399046d9f99 P 23d881032c1249bd803e401a539be0e2 [state=RUNNING]: Registered log gc
I1009 23:16:56.926574 44011520 ts_tablet_manager.cc:2063] T 8078024ab93e4400a14d8399046d9f99 P 23d881032c1249bd803e401a539be0e2: Time spent starting tablet: real 0.005s	user 0.001s	sys 0.001s
I1009 23:16:56.926613 44011520 ts_tablet_manager.cc:3478] Deleted transition in progress creating tablet for tablet 8078024ab93e4400a14d8399046d9f99
I1009 23:16:56.926935 46157824 tablet_bootstrap_if.cc:96] T bf1529417d2a441c9c33fa183a226bd3 P 23d881032c1249bd803e401a539be0e2: No bootstrap required, opened a new log
I1009 23:16:56.926970 46157824 log.cc:1461] T bf1529417d2a441c9c33fa183a226bd3 P 23d881032c1249bd803e401a539be0e2: Setting log wal retention time to 0 seconds
I1009 23:16:56.927016 46157824 ts_tablet_manager.cc:1982] T bf1529417d2a441c9c33fa183a226bd3 P 23d881032c1249bd803e401a539be0e2: Time spent bootstrapping tablet: real 0.007s	user 0.001s	sys 0.001s
I1009 23:16:56.927349 10743808 raft_consensus.cc:684] T db3b3178db1849c4b3ebbe53840c6b02 P 23d881032c1249bd803e401a539be0e2 [term 1 FOLLOWER]: Starting election with config: opid_index: -1 peers { permanent_uuid: "23d881032c1249bd803e401a539be0e2" member_type: VOTER last_known_private_addr { host: "127.0.0.3" port: 9100 } cloud_info { placement_cloud: "cloud1" placement_region: "datacenter1" placement_zone: "rack1" } } peers { permanent_uuid: "6b460ba950654300b6c50d93f25aea31" member_type: VOTER last_known_private_addr { host: "127.0.0.2" port: 9100 } cloud_info { placement_cloud: "cloud1" placement_region: "datacenter1" placement_zone: "rack1" } } peers { permanent_uuid: "d5c37cb1777946179e6692ee5e504715" member_type: VOTER last_known_private_addr { host: "127.0.0.1" port: 9100 } cloud_info { placement_cloud: "cloud1" placement_region: "datacenter1" placement_zone: "rack1" } }
I1009 23:16:56.927392 54743040 raft_consensus.cc:1754] T f27eef4b471b4c3c800523a8cd4a34f7 P 23d881032c1249bd803e401a539be0e2 [term 1 FOLLOWER]: Refusing update from remote peer 6b460ba950654300b6c50d93f25aea31: Log matching property violated. Preceding OpId in replica: 0.0. Preceding OpId from leader: 1.1. (index mismatch)
I1009 23:16:56.927593 54743040 raft_consensus.cc:1970] T f27eef4b471b4c3c800523a8cd4a34f7 P 23d881032c1249bd803e401a539be0e2 [term 1 FOLLOWER]: Returning from UpdateConsensus because of error: error { code: PRECEDING_ENTRY_DIDNT_MATCH status { code: ILLEGAL_STATE message: "Log matching property violated. Preceding OpId in replica: 0.0. Preceding OpId from leader: 1.1. (index mismatch)" source_file: "../../src/yb/consensus/raft_consensus.cc" source_line: 1752 errors: "00" } }
I1009 23:16:56.927662 54743040 leader_election.cc:365] T 30fedb9fed834e6d975c43711c3f6fd9 P 23d881032c1249bd803e401a539be0e2 [CANDIDATE]: Term 1 pre-election: Vote granted by peer d5c37cb1777946179e6692ee5e504715
I1009 23:16:56.927688 54743040 leader_election.cc:240] T 30fedb9fed834e6d975c43711c3f6fd9 P 23d881032c1249bd803e401a539be0e2 [CANDIDATE]: Term 1 pre-election: Election decided. Result: candidate won.
I1009 23:16:56.927873 55816192 raft_consensus.cc:3573] T 30fedb9fed834e6d975c43711c3f6fd9 P 23d881032c1249bd803e401a539be0e2 [term 0 FOLLOWER]: Snoozing leader timeout detection for 3.067s
I1009 23:16:56.927910 55816192 raft_consensus.cc:3466] T 30fedb9fed834e6d975c43711c3f6fd9 P 23d881032c1249bd803e401a539be0e2 [term 0 FOLLOWER]: Leader pre-election won for term 1
I1009 23:16:56.927932 55816192 raft_consensus.cc:644] T 30fedb9fed834e6d975c43711c3f6fd9 P 23d881032c1249bd803e401a539be0e2 [term 0 FOLLOWER]: Triggering leader election, mode=ELECT_EVEN_IF_LEADER_IS_ALIVE
I1009 23:16:56.927950 55816192 raft_consensus.cc:3573] T 30fedb9fed834e6d975c43711c3f6fd9 P 23d881032c1249bd803e401a539be0e2 [term 0 FOLLOWER]: Snoozing leader timeout detection for 3.157s
I1009 23:16:56.927968 55816192 raft_consensus.cc:3634] T 30fedb9fed834e6d975c43711c3f6fd9 P 23d881032c1249bd803e401a539be0e2 [term 0 FOLLOWER]: Advancing to term 1
I1009 23:16:56.928000 55816192 consensus_meta.cc:361] T 30fedb9fed834e6d975c43711c3f6fd9 P 23d881032c1249bd803e401a539be0e2: Updating active role from FOLLOWER to FOLLOWER. Consensus state: current_term: 1 leader_uuid: "" config { opid_index: -1 peers { permanent_uuid: "23d881032c1249bd803e401a539be0e2" member_type: VOTER last_known_private_addr { host: "127.0.0.3" port: 9100 } cloud_info { placement_cloud: "cloud1" placement_region: "datacenter1" placement_zone: "rack1" } } peers { permanent_uuid: "6b460ba950654300b6c50d93f25aea31" member_type: VOTER last_known_private_addr { host: "127.0.0.2" port: 9100 } cloud_info { placement_cloud: "cloud1" placement_region: "datacenter1" placement_zone: "rack1" } } peers { permanent_uuid: "d5c37cb1777946179e6692ee5e504715" member_type: VOTER last_known_private_addr { host: "127.0.0.1" port: 9100 } cloud_info { placement_cloud: "cloud1" placement_region: "datacenter1" placement_zone: "rack1" } } }, has_pending_config = 0
I1009 23:16:56.928098 52060160 consensus_meta.cc:361] T f5bd6014d733492eac6dd2cfba061381 P 23d881032c1249bd803e401a539be0e2: Updating active role from FOLLOWER to FOLLOWER. Consensus state: current_term: 1 leader_uuid: "d5c37cb1777946179e6692ee5e504715" config { opid_index: -1 peers { permanent_uuid: "23d881032c1249bd803e401a539be0e2" member_type: VOTER last_known_private_addr { host: "127.0.0.3" port: 9100 } cloud_info { placement_cloud: "cloud1" placement_region: "datacenter1" placement_zone: "rack1" } } peers { permanent_uuid: "6b460ba950654300b6c50d93f25aea31" member_type: VOTER last_known_private_addr { host: "127.0.0.2" port: 9100 } cloud_info { placement_cloud: "cloud1" placement_region: "datacenter1" placement_zone: "rack1" } } peers { permanent_uuid: "d5c37cb1777946179e6692ee5e504715" member_type: VOTER last_known_private_addr { host: "127.0.0.1" port: 9100 } cloud_info { placement_cloud: "cloud1" placement_region: "datacenter1" placement_zone: "rack1" } } }, has_pending_config = 0
I1009 23:16:56.928180 52060160 raft_consensus.cc:3519] T f5bd6014d733492eac6dd2cfba061381 P 23d881032c1249bd803e401a539be0e2 [term 1 FOLLOWER]: Calling mark dirty synchronously for reason code NEW_LEADER_ELECTED
I1009 23:16:56.928267 10743808 leader_election.cc:214] T db3b3178db1849c4b3ebbe53840c6b02 P 23d881032c1249bd803e401a539be0e2 [CANDIDATE]: Term 1 election: Requesting vote from peer 6b460ba950654300b6c50d93f25aea31
I1009 23:16:56.928315 10743808 leader_election.cc:214] T db3b3178db1849c4b3ebbe53840c6b02 P 23d881032c1249bd803e401a539be0e2 [CANDIDATE]: Term 1 election: Requesting vote from peer d5c37cb1777946179e6692ee5e504715
I1009 23:16:56.929111 55816192 raft_consensus.cc:684] T 30fedb9fed834e6d975c43711c3f6fd9 P 23d881032c1249bd803e401a539be0e2 [term 1 FOLLOWER]: Starting election with config: opid_index: -1 peers { permanent_uuid: "23d881032c1249bd803e401a539be0e2" member_type: VOTER last_known_private_addr { host: "127.0.0.3" port: 9100 } cloud_info { placement_cloud: "cloud1" placement_region: "datacenter1" placement_zone: "rack1" } } peers { permanent_uuid: "6b460ba950654300b6c50d93f25aea31" member_type: VOTER last_known_private_addr { host: "127.0.0.2" port: 9100 } cloud_info { placement_cloud: "cloud1" placement_region: "datacenter1" placement_zone: "rack1" } } peers { permanent_uuid: "d5c37cb1777946179e6692ee5e504715" member_type: VOTER last_known_private_addr { host: "127.0.0.1" port: 9100 } cloud_info { placement_cloud: "cloud1" placement_region: "datacenter1" placement_zone: "rack1" } }
I1009 23:16:56.929500 46157824 consensus_meta.cc:361] T bf1529417d2a441c9c33fa183a226bd3 P 23d881032c1249bd803e401a539be0e2: Updating active role from FOLLOWER to FOLLOWER. Consensus state: current_term: 0 leader_uuid: "" config { opid_index: -1 peers { permanent_uuid: "23d881032c1249bd803e401a539be0e2" member_type: VOTER last_known_private_addr { host: "127.0.0.3" port: 9100 } cloud_info { placement_cloud: "cloud1" placement_region: "datacenter1" placement_zone: "rack1" } } peers { permanent_uuid: "6b460ba950654300b6c50d93f25aea31" member_type: VOTER last_known_private_addr { host: "127.0.0.2" port: 9100 } cloud_info { placement_cloud: "cloud1" placement_region: "datacenter1" placement_zone: "rack1" } } peers { permanent_uuid: "d5c37cb1777946179e6692ee5e504715" member_type: VOTER last_known_private_addr { host: "127.0.0.1" port: 9100 } cloud_info { placement_cloud: "cloud1" placement_region: "datacenter1" placement_zone: "rack1" } } }, has_pending_config = 0
I1009 23:16:56.929888 46157824 raft_consensus.cc:498] T bf1529417d2a441c9c33fa183a226bd3 P 23d881032c1249bd803e401a539be0e2 [term 0 FOLLOWER]: Replica starting. Triggering 0 pending operations. Active config: opid_index: -1 peers { permanent_uuid: "23d881032c1249bd803e401a539be0e2" member_type: VOTER last_known_private_addr { host: "127.0.0.3" port: 9100 } cloud_info { placement_cloud: "cloud1" placement_region: "datacenter1" placement_zone: "rack1" } } peers { permanent_uuid: "6b460ba950654300b6c50d93f25aea31" member_type: VOTER last_known_private_addr { host: "127.0.0.2" port: 9100 } cloud_info { placement_cloud: "cloud1" placement_region: "datacenter1" placement_zone: "rack1" } } peers { permanent_uuid: "d5c37cb1777946179e6692ee5e504715" member_type: VOTER last_known_private_addr { host: "127.0.0.1" port: 9100 } cloud_info { placement_cloud: "cloud1" placement_region: "datacenter1" placement_zone: "rack1" } }
I1009 23:16:56.929950 46157824 raft_consensus.cc:527] T bf1529417d2a441c9c33fa183a226bd3 P 23d881032c1249bd803e401a539be0e2 [term 0 FOLLOWER]: Consensus starting up: Expiring fail detector timer to make a prompt election more likely
I1009 23:16:56.929972 46157824 raft_consensus.cc:1135] T bf1529417d2a441c9c33fa183a226bd3 P 23d881032c1249bd803e401a539be0e2 [term 0 FOLLOWER]: Becoming Follower/Learner. State: Replica: 23d881032c1249bd803e401a539be0e2, State: 1, Role: FOLLOWER, Watermarks: {Received: 0.0 Committed: 0.0} Leader: 0.0, new leader: , initial_fd_wait: <uninitialized>
I1009 23:16:56.930001 46157824 consensus_meta.cc:361] T bf1529417d2a441c9c33fa183a226bd3 P 23d881032c1249bd803e401a539be0e2: Updating active role from FOLLOWER to FOLLOWER. Consensus state: current_term: 0 leader_uuid: "" config { opid_index: -1 peers { permanent_uuid: "23d881032c1249bd803e401a539be0e2" member_type: VOTER last_known_private_addr { host: "127.0.0.3" port: 9100 } cloud_info { placement_cloud: "cloud1" placement_region: "datacenter1" placement_zone: "rack1" } } peers { permanent_uuid: "6b460ba950654300b6c50d93f25aea31" member_type: VOTER last_known_private_addr { host: "127.0.0.2" port: 9100 } cloud_info { placement_cloud: "cloud1" placement_region: "datacenter1" placement_zone: "rack1" } } peers { permanent_uuid: "d5c37cb1777946179e6692ee5e504715" member_type: VOTER last_known_private_addr { host: "127.0.0.1" port: 9100 } cloud_info { placement_cloud: "cloud1" placement_region: "datacenter1" placement_zone: "rack1" } } }, has_pending_config = 0
I1009 23:16:56.930099 46157824 consensus_queue.cc:270] T bf1529417d2a441c9c33fa183a226bd3 P 23d881032c1249bd803e401a539be0e2 [NON_LEADER]: Queue going to NON_LEADER mode. State: All replicated op: 0.0, Majority replicated op: 0.0, Committed index: 0.0, Last applied: 0.0, Last appended: 0.0, Current term: 0, Majority size: -1, State: QUEUE_OPEN, Mode: NON_LEADER
I1009 23:16:56.930163 46157824 raft_consensus.cc:3519] T bf1529417d2a441c9c33fa183a226bd3 P 23d881032c1249bd803e401a539be0e2 [term 0 FOLLOWER]: Calling mark dirty synchronously for reason code CONSENSUS_STARTED
I1009 23:16:56.930200 46157824 tablet_peer.cc:1643] T bf1529417d2a441c9c33fa183a226bd3 P 23d881032c1249bd803e401a539be0e2 [state=RUNNING]: Changed state from BOOTSTRAPPING to RUNNING
I1009 23:16:56.930245 46157824 tablet_peer.cc:1516] T bf1529417d2a441c9c33fa183a226bd3 P 23d881032c1249bd803e401a539be0e2 [state=RUNNING]: Registered log gc
I1009 23:16:56.930285 46157824 ts_tablet_manager.cc:2063] T bf1529417d2a441c9c33fa183a226bd3 P 23d881032c1249bd803e401a539be0e2: Time spent starting tablet: real 0.003s	user 0.001s	sys 0.001s
I1009 23:16:56.930363 46157824 ts_tablet_manager.cc:3478] Deleted transition in progress creating tablet for tablet bf1529417d2a441c9c33fa183a226bd3
I1009 23:16:56.930480 55816192 leader_election.cc:214] T 30fedb9fed834e6d975c43711c3f6fd9 P 23d881032c1249bd803e401a539be0e2 [CANDIDATE]: Term 1 election: Requesting vote from peer 6b460ba950654300b6c50d93f25aea31
I1009 23:16:56.930483 51523584 leader_election.cc:365] T 1b3f2a4877404ba898e6ff9448cf4740 P 23d881032c1249bd803e401a539be0e2 [CANDIDATE]: Term 1 election: Vote granted by peer 6b460ba950654300b6c50d93f25aea31
I1009 23:16:56.930622 55816192 leader_election.cc:214] T 30fedb9fed834e6d975c43711c3f6fd9 P 23d881032c1249bd803e401a539be0e2 [CANDIDATE]: Term 1 election: Requesting vote from peer d5c37cb1777946179e6692ee5e504715
I1009 23:16:56.930778 51523584 leader_election.cc:240] T 1b3f2a4877404ba898e6ff9448cf4740 P 23d881032c1249bd803e401a539be0e2 [CANDIDATE]: Term 1 election: Election decided. Result: candidate won.
I1009 23:16:56.930958 10743808 raft_consensus.cc:3573] T 1b3f2a4877404ba898e6ff9448cf4740 P 23d881032c1249bd803e401a539be0e2 [term 1 FOLLOWER]: Snoozing leader timeout detection for 3.115s
I1009 23:16:56.930995 10743808 raft_consensus.cc:3480] T 1b3f2a4877404ba898e6ff9448cf4740 P 23d881032c1249bd803e401a539be0e2 [term 1 FOLLOWER]: Leader election won for term 1
I1009 23:16:56.931020 10743808 replica_state.cc:1176] T 1b3f2a4877404ba898e6ff9448cf4740 P 23d881032c1249bd803e401a539be0e2 [term 1 FOLLOWER]: Reset our lease: 161871.353s
I1009 23:16:56.931049 10743808 replica_state.cc:1484] T 1b3f2a4877404ba898e6ff9448cf4740 P 23d881032c1249bd803e401a539be0e2 [term 1 FOLLOWER]: SetLeaderNoOpCommittedUnlocked(0), committed: 0.0, received: 0.0
I1009 23:16:56.931128 10743808 consensus_meta.cc:361] T 1b3f2a4877404ba898e6ff9448cf4740 P 23d881032c1249bd803e401a539be0e2: Updating active role from FOLLOWER to LEADER. Consensus state: current_term: 1 leader_uuid: "23d881032c1249bd803e401a539be0e2" config { opid_index: -1 peers { permanent_uuid: "23d881032c1249bd803e401a539be0e2" member_type: VOTER last_known_private_addr { host: "127.0.0.3" port: 9100 } cloud_info { placement_cloud: "cloud1" placement_region: "datacenter1" placement_zone: "rack1" } } peers { permanent_uuid: "6b460ba950654300b6c50d93f25aea31" member_type: VOTER last_known_private_addr { host: "127.0.0.2" port: 9100 } cloud_info { placement_cloud: "cloud1" placement_region: "datacenter1" placement_zone: "rack1" } } peers { permanent_uuid: "d5c37cb1777946179e6692ee5e504715" member_type: VOTER last_known_private_addr { host: "127.0.0.1" port: 9100 } cloud_info { placement_cloud: "cloud1" placement_region: "datacenter1" placement_zone: "rack1" } } }, has_pending_config = 0
I1009 23:16:56.931195 10743808 raft_consensus.cc:3519] T 1b3f2a4877404ba898e6ff9448cf4740 P 23d881032c1249bd803e401a539be0e2 [term 1 LEADER]: Calling mark dirty synchronously for reason code NEW_LEADER_ELECTED
I1009 23:16:56.931229 10743808 raft_consensus.cc:1076] T 1b3f2a4877404ba898e6ff9448cf4740 P 23d881032c1249bd803e401a539be0e2 [term 1 LEADER]: Becoming Leader. State: Replica: 23d881032c1249bd803e401a539be0e2, State: 1, Role: LEADER, Watermarks: {Received: 0.0 Committed: 0.0} Leader: 0.0
I1009 23:16:56.931288 55279616 leader_election.cc:365] T 9b45d3f9024e43b58a591ec35594430e P 23d881032c1249bd803e401a539be0e2 [CANDIDATE]: Term 1 election: Vote granted by peer d5c37cb1777946179e6692ee5e504715
I1009 23:16:56.931279 10743808 consensus_queue.cc:252] T 1b3f2a4877404ba898e6ff9448cf4740 P 23d881032c1249bd803e401a539be0e2 [LEADER]: Queue going to LEADER mode. State: All replicated op: 0.0, Majority replicated op: 0.0, Committed index: 0.0, Last applied: 0.0, Last appended: 0.0, Current term: 1, Majority size: 2, State: QUEUE_OPEN, Mode: LEADER, active raft config: opid_index: -1 peers { permanent_uuid: "23d881032c1249bd803e401a539be0e2" member_type: VOTER last_known_private_addr { host: "127.0.0.3" port: 9100 } cloud_info { placement_cloud: "cloud1" placement_region: "datacenter1" placement_zone: "rack1" } } peers { permanent_uuid: "6b460ba950654300b6c50d93f25aea31" member_type: VOTER last_known_private_addr { host: "127.0.0.2" port: 9100 } cloud_info { placement_cloud: "cloud1" placement_region: "datacenter1" placement_zone: "rack1" } } peers { permanent_uuid: "d5c37cb1777946179e6692ee5e504715" member_type: VOTER last_known_private_addr { host: "127.0.0.1" port: 9100 } cloud_info { placement_cloud: "cloud1" placement_region: "datacenter1" placement_zone: "rack1" } }
I1009 23:16:56.931324 55279616 leader_election.cc:240] T 9b45d3f9024e43b58a591ec35594430e P 23d881032c1249bd803e401a539be0e2 [CANDIDATE]: Term 1 election: Election decided. Result: candidate won.
I1009 23:16:56.931442 54743040 consensus_meta.cc:361] T f27eef4b471b4c3c800523a8cd4a34f7 P 23d881032c1249bd803e401a539be0e2: Updating active role from FOLLOWER to FOLLOWER. Consensus state: current_term: 1 leader_uuid: "6b460ba950654300b6c50d93f25aea31" config { opid_index: -1 peers { permanent_uuid: "23d881032c1249bd803e401a539be0e2" member_type: VOTER last_known_private_addr { host: "127.0.0.3" port: 9100 } cloud_info { placement_cloud: "cloud1" placement_region: "datacenter1" placement_zone: "rack1" } } peers { permanent_uuid: "6b460ba950654300b6c50d93f25aea31" member_type: VOTER last_known_private_addr { host: "127.0.0.2" port: 9100 } cloud_info { placement_cloud: "cloud1" placement_region: "datacenter1" placement_zone: "rack1" } } peers { permanent_uuid: "d5c37cb1777946179e6692ee5e504715" member_type: VOTER last_known_private_addr { host: "127.0.0.1" port: 9100 } cloud_info { placement_cloud: "cloud1" placement_region: "datacenter1" placement_zone: "rack1" } } }, has_pending_config = 0
I1009 23:16:56.931519 55279616 raft_consensus.cc:3634] T 1e9c042ca80e4c66a6117c85d04f6168 P 23d881032c1249bd803e401a539be0e2 [term 0 FOLLOWER]: Advancing to term 1
I1009 23:16:56.931527 54743040 raft_consensus.cc:3519] T f27eef4b471b4c3c800523a8cd4a34f7 P 23d881032c1249bd803e401a539be0e2 [term 1 FOLLOWER]: Calling mark dirty synchronously for reason code NEW_LEADER_ELECTED
I1009 23:16:56.931553 10743808 raft_consensus.cc:1094] Sending NO_OP at op 0.0
I1009 23:16:56.931552 55279616 consensus_meta.cc:361] T 1e9c042ca80e4c66a6117c85d04f6168 P 23d881032c1249bd803e401a539be0e2: Updating active role from FOLLOWER to FOLLOWER. Consensus state: current_term: 1 leader_uuid: "" config { opid_index: -1 peers { permanent_uuid: "23d881032c1249bd803e401a539be0e2" member_type: VOTER last_known_private_addr { host: "127.0.0.3" port: 9100 } cloud_info { placement_cloud: "cloud1" placement_region: "datacenter1" placement_zone: "rack1" } } peers { permanent_uuid: "6b460ba950654300b6c50d93f25aea31" member_type: VOTER last_known_private_addr { host: "127.0.0.2" port: 9100 } cloud_info { placement_cloud: "cloud1" placement_region: "datacenter1" placement_zone: "rack1" } } peers { permanent_uuid: "d5c37cb1777946179e6692ee5e504715" member_type: VOTER last_known_private_addr { host: "127.0.0.1" port: 9100 } cloud_info { placement_cloud: "cloud1" placement_region: "datacenter1" placement_zone: "rack1" } } }, has_pending_config = 0
I1009 23:16:56.931597 55816192 raft_consensus.cc:3573] T 9b45d3f9024e43b58a591ec35594430e P 23d881032c1249bd803e401a539be0e2 [term 1 FOLLOWER]: Snoozing leader timeout detection for 3.242s
I1009 23:16:56.931891 55816192 raft_consensus.cc:3480] T 9b45d3f9024e43b58a591ec35594430e P 23d881032c1249bd803e401a539be0e2 [term 1 FOLLOWER]: Leader election won for term 1
I1009 23:16:56.931941 55816192 replica_state.cc:1176] T 9b45d3f9024e43b58a591ec35594430e P 23d881032c1249bd803e401a539be0e2 [term 1 FOLLOWER]: Reset our lease: 161871.354s
I1009 23:16:56.931978 55816192 replica_state.cc:1484] T 9b45d3f9024e43b58a591ec35594430e P 23d881032c1249bd803e401a539be0e2 [term 1 FOLLOWER]: SetLeaderNoOpCommittedUnlocked(0), committed: 0.0, received: 0.0
I1009 23:16:56.932020 55816192 consensus_meta.cc:361] T 9b45d3f9024e43b58a591ec35594430e P 23d881032c1249bd803e401a539be0e2: Updating active role from FOLLOWER to LEADER. Consensus state: current_term: 1 leader_uuid: "23d881032c1249bd803e401a539be0e2" config { opid_index: -1 peers { permanent_uuid: "23d881032c1249bd803e401a539be0e2" member_type: VOTER last_known_private_addr { host: "127.0.0.3" port: 9100 } cloud_info { placement_cloud: "cloud1" placement_region: "datacenter1" placement_zone: "rack1" } } peers { permanent_uuid: "6b460ba950654300b6c50d93f25aea31" member_type: VOTER last_known_private_addr { host: "127.0.0.2" port: 9100 } cloud_info { placement_cloud: "cloud1" placement_region: "datacenter1" placement_zone: "rack1" } } peers { permanent_uuid: "d5c37cb1777946179e6692ee5e504715" member_type: VOTER last_known_private_addr { host: "127.0.0.1" port: 9100 } cloud_info { placement_cloud: "cloud1" placement_region: "datacenter1" placement_zone: "rack1" } } }, has_pending_config = 0
I1009 23:16:56.932108 55816192 raft_consensus.cc:3519] T 9b45d3f9024e43b58a591ec35594430e P 23d881032c1249bd803e401a539be0e2 [term 1 LEADER]: Calling mark dirty synchronously for reason code NEW_LEADER_ELECTED
I1009 23:16:56.932140 55816192 raft_consensus.cc:1076] T 9b45d3f9024e43b58a591ec35594430e P 23d881032c1249bd803e401a539be0e2 [term 1 LEADER]: Becoming Leader. State: Replica: 23d881032c1249bd803e401a539be0e2, State: 1, Role: LEADER, Watermarks: {Received: 0.0 Committed: 0.0} Leader: 0.0
I1009 23:16:56.932180 55816192 consensus_queue.cc:252] T 9b45d3f9024e43b58a591ec35594430e P 23d881032c1249bd803e401a539be0e2 [LEADER]: Queue going to LEADER mode. State: All replicated op: 0.0, Majority replicated op: 0.0, Committed index: 0.0, Last applied: 0.0, Last appended: 0.0, Current term: 1, Majority size: 2, State: QUEUE_OPEN, Mode: LEADER, active raft config: opid_index: -1 peers { permanent_uuid: "23d881032c1249bd803e401a539be0e2" member_type: VOTER last_known_private_addr { host: "127.0.0.3" port: 9100 } cloud_info { placement_cloud: "cloud1" placement_region: "datacenter1" placement_zone: "rack1" } } peers { permanent_uuid: "6b460ba950654300b6c50d93f25aea31" member_type: VOTER last_known_private_addr { host: "127.0.0.2" port: 9100 } cloud_info { placement_cloud: "cloud1" placement_region: "datacenter1" placement_zone: "rack1" } } peers { permanent_uuid: "d5c37cb1777946179e6692ee5e504715" member_type: VOTER last_known_private_addr { host: "127.0.0.1" port: 9100 } cloud_info { placement_cloud: "cloud1" placement_region: "datacenter1" placement_zone: "rack1" } }
I1009 23:16:56.932359 55816192 raft_consensus.cc:1094] Sending NO_OP at op 0.0
I1009 23:16:56.933161 55279616 raft_consensus.cc:3573] T 1e9c042ca80e4c66a6117c85d04f6168 P 23d881032c1249bd803e401a539be0e2 [term 1 FOLLOWER]: Snoozing leader timeout detection for 3.191s
I1009 23:16:56.933919 56352768 raft_consensus.cc:684] T a818e973b4b04213a257872ca0183570 P 23d881032c1249bd803e401a539be0e2 [term 1 FOLLOWER]: Starting election with config: opid_index: -1 peers { permanent_uuid: "23d881032c1249bd803e401a539be0e2" member_type: VOTER last_known_private_addr { host: "127.0.0.3" port: 9100 } cloud_info { placement_cloud: "cloud1" placement_region: "datacenter1" placement_zone: "rack1" } } peers { permanent_uuid: "6b460ba950654300b6c50d93f25aea31" member_type: VOTER last_known_private_addr { host: "127.0.0.2" port: 9100 } cloud_info { placement_cloud: "cloud1" placement_region: "datacenter1" placement_zone: "rack1" } } peers { permanent_uuid: "d5c37cb1777946179e6692ee5e504715" member_type: VOTER last_known_private_addr { host: "127.0.0.1" port: 9100 } cloud_info { placement_cloud: "cloud1" placement_region: "datacenter1" placement_zone: "rack1" } }
W1009 23:16:56.934032 60108800 raft_consensus.cc:1397] Leader lease expiration was not set: Illegal state (yb/consensus/replica_state.cc:1413): NoOp of current term is not committed (majority_replicated_lease_expiration_ = -inf, majority_replicated_ht_lease_expiration_ = 0)
W1009 23:16:56.934095 60108800 replica_state.cc:805] T 1b3f2a4877404ba898e6ff9448cf4740 P 23d881032c1249bd803e401a539be0e2 [term 1 LEADER]: Can't advance the committed index across term boundaries until operations from the current term are replicated. Last committed operation was: 0.0, New majority replicated is: 0.0, Current term is: 1
W1009 23:16:56.934659 60108800 raft_consensus.cc:1397] Leader lease expiration was not set: Illegal state (yb/consensus/replica_state.cc:1413): NoOp of current term is not committed (majority_replicated_lease_expiration_ = -inf, majority_replicated_ht_lease_expiration_ = 0)
I1009 23:16:56.934706 55279616 raft_consensus.cc:3123] T 1e9c042ca80e4c66a6117c85d04f6168 P 23d881032c1249bd803e401a539be0e2 [term 1 FOLLOWER]:  Leader election vote request: Granting yes vote for candidate 6b460ba950654300b6c50d93f25aea31 in term 1.
W1009 23:16:56.934837 52060160 consensus_peers.cc:624] T 1b3f2a4877404ba898e6ff9448cf4740 P 23d881032c1249bd803e401a539be0e2 -> Peer d5c37cb1777946179e6692ee5e504715 ([host: "127.0.0.1" port: 9100], []): Couldn't send request.  Status: Illegal state (yb/tserver/service_util.cc:271): Tablet 1b3f2a4877404ba898e6ff9448cf4740 not RUNNING: BOOTSTRAPPING (tablet server error 12) (raft group state error 0). Retrying in the next heartbeat period. Already tried 1 times. State: 2
I1009 23:16:56.935089 51523584 raft_consensus.cc:3634] T 769c8b8690e648df93f41c693d55ebc3 P 23d881032c1249bd803e401a539be0e2 [term 0 FOLLOWER]: Advancing to term 1
I1009 23:16:56.935096 56352768 leader_election.cc:214] T a818e973b4b04213a257872ca0183570 P 23d881032c1249bd803e401a539be0e2 [CANDIDATE]: Term 1 election: Requesting vote from peer 6b460ba950654300b6c50d93f25aea31
I1009 23:16:56.935132 51523584 consensus_meta.cc:361] T 769c8b8690e648df93f41c693d55ebc3 P 23d881032c1249bd803e401a539be0e2: Updating active role from FOLLOWER to FOLLOWER. Consensus state: current_term: 1 leader_uuid: "" config { opid_index: -1 peers { permanent_uuid: "23d881032c1249bd803e401a539be0e2" member_type: VOTER last_known_private_addr { host: "127.0.0.3" port: 9100 } cloud_info { placement_cloud: "cloud1" placement_region: "datacenter1" placement_zone: "rack1" } } peers { permanent_uuid: "6b460ba950654300b6c50d93f25aea31" member_type: VOTER last_known_private_addr { host: "127.0.0.2" port: 9100 } cloud_info { placement_cloud: "cloud1" placement_region: "datacenter1" placement_zone: "rack1" } } peers { permanent_uuid: "d5c37cb1777946179e6692ee5e504715" member_type: VOTER last_known_private_addr { host: "127.0.0.1" port: 9100 } cloud_info { placement_cloud: "cloud1" placement_region: "datacenter1" placement_zone: "rack1" } } }, has_pending_config = 0
I1009 23:16:56.935215 45621248 tablet_bootstrap_if.cc:96] T a46de9d55d6845f1baaa95baceeadfe7 P 23d881032c1249bd803e401a539be0e2: No bootstrap required, opened a new log
I1009 23:16:56.935402 56352768 leader_election.cc:214] T a818e973b4b04213a257872ca0183570 P 23d881032c1249bd803e401a539be0e2 [CANDIDATE]: Term 1 election: Requesting vote from peer d5c37cb1777946179e6692ee5e504715
I1009 23:16:56.935619 45621248 log.cc:1461] T a46de9d55d6845f1baaa95baceeadfe7 P 23d881032c1249bd803e401a539be0e2: Setting log wal retention time to 0 seconds
I1009 23:16:56.936040 45621248 ts_tablet_manager.cc:1982] T a46de9d55d6845f1baaa95baceeadfe7 P 23d881032c1249bd803e401a539be0e2: Time spent bootstrapping tablet: real 0.017s	user 0.001s	sys 0.001s
I1009 23:16:56.937175 51523584 raft_consensus.cc:3573] T 769c8b8690e648df93f41c693d55ebc3 P 23d881032c1249bd803e401a539be0e2 [term 1 FOLLOWER]: Snoozing leader timeout detection for 3.083s
I1009 23:16:56.937502 54206464 raft_consensus.cc:3634] T 46569f1a6c8746acb9da222b34f086b5 P 23d881032c1249bd803e401a539be0e2 [term 0 FOLLOWER]: Advancing to term 1
I1009 23:16:56.937544 54206464 consensus_meta.cc:361] T 46569f1a6c8746acb9da222b34f086b5 P 23d881032c1249bd803e401a539be0e2: Updating active role from FOLLOWER to FOLLOWER. Consensus state: current_term: 1 leader_uuid: "" config { opid_index: -1 peers { permanent_uuid: "23d881032c1249bd803e401a539be0e2" member_type: VOTER last_known_private_addr { host: "127.0.0.3" port: 9100 } cloud_info { placement_cloud: "cloud1" placement_region: "datacenter1" placement_zone: "rack1" } } peers { permanent_uuid: "6b460ba950654300b6c50d93f25aea31" member_type: VOTER last_known_private_addr { host: "127.0.0.2" port: 9100 } cloud_info { placement_cloud: "cloud1" placement_region: "datacenter1" placement_zone: "rack1" } } peers { permanent_uuid: "d5c37cb1777946179e6692ee5e504715" member_type: VOTER last_known_private_addr { host: "127.0.0.1" port: 9100 } cloud_info { placement_cloud: "cloud1" placement_region: "datacenter1" placement_zone: "rack1" } } }, has_pending_config = 0
I1009 23:16:56.937585 54743040 raft_consensus.cc:644] T 7c7b0e8f396b4659b1f29a4dd140c822 P 23d881032c1249bd803e401a539be0e2 [term 0 FOLLOWER]: Triggering leader pre-election, mode=ELECT_EVEN_IF_LEADER_IS_ALIVE
