I1010 10:36:06.282864 87494656 tablet_bootstrap.cc:1212] T 9cd834df5c9f41b091ffb845bd6122ec P 23d881032c1249bd803e401a539be0e2: ReplayState: Previous OpId: 1.4, Committed OpId: 1.4, Pending Replicates: 0, Flushed Regular: -1.-1, Flushed Intents: -1.-1
I1010 10:36:06.282899 88567808 log_util.cc:841] Found no log entry headers
I1010 10:36:06.282929 87494656 tablet_bootstrap.cc:1212] T 9cd834df5c9f41b091ffb845bd6122ec P 23d881032c1249bd803e401a539be0e2: Log entries applied to RocksDB: 4
I1010 10:36:06.282986 88567808 log_util.cc:702] Ignoring partially flushed segment in write ahead log /Users/nag/yb/yugabyte-data/node3/yb-data/tserver/wals/table-f80c17935cc9489ab3c6c05dceb25976/tablet-f5bd6014d733492eac6dd2cfba061381/wal-000000002 because there are no log entries following this one. The server probably crashed in the middle of writing an entry to the write-ahead log or downloaded an active log via remote bootstrap. Error detail: Corruption (yb/consensus/log_util.cc:912): Invalid checksum in log entry head header: found=0, computed=2351477386: Failed trying to read batch #4 at offset 219 for log segment /Users/nag/yb/yugabyte-data/node3/yb-data/tserver/wals/table-f80c17935cc9489ab3c6c05dceb25976/tablet-f5bd6014d733492eac6dd2cfba061381/wal-000000002: Prior batch offsets: 109 135 193 219; Last log entries read: [REPLICATE (4.6)]
I1010 10:36:06.283015 86958080 tablet_bootstrap_if.cc:96] T 5aab7c3da55c4174a9735369225d0c54 P 23d881032c1249bd803e401a539be0e2: Bootstrap replayed 1/1 log segments. Read operations: 5, overwritten operations: 0. Pending: 1 replicates. Last read committed op id: 3.5, last entry metadata: { entry_time: 187115.055s offset: 1330 active_segment_sequence_number: 1 }, last read entry op id: 3.5
I1010 10:36:06.283033 87494656 tablet_bootstrap.cc:1666] T 9cd834df5c9f41b091ffb845bd6122ec P 23d881032c1249bd803e401a539be0e2: Number of orphaned replicates: 0, last id: 1.4, committed id: 1.4
I1010 10:36:06.283056 88567808 tablet_bootstrap_if.cc:96] T f5bd6014d733492eac6dd2cfba061381 P 23d881032c1249bd803e401a539be0e2: Bootstrap replayed 2/2 log segments. Read operations: 6, overwritten operations: 0. Pending: 1 replicates. Last read committed op id: 4.6, last entry metadata: { entry_time: 191540.981s offset: 135 active_segment_sequence_number: 2 }, last read entry op id: 4.6
I1010 10:36:06.283077 86958080 tablet_bootstrap.cc:1654] T 5aab7c3da55c4174a9735369225d0c54 P 23d881032c1249bd803e401a539be0e2: Dumping replay state to log at the end of PlaySegments
I1010 10:36:06.283129 88567808 tablet_bootstrap.cc:1654] T f5bd6014d733492eac6dd2cfba061381 P 23d881032c1249bd803e401a539be0e2: Dumping replay state to log at the end of PlaySegments
I1010 10:36:06.283156 86958080 tablet_bootstrap.cc:1212] T 5aab7c3da55c4174a9735369225d0c54 P 23d881032c1249bd803e401a539be0e2: ReplayState: Previous OpId: 3.5, Committed OpId: 3.5, Pending Replicates: 0, Flushed Regular: -1.-1, Flushed Intents: -1.-1
I1010 10:36:06.283190 88567808 tablet_bootstrap.cc:1212] T f5bd6014d733492eac6dd2cfba061381 P 23d881032c1249bd803e401a539be0e2: ReplayState: Previous OpId: 4.6, Committed OpId: 4.6, Pending Replicates: 0, Flushed Regular: -1.-1, Flushed Intents: -1.-1
I1010 10:36:06.283219 86958080 tablet_bootstrap.cc:1212] T 5aab7c3da55c4174a9735369225d0c54 P 23d881032c1249bd803e401a539be0e2: Log entries applied to RocksDB: 5
W1010 10:36:06.283239 88031232 log_util.cc:241] Could not read footer for segment: /Users/nag/yb/yugabyte-data/node3/yb-data/tserver/wals/table-f80c17935cc9489ab3c6c05dceb25976/tablet-1e9c042ca80e4c66a6117c85d04f6168/wal-000000001: Not found (yb/consensus/log_util.cc:581): Footer not found. Footer magic doesn't match
I1010 10:36:06.283243 88567808 tablet_bootstrap.cc:1212] T f5bd6014d733492eac6dd2cfba061381 P 23d881032c1249bd803e401a539be0e2: Log entries applied to RocksDB: 6
I1010 10:36:06.283269 86958080 tablet_bootstrap.cc:1666] T 5aab7c3da55c4174a9735369225d0c54 P 23d881032c1249bd803e401a539be0e2: Number of orphaned replicates: 0, last id: 3.5, committed id: 3.5
W1010 10:36:06.283310 88031232 log_reader.cc:217] T 1e9c042ca80e4c66a6117c85d04f6168 P 23d881032c1249bd803e401a539be0e2: Log segment /Users/nag/yb/yugabyte-data/node3/yb-data/tserver/wals/table-f80c17935cc9489ab3c6c05dceb25976/tablet-1e9c042ca80e4c66a6117c85d04f6168/wal-000000001 was likely left in-progressafter a previous crash. Will try to reuse this segment as writable active segment
I1010 10:36:06.283334 88567808 tablet_bootstrap.cc:1666] T f5bd6014d733492eac6dd2cfba061381 P 23d881032c1249bd803e401a539be0e2: Number of orphaned replicates: 0, last id: 4.6, committed id: 4.6
I1010 10:36:06.283423 88031232 log.cc:722] T 1e9c042ca80e4c66a6117c85d04f6168 P 23d881032c1249bd803e401a539be0e2: Opened existing logs. Last segment is /Users/nag/yb/yugabyte-data/node3/yb-data/tserver/wals/table-f80c17935cc9489ab3c6c05dceb25976/tablet-1e9c042ca80e4c66a6117c85d04f6168/wal-000000001
I1010 10:36:06.283478 88031232 tablet_bootstrap.cc:396] T 1e9c042ca80e4c66a6117c85d04f6168 P 23d881032c1249bd803e401a539be0e2: Bootstrap optimizer (skip_flushed_entries): op_id_replay_lowest=-1.-1 (regular_op_id=-1.-1, intents_op_id=-1.-1, has_intents_db=0)
I1010 10:36:06.283516 88031232 tablet_bootstrap.cc:1461] T 1e9c042ca80e4c66a6117c85d04f6168 P 23d881032c1249bd803e401a539be0e2: Segment /Users/nag/yb/yugabyte-data/node3/yb-data/tserver/wals/table-f80c17935cc9489ab3c6c05dceb25976/tablet-1e9c042ca80e4c66a6117c85d04f6168/wal-000000001 cannot be used as the first segment to start replay with according to our OpId and retention criteria. However, this is already the earliest segment so we have to start replay here. We should probably investigate how we got into this situation. op_id=1.1, op_id_replay_lowest=-1.-1, last_op_id_in_retryable_requests=0.0, first_op_time=161875.843s, retryable_requests_retain_interval=60.000s, *retryable_requests_replay_from_this_or_earlier_time=161815.843s, is_first_op_id_low_enough_for_retryable_requests=0, is_first_op_time_early_enough_for_retryable_requests=0, is_first_op_id_low_enough=0
I1010 10:36:06.283551 88031232 tablet_bootstrap.cc:1476] T 1e9c042ca80e4c66a6117c85d04f6168 P 23d881032c1249bd803e401a539be0e2: Bootstrap optimizer (skip_flushed_entries): will replay all segments starting from the very first one.
I1010 10:36:06.283612 85884928 tablet_bootstrap_if.cc:96] T f27eef4b471b4c3c800523a8cd4a34f7 P 23d881032c1249bd803e401a539be0e2: Bootstrap complete.
I1010 10:36:06.283773 85884928 log.cc:1112] Successfully restored footer_builder_ and log_index_ for segment: /Users/nag/yb/yugabyte-data/node3/yb-data/tserver/wals/table-f80c17935cc9489ab3c6c05dceb25976/tablet-f27eef4b471b4c3c800523a8cd4a34f7/wal-000000001. Reopen the file for write with starting offset: 1956
I1010 10:36:06.283809 85884928 log.cc:1461] T f27eef4b471b4c3c800523a8cd4a34f7 P 23d881032c1249bd803e401a539be0e2: Setting log wal retention time to 0 seconds
I1010 10:36:06.283854 85884928 ts_tablet_manager.cc:1982] T f27eef4b471b4c3c800523a8cd4a34f7 P 23d881032c1249bd803e401a539be0e2: Time spent bootstrapping tablet: real 0.005s	user 0.001s	sys 0.002s
I1010 10:36:06.283869 88031232 tablet_bootstrap_if.cc:96] T 1e9c042ca80e4c66a6117c85d04f6168 P 23d881032c1249bd803e401a539be0e2: Bootstrap replayed 1/1 log segments. Read operations: 5, overwritten operations: 0. Pending: 1 replicates. Last read committed op id: 3.5, last entry metadata: { entry_time: 187108.139s offset: 1376 active_segment_sequence_number: 1 }, last read entry op id: 3.5
I1010 10:36:06.283906 88031232 tablet_bootstrap.cc:1654] T 1e9c042ca80e4c66a6117c85d04f6168 P 23d881032c1249bd803e401a539be0e2: Dumping replay state to log at the end of PlaySegments
I1010 10:36:06.283933 88031232 tablet_bootstrap.cc:1212] T 1e9c042ca80e4c66a6117c85d04f6168 P 23d881032c1249bd803e401a539be0e2: ReplayState: Previous OpId: 3.5, Committed OpId: 3.5, Pending Replicates: 0, Flushed Regular: -1.-1, Flushed Intents: -1.-1
I1010 10:36:06.283952 88031232 tablet_bootstrap.cc:1212] T 1e9c042ca80e4c66a6117c85d04f6168 P 23d881032c1249bd803e401a539be0e2: Log entries applied to RocksDB: 5
I1010 10:36:06.283949 87494656 tablet_bootstrap_if.cc:96] T 9cd834df5c9f41b091ffb845bd6122ec P 23d881032c1249bd803e401a539be0e2: Bootstrap complete.
I1010 10:36:06.283975 88031232 tablet_bootstrap.cc:1666] T 1e9c042ca80e4c66a6117c85d04f6168 P 23d881032c1249bd803e401a539be0e2: Number of orphaned replicates: 0, last id: 3.5, committed id: 3.5
I1010 10:36:06.284174 86958080 tablet_bootstrap_if.cc:96] T 5aab7c3da55c4174a9735369225d0c54 P 23d881032c1249bd803e401a539be0e2: Bootstrap complete.
I1010 10:36:06.284241 87494656 log.cc:1112] Successfully restored footer_builder_ and log_index_ for segment: /Users/nag/yb/yugabyte-data/node3/yb-data/tserver/wals/table-f80c17935cc9489ab3c6c05dceb25976/tablet-9cd834df5c9f41b091ffb845bd6122ec/wal-000000001. Reopen the file for write with starting offset: 1898
I1010 10:36:06.284276 87494656 log.cc:1461] T 9cd834df5c9f41b091ffb845bd6122ec P 23d881032c1249bd803e401a539be0e2: Setting log wal retention time to 0 seconds
I1010 10:36:06.284322 87494656 ts_tablet_manager.cc:1982] T 9cd834df5c9f41b091ffb845bd6122ec P 23d881032c1249bd803e401a539be0e2: Time spent bootstrapping tablet: real 0.005s	user 0.001s	sys 0.002s
I1010 10:36:06.284346 86958080 log.cc:1112] Successfully restored footer_builder_ and log_index_ for segment: /Users/nag/yb/yugabyte-data/node3/yb-data/tserver/wals/table-f80c17935cc9489ab3c6c05dceb25976/tablet-5aab7c3da55c4174a9735369225d0c54/wal-000000001. Reopen the file for write with starting offset: 1936
I1010 10:36:06.284381 86958080 log.cc:1461] T 5aab7c3da55c4174a9735369225d0c54 P 23d881032c1249bd803e401a539be0e2: Setting log wal retention time to 0 seconds
I1010 10:36:06.284410 88567808 tablet_bootstrap_if.cc:96] T f5bd6014d733492eac6dd2cfba061381 P 23d881032c1249bd803e401a539be0e2: Bootstrap complete.
I1010 10:36:06.284422 86958080 ts_tablet_manager.cc:1982] T 5aab7c3da55c4174a9735369225d0c54 P 23d881032c1249bd803e401a539be0e2: Time spent bootstrapping tablet: real 0.005s	user 0.001s	sys 0.002s
I1010 10:36:06.284469 88567808 log_util.cc:797] Scanning /Users/nag/yb/yugabyte-data/node3/yb-data/tserver/wals/table-f80c17935cc9489ab3c6c05dceb25976/tablet-f5bd6014d733492eac6dd2cfba061381/wal-000000002 for valid entry headers following offset 219...
I1010 10:36:06.284533 88567808 log_util.cc:841] Found no log entry headers
I1010 10:36:06.284555 88567808 log_util.cc:702] Ignoring partially flushed segment in write ahead log /Users/nag/yb/yugabyte-data/node3/yb-data/tserver/wals/table-f80c17935cc9489ab3c6c05dceb25976/tablet-f5bd6014d733492eac6dd2cfba061381/wal-000000002 because there are no log entries following this one. The server probably crashed in the middle of writing an entry to the write-ahead log or downloaded an active log via remote bootstrap. Error detail: Corruption (yb/consensus/log_util.cc:912): Invalid checksum in log entry head header: found=0, computed=2351477386: Failed trying to read batch #4 at offset 219 for log segment /Users/nag/yb/yugabyte-data/node3/yb-data/tserver/wals/table-f80c17935cc9489ab3c6c05dceb25976/tablet-f5bd6014d733492eac6dd2cfba061381/wal-000000002: Prior batch offsets: 109 135 193 219; Last log entries read: [REPLICATE (4.6)]
I1010 10:36:06.284646 88567808 log.cc:1112] Successfully restored footer_builder_ and log_index_ for segment: /Users/nag/yb/yugabyte-data/node3/yb-data/tserver/wals/table-f80c17935cc9489ab3c6c05dceb25976/tablet-f5bd6014d733492eac6dd2cfba061381/wal-000000002. Reopen the file for write with starting offset: 219
I1010 10:36:06.284677 88567808 log.cc:1461] T f5bd6014d733492eac6dd2cfba061381 P 23d881032c1249bd803e401a539be0e2: Setting log wal retention time to 0 seconds
I1010 10:36:06.284719 88567808 ts_tablet_manager.cc:1982] T f5bd6014d733492eac6dd2cfba061381 P 23d881032c1249bd803e401a539be0e2: Time spent bootstrapping tablet: real 0.006s	user 0.001s	sys 0.002s
I1010 10:36:06.284797 88031232 tablet_bootstrap_if.cc:96] T 1e9c042ca80e4c66a6117c85d04f6168 P 23d881032c1249bd803e401a539be0e2: Bootstrap complete.
I1010 10:36:06.285064 88031232 log.cc:1112] Successfully restored footer_builder_ and log_index_ for segment: /Users/nag/yb/yugabyte-data/node3/yb-data/tserver/wals/table-f80c17935cc9489ab3c6c05dceb25976/tablet-1e9c042ca80e4c66a6117c85d04f6168/wal-000000001. Reopen the file for write with starting offset: 1982
I1010 10:36:06.285100 88031232 log.cc:1461] T 1e9c042ca80e4c66a6117c85d04f6168 P 23d881032c1249bd803e401a539be0e2: Setting log wal retention time to 0 seconds
I1010 10:36:06.285140 88031232 ts_tablet_manager.cc:1982] T 1e9c042ca80e4c66a6117c85d04f6168 P 23d881032c1249bd803e401a539be0e2: Time spent bootstrapping tablet: real 0.004s	user 0.001s	sys 0.002s
I1010 10:36:06.285385 85884928 consensus_meta.cc:361] T f27eef4b471b4c3c800523a8cd4a34f7 P 23d881032c1249bd803e401a539be0e2: Updating active role from FOLLOWER to FOLLOWER. Consensus state: current_term: 3 leader_uuid: "" config { opid_index: 5 peers { permanent_uuid: "6b460ba950654300b6c50d93f25aea31" member_type: VOTER last_known_private_addr { host: "127.0.0.2" port: 9100 } cloud_info { placement_cloud: "cloud1" placement_region: "datacenter1" placement_zone: "rack1" } } peers { permanent_uuid: "d5c37cb1777946179e6692ee5e504715" member_type: VOTER last_known_private_addr { host: "127.0.0.1" port: 9100 } cloud_info { placement_cloud: "cloud1" placement_region: "datacenter1" placement_zone: "rack1" } } peers { permanent_uuid: "23d881032c1249bd803e401a539be0e2" member_type: VOTER last_known_private_addr { host: "127.0.0.3" port: 9100 } cloud_info { placement_cloud: "cloud1" placement_region: "datacenter1" placement_zone: "rack1" } } }, has_pending_config = 0
I1010 10:36:06.285477 85884928 raft_consensus.cc:498] T f27eef4b471b4c3c800523a8cd4a34f7 P 23d881032c1249bd803e401a539be0e2 [term 3 FOLLOWER]: Replica starting. Triggering 0 pending operations. Active config: opid_index: 5 peers { permanent_uuid: "6b460ba950654300b6c50d93f25aea31" member_type: VOTER last_known_private_addr { host: "127.0.0.2" port: 9100 } cloud_info { placement_cloud: "cloud1" placement_region: "datacenter1" placement_zone: "rack1" } } peers { permanent_uuid: "d5c37cb1777946179e6692ee5e504715" member_type: VOTER last_known_private_addr { host: "127.0.0.1" port: 9100 } cloud_info { placement_cloud: "cloud1" placement_region: "datacenter1" placement_zone: "rack1" } } peers { permanent_uuid: "23d881032c1249bd803e401a539be0e2" member_type: VOTER last_known_private_addr { host: "127.0.0.3" port: 9100 } cloud_info { placement_cloud: "cloud1" placement_region: "datacenter1" placement_zone: "rack1" } }
I1010 10:36:06.285553 85884928 raft_consensus.cc:1135] T f27eef4b471b4c3c800523a8cd4a34f7 P 23d881032c1249bd803e401a539be0e2 [term 3 FOLLOWER]: Becoming Follower/Learner. State: Replica: 23d881032c1249bd803e401a539be0e2, State: 1, Role: FOLLOWER, Watermarks: {Received: 3.5 Committed: 3.5} Leader: 0.0, new leader: , initial_fd_wait: <uninitialized>
I1010 10:36:06.285601 85884928 consensus_meta.cc:361] T f27eef4b471b4c3c800523a8cd4a34f7 P 23d881032c1249bd803e401a539be0e2: Updating active role from FOLLOWER to FOLLOWER. Consensus state: current_term: 3 leader_uuid: "" config { opid_index: 5 peers { permanent_uuid: "6b460ba950654300b6c50d93f25aea31" member_type: VOTER last_known_private_addr { host: "127.0.0.2" port: 9100 } cloud_info { placement_cloud: "cloud1" placement_region: "datacenter1" placement_zone: "rack1" } } peers { permanent_uuid: "d5c37cb1777946179e6692ee5e504715" member_type: VOTER last_known_private_addr { host: "127.0.0.1" port: 9100 } cloud_info { placement_cloud: "cloud1" placement_region: "datacenter1" placement_zone: "rack1" } } peers { permanent_uuid: "23d881032c1249bd803e401a539be0e2" member_type: VOTER last_known_private_addr { host: "127.0.0.3" port: 9100 } cloud_info { placement_cloud: "cloud1" placement_region: "datacenter1" placement_zone: "rack1" } } }, has_pending_config = 0
I1010 10:36:06.285671 85884928 consensus_queue.cc:270] T f27eef4b471b4c3c800523a8cd4a34f7 P 23d881032c1249bd803e401a539be0e2 [NON_LEADER]: Queue going to NON_LEADER mode. State: All replicated op: 0.0, Majority replicated op: 0.0, Committed index: 0.0, Last applied: 0.0, Last appended: 3.5, Current term: 0, Majority size: -1, State: QUEUE_OPEN, Mode: NON_LEADER
I1010 10:36:06.285714 85884928 raft_consensus.cc:3519] T f27eef4b471b4c3c800523a8cd4a34f7 P 23d881032c1249bd803e401a539be0e2 [term 3 FOLLOWER]: Calling mark dirty synchronously for reason code CONSENSUS_STARTED
I1010 10:36:06.285745 85884928 tablet_peer.cc:1643] T f27eef4b471b4c3c800523a8cd4a34f7 P 23d881032c1249bd803e401a539be0e2 [state=RUNNING]: Changed state from BOOTSTRAPPING to RUNNING
I1010 10:36:06.285818 85884928 tablet_peer.cc:1516] T f27eef4b471b4c3c800523a8cd4a34f7 P 23d881032c1249bd803e401a539be0e2 [state=RUNNING]: Registered log gc
I1010 10:36:06.285857 85884928 ts_tablet_manager.cc:2063] T f27eef4b471b4c3c800523a8cd4a34f7 P 23d881032c1249bd803e401a539be0e2: Time spent starting tablet: real 0.002s	user 0.001s	sys 0.001s
I1010 10:36:06.285890 85884928 ts_tablet_manager.cc:3478] Deleted transition in progress opening tablet for tablet f27eef4b471b4c3c800523a8cd4a34f7
I1010 10:36:06.285914 85884928 ts_tablet_manager.cc:1936] T bf1529417d2a441c9c33fa183a226bd3 P 23d881032c1249bd803e401a539be0e2: Bootstrapping tablet
I1010 10:36:06.286026 87494656 consensus_meta.cc:361] T 9cd834df5c9f41b091ffb845bd6122ec P 23d881032c1249bd803e401a539be0e2: Updating active role from FOLLOWER to FOLLOWER. Consensus state: current_term: 1 leader_uuid: "" config { opid_index: 4 peers { permanent_uuid: "6b460ba950654300b6c50d93f25aea31" member_type: VOTER last_known_private_addr { host: "127.0.0.2" port: 9100 } cloud_info { placement_cloud: "cloud1" placement_region: "datacenter1" placement_zone: "rack1" } } peers { permanent_uuid: "d5c37cb1777946179e6692ee5e504715" member_type: VOTER last_known_private_addr { host: "127.0.0.1" port: 9100 } cloud_info { placement_cloud: "cloud1" placement_region: "datacenter1" placement_zone: "rack1" } } peers { permanent_uuid: "23d881032c1249bd803e401a539be0e2" member_type: VOTER last_known_private_addr { host: "127.0.0.3" port: 9100 } cloud_info { placement_cloud: "cloud1" placement_region: "datacenter1" placement_zone: "rack1" } } }, has_pending_config = 0
I1010 10:36:06.286104 87494656 raft_consensus.cc:498] T 9cd834df5c9f41b091ffb845bd6122ec P 23d881032c1249bd803e401a539be0e2 [term 1 FOLLOWER]: Replica starting. Triggering 0 pending operations. Active config: opid_index: 4 peers { permanent_uuid: "6b460ba950654300b6c50d93f25aea31" member_type: VOTER last_known_private_addr { host: "127.0.0.2" port: 9100 } cloud_info { placement_cloud: "cloud1" placement_region: "datacenter1" placement_zone: "rack1" } } peers { permanent_uuid: "d5c37cb1777946179e6692ee5e504715" member_type: VOTER last_known_private_addr { host: "127.0.0.1" port: 9100 } cloud_info { placement_cloud: "cloud1" placement_region: "datacenter1" placement_zone: "rack1" } } peers { permanent_uuid: "23d881032c1249bd803e401a539be0e2" member_type: VOTER last_known_private_addr { host: "127.0.0.3" port: 9100 } cloud_info { placement_cloud: "cloud1" placement_region: "datacenter1" placement_zone: "rack1" } }
I1010 10:36:06.286151 91250688 heartbeater.cc:379] P 23d881032c1249bd803e401a539be0e2: Registering TS with master...
I1010 10:36:06.286176 87494656 raft_consensus.cc:1135] T 9cd834df5c9f41b091ffb845bd6122ec P 23d881032c1249bd803e401a539be0e2 [term 1 FOLLOWER]: Becoming Follower/Learner. State: Replica: 23d881032c1249bd803e401a539be0e2, State: 1, Role: FOLLOWER, Watermarks: {Received: 1.4 Committed: 1.4} Leader: 0.0, new leader: , initial_fd_wait: <uninitialized>
I1010 10:36:06.286206 91250688 server_base.cc:598] Using private rpc address 127.0.0.3
I1010 10:36:06.286240 88567808 consensus_meta.cc:361] T f5bd6014d733492eac6dd2cfba061381 P 23d881032c1249bd803e401a539be0e2: Updating active role from FOLLOWER to FOLLOWER. Consensus state: current_term: 4 leader_uuid: "" config { opid_index: 4 peers { permanent_uuid: "6b460ba950654300b6c50d93f25aea31" member_type: VOTER last_known_private_addr { host: "127.0.0.2" port: 9100 } cloud_info { placement_cloud: "cloud1" placement_region: "datacenter1" placement_zone: "rack1" } } peers { permanent_uuid: "d5c37cb1777946179e6692ee5e504715" member_type: VOTER last_known_private_addr { host: "127.0.0.1" port: 9100 } cloud_info { placement_cloud: "cloud1" placement_region: "datacenter1" placement_zone: "rack1" } } peers { permanent_uuid: "23d881032c1249bd803e401a539be0e2" member_type: VOTER last_known_private_addr { host: "127.0.0.3" port: 9100 } cloud_info { placement_cloud: "cloud1" placement_region: "datacenter1" placement_zone: "rack1" } } }, has_pending_config = 0
I1010 10:36:06.286264 87494656 consensus_meta.cc:361] T 9cd834df5c9f41b091ffb845bd6122ec P 23d881032c1249bd803e401a539be0e2: Updating active role from FOLLOWER to FOLLOWER. Consensus state: current_term: 1 leader_uuid: "" config { opid_index: 4 peers { permanent_uuid: "6b460ba950654300b6c50d93f25aea31" member_type: VOTER last_known_private_addr { host: "127.0.0.2" port: 9100 } cloud_info { placement_cloud: "cloud1" placement_region: "datacenter1" placement_zone: "rack1" } } peers { permanent_uuid: "d5c37cb1777946179e6692ee5e504715" member_type: VOTER last_known_private_addr { host: "127.0.0.1" port: 9100 } cloud_info { placement_cloud: "cloud1" placement_region: "datacenter1" placement_zone: "rack1" } } peers { permanent_uuid: "23d881032c1249bd803e401a539be0e2" member_type: VOTER last_known_private_addr { host: "127.0.0.3" port: 9100 } cloud_info { placement_cloud: "cloud1" placement_region: "datacenter1" placement_zone: "rack1" } } }, has_pending_config = 0
I1010 10:36:06.286283 85884928 consensus_meta.cc:361] T bf1529417d2a441c9c33fa183a226bd3 P 23d881032c1249bd803e401a539be0e2: Updating active role from UNKNOWN_ROLE to FOLLOWER. Consensus state: current_term: 3 leader_uuid: "" config { opid_index: 5 peers { permanent_uuid: "23d881032c1249bd803e401a539be0e2" member_type: VOTER last_known_private_addr { host: "127.0.0.3" port: 9100 } cloud_info { placement_cloud: "cloud1" placement_region: "datacenter1" placement_zone: "rack1" } } peers { permanent_uuid: "6b460ba950654300b6c50d93f25aea31" member_type: VOTER last_known_private_addr { host: "127.0.0.2" port: 9100 } cloud_info { placement_cloud: "cloud1" placement_region: "datacenter1" placement_zone: "rack1" } } peers { permanent_uuid: "d5c37cb1777946179e6692ee5e504715" member_type: VOTER last_known_private_addr { host: "127.0.0.1" port: 9100 } cloud_info { placement_cloud: "cloud1" placement_region: "datacenter1" placement_zone: "rack1" } } }, has_pending_config = 0
I1010 10:36:06.286331 91250688 server_base.cc:620] Using http address 127.0.0.3
I1010 10:36:06.286386 88567808 raft_consensus.cc:498] T f5bd6014d733492eac6dd2cfba061381 P 23d881032c1249bd803e401a539be0e2 [term 4 FOLLOWER]: Replica starting. Triggering 0 pending operations. Active config: opid_index: 4 peers { permanent_uuid: "6b460ba950654300b6c50d93f25aea31" member_type: VOTER last_known_private_addr { host: "127.0.0.2" port: 9100 } cloud_info { placement_cloud: "cloud1" placement_region: "datacenter1" placement_zone: "rack1" } } peers { permanent_uuid: "d5c37cb1777946179e6692ee5e504715" member_type: VOTER last_known_private_addr { host: "127.0.0.1" port: 9100 } cloud_info { placement_cloud: "cloud1" placement_region: "datacenter1" placement_zone: "rack1" } } peers { permanent_uuid: "23d881032c1249bd803e401a539be0e2" member_type: VOTER last_known_private_addr { host: "127.0.0.3" port: 9100 } cloud_info { placement_cloud: "cloud1" placement_region: "datacenter1" placement_zone: "rack1" } }
I1010 10:36:06.286415 87494656 consensus_queue.cc:270] T 9cd834df5c9f41b091ffb845bd6122ec P 23d881032c1249bd803e401a539be0e2 [NON_LEADER]: Queue going to NON_LEADER mode. State: All replicated op: 0.0, Majority replicated op: 0.0, Committed index: 0.0, Last applied: 0.0, Last appended: 1.4, Current term: 0, Majority size: -1, State: QUEUE_OPEN, Mode: NON_LEADER
I1010 10:36:06.286410 86958080 consensus_meta.cc:361] T 5aab7c3da55c4174a9735369225d0c54 P 23d881032c1249bd803e401a539be0e2: Updating active role from FOLLOWER to FOLLOWER. Consensus state: current_term: 3 leader_uuid: "" config { opid_index: 5 peers { permanent_uuid: "6b460ba950654300b6c50d93f25aea31" member_type: VOTER last_known_private_addr { host: "127.0.0.2" port: 9100 } cloud_info { placement_cloud: "cloud1" placement_region: "datacenter1" placement_zone: "rack1" } } peers { permanent_uuid: "d5c37cb1777946179e6692ee5e504715" member_type: VOTER last_known_private_addr { host: "127.0.0.1" port: 9100 } cloud_info { placement_cloud: "cloud1" placement_region: "datacenter1" placement_zone: "rack1" } } peers { permanent_uuid: "23d881032c1249bd803e401a539be0e2" member_type: VOTER last_known_private_addr { host: "127.0.0.3" port: 9100 } cloud_info { placement_cloud: "cloud1" placement_region: "datacenter1" placement_zone: "rack1" } } }, has_pending_config = 0
I1010 10:36:06.286491 85884928 tablet_bootstrap_state_manager.cc:68] Initialized TabletBootstrapStateManager, found a file ? no, wal dir=/Users/nag/yb/yugabyte-data/node3/yb-data/tserver/wals/table-f80c17935cc9489ab3c6c05dceb25976/tablet-bf1529417d2a441c9c33fa183a226bd3
I1010 10:36:06.286487 88567808 raft_consensus.cc:1135] T f5bd6014d733492eac6dd2cfba061381 P 23d881032c1249bd803e401a539be0e2 [term 4 FOLLOWER]: Becoming Follower/Learner. State: Replica: 23d881032c1249bd803e401a539be0e2, State: 1, Role: FOLLOWER, Watermarks: {Received: 4.6 Committed: 4.6} Leader: 0.0, new leader: , initial_fd_wait: <uninitialized>
I1010 10:36:06.286572 87494656 raft_consensus.cc:3519] T 9cd834df5c9f41b091ffb845bd6122ec P 23d881032c1249bd803e401a539be0e2 [term 1 FOLLOWER]: Calling mark dirty synchronously for reason code CONSENSUS_STARTED
I1010 10:36:06.286597 86958080 raft_consensus.cc:498] T 5aab7c3da55c4174a9735369225d0c54 P 23d881032c1249bd803e401a539be0e2 [term 3 FOLLOWER]: Replica starting. Triggering 0 pending operations. Active config: opid_index: 5 peers { permanent_uuid: "6b460ba950654300b6c50d93f25aea31" member_type: VOTER last_known_private_addr { host: "127.0.0.2" port: 9100 } cloud_info { placement_cloud: "cloud1" placement_region: "datacenter1" placement_zone: "rack1" } } peers { permanent_uuid: "d5c37cb1777946179e6692ee5e504715" member_type: VOTER last_known_private_addr { host: "127.0.0.1" port: 9100 } cloud_info { placement_cloud: "cloud1" placement_region: "datacenter1" placement_zone: "rack1" } } peers { permanent_uuid: "23d881032c1249bd803e401a539be0e2" member_type: VOTER last_known_private_addr { host: "127.0.0.3" port: 9100 } cloud_info { placement_cloud: "cloud1" placement_region: "datacenter1" placement_zone: "rack1" } }
I1010 10:36:06.286636 85884928 tablet_peer.cc:1643] T bf1529417d2a441c9c33fa183a226bd3 P 23d881032c1249bd803e401a539be0e2 [state=BOOTSTRAPPING]: Changed state from NOT_STARTED to BOOTSTRAPPING
I1010 10:36:06.286653 88567808 consensus_meta.cc:361] T f5bd6014d733492eac6dd2cfba061381 P 23d881032c1249bd803e401a539be0e2: Updating active role from FOLLOWER to FOLLOWER. Consensus state: current_term: 4 leader_uuid: "" config { opid_index: 4 peers { permanent_uuid: "6b460ba950654300b6c50d93f25aea31" member_type: VOTER last_known_private_addr { host: "127.0.0.2" port: 9100 } cloud_info { placement_cloud: "cloud1" placement_region: "datacenter1" placement_zone: "rack1" } } peers { permanent_uuid: "d5c37cb1777946179e6692ee5e504715" member_type: VOTER last_known_private_addr { host: "127.0.0.1" port: 9100 } cloud_info { placement_cloud: "cloud1" placement_region: "datacenter1" placement_zone: "rack1" } } peers { permanent_uuid: "23d881032c1249bd803e401a539be0e2" member_type: VOTER last_known_private_addr { host: "127.0.0.3" port: 9100 } cloud_info { placement_cloud: "cloud1" placement_region: "datacenter1" placement_zone: "rack1" } } }, has_pending_config = 0
I1010 10:36:06.286679 87494656 tablet_peer.cc:1643] T 9cd834df5c9f41b091ffb845bd6122ec P 23d881032c1249bd803e401a539be0e2 [state=RUNNING]: Changed state from BOOTSTRAPPING to RUNNING
I1010 10:36:06.286743 85884928 tablet_bootstrap_if.cc:96] T bf1529417d2a441c9c33fa183a226bd3 P 23d881032c1249bd803e401a539be0e2: Bootstrap starting.
I1010 10:36:06.286751 86958080 raft_consensus.cc:1135] T 5aab7c3da55c4174a9735369225d0c54 P 23d881032c1249bd803e401a539be0e2 [term 3 FOLLOWER]: Becoming Follower/Learner. State: Replica: 23d881032c1249bd803e401a539be0e2, State: 1, Role: FOLLOWER, Watermarks: {Received: 3.5 Committed: 3.5} Leader: 0.0, new leader: , initial_fd_wait: <uninitialized>
I1010 10:36:06.286788 88567808 consensus_queue.cc:270] T f5bd6014d733492eac6dd2cfba061381 P 23d881032c1249bd803e401a539be0e2 [NON_LEADER]: Queue going to NON_LEADER mode. State: All replicated op: 0.0, Majority replicated op: 0.0, Committed index: 0.0, Last applied: 0.0, Last appended: 4.6, Current term: 0, Majority size: -1, State: QUEUE_OPEN, Mode: NON_LEADER
I1010 10:36:06.286821 87494656 tablet_peer.cc:1516] T 9cd834df5c9f41b091ffb845bd6122ec P 23d881032c1249bd803e401a539be0e2 [state=RUNNING]: Registered log gc
I1010 10:36:06.286877 85884928 tablet.cc:637] T bf1529417d2a441c9c33fa183a226bd3 P 23d881032c1249bd803e401a539be0e2: Schema version for transactions is 0
I1010 10:36:06.286857 88031232 consensus_meta.cc:361] T 1e9c042ca80e4c66a6117c85d04f6168 P 23d881032c1249bd803e401a539be0e2: Updating active role from FOLLOWER to FOLLOWER. Consensus state: current_term: 3 leader_uuid: "" config { opid_index: 5 peers { permanent_uuid: "6b460ba950654300b6c50d93f25aea31" member_type: VOTER last_known_private_addr { host: "127.0.0.2" port: 9100 } cloud_info { placement_cloud: "cloud1" placement_region: "datacenter1" placement_zone: "rack1" } } peers { permanent_uuid: "d5c37cb1777946179e6692ee5e504715" member_type: VOTER last_known_private_addr { host: "127.0.0.1" port: 9100 } cloud_info { placement_cloud: "cloud1" placement_region: "datacenter1" placement_zone: "rack1" } } peers { permanent_uuid: "23d881032c1249bd803e401a539be0e2" member_type: VOTER last_known_private_addr { host: "127.0.0.3" port: 9100 } cloud_info { placement_cloud: "cloud1" placement_region: "datacenter1" placement_zone: "rack1" } } }, has_pending_config = 0
I1010 10:36:06.286865 86958080 consensus_meta.cc:361] T 5aab7c3da55c4174a9735369225d0c54 P 23d881032c1249bd803e401a539be0e2: Updating active role from FOLLOWER to FOLLOWER. Consensus state: current_term: 3 leader_uuid: "" config { opid_index: 5 peers { permanent_uuid: "6b460ba950654300b6c50d93f25aea31" member_type: VOTER last_known_private_addr { host: "127.0.0.2" port: 9100 } cloud_info { placement_cloud: "cloud1" placement_region: "datacenter1" placement_zone: "rack1" } } peers { permanent_uuid: "d5c37cb1777946179e6692ee5e504715" member_type: VOTER last_known_private_addr { host: "127.0.0.1" port: 9100 } cloud_info { placement_cloud: "cloud1" placement_region: "datacenter1" placement_zone: "rack1" } } peers { permanent_uuid: "23d881032c1249bd803e401a539be0e2" member_type: VOTER last_known_private_addr { host: "127.0.0.3" port: 9100 } cloud_info { placement_cloud: "cloud1" placement_region: "datacenter1" placement_zone: "rack1" } } }, has_pending_config = 0
I1010 10:36:06.286926 88567808 raft_consensus.cc:3519] T f5bd6014d733492eac6dd2cfba061381 P 23d881032c1249bd803e401a539be0e2 [term 4 FOLLOWER]: Calling mark dirty synchronously for reason code CONSENSUS_STARTED
I1010 10:36:06.286957 87494656 ts_tablet_manager.cc:2063] T 9cd834df5c9f41b091ffb845bd6122ec P 23d881032c1249bd803e401a539be0e2: Time spent starting tablet: real 0.003s	user 0.001s	sys 0.001s
I1010 10:36:06.287014 88031232 raft_consensus.cc:498] T 1e9c042ca80e4c66a6117c85d04f6168 P 23d881032c1249bd803e401a539be0e2 [term 3 FOLLOWER]: Replica starting. Triggering 0 pending operations. Active config: opid_index: 5 peers { permanent_uuid: "6b460ba950654300b6c50d93f25aea31" member_type: VOTER last_known_private_addr { host: "127.0.0.2" port: 9100 } cloud_info { placement_cloud: "cloud1" placement_region: "datacenter1" placement_zone: "rack1" } } peers { permanent_uuid: "d5c37cb1777946179e6692ee5e504715" member_type: VOTER last_known_private_addr { host: "127.0.0.1" port: 9100 } cloud_info { placement_cloud: "cloud1" placement_region: "datacenter1" placement_zone: "rack1" } } peers { permanent_uuid: "23d881032c1249bd803e401a539be0e2" member_type: VOTER last_known_private_addr { host: "127.0.0.3" port: 9100 } cloud_info { placement_cloud: "cloud1" placement_region: "datacenter1" placement_zone: "rack1" } }
I1010 10:36:06.287045 86958080 consensus_queue.cc:270] T 5aab7c3da55c4174a9735369225d0c54 P 23d881032c1249bd803e401a539be0e2 [NON_LEADER]: Queue going to NON_LEADER mode. State: All replicated op: 0.0, Majority replicated op: 0.0, Committed index: 0.0, Last applied: 0.0, Last appended: 3.5, Current term: 0, Majority size: -1, State: QUEUE_OPEN, Mode: NON_LEADER
I1010 10:36:06.287066 88567808 tablet_peer.cc:1643] T f5bd6014d733492eac6dd2cfba061381 P 23d881032c1249bd803e401a539be0e2 [state=RUNNING]: Changed state from BOOTSTRAPPING to RUNNING
I1010 10:36:06.287108 88031232 raft_consensus.cc:1135] T 1e9c042ca80e4c66a6117c85d04f6168 P 23d881032c1249bd803e401a539be0e2 [term 3 FOLLOWER]: Becoming Follower/Learner. State: Replica: 23d881032c1249bd803e401a539be0e2, State: 1, Role: FOLLOWER, Watermarks: {Received: 3.5 Committed: 3.5} Leader: 0.0, new leader: , initial_fd_wait: <uninitialized>
I1010 10:36:06.287117 87494656 ts_tablet_manager.cc:3478] Deleted transition in progress opening tablet for tablet 9cd834df5c9f41b091ffb845bd6122ec
I1010 10:36:06.287160 86958080 raft_consensus.cc:3519] T 5aab7c3da55c4174a9735369225d0c54 P 23d881032c1249bd803e401a539be0e2 [term 3 FOLLOWER]: Calling mark dirty synchronously for reason code CONSENSUS_STARTED
I1010 10:36:06.287235 88567808 tablet_peer.cc:1516] T f5bd6014d733492eac6dd2cfba061381 P 23d881032c1249bd803e401a539be0e2 [state=RUNNING]: Registered log gc
I1010 10:36:06.287248 85884928 tablet_bootstrap.cc:644] T bf1529417d2a441c9c33fa183a226bd3 P 23d881032c1249bd803e401a539be0e2: Time spent opening tablet: real 0.000s	user 0.000s	sys 0.000s
I1010 10:36:06.287276 88031232 consensus_meta.cc:361] T 1e9c042ca80e4c66a6117c85d04f6168 P 23d881032c1249bd803e401a539be0e2: Updating active role from FOLLOWER to FOLLOWER. Consensus state: current_term: 3 leader_uuid: "" config { opid_index: 5 peers { permanent_uuid: "6b460ba950654300b6c50d93f25aea31" member_type: VOTER last_known_private_addr { host: "127.0.0.2" port: 9100 } cloud_info { placement_cloud: "cloud1" placement_region: "datacenter1" placement_zone: "rack1" } } peers { permanent_uuid: "d5c37cb1777946179e6692ee5e504715" member_type: VOTER last_known_private_addr { host: "127.0.0.1" port: 9100 } cloud_info { placement_cloud: "cloud1" placement_region: "datacenter1" placement_zone: "rack1" } } peers { permanent_uuid: "23d881032c1249bd803e401a539be0e2" member_type: VOTER last_known_private_addr { host: "127.0.0.3" port: 9100 } cloud_info { placement_cloud: "cloud1" placement_region: "datacenter1" placement_zone: "rack1" } } }, has_pending_config = 0
I1010 10:36:06.287317 87494656 ts_tablet_manager.cc:1936] T 1b3f2a4877404ba898e6ff9448cf4740 P 23d881032c1249bd803e401a539be0e2: Bootstrapping tablet
I1010 10:36:06.287344 86958080 tablet_peer.cc:1643] T 5aab7c3da55c4174a9735369225d0c54 P 23d881032c1249bd803e401a539be0e2 [state=RUNNING]: Changed state from BOOTSTRAPPING to RUNNING
I1010 10:36:06.287379 88567808 ts_tablet_manager.cc:2063] T f5bd6014d733492eac6dd2cfba061381 P 23d881032c1249bd803e401a539be0e2: Time spent starting tablet: real 0.003s	user 0.001s	sys 0.001s
W1010 10:36:06.287424 91250688 heartbeater.cc:671] P 23d881032c1249bd803e401a539be0e2: Failed to heartbeat to 127.0.0.3:7100: Remote error (yb/rpc/outbound_call.cc:561): Failed to send heartbeat: Invalid argument (yb/master/master_heartbeat_service.cc:251): Received wrong universe_uuid 21b2e3d0-495a-4149-9f2a-913ddeb95eff, expected 7252bc1a-cf22-48a4-9dd6-459a6f24aa4e (rpc error 1) tries=10, num=3, masters=0x000000010f42a8b8 -> [[127.0.0.1:7100], [127.0.0.2:7100], [127.0.0.3:7100]], code=Remote error
I1010 10:36:06.287494 85884928 tablet_bootstrap.cc:740] T bf1529417d2a441c9c33fa183a226bd3 P 23d881032c1249bd803e401a539be0e2: Will attempt to recover log segment /Users/nag/yb/yugabyte-data/node3/yb-data/tserver/wals/table-f80c17935cc9489ab3c6c05dceb25976/tablet-bf1529417d2a441c9c33fa183a226bd3/wal-000000001
I1010 10:36:06.287490 88031232 consensus_queue.cc:270] T 1e9c042ca80e4c66a6117c85d04f6168 P 23d881032c1249bd803e401a539be0e2 [NON_LEADER]: Queue going to NON_LEADER mode. State: All replicated op: 0.0, Majority replicated op: 0.0, Committed index: 0.0, Last applied: 0.0, Last appended: 3.5, Current term: 0, Majority size: -1, State: QUEUE_OPEN, Mode: NON_LEADER
I1010 10:36:06.287537 86958080 tablet_peer.cc:1516] T 5aab7c3da55c4174a9735369225d0c54 P 23d881032c1249bd803e401a539be0e2 [state=RUNNING]: Registered log gc
I1010 10:36:06.287552 88567808 ts_tablet_manager.cc:3478] Deleted transition in progress opening tablet for tablet f5bd6014d733492eac6dd2cfba061381
I1010 10:36:06.287611 91250688 heartbeater.cc:379] P 23d881032c1249bd803e401a539be0e2: Registering TS with master...
I1010 10:36:06.287642 85884928 tablet_bootstrap.cc:1238] T bf1529417d2a441c9c33fa183a226bd3 P 23d881032c1249bd803e401a539be0e2: Flushed DocDB OpIds: { regular: -1.-1 intents: -1.-1 }
I1010 10:36:06.287699 88031232 raft_consensus.cc:3519] T 1e9c042ca80e4c66a6117c85d04f6168 P 23d881032c1249bd803e401a539be0e2 [term 3 FOLLOWER]: Calling mark dirty synchronously for reason code CONSENSUS_STARTED
I1010 10:36:06.287722 86958080 ts_tablet_manager.cc:2063] T 5aab7c3da55c4174a9735369225d0c54 P 23d881032c1249bd803e401a539be0e2: Time spent starting tablet: real 0.003s	user 0.001s	sys 0.001s
I1010 10:36:06.287760 88567808 ts_tablet_manager.cc:1936] T 8e0f68212e424483898ada80f57d111e P 23d881032c1249bd803e401a539be0e2: Bootstrapping tablet
I1010 10:36:06.287765 87494656 consensus_meta.cc:361] T 1b3f2a4877404ba898e6ff9448cf4740 P 23d881032c1249bd803e401a539be0e2: Updating active role from UNKNOWN_ROLE to FOLLOWER. Consensus state: current_term: 3 leader_uuid: "" config { opid_index: 4 peers { permanent_uuid: "23d881032c1249bd803e401a539be0e2" member_type: VOTER last_known_private_addr { host: "127.0.0.3" port: 9100 } cloud_info { placement_cloud: "cloud1" placement_region: "datacenter1" placement_zone: "rack1" } } peers { permanent_uuid: "d5c37cb1777946179e6692ee5e504715" member_type: VOTER last_known_private_addr { host: "127.0.0.1" port: 9100 } cloud_info { placement_cloud: "cloud1" placement_region: "datacenter1" placement_zone: "rack1" } } peers { permanent_uuid: "6b460ba950654300b6c50d93f25aea31" member_type: VOTER last_known_private_addr { host: "127.0.0.2" port: 9100 } cloud_info { placement_cloud: "cloud1" placement_region: "datacenter1" placement_zone: "rack1" } } }, has_pending_config = 0
I1010 10:36:06.287793 91250688 server_base.cc:598] Using private rpc address 127.0.0.3
I1010 10:36:06.287832 85884928 tablet_bootstrap.cc:1514] T bf1529417d2a441c9c33fa183a226bd3 P 23d881032c1249bd803e401a539be0e2: Max persistent index in RocksDB's SSTables before bootstrap: regular RocksDB: -1.-1; intents RocksDB: -1.-1
I1010 10:36:06.287864 88031232 tablet_peer.cc:1643] T 1e9c042ca80e4c66a6117c85d04f6168 P 23d881032c1249bd803e401a539be0e2 [state=RUNNING]: Changed state from BOOTSTRAPPING to RUNNING
I1010 10:36:06.287889 86958080 ts_tablet_manager.cc:3478] Deleted transition in progress opening tablet for tablet 5aab7c3da55c4174a9735369225d0c54
I1010 10:36:06.287976 91250688 server_base.cc:620] Using http address 127.0.0.3
I1010 10:36:06.288007 87494656 tablet_bootstrap_state_manager.cc:68] Initialized TabletBootstrapStateManager, found a file ? no, wal dir=/Users/nag/yb/yugabyte-data/node3/yb-data/tserver/wals/table-f80c17935cc9489ab3c6c05dceb25976/tablet-1b3f2a4877404ba898e6ff9448cf4740
I1010 10:36:06.288023 85884928 log.cc:1461] T bf1529417d2a441c9c33fa183a226bd3 P 23d881032c1249bd803e401a539be0e2: Setting log wal retention time to 0 seconds
I1010 10:36:06.288040 88031232 tablet_peer.cc:1516] T 1e9c042ca80e4c66a6117c85d04f6168 P 23d881032c1249bd803e401a539be0e2 [state=RUNNING]: Registered log gc
I1010 10:36:06.288053 86958080 ts_tablet_manager.cc:1936] T 58e6490841794dbeb8a8ffeaeaa9d87d P 23d881032c1249bd803e401a539be0e2: Bootstrapping tablet
I1010 10:36:06.288128 87494656 tablet_peer.cc:1643] T 1b3f2a4877404ba898e6ff9448cf4740 P 23d881032c1249bd803e401a539be0e2 [state=BOOTSTRAPPING]: Changed state from NOT_STARTED to BOOTSTRAPPING
I1010 10:36:06.288175 88567808 consensus_meta.cc:361] T 8e0f68212e424483898ada80f57d111e P 23d881032c1249bd803e401a539be0e2: Updating active role from UNKNOWN_ROLE to FOLLOWER. Consensus state: current_term: 1 leader_uuid: "" config { opid_index: -1 peers { permanent_uuid: "23d881032c1249bd803e401a539be0e2" member_type: VOTER last_known_private_addr { host: "127.0.0.3" port: 9100 } cloud_info { placement_cloud: "cloud1" placement_region: "datacenter1" placement_zone: "rack1" } } peers { permanent_uuid: "6b460ba950654300b6c50d93f25aea31" member_type: VOTER last_known_private_addr { host: "127.0.0.2" port: 9100 } cloud_info { placement_cloud: "cloud1" placement_region: "datacenter1" placement_zone: "rack1" } } peers { permanent_uuid: "d5c37cb1777946179e6692ee5e504715" member_type: VOTER last_known_private_addr { host: "127.0.0.1" port: 9100 } cloud_info { placement_cloud: "cloud1" placement_region: "datacenter1" placement_zone: "rack1" } } }, has_pending_config = 0
I1010 10:36:06.288241 88031232 ts_tablet_manager.cc:2063] T 1e9c042ca80e4c66a6117c85d04f6168 P 23d881032c1249bd803e401a539be0e2: Time spent starting tablet: real 0.003s	user 0.001s	sys 0.001s
I1010 10:36:06.288303 87494656 tablet_bootstrap_if.cc:96] T 1b3f2a4877404ba898e6ff9448cf4740 P 23d881032c1249bd803e401a539be0e2: Bootstrap starting.
I1010 10:36:06.288411 88031232 ts_tablet_manager.cc:3478] Deleted transition in progress opening tablet for tablet 1e9c042ca80e4c66a6117c85d04f6168
I1010 10:36:06.288451 88567808 tablet_bootstrap_state_manager.cc:68] Initialized TabletBootstrapStateManager, found a file ? no, wal dir=/Users/nag/yb/yugabyte-data/node3/yb-data/tserver/wals/table-b9a0b9d79c3a45f4842ed441df7c3e59/tablet-8e0f68212e424483898ada80f57d111e
I1010 10:36:06.288458 88031232 ts_tablet_manager.cc:1936] T 8b3b2a6029b04e9caafd3d0ecee41251 P 23d881032c1249bd803e401a539be0e2: Bootstrapping tablet
I1010 10:36:06.288467 87494656 tablet.cc:637] T 1b3f2a4877404ba898e6ff9448cf4740 P 23d881032c1249bd803e401a539be0e2: Schema version for transactions is 0
I1010 10:36:06.288506 88567808 tablet_peer.cc:1643] T 8e0f68212e424483898ada80f57d111e P 23d881032c1249bd803e401a539be0e2 [state=BOOTSTRAPPING]: Changed state from NOT_STARTED to BOOTSTRAPPING
I1010 10:36:06.288499 86958080 consensus_meta.cc:361] T 58e6490841794dbeb8a8ffeaeaa9d87d P 23d881032c1249bd803e401a539be0e2: Updating active role from UNKNOWN_ROLE to FOLLOWER. Consensus state: current_term: 1 leader_uuid: "" config { opid_index: -1 peers { permanent_uuid: "23d881032c1249bd803e401a539be0e2" member_type: VOTER last_known_private_addr { host: "127.0.0.3" port: 9100 } cloud_info { placement_cloud: "cloud1" placement_region: "datacenter1" placement_zone: "rack1" } } peers { permanent_uuid: "6b460ba950654300b6c50d93f25aea31" member_type: VOTER last_known_private_addr { host: "127.0.0.2" port: 9100 } cloud_info { placement_cloud: "cloud1" placement_region: "datacenter1" placement_zone: "rack1" } } peers { permanent_uuid: "d5c37cb1777946179e6692ee5e504715" member_type: VOTER last_known_private_addr { host: "127.0.0.1" port: 9100 } cloud_info { placement_cloud: "cloud1" placement_region: "datacenter1" placement_zone: "rack1" } } }, has_pending_config = 0
I1010 10:36:06.288590 88567808 tablet_bootstrap_if.cc:96] T 8e0f68212e424483898ada80f57d111e P 23d881032c1249bd803e401a539be0e2: Bootstrap starting.
I1010 10:36:06.288676 86958080 tablet_bootstrap_state_manager.cc:68] Initialized TabletBootstrapStateManager, found a file ? no, wal dir=/Users/nag/yb/yugabyte-data/node3/yb-data/tserver/wals/table-00004000000030008000000000004007/tablet-58e6490841794dbeb8a8ffeaeaa9d87d
I1010 10:36:06.288728 86958080 tablet_peer.cc:1643] T 58e6490841794dbeb8a8ffeaeaa9d87d P 23d881032c1249bd803e401a539be0e2 [state=BOOTSTRAPPING]: Changed state from NOT_STARTED to BOOTSTRAPPING
I1010 10:36:06.288743 88567808 tablet.cc:637] T 8e0f68212e424483898ada80f57d111e P 23d881032c1249bd803e401a539be0e2: Schema version for cdc_state is 0
I1010 10:36:06.288779 86958080 tablet_bootstrap_if.cc:96] T 58e6490841794dbeb8a8ffeaeaa9d87d P 23d881032c1249bd803e401a539be0e2: Bootstrap starting.
I1010 10:36:06.288820 88031232 consensus_meta.cc:361] T 8b3b2a6029b04e9caafd3d0ecee41251 P 23d881032c1249bd803e401a539be0e2: Updating active role from UNKNOWN_ROLE to FOLLOWER. Consensus state: current_term: 2 leader_uuid: "" config { opid_index: -1 peers { permanent_uuid: "23d881032c1249bd803e401a539be0e2" member_type: VOTER last_known_private_addr { host: "127.0.0.3" port: 9100 } cloud_info { placement_cloud: "cloud1" placement_region: "datacenter1" placement_zone: "rack1" } } peers { permanent_uuid: "6b460ba950654300b6c50d93f25aea31" member_type: VOTER last_known_private_addr { host: "127.0.0.2" port: 9100 } cloud_info { placement_cloud: "cloud1" placement_region: "datacenter1" placement_zone: "rack1" } } peers { permanent_uuid: "d5c37cb1777946179e6692ee5e504715" member_type: VOTER last_known_private_addr { host: "127.0.0.1" port: 9100 } cloud_info { placement_cloud: "cloud1" placement_region: "datacenter1" placement_zone: "rack1" } } }, has_pending_config = 0
I1010 10:36:06.288848 87494656 tablet_bootstrap.cc:644] T 1b3f2a4877404ba898e6ff9448cf4740 P 23d881032c1249bd803e401a539be0e2: Time spent opening tablet: real 0.000s	user 0.000s	sys 0.000s
I1010 10:36:06.288905 91787264 raft_consensus.cc:3634] T 46569f1a6c8746acb9da222b34f086b5 P 23d881032c1249bd803e401a539be0e2 [term 3 FOLLOWER]: Advancing to term 4
W1010 10:36:06.288923 85884928 log_util.cc:241] Could not read footer for segment: /Users/nag/yb/yugabyte-data/node3/yb-data/tserver/wals/table-f80c17935cc9489ab3c6c05dceb25976/tablet-bf1529417d2a441c9c33fa183a226bd3/wal-000000001: Not found (yb/consensus/log_util.cc:581): Footer not found. Footer magic doesn't match
I1010 10:36:06.288935 86958080 tablet.cc:637] T 58e6490841794dbeb8a8ffeaeaa9d87d P 23d881032c1249bd803e401a539be0e2: Schema version for user_info is 1
I1010 10:36:06.288997 88031232 tablet_bootstrap_state_manager.cc:68] Initialized TabletBootstrapStateManager, found a file ? no, wal dir=/Users/nag/yb/yugabyte-data/node3/yb-data/tserver/wals/table-0000400000003000800000000000400e/tablet-8b3b2a6029b04e9caafd3d0ecee41251
I1010 10:36:06.288996 91787264 consensus_meta.cc:361] T 46569f1a6c8746acb9da222b34f086b5 P 23d881032c1249bd803e401a539be0e2: Updating active role from FOLLOWER to FOLLOWER. Consensus state: current_term: 4 leader_uuid: "" config { opid_index: 4 peers { permanent_uuid: "23d881032c1249bd803e401a539be0e2" member_type: VOTER last_known_private_addr { host: "127.0.0.3" port: 9100 } cloud_info { placement_cloud: "cloud1" placement_region: "datacenter1" placement_zone: "rack1" } } peers { permanent_uuid: "6b460ba950654300b6c50d93f25aea31" member_type: VOTER last_known_private_addr { host: "127.0.0.2" port: 9100 } cloud_info { placement_cloud: "cloud1" placement_region: "datacenter1" placement_zone: "rack1" } } peers { permanent_uuid: "d5c37cb1777946179e6692ee5e504715" member_type: VOTER last_known_private_addr { host: "127.0.0.1" port: 9100 } cloud_info { placement_cloud: "cloud1" placement_region: "datacenter1" placement_zone: "rack1" } } }, has_pending_config = 0
W1010 10:36:06.289029 85884928 log_reader.cc:217] T bf1529417d2a441c9c33fa183a226bd3 P 23d881032c1249bd803e401a539be0e2: Log segment /Users/nag/yb/yugabyte-data/node3/yb-data/tserver/wals/table-f80c17935cc9489ab3c6c05dceb25976/tablet-bf1529417d2a441c9c33fa183a226bd3/wal-000000001 was likely left in-progressafter a previous crash. Will try to reuse this segment as writable active segment
I1010 10:36:06.289067 87494656 tablet_bootstrap.cc:740] T 1b3f2a4877404ba898e6ff9448cf4740 P 23d881032c1249bd803e401a539be0e2: Will attempt to recover log segment /Users/nag/yb/yugabyte-data/node3/yb-data/tserver/wals/table-f80c17935cc9489ab3c6c05dceb25976/tablet-1b3f2a4877404ba898e6ff9448cf4740/wal-000000001
W1010 10:36:06.289063 91250688 heartbeater.cc:671] P 23d881032c1249bd803e401a539be0e2: Failed to heartbeat to 127.0.0.3:7100: Remote error (yb/rpc/outbound_call.cc:561): Failed to send heartbeat: Invalid argument (yb/master/master_heartbeat_service.cc:251): Received wrong universe_uuid 21b2e3d0-495a-4149-9f2a-913ddeb95eff, expected 7252bc1a-cf22-48a4-9dd6-459a6f24aa4e (rpc error 1) tries=11, num=3, masters=0x000000010f42a8b8 -> [[127.0.0.1:7100], [127.0.0.2:7100], [127.0.0.3:7100]], code=Remote error
I1010 10:36:06.289104 88031232 tablet_peer.cc:1643] T 8b3b2a6029b04e9caafd3d0ecee41251 P 23d881032c1249bd803e401a539be0e2 [state=BOOTSTRAPPING]: Changed state from NOT_STARTED to BOOTSTRAPPING
I1010 10:36:06.289153 85884928 log.cc:722] T bf1529417d2a441c9c33fa183a226bd3 P 23d881032c1249bd803e401a539be0e2: Opened existing logs. Last segment is /Users/nag/yb/yugabyte-data/node3/yb-data/tserver/wals/table-f80c17935cc9489ab3c6c05dceb25976/tablet-bf1529417d2a441c9c33fa183a226bd3/wal-000000001
I1010 10:36:06.289178 87494656 tablet_bootstrap.cc:1238] T 1b3f2a4877404ba898e6ff9448cf4740 P 23d881032c1249bd803e401a539be0e2: Flushed DocDB OpIds: { regular: -1.-1 intents: -1.-1 }
I1010 10:36:06.289201 88567808 docdb_rocksdb_util.cc:367] FLAGS_rocksdb_max_background_flushes was not set, automatically configuring 2 max background flushes
