I1009 23:16:56.986887 55279616 raft_consensus.cc:3519] T a46de9d55d6845f1baaa95baceeadfe7 P 23d881032c1249bd803e401a539be0e2 [term 1 FOLLOWER]: Calling mark dirty synchronously for reason code NEW_LEADER_ELECTED
I1009 23:16:56.986972 54743040 raft_consensus.cc:3519] T 825df89ca459463f921e4a6d8e68a90d P 23d881032c1249bd803e401a539be0e2 [term 1 FOLLOWER]: Calling mark dirty synchronously for reason code NEW_LEADER_ELECTED
I1009 23:16:56.987010 54206464 raft_consensus.cc:1754] T 2a30e7b2effb4ab888e1f5a8af3fb03b P 23d881032c1249bd803e401a539be0e2 [term 1 FOLLOWER]: Refusing update from remote peer d5c37cb1777946179e6692ee5e504715: Log matching property violated. Preceding OpId in replica: 0.0. Preceding OpId from leader: 1.1. (index mismatch)
I1009 23:16:56.987066 54206464 raft_consensus.cc:1970] T 2a30e7b2effb4ab888e1f5a8af3fb03b P 23d881032c1249bd803e401a539be0e2 [term 1 FOLLOWER]: Returning from UpdateConsensus because of error: error { code: PRECEDING_ENTRY_DIDNT_MATCH status { code: ILLEGAL_STATE message: "Log matching property violated. Preceding OpId in replica: 0.0. Preceding OpId from leader: 1.1. (index mismatch)" source_file: "../../src/yb/consensus/raft_consensus.cc" source_line: 1752 errors: "00" } }
I1009 23:16:56.987485 52060160 raft_consensus.cc:3519] T c09c8a2af076408b8083ae6bfc2a671e P 23d881032c1249bd803e401a539be0e2 [term 1 FOLLOWER]: Calling mark dirty synchronously for reason code FOLLOWER_NO_OP_COMPLETE
I1009 23:16:56.987511 51523584 raft_consensus.cc:3573] T 5aab7c3da55c4174a9735369225d0c54 P 23d881032c1249bd803e401a539be0e2 [term 1 FOLLOWER]: Snoozing leader timeout detection for 3.140s
I1009 23:16:56.987536 52596736 consensus_meta.cc:361] T 2a30e7b2effb4ab888e1f5a8af3fb03b P 23d881032c1249bd803e401a539be0e2: Updating active role from FOLLOWER to FOLLOWER. Consensus state: current_term: 1 leader_uuid: "d5c37cb1777946179e6692ee5e504715" config { opid_index: -1 peers { permanent_uuid: "23d881032c1249bd803e401a539be0e2" member_type: VOTER last_known_private_addr { host: "127.0.0.3" port: 9100 } cloud_info { placement_cloud: "cloud1" placement_region: "datacenter1" placement_zone: "rack1" } } peers { permanent_uuid: "6b460ba950654300b6c50d93f25aea31" member_type: VOTER last_known_private_addr { host: "127.0.0.2" port: 9100 } cloud_info { placement_cloud: "cloud1" placement_region: "datacenter1" placement_zone: "rack1" } } peers { permanent_uuid: "d5c37cb1777946179e6692ee5e504715" member_type: VOTER last_known_private_addr { host: "127.0.0.1" port: 9100 } cloud_info { placement_cloud: "cloud1" placement_region: "datacenter1" placement_zone: "rack1" } } }, has_pending_config = 0
I1009 23:16:56.987651 52596736 raft_consensus.cc:3519] T 2a30e7b2effb4ab888e1f5a8af3fb03b P 23d881032c1249bd803e401a539be0e2 [term 1 FOLLOWER]: Calling mark dirty synchronously for reason code NEW_LEADER_ELECTED
I1009 23:16:56.987823 54743040 raft_consensus.cc:3519] T 825df89ca459463f921e4a6d8e68a90d P 23d881032c1249bd803e401a539be0e2 [term 1 FOLLOWER]: Calling mark dirty synchronously for reason code FOLLOWER_NO_OP_COMPLETE
I1009 23:16:56.988201 52596736 raft_consensus.cc:3519] T 2a30e7b2effb4ab888e1f5a8af3fb03b P 23d881032c1249bd803e401a539be0e2 [term 1 FOLLOWER]: Calling mark dirty synchronously for reason code FOLLOWER_NO_OP_COMPLETE
I1009 23:16:56.988332 51523584 raft_consensus.cc:3123] T 5aab7c3da55c4174a9735369225d0c54 P 23d881032c1249bd803e401a539be0e2 [term 1 FOLLOWER]:  Leader election vote request: Granting yes vote for candidate d5c37cb1777946179e6692ee5e504715 in term 1.
I1009 23:16:56.989439 54206464 raft_consensus.cc:1754] T 5aab7c3da55c4174a9735369225d0c54 P 23d881032c1249bd803e401a539be0e2 [term 1 FOLLOWER]: Refusing update from remote peer d5c37cb1777946179e6692ee5e504715: Log matching property violated. Preceding OpId in replica: 0.0. Preceding OpId from leader: 1.1. (index mismatch)
I1009 23:16:56.989472 54206464 raft_consensus.cc:1970] T 5aab7c3da55c4174a9735369225d0c54 P 23d881032c1249bd803e401a539be0e2 [term 1 FOLLOWER]: Returning from UpdateConsensus because of error: error { code: PRECEDING_ENTRY_DIDNT_MATCH status { code: ILLEGAL_STATE message: "Log matching property violated. Preceding OpId in replica: 0.0. Preceding OpId from leader: 1.1. (index mismatch)" source_file: "../../src/yb/consensus/raft_consensus.cc" source_line: 1752 errors: "00" } }
I1009 23:16:56.989884 52060160 consensus_meta.cc:361] T 5aab7c3da55c4174a9735369225d0c54 P 23d881032c1249bd803e401a539be0e2: Updating active role from FOLLOWER to FOLLOWER. Consensus state: current_term: 1 leader_uuid: "d5c37cb1777946179e6692ee5e504715" config { opid_index: -1 peers { permanent_uuid: "23d881032c1249bd803e401a539be0e2" member_type: VOTER last_known_private_addr { host: "127.0.0.3" port: 9100 } cloud_info { placement_cloud: "cloud1" placement_region: "datacenter1" placement_zone: "rack1" } } peers { permanent_uuid: "6b460ba950654300b6c50d93f25aea31" member_type: VOTER last_known_private_addr { host: "127.0.0.2" port: 9100 } cloud_info { placement_cloud: "cloud1" placement_region: "datacenter1" placement_zone: "rack1" } } peers { permanent_uuid: "d5c37cb1777946179e6692ee5e504715" member_type: VOTER last_known_private_addr { host: "127.0.0.1" port: 9100 } cloud_info { placement_cloud: "cloud1" placement_region: "datacenter1" placement_zone: "rack1" } } }, has_pending_config = 0
I1009 23:16:56.989960 52060160 raft_consensus.cc:3519] T 5aab7c3da55c4174a9735369225d0c54 P 23d881032c1249bd803e401a539be0e2 [term 1 FOLLOWER]: Calling mark dirty synchronously for reason code NEW_LEADER_ELECTED
I1009 23:16:56.991052 55279616 consensus_meta.cc:361] T 54eeee0960454077a8ed85a75d38bc29 P 23d881032c1249bd803e401a539be0e2: Updating active role from FOLLOWER to FOLLOWER. Consensus state: current_term: 1 leader_uuid: "6b460ba950654300b6c50d93f25aea31" config { opid_index: -1 peers { permanent_uuid: "23d881032c1249bd803e401a539be0e2" member_type: VOTER last_known_private_addr { host: "127.0.0.3" port: 9100 } cloud_info { placement_cloud: "cloud1" placement_region: "datacenter1" placement_zone: "rack1" } } peers { permanent_uuid: "6b460ba950654300b6c50d93f25aea31" member_type: VOTER last_known_private_addr { host: "127.0.0.2" port: 9100 } cloud_info { placement_cloud: "cloud1" placement_region: "datacenter1" placement_zone: "rack1" } } peers { permanent_uuid: "d5c37cb1777946179e6692ee5e504715" member_type: VOTER last_known_private_addr { host: "127.0.0.1" port: 9100 } cloud_info { placement_cloud: "cloud1" placement_region: "datacenter1" placement_zone: "rack1" } } }, has_pending_config = 0
I1009 23:16:56.991166 55279616 raft_consensus.cc:3519] T 54eeee0960454077a8ed85a75d38bc29 P 23d881032c1249bd803e401a539be0e2 [term 1 FOLLOWER]: Calling mark dirty synchronously for reason code NEW_LEADER_ELECTED
I1009 23:16:56.991685 55279616 raft_consensus.cc:3519] T 54eeee0960454077a8ed85a75d38bc29 P 23d881032c1249bd803e401a539be0e2 [term 1 FOLLOWER]: Calling mark dirty synchronously for reason code FOLLOWER_NO_OP_COMPLETE
I1009 23:16:56.992937 54743040 raft_consensus.cc:3519] T a46de9d55d6845f1baaa95baceeadfe7 P 23d881032c1249bd803e401a539be0e2 [term 1 FOLLOWER]: Calling mark dirty synchronously for reason code FOLLOWER_NO_OP_COMPLETE
I1009 23:16:56.995564 52596736 raft_consensus.cc:3519] T 5aab7c3da55c4174a9735369225d0c54 P 23d881032c1249bd803e401a539be0e2 [term 1 FOLLOWER]: Calling mark dirty synchronously for reason code FOLLOWER_NO_OP_COMPLETE
I1009 23:16:57.322856 54206464 consensus_queue.cc:1307] T 9b45d3f9024e43b58a591ec35594430e P 23d881032c1249bd803e401a539be0e2 [LEADER]: Connected to new peer: { peer: 6b460ba950654300b6c50d93f25aea31 is_new: 0 last_received: 0.0 next_index: 1 last_known_committed_idx: 0 is_last_exchange_successful: 0 needs_remote_bootstrap: 0 member_type: VOTER num_sst_files: 0 last_applied: 0.0 last_successful_communication_time: 0ms ago}
I1009 23:16:57.460692 52060160 consensus_queue.cc:1307] T 1b3f2a4877404ba898e6ff9448cf4740 P 23d881032c1249bd803e401a539be0e2 [LEADER]: Connected to new peer: { peer: d5c37cb1777946179e6692ee5e504715 is_new: 0 last_received: 0.0 next_index: 1 last_known_committed_idx: 0 is_last_exchange_successful: 0 needs_remote_bootstrap: 0 member_type: VOTER num_sst_files: 0 last_applied: 0.0 last_successful_communication_time: 0ms ago}
I1009 23:16:57.567243 51523584 consensus_queue.cc:1307] T 60dd6403c44b41109fa083272368d0d0 P 23d881032c1249bd803e401a539be0e2 [LEADER]: Connected to new peer: { peer: d5c37cb1777946179e6692ee5e504715 is_new: 0 last_received: 0.0 next_index: 1 last_known_committed_idx: 0 is_last_exchange_successful: 0 needs_remote_bootstrap: 0 member_type: VOTER num_sst_files: 0 last_applied: 0.0 last_successful_communication_time: 0ms ago}
I1009 23:16:58.235476 274392576 pg_wrapper.cc:859] initdb completed successfully. Database initialized at /Users/nag/yb/yugabyte-data/node3/pg_data
I1009 23:16:58.235666 274392576 tablet_server_main_impl.cc:291] Starting PostgreSQL server listening on 127.0.0.3, port 5433
I1009 23:16:58.238597 274392576 process_wrapper.cc:117] Starting PostgreSQL process
W1009 23:16:58.245740 274392576 pg_wrapper.cc:590] No hba configuration lines found, defaulting to trust all configuration.
I1009 23:16:58.246100 274392576 pg_wrapper.cc:614] No user name mapping configuration lines found.
I1009 23:16:58.249996 274392576 pg_wrapper.cc:807] PostgreSQL server running as pid 60341
I1009 23:16:58.250615 274392576 server_base_options.cc:165] Updating master addrs to {127.0.0.1:7100},{127.0.0.2:7100},{127.0.0.3:7100}
I1009 23:16:58.251183 274392576 server_base_options.cc:165] Updating master addrs to {127.0.0.1:7100},{127.0.0.2:7100},{127.0.0.3:7100}
I1009 23:16:58.251286 274392576 server_base_options.cc:165] Updating master addrs to {127.0.0.1:7100},{127.0.0.2:7100},{127.0.0.3:7100}
I1009 23:16:58.251392 274392576 rpc_server.cc:84] yb::server::RpcServer created at 0x1156f5720
I1009 23:16:58.251410 274392576 tablet_server_main_impl.cc:340] Starting redis server...
I1009 23:16:58.252295 274392576 fs_manager.cc:415] Opened local filesystem: /Users/nag/yb/yugabyte-data/node3
uuid: "23d881032c1249bd803e401a539be0e2"
format_stamp: "Formatted at 2024-10-09 17:46:56 on NAG-MAC.local"
initdb_done_set_after_sys_catalog_restore: true
tserver_instance_metadata {
  universe_uuid: "21b2e3d0-495a-4149-9f2a-913ddeb95eff"
}
W1009 23:16:58.252518 274392576 hybrid_clock.cc:131] HybridClock initialized in local mode (OS X only). Not suitable for distributed clusters.
I1009 23:16:58.253509 274392576 thread_pool.cc:178] Starting thread pool { name: RedisServer max_workers: 1024 }
I1009 23:16:58.256193 274392576 service_pool.cc:149] yb.redisserver.RedisServerService: yb::rpc::ServicePoolImpl created at 0x112855440
I1009 23:16:58.256381 274392576 webserver.cc:353] Starting webserver on 127.0.0.3:11000
I1009 23:16:58.256402 274392576 webserver.cc:362] Document root: /Users/nag/yb/yugabyte-2.23.0.0/www
I1009 23:16:58.256429 274392576 webserver.cc:348] Webserver listen spec is 127.0.0.3:11000
I1009 23:16:58.256544 274392576 webserver.cc:468] Webserver started. Bound to: http://127.0.0.3:11000/
I1009 23:16:58.256726 274392576 service_pool.cc:149] yb.server.GenericService: yb::rpc::ServicePoolImpl created at 0x1153c1d40
I1009 23:16:58.256927 274392576 rpc_server.cc:167] RPC server started. Bound to: 127.0.0.3:6379
I1009 23:16:58.256947 274392576 tablet_server_main_impl.cc:342] Redis server successfully started.
I1009 23:16:58.256979 274392576 server_base_options.cc:165] Updating master addrs to {127.0.0.1:7100},{127.0.0.2:7100},{127.0.0.3:7100}
I1009 23:16:58.257011 274392576 server_base_options.cc:165] Updating master addrs to {127.0.0.1:7100},{127.0.0.2:7100},{127.0.0.3:7100}
I1009 23:16:58.257059 274392576 server_base_options.cc:165] Updating master addrs to {127.0.0.1:7100},{127.0.0.2:7100},{127.0.0.3:7100}
I1009 23:16:58.257105 274392576 rpc_server.cc:84] yb::server::RpcServer created at 0x115f86460
I1009 23:16:58.257128 274392576 tablet_server_main_impl.cc:362] Starting CQL server...
I1009 23:16:58.257697 274392576 fs_manager.cc:415] Opened local filesystem: /Users/nag/yb/yugabyte-data/node3
uuid: "23d881032c1249bd803e401a539be0e2"
format_stamp: "Formatted at 2024-10-09 17:46:56 on NAG-MAC.local"
initdb_done_set_after_sys_catalog_restore: true
tserver_instance_metadata {
  universe_uuid: "21b2e3d0-495a-4149-9f2a-913ddeb95eff"
}
I1009 23:16:58.257797 274392576 secure.cc:138] SetupSecureContext: kExternal, 0
I1009 23:16:58.258402 274392576 thread_pool.cc:178] Starting thread pool { name: CQLServer max_workers: 1024 }
I1009 23:16:58.260226 274392576 cql_service.cc:141] CQL processors limit: 54399
I1009 23:16:58.260320 274392576 service_pool.cc:149] yb.cqlserver.CQLServerService: yb::rpc::ServicePoolImpl created at 0x1153c0900
I1009 23:16:58.260432 274392576 webserver.cc:353] Starting webserver on 127.0.0.3:12000
I1009 23:16:58.260470 274392576 webserver.cc:362] Document root: /Users/nag/yb/yugabyte-2.23.0.0/www
I1009 23:16:58.260514 274392576 webserver.cc:348] Webserver listen spec is 127.0.0.3:12000
I1009 23:16:58.260689 274392576 webserver.cc:468] Webserver started. Bound to: http://127.0.0.3:12000/
I1009 23:16:58.260910 274392576 service_pool.cc:149] yb.server.GenericService: yb::rpc::ServicePoolImpl created at 0x1153c06c0
I1009 23:16:58.261090 274392576 rpc_server.cc:167] RPC server started. Bound to: 127.0.0.3:9042
I1009 23:16:58.261118 274392576 tablet_server_main_impl.cc:364] CQL server successfully started.
I1009 23:17:06.791064 30597120 call_home.cc:78] Skipping collector MetricsCollector because it has a higher collection level than the requested one
I1009 23:17:06.791172 30597120 call_home.cc:78] Skipping collector RpcsCollector because it has a higher collection level than the requested one
I1009 23:17:06.802592 30597120 call_home.cc:233] Done with collector GFlagsCollector
I1009 23:17:06.802690 30597120 server_base.cc:269] Running on host: NAG-MAC.local
I1009 23:17:06.804751 30597120 call_home.cc:100] Logged in user: nag
I1009 23:17:06.804811 30597120 call_home.cc:233] Done with collector BasicCollector
I1009 23:17:06.804833 30597120 call_home.cc:233] Done with collector TabletsCollector
I1009 23:17:06.842244 30597120 call_home.cc:276] Unable to send diagnostics data to http://diagnostics.yugabyte.com
I1009 23:18:01.861614 17182720 reactor.cc:634] TabletServer_R000: DEBUG: Closing idle connection: Connection (0x00000001128b8c98) server 127.0.0.1:49444 => 127.0.0.3:9100 - it has been idle for 65.0012s
I1009 23:18:01.861660 17719296 reactor.cc:634] TabletServer_R001: DEBUG: Closing idle connection: Connection (0x00000001128b9058) server 127.0.0.1:49447 => 127.0.0.3:9100 - it has been idle for 65.0009s
I1009 23:18:01.861690 18792448 reactor.cc:634] TabletServer_R003: DEBUG: Closing idle connection: Connection (0x00000001128b8f18) server 127.0.0.1:49445 => 127.0.0.3:9100 - it has been idle for 65.0007s
I1009 23:18:01.861814 19865600 reactor.cc:634] TabletServer_R005: DEBUG: Closing idle connection: Connection (0x00000001128b8b58) server 127.0.0.1:49442 => 127.0.0.3:9100 - it has been idle for 65.0007s
I1009 23:18:01.861943 20402176 reactor.cc:634] TabletServer_R006: DEBUG: Closing idle connection: Connection (0x00000001128b9198) server 127.0.0.1:49457 => 127.0.0.3:9100 - it has been idle for 65.0008s
I1009 23:18:01.862061 20938752 reactor.cc:634] TabletServer_R007: DEBUG: Closing idle connection: Connection (0x00000001128b8dd8) server 127.0.0.1:49446 => 127.0.0.3:9100 - it has been idle for 65.0002s
I1009 23:18:01.862097 19865600 reactor.cc:634] TabletServer_R005: DEBUG: Closing idle connection: Connection (0x00000001128b6b58) server 127.0.0.1:49461 => 127.0.0.3:9100 - it has been idle for 65.0007s
I1009 23:18:01.862203 20938752 reactor.cc:634] TabletServer_R007: DEBUG: Closing idle connection: Connection (0x00000001128b6a18) server 127.0.0.1:49459 => 127.0.0.3:9100 - it has been idle for 65.0002s
I1010 00:17:06.699800 30597120 call_home.cc:78] Skipping collector MetricsCollector because it has a higher collection level than the requested one
I1010 00:17:06.701905 30597120 call_home.cc:78] Skipping collector RpcsCollector because it has a higher collection level than the requested one
I1010 00:17:06.712224 30597120 call_home.cc:233] Done with collector GFlagsCollector
I1010 00:17:06.712296 30597120 call_home.cc:233] Done with collector BasicCollector
I1010 00:17:06.712319 30597120 call_home.cc:233] Done with collector TabletsCollector
I1010 00:17:06.787075 30597120 call_home.cc:276] Unable to send diagnostics data to http://diagnostics.yugabyte.com
W1010 00:42:38.024809 17182720 yb_rpc.cc:532] Connection (0x0000000115b49058) client 127.0.0.3:49500 => 127.0.0.1:9100: Network error (yb/rpc/yb_rpc.cc:531): Rpc timeout, passed: 1202.337s, timeout: 15.000s, now: 167012.576s, last_read_time_: 165810.239s
I1010 00:42:38.024835 20402176 reactor.cc:634] TabletServer_R006: DEBUG: Closing idle connection: Connection (0x00000001159f9058) server 127.0.0.1:49503 => 127.0.0.3:9100 - it has been idle for 1202.34s
I1010 00:42:38.024837 17719296 reactor.cc:634] TabletServer_R001: DEBUG: Closing idle connection: Connection (0x00000001128b6dd8) server 127.0.0.2:49471 => 127.0.0.3:9100 - it has been idle for 1202.14s
I1010 00:42:38.024847 18792448 reactor.cc:634] TabletServer_R003: DEBUG: Closing idle connection: Connection (0x00000001159f8b58) server 127.0.0.2:49486 => 127.0.0.3:9100 - it has been idle for 1202.34s
I1010 00:42:38.024853 19329024 reactor.cc:634] TabletServer_R004: DEBUG: Closing idle connection: Connection (0x000000011557a018) server 127.0.0.1:49473 => 127.0.0.3:9100 - it has been idle for 1202.54s
I1010 00:42:38.024881 18255872 reactor.cc:634] TabletServer_R002: DEBUG: Closing idle connection: Connection (0x000000011557a3d8) server 127.0.0.1:49481 => 127.0.0.3:9100 - it has been idle for 1202.44s
I1010 00:42:38.024896 19865600 reactor.cc:634] TabletServer_R005: DEBUG: Closing idle connection: Connection (0x00000001128b6c98) server 127.0.0.2:49469 => 127.0.0.3:9100 - it has been idle for 1202.24s
I1010 00:42:38.024930 20938752 reactor.cc:634] TabletServer_R007: DEBUG: Closing idle connection: Connection (0x00000001159f8c98) server 127.0.0.2:49488 => 127.0.0.3:9100 - it has been idle for 1202.34s
I1010 00:42:38.043294 64401408 raft_consensus.cc:1047] T 7584006b2fba41cd828ac06782afeb03 P 23d881032c1249bd803e401a539be0e2 [term 1 FOLLOWER]: ReportFailDetected: Starting NORMAL_ELECTION...
I1010 00:42:38.044512 56889344 raft_consensus.cc:1047] T 46569f1a6c8746acb9da222b34f086b5 P 23d881032c1249bd803e401a539be0e2 [term 1 FOLLOWER]: ReportFailDetected: Starting NORMAL_ELECTION...
I1010 00:42:38.044584 66547712 raft_consensus.cc:1047] T f5bd6014d733492eac6dd2cfba061381 P 23d881032c1249bd803e401a539be0e2 [term 1 FOLLOWER]: ReportFailDetected: Starting NORMAL_ELECTION...
I1010 00:42:38.044584 69767168 raft_consensus.cc:1047] T 4c1e255cf37d4de58ed9d6a6f32e7473 P 23d881032c1249bd803e401a539be0e2 [term 1 FOLLOWER]: ReportFailDetected: Starting NORMAL_ELECTION...
I1010 00:42:38.044653 70303744 raft_consensus.cc:1047] T 54eeee0960454077a8ed85a75d38bc29 P 23d881032c1249bd803e401a539be0e2 [term 1 FOLLOWER]: ReportFailDetected: Starting NORMAL_ELECTION...
I1010 00:42:38.044708 57425920 raft_consensus.cc:1047] T a46de9d55d6845f1baaa95baceeadfe7 P 23d881032c1249bd803e401a539be0e2 [term 1 FOLLOWER]: ReportFailDetected: Starting NORMAL_ELECTION...
I1010 00:42:38.044785 10743808 raft_consensus.cc:1047] T 1e9c042ca80e4c66a6117c85d04f6168 P 23d881032c1249bd803e401a539be0e2 [term 1 FOLLOWER]: ReportFailDetected: Starting NORMAL_ELECTION...
I1010 00:42:38.044817 70840320 raft_consensus.cc:1047] T 8078024ab93e4400a14d8399046d9f99 P 23d881032c1249bd803e401a539be0e2 [term 1 FOLLOWER]: ReportFailDetected: Starting NORMAL_ELECTION...
I1010 00:42:38.044934 58499072 raft_consensus.cc:1047] T 825df89ca459463f921e4a6d8e68a90d P 23d881032c1249bd803e401a539be0e2 [term 1 FOLLOWER]: ReportFailDetected: Starting NORMAL_ELECTION...
I1010 00:42:38.044941 71376896 raft_consensus.cc:1047] T bf1529417d2a441c9c33fa183a226bd3 P 23d881032c1249bd803e401a539be0e2 [term 1 FOLLOWER]: ReportFailDetected: Starting NORMAL_ELECTION...
I1010 00:42:38.045011 55816192 raft_consensus.cc:1047] T c09c8a2af076408b8083ae6bfc2a671e P 23d881032c1249bd803e401a539be0e2 [term 1 FOLLOWER]: ReportFailDetected: Starting NORMAL_ELECTION...
I1010 00:42:38.045291 78352384 raft_consensus.cc:1047] T f27eef4b471b4c3c800523a8cd4a34f7 P 23d881032c1249bd803e401a539be0e2 [term 1 FOLLOWER]: ReportFailDetected: Starting NORMAL_ELECTION...
I1010 00:42:38.045295 59572224 raft_consensus.cc:1047] T 2a30e7b2effb4ab888e1f5a8af3fb03b P 23d881032c1249bd803e401a539be0e2 [term 1 FOLLOWER]: ReportFailDetected: Starting NORMAL_ELECTION...
I1010 00:42:38.046006 81035264 raft_consensus.cc:1047] T 5aab7c3da55c4174a9735369225d0c54 P 23d881032c1249bd803e401a539be0e2 [term 1 FOLLOWER]: ReportFailDetected: Starting NORMAL_ELECTION...
I1010 00:42:38.046624 69230592 raft_consensus.cc:1517] T 541698385c044c6ab901cf03bad66398 P 23d881032c1249bd803e401a539be0e2 [term 1 LEADER]: Attempting to remove follower d5c37cb1777946179e6692ee5e504715 from the Raft config at commit index -1. Reason: Leader has been unable to successfully communicate with Peer d5c37cb1777946179e6692ee5e504715 for more than 900 seconds (1202.369s)
I1010 00:42:38.049010 81571840 raft_consensus.cc:1517] T 1b3f2a4877404ba898e6ff9448cf4740 P 23d881032c1249bd803e401a539be0e2 [term 1 LEADER]: Attempting to remove follower 6b460ba950654300b6c50d93f25aea31 from the Raft config at commit index -1. Reason: Leader has been unable to successfully communicate with Peer 6b460ba950654300b6c50d93f25aea31 for more than 900 seconds (1202.552s)
I1010 00:42:38.049062 65474560 raft_consensus.cc:1047] T 9cd834df5c9f41b091ffb845bd6122ec P 23d881032c1249bd803e401a539be0e2 [term 1 FOLLOWER]: ReportFailDetected: Starting NORMAL_ELECTION...
I1010 00:42:38.049103 82108416 raft_consensus.cc:1517] T 30fedb9fed834e6d975c43711c3f6fd9 P 23d881032c1249bd803e401a539be0e2 [term 1 LEADER]: Attempting to remove follower 6b460ba950654300b6c50d93f25aea31 from the Raft config at commit index -1. Reason: Leader has been unable to successfully communicate with Peer 6b460ba950654300b6c50d93f25aea31 for more than 900 seconds (1202.362s)
I1010 00:42:38.049453 82644992 raft_consensus.cc:1517] T 30fedb9fed834e6d975c43711c3f6fd9 P 23d881032c1249bd803e401a539be0e2 [term 1 LEADER]: Attempting to remove follower d5c37cb1777946179e6692ee5e504715 from the Raft config at commit index -1. Reason: Leader has been unable to successfully communicate with Peer d5c37cb1777946179e6692ee5e504715 for more than 900 seconds (1202.074s)
I1010 00:42:38.049503 67084288 raft_consensus.cc:1517] T 541698385c044c6ab901cf03bad66398 P 23d881032c1249bd803e401a539be0e2 [term 1 LEADER]: Attempting to remove follower 6b460ba950654300b6c50d93f25aea31 from the Raft config at commit index -1. Reason: Leader has been unable to successfully communicate with Peer 6b460ba950654300b6c50d93f25aea31 for more than 900 seconds (1202.334s)
I1010 00:42:38.049603 63328256 raft_consensus.cc:1517] T 60dd6403c44b41109fa083272368d0d0 P 23d881032c1249bd803e401a539be0e2 [term 1 LEADER]: Attempting to remove follower d5c37cb1777946179e6692ee5e504715 from the Raft config at commit index -1. Reason: Leader has been unable to successfully communicate with Peer d5c37cb1777946179e6692ee5e504715 for more than 900 seconds (1202.287s)
I1010 00:42:38.049611 83181568 raft_consensus.cc:1517] T 1b3f2a4877404ba898e6ff9448cf4740 P 23d881032c1249bd803e401a539be0e2 [term 1 LEADER]: Attempting to remove follower d5c37cb1777946179e6692ee5e504715 from the Raft config at commit index -1. Reason: Leader has been unable to successfully communicate with Peer d5c37cb1777946179e6692ee5e504715 for more than 900 seconds (1202.320s)
I1010 00:42:38.049630 83718144 raft_consensus.cc:1517] T 60dd6403c44b41109fa083272368d0d0 P 23d881032c1249bd803e401a539be0e2 [term 1 LEADER]: Attempting to remove follower 6b460ba950654300b6c50d93f25aea31 from the Raft config at commit index -1. Reason: Leader has been unable to successfully communicate with Peer 6b460ba950654300b6c50d93f25aea31 for more than 900 seconds (1202.196s)
I1010 00:42:38.049641 63864832 raft_consensus.cc:1517] T 7c7b0e8f396b4659b1f29a4dd140c822 P 23d881032c1249bd803e401a539be0e2 [term 1 LEADER]: Attempting to remove follower d5c37cb1777946179e6692ee5e504715 from the Raft config at commit index -1. Reason: Leader has been unable to successfully communicate with Peer d5c37cb1777946179e6692ee5e504715 for more than 900 seconds (1202.264s)
I1010 00:42:38.049700 66011136 raft_consensus.cc:1517] T db3b3178db1849c4b3ebbe53840c6b02 P 23d881032c1249bd803e401a539be0e2 [term 1 LEADER]: Attempting to remove follower 6b460ba950654300b6c50d93f25aea31 from the Raft config at commit index -1. Reason: Leader has been unable to successfully communicate with Peer 6b460ba950654300b6c50d93f25aea31 for more than 900 seconds (1202.146s)
I1010 00:42:38.049777 56352768 raft_consensus.cc:1047] T 769c8b8690e648df93f41c693d55ebc3 P 23d881032c1249bd803e401a539be0e2 [term 1 FOLLOWER]: ReportFailDetected: Starting NORMAL_ELECTION...
I1010 00:42:38.049799 84254720 raft_consensus.cc:1517] T db3b3178db1849c4b3ebbe53840c6b02 P 23d881032c1249bd803e401a539be0e2 [term 1 LEADER]: Attempting to remove follower d5c37cb1777946179e6692ee5e504715 from the Raft config at commit index -1. Reason: Leader has been unable to successfully communicate with Peer d5c37cb1777946179e6692ee5e504715 for more than 900 seconds (1202.095s)
I1010 00:42:38.055614 78888960 raft_consensus.cc:1517] T 9b45d3f9024e43b58a591ec35594430e P 23d881032c1249bd803e401a539be0e2 [term 1 LEADER]: Attempting to remove follower d5c37cb1777946179e6692ee5e504715 from the Raft config at commit index -1. Reason: Leader has been unable to successfully communicate with Peer d5c37cb1777946179e6692ee5e504715 for more than 900 seconds (1202.457s)
I1010 00:42:38.055691 85327872 raft_consensus.cc:1517] T a818e973b4b04213a257872ca0183570 P 23d881032c1249bd803e401a539be0e2 [term 1 LEADER]: Attempting to remove follower 6b460ba950654300b6c50d93f25aea31 from the Raft config at commit index -1. Reason: Leader has been unable to successfully communicate with Peer 6b460ba950654300b6c50d93f25aea31 for more than 900 seconds (1202.477s)
I1010 00:42:38.055697 84791296 raft_consensus.cc:1517] T a818e973b4b04213a257872ca0183570 P 23d881032c1249bd803e401a539be0e2 [term 1 LEADER]: Attempting to remove follower d5c37cb1777946179e6692ee5e504715 from the Raft config at commit index -1. Reason: Leader has been unable to successfully communicate with Peer d5c37cb1777946179e6692ee5e504715 for more than 900 seconds (1202.444s)
I1010 00:42:38.056052 80498688 raft_consensus.cc:1517] T 7c7b0e8f396b4659b1f29a4dd140c822 P 23d881032c1249bd803e401a539be0e2 [term 1 LEADER]: Attempting to remove follower 6b460ba950654300b6c50d93f25aea31 from the Raft config at commit index -1. Reason: Leader has been unable to successfully communicate with Peer 6b460ba950654300b6c50d93f25aea31 for more than 900 seconds (1202.416s)
I1010 00:42:38.056051 79425536 raft_consensus.cc:1517] T 9b45d3f9024e43b58a591ec35594430e P 23d881032c1249bd803e401a539be0e2 [term 1 LEADER]: Attempting to remove follower 6b460ba950654300b6c50d93f25aea31 from the Raft config at commit index -1. Reason: Leader has been unable to successfully communicate with Peer 6b460ba950654300b6c50d93f25aea31 for more than 900 seconds (1202.196s)
W1010 00:42:39.156977 17182720 yb_rpc.cc:532] Connection (0x0000000112fe2298) client 127.0.0.3:49468 => 127.0.0.1:7100: Network error (yb/rpc/yb_rpc.cc:531): Rpc timeout, passed: 1205.136s, timeout: 15.000s, now: 167012.576s, last_read_time_: 165807.439s
W1010 00:42:39.158222 20402176 yb_rpc.cc:532] Connection (0x0000000112fe3918) client 127.0.0.3:49484 => 127.0.0.2:9100: Network error (yb/rpc/yb_rpc.cc:531): Rpc timeout, passed: 1202.337s, timeout: 15.000s, now: 167012.576s, last_read_time_: 165810.239s
I1010 00:42:39.159409 17719296 reactor.cc:634] TabletServer_R001: DEBUG: Closing idle connection: Connection (0x000000011557a158) server 127.0.0.2:49474 => 127.0.0.3:9100 - it has been idle for 1202.64s
I1010 00:42:39.160223 18792448 reactor.cc:634] TabletServer_R003: DEBUG: Closing idle connection: Connection (0x00000001159f9198) server 127.0.0.1:49507 => 127.0.0.3:9100 - it has been idle for 1202.14s
I1010 00:42:39.162469 19329024 reactor.cc:634] TabletServer_R004: DEBUG: Closing idle connection: Connection (0x000000011557a298) server 127.0.0.2:49480 => 127.0.0.3:9100 - it has been idle for 1202.54s
I1010 00:42:39.163522 18255872 reactor.cc:634] TabletServer_R002: DEBUG: Closing idle connection: Connection (0x0000000116251198) server 127.0.0.1:49513 => 127.0.0.3:9100 - it has been idle for 1202.54s
I1010 00:42:39.164402 19865600 reactor.cc:634] TabletServer_R005: DEBUG: Closing idle connection: Connection (0x00000001159f8dd8) server 127.0.0.2:49492 => 127.0.0.3:9100 - it has been idle for 1202.24s
I1010 00:42:39.165161 20938752 reactor.cc:634] TabletServer_R007: DEBUG: Closing idle connection: Connection (0x00000001159f8f18) server 127.0.0.1:49494 => 127.0.0.3:9100 - it has been idle for 1202.44s
I1010 00:42:39.165616 64401408 raft_consensus.cc:640] T 7584006b2fba41cd828ac06782afeb03 P 23d881032c1249bd803e401a539be0e2 [term 1 FOLLOWER]: Fail or stepdown of leader 6b460ba950654300b6c50d93f25aea31 detected. Triggering leader pre-election, mode=NORMAL_ELECTION
I1010 00:42:39.166137 56889344 raft_consensus.cc:640] T 46569f1a6c8746acb9da222b34f086b5 P 23d881032c1249bd803e401a539be0e2 [term 1 FOLLOWER]: Fail or stepdown of leader 6b460ba950654300b6c50d93f25aea31 detected. Triggering leader pre-election, mode=NORMAL_ELECTION
I1010 00:42:39.166632 66547712 raft_consensus.cc:640] T f5bd6014d733492eac6dd2cfba061381 P 23d881032c1249bd803e401a539be0e2 [term 1 FOLLOWER]: Fail or stepdown of leader d5c37cb1777946179e6692ee5e504715 detected. Triggering leader pre-election, mode=NORMAL_ELECTION
I1010 00:42:39.167153 69767168 raft_consensus.cc:640] T 4c1e255cf37d4de58ed9d6a6f32e7473 P 23d881032c1249bd803e401a539be0e2 [term 1 FOLLOWER]: Fail or stepdown of leader d5c37cb1777946179e6692ee5e504715 detected. Triggering leader pre-election, mode=NORMAL_ELECTION
I1010 00:42:39.167619 70303744 raft_consensus.cc:640] T 54eeee0960454077a8ed85a75d38bc29 P 23d881032c1249bd803e401a539be0e2 [term 1 FOLLOWER]: Fail or stepdown of leader 6b460ba950654300b6c50d93f25aea31 detected. Triggering leader pre-election, mode=NORMAL_ELECTION
I1010 00:42:39.168095 57425920 raft_consensus.cc:640] T a46de9d55d6845f1baaa95baceeadfe7 P 23d881032c1249bd803e401a539be0e2 [term 1 FOLLOWER]: Fail or stepdown of leader d5c37cb1777946179e6692ee5e504715 detected. Triggering leader pre-election, mode=NORMAL_ELECTION
I1010 00:42:39.168558 10743808 raft_consensus.cc:640] T 1e9c042ca80e4c66a6117c85d04f6168 P 23d881032c1249bd803e401a539be0e2 [term 1 FOLLOWER]: Fail or stepdown of leader 6b460ba950654300b6c50d93f25aea31 detected. Triggering leader pre-election, mode=NORMAL_ELECTION
I1010 00:42:39.169189 70840320 raft_consensus.cc:640] T 8078024ab93e4400a14d8399046d9f99 P 23d881032c1249bd803e401a539be0e2 [term 1 FOLLOWER]: Fail or stepdown of leader 6b460ba950654300b6c50d93f25aea31 detected. Triggering leader pre-election, mode=NORMAL_ELECTION
I1010 00:42:39.169690 58499072 raft_consensus.cc:640] T 825df89ca459463f921e4a6d8e68a90d P 23d881032c1249bd803e401a539be0e2 [term 1 FOLLOWER]: Fail or stepdown of leader d5c37cb1777946179e6692ee5e504715 detected. Triggering leader pre-election, mode=NORMAL_ELECTION
I1010 00:42:39.170235 71376896 raft_consensus.cc:640] T bf1529417d2a441c9c33fa183a226bd3 P 23d881032c1249bd803e401a539be0e2 [term 1 FOLLOWER]: Fail or stepdown of leader 6b460ba950654300b6c50d93f25aea31 detected. Triggering leader pre-election, mode=NORMAL_ELECTION
I1010 00:42:39.170688 55816192 raft_consensus.cc:640] T c09c8a2af076408b8083ae6bfc2a671e P 23d881032c1249bd803e401a539be0e2 [term 1 FOLLOWER]: Fail or stepdown of leader d5c37cb1777946179e6692ee5e504715 detected. Triggering leader pre-election, mode=NORMAL_ELECTION
I1010 00:42:39.171336 78352384 raft_consensus.cc:640] T f27eef4b471b4c3c800523a8cd4a34f7 P 23d881032c1249bd803e401a539be0e2 [term 1 FOLLOWER]: Fail or stepdown of leader 6b460ba950654300b6c50d93f25aea31 detected. Triggering leader pre-election, mode=NORMAL_ELECTION
I1010 00:42:39.171670 59572224 raft_consensus.cc:640] T 2a30e7b2effb4ab888e1f5a8af3fb03b P 23d881032c1249bd803e401a539be0e2 [term 1 FOLLOWER]: Fail or stepdown of leader d5c37cb1777946179e6692ee5e504715 detected. Triggering leader pre-election, mode=NORMAL_ELECTION
I1010 00:42:39.172596 81035264 raft_consensus.cc:640] T 5aab7c3da55c4174a9735369225d0c54 P 23d881032c1249bd803e401a539be0e2 [term 1 FOLLOWER]: Fail or stepdown of leader d5c37cb1777946179e6692ee5e504715 detected. Triggering leader pre-election, mode=NORMAL_ELECTION
I1010 00:42:39.174077 69230592 raft_consensus.cc:2520] Received ChangeConfig request tablet_id: "541698385c044c6ab901cf03bad66398" type: REMOVE_SERVER server { permanent_uuid: "d5c37cb1777946179e6692ee5e504715" } cas_config_opid_index: -1
I1010 00:42:39.174965 81571840 raft_consensus.cc:2520] Received ChangeConfig request tablet_id: "1b3f2a4877404ba898e6ff9448cf4740" type: REMOVE_SERVER server { permanent_uuid: "6b460ba950654300b6c50d93f25aea31" } cas_config_opid_index: -1
I1010 00:42:39.175637 65474560 raft_consensus.cc:640] T 9cd834df5c9f41b091ffb845bd6122ec P 23d881032c1249bd803e401a539be0e2 [term 1 FOLLOWER]: Fail or stepdown of leader 6b460ba950654300b6c50d93f25aea31 detected. Triggering leader pre-election, mode=NORMAL_ELECTION
I1010 00:42:39.176048 82108416 raft_consensus.cc:2520] Received ChangeConfig request tablet_id: "30fedb9fed834e6d975c43711c3f6fd9" type: REMOVE_SERVER server { permanent_uuid: "6b460ba950654300b6c50d93f25aea31" } cas_config_opid_index: -1
I1010 00:42:39.176582 82644992 raft_consensus.cc:2520] Received ChangeConfig request tablet_id: "30fedb9fed834e6d975c43711c3f6fd9" type: REMOVE_SERVER server { permanent_uuid: "d5c37cb1777946179e6692ee5e504715" } cas_config_opid_index: -1
I1010 00:42:39.177145 67084288 raft_consensus.cc:2520] Received ChangeConfig request tablet_id: "541698385c044c6ab901cf03bad66398" type: REMOVE_SERVER server { permanent_uuid: "6b460ba950654300b6c50d93f25aea31" } cas_config_opid_index: -1
I1010 00:42:39.177839 63328256 raft_consensus.cc:2520] Received ChangeConfig request tablet_id: "60dd6403c44b41109fa083272368d0d0" type: REMOVE_SERVER server { permanent_uuid: "d5c37cb1777946179e6692ee5e504715" } cas_config_opid_index: -1
I1010 00:42:39.178776 83181568 raft_consensus.cc:2520] Received ChangeConfig request tablet_id: "1b3f2a4877404ba898e6ff9448cf4740" type: REMOVE_SERVER server { permanent_uuid: "d5c37cb1777946179e6692ee5e504715" } cas_config_opid_index: -1
I1010 00:42:39.179847 83718144 raft_consensus.cc:2520] Received ChangeConfig request tablet_id: "60dd6403c44b41109fa083272368d0d0" type: REMOVE_SERVER server { permanent_uuid: "6b460ba950654300b6c50d93f25aea31" } cas_config_opid_index: -1
I1010 00:42:39.180130 63864832 raft_consensus.cc:2520] Received ChangeConfig request tablet_id: "7c7b0e8f396b4659b1f29a4dd140c822" type: REMOVE_SERVER server { permanent_uuid: "d5c37cb1777946179e6692ee5e504715" } cas_config_opid_index: -1
I1010 00:42:39.180356 66011136 raft_consensus.cc:2520] Received ChangeConfig request tablet_id: "db3b3178db1849c4b3ebbe53840c6b02" type: REMOVE_SERVER server { permanent_uuid: "6b460ba950654300b6c50d93f25aea31" } cas_config_opid_index: -1
I1010 00:42:39.180800 56352768 raft_consensus.cc:640] T 769c8b8690e648df93f41c693d55ebc3 P 23d881032c1249bd803e401a539be0e2 [term 1 FOLLOWER]: Fail or stepdown of leader d5c37cb1777946179e6692ee5e504715 detected. Triggering leader pre-election, mode=NORMAL_ELECTION
I1010 00:42:39.181051 84254720 raft_consensus.cc:2520] Received ChangeConfig request tablet_id: "db3b3178db1849c4b3ebbe53840c6b02" type: REMOVE_SERVER server { permanent_uuid: "d5c37cb1777946179e6692ee5e504715" } cas_config_opid_index: -1
I1010 00:42:39.181270 78888960 raft_consensus.cc:2520] Received ChangeConfig request tablet_id: "9b45d3f9024e43b58a591ec35594430e" type: REMOVE_SERVER server { permanent_uuid: "d5c37cb1777946179e6692ee5e504715" } cas_config_opid_index: -1
I1010 00:42:39.181521 85327872 raft_consensus.cc:2520] Received ChangeConfig request tablet_id: "a818e973b4b04213a257872ca0183570" type: REMOVE_SERVER server { permanent_uuid: "6b460ba950654300b6c50d93f25aea31" } cas_config_opid_index: -1
I1010 00:42:39.181794 84791296 raft_consensus.cc:2520] Received ChangeConfig request tablet_id: "a818e973b4b04213a257872ca0183570" type: REMOVE_SERVER server { permanent_uuid: "d5c37cb1777946179e6692ee5e504715" } cas_config_opid_index: -1
I1010 00:42:39.182099 80498688 raft_consensus.cc:2520] Received ChangeConfig request tablet_id: "7c7b0e8f396b4659b1f29a4dd140c822" type: REMOVE_SERVER server { permanent_uuid: "6b460ba950654300b6c50d93f25aea31" } cas_config_opid_index: -1
I1010 00:42:39.182430 79425536 raft_consensus.cc:2520] Received ChangeConfig request tablet_id: "9b45d3f9024e43b58a591ec35594430e" type: REMOVE_SERVER server { permanent_uuid: "6b460ba950654300b6c50d93f25aea31" } cas_config_opid_index: -1
W1010 00:42:39.182813 17182720 yb_rpc.cc:532] Connection (0x0000000115b48f18) client 127.0.0.3:49497 => 127.0.0.2:9100: Network error (yb/rpc/yb_rpc.cc:531): Rpc timeout, passed: 1202.237s, timeout: 15.000s, now: 167012.576s, last_read_time_: 165810.338s
W1010 00:42:39.183063 20402176 yb_rpc.cc:532] Connection (0x0000000112fe37d8) client 127.0.0.3:49466 => 127.0.0.1:7100: Network error (yb/rpc/yb_rpc.cc:531): Rpc timeout, passed: 1207.136s, timeout: 15.000s, now: 167012.576s, last_read_time_: 165805.440s
W1010 00:42:39.183362 17719296 yb_rpc.cc:532] Connection (0x0000000112fe32d8) client 127.0.0.3:49499 => 127.0.0.2:9100: Network error (yb/rpc/yb_rpc.cc:531): Rpc timeout, passed: 1202.136s, timeout: 15.000s, now: 167012.576s, last_read_time_: 165810.439s
W1010 00:42:39.183549 18792448 yb_rpc.cc:532] Connection (0x0000000112fe3e18) client 127.0.0.3:49509 => 127.0.0.1:9100: Network error (yb/rpc/yb_rpc.cc:531): Rpc timeout, passed: 1202.437s, timeout: 15.000s, now: 167012.576s, last_read_time_: 165810.139s
I1010 00:42:39.183707 19329024 reactor.cc:634] TabletServer_R004: DEBUG: Closing idle connection: Connection (0x000000011557a518) server 127.0.0.2:49482 => 127.0.0.3:9100 - it has been idle for 1202.54s
W1010 00:42:39.183895 18255872 yb_rpc.cc:532] Connection (0x0000000115b49b98) client 127.0.0.3:49506 => 127.0.0.1:9100: Network error (yb/rpc/yb_rpc.cc:531): Rpc timeout, passed: 1202.136s, timeout: 15.000s, now: 167012.576s, last_read_time_: 165810.439s
I1010 00:42:39.184067 19865600 reactor.cc:634] TabletServer_R005: DEBUG: Closing idle connection: Connection (0x0000000116250f18) server 127.0.0.1:49510 => 127.0.0.3:9100 - it has been idle for 1202.64s
W1010 00:42:39.184199 20938752 yb_rpc.cc:532] Connection (0x0000000113077418) client 127.0.0.3:49467 => 127.0.0.1:7100: Network error (yb/rpc/yb_rpc.cc:531): Rpc timeout, passed: 1206.136s, timeout: 15.000s, now: 167012.576s, last_read_time_: 165806.440s
I1010 00:42:39.184326 64401408 raft_consensus.cc:3573] T 7584006b2fba41cd828ac06782afeb03 P 23d881032c1249bd803e401a539be0e2 [term 1 FOLLOWER]: Snoozing leader timeout detection for 3.238s
I1010 00:42:39.184489 56889344 raft_consensus.cc:3573] T 46569f1a6c8746acb9da222b34f086b5 P 23d881032c1249bd803e401a539be0e2 [term 1 FOLLOWER]: Snoozing leader timeout detection for 3.103s
I1010 00:42:39.184616 66547712 raft_consensus.cc:3573] T f5bd6014d733492eac6dd2cfba061381 P 23d881032c1249bd803e401a539be0e2 [term 1 FOLLOWER]: Snoozing leader timeout detection for 3.162s
I1010 00:42:39.184722 69767168 raft_consensus.cc:3573] T 4c1e255cf37d4de58ed9d6a6f32e7473 P 23d881032c1249bd803e401a539be0e2 [term 1 FOLLOWER]: Snoozing leader timeout detection for 3.148s
I1010 00:42:39.184842 70303744 raft_consensus.cc:3573] T 54eeee0960454077a8ed85a75d38bc29 P 23d881032c1249bd803e401a539be0e2 [term 1 FOLLOWER]: Snoozing leader timeout detection for 3.183s
I1010 00:42:39.184984 57425920 raft_consensus.cc:3573] T a46de9d55d6845f1baaa95baceeadfe7 P 23d881032c1249bd803e401a539be0e2 [term 1 FOLLOWER]: Snoozing leader timeout detection for 3.181s
I1010 00:42:39.185096 10743808 raft_consensus.cc:3573] T 1e9c042ca80e4c66a6117c85d04f6168 P 23d881032c1249bd803e401a539be0e2 [term 1 FOLLOWER]: Snoozing leader timeout detection for 3.288s
I1010 00:42:39.185326 70840320 raft_consensus.cc:3573] T 8078024ab93e4400a14d8399046d9f99 P 23d881032c1249bd803e401a539be0e2 [term 1 FOLLOWER]: Snoozing leader timeout detection for 3.107s
I1010 00:42:39.185422 58499072 raft_consensus.cc:3573] T 825df89ca459463f921e4a6d8e68a90d P 23d881032c1249bd803e401a539be0e2 [term 1 FOLLOWER]: Snoozing leader timeout detection for 3.212s
I1010 00:42:39.185539 71376896 raft_consensus.cc:3573] T bf1529417d2a441c9c33fa183a226bd3 P 23d881032c1249bd803e401a539be0e2 [term 1 FOLLOWER]: Snoozing leader timeout detection for 3.213s
I1010 00:42:39.185631 55816192 raft_consensus.cc:3573] T c09c8a2af076408b8083ae6bfc2a671e P 23d881032c1249bd803e401a539be0e2 [term 1 FOLLOWER]: Snoozing leader timeout detection for 3.202s
I1010 00:42:39.185727 78352384 raft_consensus.cc:3573] T f27eef4b471b4c3c800523a8cd4a34f7 P 23d881032c1249bd803e401a539be0e2 [term 1 FOLLOWER]: Snoozing leader timeout detection for 3.171s
I1010 00:42:39.185865 59572224 raft_consensus.cc:3573] T 2a30e7b2effb4ab888e1f5a8af3fb03b P 23d881032c1249bd803e401a539be0e2 [term 1 FOLLOWER]: Snoozing leader timeout detection for 3.179s
I1010 00:42:39.185952 81035264 raft_consensus.cc:3573] T 5aab7c3da55c4174a9735369225d0c54 P 23d881032c1249bd803e401a539be0e2 [term 1 FOLLOWER]: Snoozing leader timeout detection for 3.161s
I1010 00:42:39.186113 69230592 raft_consensus.cc:3159] T 541698385c044c6ab901cf03bad66398 P 23d881032c1249bd803e401a539be0e2 [term 1 LEADER]: Setting replicate pending config peers { permanent_uuid: "23d881032c1249bd803e401a539be0e2" member_type: VOTER last_known_private_addr { host: "127.0.0.3" port: 9100 } cloud_info { placement_cloud: "cloud1" placement_region: "datacenter1" placement_zone: "rack1" } } peers { permanent_uuid: "6b460ba950654300b6c50d93f25aea31" member_type: VOTER last_known_private_addr { host: "127.0.0.2" port: 9100 } cloud_info { placement_cloud: "cloud1" placement_region: "datacenter1" placement_zone: "rack1" } }, type = REMOVE_SERVER
I1010 00:42:39.186162 81571840 raft_consensus.cc:3159] T 1b3f2a4877404ba898e6ff9448cf4740 P 23d881032c1249bd803e401a539be0e2 [term 1 LEADER]: Setting replicate pending config peers { permanent_uuid: "23d881032c1249bd803e401a539be0e2" member_type: VOTER last_known_private_addr { host: "127.0.0.3" port: 9100 } cloud_info { placement_cloud: "cloud1" placement_region: "datacenter1" placement_zone: "rack1" } } peers { permanent_uuid: "d5c37cb1777946179e6692ee5e504715" member_type: VOTER last_known_private_addr { host: "127.0.0.1" port: 9100 } cloud_info { placement_cloud: "cloud1" placement_region: "datacenter1" placement_zone: "rack1" } }, type = REMOVE_SERVER
I1010 00:42:39.186268 65474560 raft_consensus.cc:3573] T 9cd834df5c9f41b091ffb845bd6122ec P 23d881032c1249bd803e401a539be0e2 [term 1 FOLLOWER]: Snoozing leader timeout detection for 3.010s
I1010 00:42:39.186479 82108416 raft_consensus.cc:3159] T 30fedb9fed834e6d975c43711c3f6fd9 P 23d881032c1249bd803e401a539be0e2 [term 1 LEADER]: Setting replicate pending config peers { permanent_uuid: "23d881032c1249bd803e401a539be0e2" member_type: VOTER last_known_private_addr { host: "127.0.0.3" port: 9100 } cloud_info { placement_cloud: "cloud1" placement_region: "datacenter1" placement_zone: "rack1" } } peers { permanent_uuid: "d5c37cb1777946179e6692ee5e504715" member_type: VOTER last_known_private_addr { host: "127.0.0.1" port: 9100 } cloud_info { placement_cloud: "cloud1" placement_region: "datacenter1" placement_zone: "rack1" } }, type = REMOVE_SERVER
I1010 00:42:39.186861 63328256 raft_consensus.cc:3159] T 60dd6403c44b41109fa083272368d0d0 P 23d881032c1249bd803e401a539be0e2 [term 1 LEADER]: Setting replicate pending config peers { permanent_uuid: "23d881032c1249bd803e401a539be0e2" member_type: VOTER last_known_private_addr { host: "127.0.0.3" port: 9100 } cloud_info { placement_cloud: "cloud1" placement_region: "datacenter1" placement_zone: "rack1" } } peers { permanent_uuid: "6b460ba950654300b6c50d93f25aea31" member_type: VOTER last_known_private_addr { host: "127.0.0.2" port: 9100 } cloud_info { placement_cloud: "cloud1" placement_region: "datacenter1" placement_zone: "rack1" } }, type = REMOVE_SERVER
I1010 00:42:39.187068 63864832 raft_consensus.cc:3159] T 7c7b0e8f396b4659b1f29a4dd140c822 P 23d881032c1249bd803e401a539be0e2 [term 1 LEADER]: Setting replicate pending config peers { permanent_uuid: "23d881032c1249bd803e401a539be0e2" member_type: VOTER last_known_private_addr { host: "127.0.0.3" port: 9100 } cloud_info { placement_cloud: "cloud1" placement_region: "datacenter1" placement_zone: "rack1" } } peers { permanent_uuid: "6b460ba950654300b6c50d93f25aea31" member_type: VOTER last_known_private_addr { host: "127.0.0.2" port: 9100 } cloud_info { placement_cloud: "cloud1" placement_region: "datacenter1" placement_zone: "rack1" } }, type = REMOVE_SERVER
I1010 00:42:39.187247 56352768 raft_consensus.cc:3573] T 769c8b8690e648df93f41c693d55ebc3 P 23d881032c1249bd803e401a539be0e2 [term 1 FOLLOWER]: Snoozing leader timeout detection for 3.155s
I1010 00:42:39.187234 66011136 raft_consensus.cc:3159] T db3b3178db1849c4b3ebbe53840c6b02 P 23d881032c1249bd803e401a539be0e2 [term 1 LEADER]: Setting replicate pending config peers { permanent_uuid: "23d881032c1249bd803e401a539be0e2" member_type: VOTER last_known_private_addr { host: "127.0.0.3" port: 9100 } cloud_info { placement_cloud: "cloud1" placement_region: "datacenter1" placement_zone: "rack1" } } peers { permanent_uuid: "d5c37cb1777946179e6692ee5e504715" member_type: VOTER last_known_private_addr { host: "127.0.0.1" port: 9100 } cloud_info { placement_cloud: "cloud1" placement_region: "datacenter1" placement_zone: "rack1" } }, type = REMOVE_SERVER
I1010 00:42:39.187497 78888960 raft_consensus.cc:3159] T 9b45d3f9024e43b58a591ec35594430e P 23d881032c1249bd803e401a539be0e2 [term 1 LEADER]: Setting replicate pending config peers { permanent_uuid: "23d881032c1249bd803e401a539be0e2" member_type: VOTER last_known_private_addr { host: "127.0.0.3" port: 9100 } cloud_info { placement_cloud: "cloud1" placement_region: "datacenter1" placement_zone: "rack1" } } peers { permanent_uuid: "6b460ba950654300b6c50d93f25aea31" member_type: VOTER last_known_private_addr { host: "127.0.0.2" port: 9100 } cloud_info { placement_cloud: "cloud1" placement_region: "datacenter1" placement_zone: "rack1" } }, type = REMOVE_SERVER
I1010 00:42:39.187669 85327872 raft_consensus.cc:3159] T a818e973b4b04213a257872ca0183570 P 23d881032c1249bd803e401a539be0e2 [term 1 LEADER]: Setting replicate pending config peers { permanent_uuid: "23d881032c1249bd803e401a539be0e2" member_type: VOTER last_known_private_addr { host: "127.0.0.3" port: 9100 } cloud_info { placement_cloud: "cloud1" placement_region: "datacenter1" placement_zone: "rack1" } } peers { permanent_uuid: "d5c37cb1777946179e6692ee5e504715" member_type: VOTER last_known_private_addr { host: "127.0.0.1" port: 9100 } cloud_info { placement_cloud: "cloud1" placement_region: "datacenter1" placement_zone: "rack1" } }, type = REMOVE_SERVER
W1010 00:42:39.188812 20402176 yb_rpc.cc:532] Connection (0x0000000115b48658) client 127.0.0.3:49491 => 127.0.0.1:9100: Network error (yb/rpc/yb_rpc.cc:531): Rpc timeout, passed: 1202.337s, timeout: 15.000s, now: 167012.576s, last_read_time_: 165810.239s
W1010 00:42:39.189124 17719296 yb_rpc.cc:532] Connection (0x0000000110874018) client 127.0.0.1:49431 => 127.0.0.1:7100: Network error (yb/rpc/yb_rpc.cc:531): Rpc timeout, passed: 1204.137s, timeout: 15.000s, now: 167012.576s, last_read_time_: 165808.439s
W1010 00:42:39.189167 18792448 yb_rpc.cc:532] Connection (0x0000000112fe3cd8) client 127.0.0.3:49505 => 127.0.0.2:9100: Network error (yb/rpc/yb_rpc.cc:531): Rpc timeout, passed: 1202.537s, timeout: 15.000s, now: 167012.576s, last_read_time_: 165810.038s
I1010 00:42:39.189179 19329024 reactor.cc:634] TabletServer_R004: DEBUG: Closing idle connection: Connection (0x0000000116251058) server 127.0.0.1:49512 => 127.0.0.3:9100 - it has been idle for 1202.54s
W1010 00:42:39.189308 18255872 yb_rpc.cc:532] Connection (0x0000000115b49a58) client 127.0.0.3:49502 => 127.0.0.2:9100: Network error (yb/rpc/yb_rpc.cc:531): Rpc timeout, passed: 1202.537s, timeout: 15.000s, now: 167012.576s, last_read_time_: 165810.038s
W1010 00:42:39.189328 19865600 yb_rpc.cc:532] Connection (0x00000001128b8a18) client 127.0.0.3:49441 => 127.0.0.1:7100: Network error (yb/rpc/yb_rpc.cc:531): Rpc timeout, passed: 1203.035s, timeout: 15.000s, now: 167012.576s, last_read_time_: 165809.540s
W1010 00:42:39.189690 20938752 yb_rpc.cc:532] Connection (0x00000001159f8158) client 127.0.0.3:49490 => 127.0.0.2:9100: Network error (yb/rpc/yb_rpc.cc:531): Rpc timeout, passed: 1202.237s, timeout: 15.000s, now: 167012.576s, last_read_time_: 165810.338s
