I1009 23:16:56.898308 52596736 raft_consensus.cc:1970] T 7584006b2fba41cd828ac06782afeb03 P 23d881032c1249bd803e401a539be0e2 [term 1 FOLLOWER]: Returning from UpdateConsensus because of error: error { code: PRECEDING_ENTRY_DIDNT_MATCH status { code: ILLEGAL_STATE message: "Log matching property violated. Preceding OpId in replica: 0.0. Preceding OpId from leader: 1.1. (index mismatch)" source_file: "../../src/yb/consensus/raft_consensus.cc" source_line: 1752 errors: "00" } }
I1009 23:16:56.898692 44011520 raft_consensus.cc:3519] T db3b3178db1849c4b3ebbe53840c6b02 P 23d881032c1249bd803e401a539be0e2 [term 0 FOLLOWER]: Calling mark dirty synchronously for reason code CONSENSUS_STARTED
I1009 23:16:56.898732 51523584 raft_consensus.cc:644] T 9b45d3f9024e43b58a591ec35594430e P 23d881032c1249bd803e401a539be0e2 [term 0 FOLLOWER]: Triggering leader pre-election, mode=ELECT_EVEN_IF_LEADER_IS_ALIVE
I1009 23:16:56.898759 44548096 tablet_bootstrap_if.cc:96] T 4c1e255cf37d4de58ed9d6a6f32e7473 P 23d881032c1249bd803e401a539be0e2: No bootstrap required, opened a new log
I1009 23:16:56.899179 44011520 tablet_peer.cc:1643] T db3b3178db1849c4b3ebbe53840c6b02 P 23d881032c1249bd803e401a539be0e2 [state=RUNNING]: Changed state from BOOTSTRAPPING to RUNNING
I1009 23:16:56.899255 51523584 raft_consensus.cc:3573] T 9b45d3f9024e43b58a591ec35594430e P 23d881032c1249bd803e401a539be0e2 [term 0 FOLLOWER]: Snoozing leader timeout detection for 3.025s
I1009 23:16:56.899267 45084672 tablet_bootstrap_if.cc:96] T 54eeee0960454077a8ed85a75d38bc29 P 23d881032c1249bd803e401a539be0e2: No bootstrap required, opened a new log
I1009 23:16:56.899427 44548096 log.cc:1461] T 4c1e255cf37d4de58ed9d6a6f32e7473 P 23d881032c1249bd803e401a539be0e2: Setting log wal retention time to 0 seconds
I1009 23:16:56.899515 44011520 tablet_peer.cc:1516] T db3b3178db1849c4b3ebbe53840c6b02 P 23d881032c1249bd803e401a539be0e2 [state=RUNNING]: Registered log gc
I1009 23:16:56.899535 45621248 consensus_meta.cc:361] T 769c8b8690e648df93f41c693d55ebc3 P 23d881032c1249bd803e401a539be0e2: Updating active role from FOLLOWER to FOLLOWER. Consensus state: current_term: 0 leader_uuid: "" config { opid_index: -1 peers { permanent_uuid: "23d881032c1249bd803e401a539be0e2" member_type: VOTER last_known_private_addr { host: "127.0.0.3" port: 9100 } cloud_info { placement_cloud: "cloud1" placement_region: "datacenter1" placement_zone: "rack1" } } peers { permanent_uuid: "6b460ba950654300b6c50d93f25aea31" member_type: VOTER last_known_private_addr { host: "127.0.0.2" port: 9100 } cloud_info { placement_cloud: "cloud1" placement_region: "datacenter1" placement_zone: "rack1" } } peers { permanent_uuid: "d5c37cb1777946179e6692ee5e504715" member_type: VOTER last_known_private_addr { host: "127.0.0.1" port: 9100 } cloud_info { placement_cloud: "cloud1" placement_region: "datacenter1" placement_zone: "rack1" } } }, has_pending_config = 0
I1009 23:16:56.899590 51523584 raft_consensus.cc:684] T 9b45d3f9024e43b58a591ec35594430e P 23d881032c1249bd803e401a539be0e2 [term 0 FOLLOWER]: Starting pre-election with config: opid_index: -1 peers { permanent_uuid: "23d881032c1249bd803e401a539be0e2" member_type: VOTER last_known_private_addr { host: "127.0.0.3" port: 9100 } cloud_info { placement_cloud: "cloud1" placement_region: "datacenter1" placement_zone: "rack1" } } peers { permanent_uuid: "6b460ba950654300b6c50d93f25aea31" member_type: VOTER last_known_private_addr { host: "127.0.0.2" port: 9100 } cloud_info { placement_cloud: "cloud1" placement_region: "datacenter1" placement_zone: "rack1" } } peers { permanent_uuid: "d5c37cb1777946179e6692ee5e504715" member_type: VOTER last_known_private_addr { host: "127.0.0.1" port: 9100 } cloud_info { placement_cloud: "cloud1" placement_region: "datacenter1" placement_zone: "rack1" } }
I1009 23:16:56.899638 46157824 consensus_meta.cc:361] T 60dd6403c44b41109fa083272368d0d0 P 23d881032c1249bd803e401a539be0e2: Updating active role from FOLLOWER to FOLLOWER. Consensus state: current_term: 0 leader_uuid: "" config { opid_index: -1 peers { permanent_uuid: "23d881032c1249bd803e401a539be0e2" member_type: VOTER last_known_private_addr { host: "127.0.0.3" port: 9100 } cloud_info { placement_cloud: "cloud1" placement_region: "datacenter1" placement_zone: "rack1" } } peers { permanent_uuid: "6b460ba950654300b6c50d93f25aea31" member_type: VOTER last_known_private_addr { host: "127.0.0.2" port: 9100 } cloud_info { placement_cloud: "cloud1" placement_region: "datacenter1" placement_zone: "rack1" } } peers { permanent_uuid: "d5c37cb1777946179e6692ee5e504715" member_type: VOTER last_known_private_addr { host: "127.0.0.1" port: 9100 } cloud_info { placement_cloud: "cloud1" placement_region: "datacenter1" placement_zone: "rack1" } } }, has_pending_config = 0
I1009 23:16:56.899688 45084672 log.cc:1461] T 54eeee0960454077a8ed85a75d38bc29 P 23d881032c1249bd803e401a539be0e2: Setting log wal retention time to 0 seconds
I1009 23:16:56.899783 44548096 ts_tablet_manager.cc:1982] T 4c1e255cf37d4de58ed9d6a6f32e7473 P 23d881032c1249bd803e401a539be0e2: Time spent bootstrapping tablet: real 0.007s	user 0.001s	sys 0.001s
I1009 23:16:56.899840 44011520 ts_tablet_manager.cc:2063] T db3b3178db1849c4b3ebbe53840c6b02 P 23d881032c1249bd803e401a539be0e2: Time spent starting tablet: real 0.004s	user 0.001s	sys 0.001s
I1009 23:16:56.900027 45621248 raft_consensus.cc:498] T 769c8b8690e648df93f41c693d55ebc3 P 23d881032c1249bd803e401a539be0e2 [term 0 FOLLOWER]: Replica starting. Triggering 0 pending operations. Active config: opid_index: -1 peers { permanent_uuid: "23d881032c1249bd803e401a539be0e2" member_type: VOTER last_known_private_addr { host: "127.0.0.3" port: 9100 } cloud_info { placement_cloud: "cloud1" placement_region: "datacenter1" placement_zone: "rack1" } } peers { permanent_uuid: "6b460ba950654300b6c50d93f25aea31" member_type: VOTER last_known_private_addr { host: "127.0.0.2" port: 9100 } cloud_info { placement_cloud: "cloud1" placement_region: "datacenter1" placement_zone: "rack1" } } peers { permanent_uuid: "d5c37cb1777946179e6692ee5e504715" member_type: VOTER last_known_private_addr { host: "127.0.0.1" port: 9100 } cloud_info { placement_cloud: "cloud1" placement_region: "datacenter1" placement_zone: "rack1" } }
I1009 23:16:56.900215 51523584 leader_election.cc:214] T 9b45d3f9024e43b58a591ec35594430e P 23d881032c1249bd803e401a539be0e2 [CANDIDATE]: Term 1 pre-election: Requesting vote from peer 6b460ba950654300b6c50d93f25aea31
I1009 23:16:56.900413 46157824 raft_consensus.cc:498] T 60dd6403c44b41109fa083272368d0d0 P 23d881032c1249bd803e401a539be0e2 [term 0 FOLLOWER]: Replica starting. Triggering 0 pending operations. Active config: opid_index: -1 peers { permanent_uuid: "23d881032c1249bd803e401a539be0e2" member_type: VOTER last_known_private_addr { host: "127.0.0.3" port: 9100 } cloud_info { placement_cloud: "cloud1" placement_region: "datacenter1" placement_zone: "rack1" } } peers { permanent_uuid: "6b460ba950654300b6c50d93f25aea31" member_type: VOTER last_known_private_addr { host: "127.0.0.2" port: 9100 } cloud_info { placement_cloud: "cloud1" placement_region: "datacenter1" placement_zone: "rack1" } } peers { permanent_uuid: "d5c37cb1777946179e6692ee5e504715" member_type: VOTER last_known_private_addr { host: "127.0.0.1" port: 9100 } cloud_info { placement_cloud: "cloud1" placement_region: "datacenter1" placement_zone: "rack1" } }
I1009 23:16:56.900444 42938368 tablet_bootstrap_if.cc:96] T 7c7b0e8f396b4659b1f29a4dd140c822 P 23d881032c1249bd803e401a539be0e2: No bootstrap required, opened a new log
I1009 23:16:56.900715 45084672 ts_tablet_manager.cc:1982] T 54eeee0960454077a8ed85a75d38bc29 P 23d881032c1249bd803e401a539be0e2: Time spent bootstrapping tablet: real 0.008s	user 0.001s	sys 0.001s
I1009 23:16:56.900727 52060160 raft_consensus.cc:3634] T f5bd6014d733492eac6dd2cfba061381 P 23d881032c1249bd803e401a539be0e2 [term 0 FOLLOWER]: Advancing to term 1
I1009 23:16:56.900812 52596736 consensus_meta.cc:361] T 7584006b2fba41cd828ac06782afeb03 P 23d881032c1249bd803e401a539be0e2: Updating active role from FOLLOWER to FOLLOWER. Consensus state: current_term: 1 leader_uuid: "6b460ba950654300b6c50d93f25aea31" config { opid_index: -1 peers { permanent_uuid: "23d881032c1249bd803e401a539be0e2" member_type: VOTER last_known_private_addr { host: "127.0.0.3" port: 9100 } cloud_info { placement_cloud: "cloud1" placement_region: "datacenter1" placement_zone: "rack1" } } peers { permanent_uuid: "6b460ba950654300b6c50d93f25aea31" member_type: VOTER last_known_private_addr { host: "127.0.0.2" port: 9100 } cloud_info { placement_cloud: "cloud1" placement_region: "datacenter1" placement_zone: "rack1" } } peers { permanent_uuid: "d5c37cb1777946179e6692ee5e504715" member_type: VOTER last_known_private_addr { host: "127.0.0.1" port: 9100 } cloud_info { placement_cloud: "cloud1" placement_region: "datacenter1" placement_zone: "rack1" } } }, has_pending_config = 0
I1009 23:16:56.900923 43474944 tablet_bootstrap_if.cc:96] T 30fedb9fed834e6d975c43711c3f6fd9 P 23d881032c1249bd803e401a539be0e2: No bootstrap required, opened a new log
I1009 23:16:56.901019 44011520 ts_tablet_manager.cc:3478] Deleted transition in progress creating tablet for tablet db3b3178db1849c4b3ebbe53840c6b02
I1009 23:16:56.901160 45621248 raft_consensus.cc:527] T 769c8b8690e648df93f41c693d55ebc3 P 23d881032c1249bd803e401a539be0e2 [term 0 FOLLOWER]: Consensus starting up: Expiring fail detector timer to make a prompt election more likely
I1009 23:16:56.901293 51523584 leader_election.cc:214] T 9b45d3f9024e43b58a591ec35594430e P 23d881032c1249bd803e401a539be0e2 [CANDIDATE]: Term 1 pre-election: Requesting vote from peer d5c37cb1777946179e6692ee5e504715
I1009 23:16:56.901400 46157824 raft_consensus.cc:527] T 60dd6403c44b41109fa083272368d0d0 P 23d881032c1249bd803e401a539be0e2 [term 0 FOLLOWER]: Consensus starting up: Expiring fail detector timer to make a prompt election more likely
I1009 23:16:56.901489 42938368 log.cc:1461] T 7c7b0e8f396b4659b1f29a4dd140c822 P 23d881032c1249bd803e401a539be0e2: Setting log wal retention time to 0 seconds
I1009 23:16:56.901793 52060160 consensus_meta.cc:361] T f5bd6014d733492eac6dd2cfba061381 P 23d881032c1249bd803e401a539be0e2: Updating active role from FOLLOWER to FOLLOWER. Consensus state: current_term: 1 leader_uuid: "" config { opid_index: -1 peers { permanent_uuid: "23d881032c1249bd803e401a539be0e2" member_type: VOTER last_known_private_addr { host: "127.0.0.3" port: 9100 } cloud_info { placement_cloud: "cloud1" placement_region: "datacenter1" placement_zone: "rack1" } } peers { permanent_uuid: "6b460ba950654300b6c50d93f25aea31" member_type: VOTER last_known_private_addr { host: "127.0.0.2" port: 9100 } cloud_info { placement_cloud: "cloud1" placement_region: "datacenter1" placement_zone: "rack1" } } peers { permanent_uuid: "d5c37cb1777946179e6692ee5e504715" member_type: VOTER last_known_private_addr { host: "127.0.0.1" port: 9100 } cloud_info { placement_cloud: "cloud1" placement_region: "datacenter1" placement_zone: "rack1" } } }, has_pending_config = 0
I1009 23:16:56.901907 52596736 raft_consensus.cc:3519] T 7584006b2fba41cd828ac06782afeb03 P 23d881032c1249bd803e401a539be0e2 [term 1 FOLLOWER]: Calling mark dirty synchronously for reason code NEW_LEADER_ELECTED
I1009 23:16:56.901989 43474944 log.cc:1461] T 30fedb9fed834e6d975c43711c3f6fd9 P 23d881032c1249bd803e401a539be0e2: Setting log wal retention time to 0 seconds
I1009 23:16:56.902156 44011520 ts_tablet_manager.cc:1936] T 8078024ab93e4400a14d8399046d9f99 P 23d881032c1249bd803e401a539be0e2: Bootstrapping tablet
I1009 23:16:56.902298 45621248 raft_consensus.cc:1135] T 769c8b8690e648df93f41c693d55ebc3 P 23d881032c1249bd803e401a539be0e2 [term 0 FOLLOWER]: Becoming Follower/Learner. State: Replica: 23d881032c1249bd803e401a539be0e2, State: 1, Role: FOLLOWER, Watermarks: {Received: 0.0 Committed: 0.0} Leader: 0.0, new leader: , initial_fd_wait: <uninitialized>
I1009 23:16:56.902611 44548096 consensus_meta.cc:361] T 4c1e255cf37d4de58ed9d6a6f32e7473 P 23d881032c1249bd803e401a539be0e2: Updating active role from FOLLOWER to FOLLOWER. Consensus state: current_term: 0 leader_uuid: "" config { opid_index: -1 peers { permanent_uuid: "23d881032c1249bd803e401a539be0e2" member_type: VOTER last_known_private_addr { host: "127.0.0.3" port: 9100 } cloud_info { placement_cloud: "cloud1" placement_region: "datacenter1" placement_zone: "rack1" } } peers { permanent_uuid: "6b460ba950654300b6c50d93f25aea31" member_type: VOTER last_known_private_addr { host: "127.0.0.2" port: 9100 } cloud_info { placement_cloud: "cloud1" placement_region: "datacenter1" placement_zone: "rack1" } } peers { permanent_uuid: "d5c37cb1777946179e6692ee5e504715" member_type: VOTER last_known_private_addr { host: "127.0.0.1" port: 9100 } cloud_info { placement_cloud: "cloud1" placement_region: "datacenter1" placement_zone: "rack1" } } }, has_pending_config = 0
I1009 23:16:56.902662 46157824 raft_consensus.cc:1135] T 60dd6403c44b41109fa083272368d0d0 P 23d881032c1249bd803e401a539be0e2 [term 0 FOLLOWER]: Becoming Follower/Learner. State: Replica: 23d881032c1249bd803e401a539be0e2, State: 1, Role: FOLLOWER, Watermarks: {Received: 0.0 Committed: 0.0} Leader: 0.0, new leader: , initial_fd_wait: <uninitialized>
I1009 23:16:56.902668 51523584 raft_consensus.cc:644] T a818e973b4b04213a257872ca0183570 P 23d881032c1249bd803e401a539be0e2 [term 0 FOLLOWER]: Triggering leader pre-election, mode=ELECT_EVEN_IF_LEADER_IS_ALIVE
W1009 23:16:56.902805 54206464 leader_election.cc:281] T 9b45d3f9024e43b58a591ec35594430e P 23d881032c1249bd803e401a539be0e2 [CANDIDATE]: Term 1 pre-election: Tablet error from VoteRequest() call to peer 6b460ba950654300b6c50d93f25aea31: Illegal state (yb/tserver/service_util.cc:271): Tablet 9b45d3f9024e43b58a591ec35594430e not RUNNING: NOT_STARTED (tablet server error 12) (raft group state error 5)
I1009 23:16:56.902897 42938368 ts_tablet_manager.cc:1982] T 7c7b0e8f396b4659b1f29a4dd140c822 P 23d881032c1249bd803e401a539be0e2: Time spent bootstrapping tablet: real 0.010s	user 0.001s	sys 0.001s
I1009 23:16:56.903127 54743040 leader_election.cc:365] T 1b3f2a4877404ba898e6ff9448cf4740 P 23d881032c1249bd803e401a539be0e2 [CANDIDATE]: Term 1 pre-election: Vote granted by peer 6b460ba950654300b6c50d93f25aea31
I1009 23:16:56.903187 43474944 ts_tablet_manager.cc:1982] T 30fedb9fed834e6d975c43711c3f6fd9 P 23d881032c1249bd803e401a539be0e2: Time spent bootstrapping tablet: real 0.009s	user 0.001s	sys 0.001s
I1009 23:16:56.903504 44011520 consensus_meta.cc:361] T 8078024ab93e4400a14d8399046d9f99 P 23d881032c1249bd803e401a539be0e2: Updating active role from UNKNOWN_ROLE to FOLLOWER. Consensus state: current_term: 0 leader_uuid: "" config { opid_index: -1 peers { permanent_uuid: "23d881032c1249bd803e401a539be0e2" member_type: VOTER last_known_private_addr { host: "127.0.0.3" port: 9100 } cloud_info { placement_cloud: "cloud1" placement_region: "datacenter1" placement_zone: "rack1" } } peers { permanent_uuid: "6b460ba950654300b6c50d93f25aea31" member_type: VOTER last_known_private_addr { host: "127.0.0.2" port: 9100 } cloud_info { placement_cloud: "cloud1" placement_region: "datacenter1" placement_zone: "rack1" } } peers { permanent_uuid: "d5c37cb1777946179e6692ee5e504715" member_type: VOTER last_known_private_addr { host: "127.0.0.1" port: 9100 } cloud_info { placement_cloud: "cloud1" placement_region: "datacenter1" placement_zone: "rack1" } } }, has_pending_config = 0
I1009 23:16:56.903577 45621248 consensus_meta.cc:361] T 769c8b8690e648df93f41c693d55ebc3 P 23d881032c1249bd803e401a539be0e2: Updating active role from FOLLOWER to FOLLOWER. Consensus state: current_term: 0 leader_uuid: "" config { opid_index: -1 peers { permanent_uuid: "23d881032c1249bd803e401a539be0e2" member_type: VOTER last_known_private_addr { host: "127.0.0.3" port: 9100 } cloud_info { placement_cloud: "cloud1" placement_region: "datacenter1" placement_zone: "rack1" } } peers { permanent_uuid: "6b460ba950654300b6c50d93f25aea31" member_type: VOTER last_known_private_addr { host: "127.0.0.2" port: 9100 } cloud_info { placement_cloud: "cloud1" placement_region: "datacenter1" placement_zone: "rack1" } } peers { permanent_uuid: "d5c37cb1777946179e6692ee5e504715" member_type: VOTER last_known_private_addr { host: "127.0.0.1" port: 9100 } cloud_info { placement_cloud: "cloud1" placement_region: "datacenter1" placement_zone: "rack1" } } }, has_pending_config = 0
I1009 23:16:56.903568 45084672 consensus_meta.cc:361] T 54eeee0960454077a8ed85a75d38bc29 P 23d881032c1249bd803e401a539be0e2: Updating active role from FOLLOWER to FOLLOWER. Consensus state: current_term: 0 leader_uuid: "" config { opid_index: -1 peers { permanent_uuid: "23d881032c1249bd803e401a539be0e2" member_type: VOTER last_known_private_addr { host: "127.0.0.3" port: 9100 } cloud_info { placement_cloud: "cloud1" placement_region: "datacenter1" placement_zone: "rack1" } } peers { permanent_uuid: "6b460ba950654300b6c50d93f25aea31" member_type: VOTER last_known_private_addr { host: "127.0.0.2" port: 9100 } cloud_info { placement_cloud: "cloud1" placement_region: "datacenter1" placement_zone: "rack1" } } peers { permanent_uuid: "d5c37cb1777946179e6692ee5e504715" member_type: VOTER last_known_private_addr { host: "127.0.0.1" port: 9100 } cloud_info { placement_cloud: "cloud1" placement_region: "datacenter1" placement_zone: "rack1" } } }, has_pending_config = 0
I1009 23:16:56.903725 44548096 raft_consensus.cc:498] T 4c1e255cf37d4de58ed9d6a6f32e7473 P 23d881032c1249bd803e401a539be0e2 [term 0 FOLLOWER]: Replica starting. Triggering 0 pending operations. Active config: opid_index: -1 peers { permanent_uuid: "23d881032c1249bd803e401a539be0e2" member_type: VOTER last_known_private_addr { host: "127.0.0.3" port: 9100 } cloud_info { placement_cloud: "cloud1" placement_region: "datacenter1" placement_zone: "rack1" } } peers { permanent_uuid: "6b460ba950654300b6c50d93f25aea31" member_type: VOTER last_known_private_addr { host: "127.0.0.2" port: 9100 } cloud_info { placement_cloud: "cloud1" placement_region: "datacenter1" placement_zone: "rack1" } } peers { permanent_uuid: "d5c37cb1777946179e6692ee5e504715" member_type: VOTER last_known_private_addr { host: "127.0.0.1" port: 9100 } cloud_info { placement_cloud: "cloud1" placement_region: "datacenter1" placement_zone: "rack1" } }
I1009 23:16:56.903776 46157824 consensus_meta.cc:361] T 60dd6403c44b41109fa083272368d0d0 P 23d881032c1249bd803e401a539be0e2: Updating active role from FOLLOWER to FOLLOWER. Consensus state: current_term: 0 leader_uuid: "" config { opid_index: -1 peers { permanent_uuid: "23d881032c1249bd803e401a539be0e2" member_type: VOTER last_known_private_addr { host: "127.0.0.3" port: 9100 } cloud_info { placement_cloud: "cloud1" placement_region: "datacenter1" placement_zone: "rack1" } } peers { permanent_uuid: "6b460ba950654300b6c50d93f25aea31" member_type: VOTER last_known_private_addr { host: "127.0.0.2" port: 9100 } cloud_info { placement_cloud: "cloud1" placement_region: "datacenter1" placement_zone: "rack1" } } peers { permanent_uuid: "d5c37cb1777946179e6692ee5e504715" member_type: VOTER last_known_private_addr { host: "127.0.0.1" port: 9100 } cloud_info { placement_cloud: "cloud1" placement_region: "datacenter1" placement_zone: "rack1" } } }, has_pending_config = 0
I1009 23:16:56.903861 51523584 raft_consensus.cc:3573] T a818e973b4b04213a257872ca0183570 P 23d881032c1249bd803e401a539be0e2 [term 0 FOLLOWER]: Snoozing leader timeout detection for 3.082s
I1009 23:16:56.904134 52060160 raft_consensus.cc:3573] T f5bd6014d733492eac6dd2cfba061381 P 23d881032c1249bd803e401a539be0e2 [term 1 FOLLOWER]: Snoozing leader timeout detection for 3.198s
I1009 23:16:56.904275 54743040 leader_election.cc:240] T 1b3f2a4877404ba898e6ff9448cf4740 P 23d881032c1249bd803e401a539be0e2 [CANDIDATE]: Term 1 pre-election: Election decided. Result: candidate won.
I1009 23:16:56.904683 44011520 tablet_bootstrap_state_manager.cc:61] Wal dir is not created, skip initializing TabletBootstrapStateManager for 8078024ab93e4400a14d8399046d9f99
I1009 23:16:56.904814 45621248 consensus_queue.cc:270] T 769c8b8690e648df93f41c693d55ebc3 P 23d881032c1249bd803e401a539be0e2 [NON_LEADER]: Queue going to NON_LEADER mode. State: All replicated op: 0.0, Majority replicated op: 0.0, Committed index: 0.0, Last applied: 0.0, Last appended: 0.0, Current term: 0, Majority size: -1, State: QUEUE_OPEN, Mode: NON_LEADER
I1009 23:16:56.904875 45084672 raft_consensus.cc:498] T 54eeee0960454077a8ed85a75d38bc29 P 23d881032c1249bd803e401a539be0e2 [term 0 FOLLOWER]: Replica starting. Triggering 0 pending operations. Active config: opid_index: -1 peers { permanent_uuid: "23d881032c1249bd803e401a539be0e2" member_type: VOTER last_known_private_addr { host: "127.0.0.3" port: 9100 } cloud_info { placement_cloud: "cloud1" placement_region: "datacenter1" placement_zone: "rack1" } } peers { permanent_uuid: "6b460ba950654300b6c50d93f25aea31" member_type: VOTER last_known_private_addr { host: "127.0.0.2" port: 9100 } cloud_info { placement_cloud: "cloud1" placement_region: "datacenter1" placement_zone: "rack1" } } peers { permanent_uuid: "d5c37cb1777946179e6692ee5e504715" member_type: VOTER last_known_private_addr { host: "127.0.0.1" port: 9100 } cloud_info { placement_cloud: "cloud1" placement_region: "datacenter1" placement_zone: "rack1" } }
I1009 23:16:56.904985 52596736 leader_election.cc:365] T 9b45d3f9024e43b58a591ec35594430e P 23d881032c1249bd803e401a539be0e2 [CANDIDATE]: Term 1 pre-election: Vote granted by peer d5c37cb1777946179e6692ee5e504715
I1009 23:16:56.905102 44548096 raft_consensus.cc:527] T 4c1e255cf37d4de58ed9d6a6f32e7473 P 23d881032c1249bd803e401a539be0e2 [term 0 FOLLOWER]: Consensus starting up: Expiring fail detector timer to make a prompt election more likely
I1009 23:16:56.905217 46157824 consensus_queue.cc:270] T 60dd6403c44b41109fa083272368d0d0 P 23d881032c1249bd803e401a539be0e2 [NON_LEADER]: Queue going to NON_LEADER mode. State: All replicated op: 0.0, Majority replicated op: 0.0, Committed index: 0.0, Last applied: 0.0, Last appended: 0.0, Current term: 0, Majority size: -1, State: QUEUE_OPEN, Mode: NON_LEADER
I1009 23:16:56.905277 51523584 raft_consensus.cc:684] T a818e973b4b04213a257872ca0183570 P 23d881032c1249bd803e401a539be0e2 [term 0 FOLLOWER]: Starting pre-election with config: opid_index: -1 peers { permanent_uuid: "23d881032c1249bd803e401a539be0e2" member_type: VOTER last_known_private_addr { host: "127.0.0.3" port: 9100 } cloud_info { placement_cloud: "cloud1" placement_region: "datacenter1" placement_zone: "rack1" } } peers { permanent_uuid: "6b460ba950654300b6c50d93f25aea31" member_type: VOTER last_known_private_addr { host: "127.0.0.2" port: 9100 } cloud_info { placement_cloud: "cloud1" placement_region: "datacenter1" placement_zone: "rack1" } } peers { permanent_uuid: "d5c37cb1777946179e6692ee5e504715" member_type: VOTER last_known_private_addr { host: "127.0.0.1" port: 9100 } cloud_info { placement_cloud: "cloud1" placement_region: "datacenter1" placement_zone: "rack1" } }
I1009 23:16:56.905628 44011520 tablet_peer.cc:1643] T 8078024ab93e4400a14d8399046d9f99 P 23d881032c1249bd803e401a539be0e2 [state=BOOTSTRAPPING]: Changed state from NOT_STARTED to BOOTSTRAPPING
I1009 23:16:56.905658 10743808 raft_consensus.cc:3573] T 1b3f2a4877404ba898e6ff9448cf4740 P 23d881032c1249bd803e401a539be0e2 [term 0 FOLLOWER]: Snoozing leader timeout detection for 3.054s
I1009 23:16:56.905769 45621248 raft_consensus.cc:3519] T 769c8b8690e648df93f41c693d55ebc3 P 23d881032c1249bd803e401a539be0e2 [term 0 FOLLOWER]: Calling mark dirty synchronously for reason code CONSENSUS_STARTED
I1009 23:16:56.906014 42938368 consensus_meta.cc:361] T 7c7b0e8f396b4659b1f29a4dd140c822 P 23d881032c1249bd803e401a539be0e2: Updating active role from FOLLOWER to FOLLOWER. Consensus state: current_term: 0 leader_uuid: "" config { opid_index: -1 peers { permanent_uuid: "23d881032c1249bd803e401a539be0e2" member_type: VOTER last_known_private_addr { host: "127.0.0.3" port: 9100 } cloud_info { placement_cloud: "cloud1" placement_region: "datacenter1" placement_zone: "rack1" } } peers { permanent_uuid: "6b460ba950654300b6c50d93f25aea31" member_type: VOTER last_known_private_addr { host: "127.0.0.2" port: 9100 } cloud_info { placement_cloud: "cloud1" placement_region: "datacenter1" placement_zone: "rack1" } } peers { permanent_uuid: "d5c37cb1777946179e6692ee5e504715" member_type: VOTER last_known_private_addr { host: "127.0.0.1" port: 9100 } cloud_info { placement_cloud: "cloud1" placement_region: "datacenter1" placement_zone: "rack1" } } }, has_pending_config = 0
I1009 23:16:56.906077 45084672 raft_consensus.cc:527] T 54eeee0960454077a8ed85a75d38bc29 P 23d881032c1249bd803e401a539be0e2 [term 0 FOLLOWER]: Consensus starting up: Expiring fail detector timer to make a prompt election more likely
I1009 23:16:56.906155 52596736 leader_election.cc:240] T 9b45d3f9024e43b58a591ec35594430e P 23d881032c1249bd803e401a539be0e2 [CANDIDATE]: Term 1 pre-election: Election decided. Result: candidate won.
I1009 23:16:56.906189 44548096 raft_consensus.cc:1135] T 4c1e255cf37d4de58ed9d6a6f32e7473 P 23d881032c1249bd803e401a539be0e2 [term 0 FOLLOWER]: Becoming Follower/Learner. State: Replica: 23d881032c1249bd803e401a539be0e2, State: 1, Role: FOLLOWER, Watermarks: {Received: 0.0 Committed: 0.0} Leader: 0.0, new leader: , initial_fd_wait: <uninitialized>
I1009 23:16:56.906314 46157824 raft_consensus.cc:3519] T 60dd6403c44b41109fa083272368d0d0 P 23d881032c1249bd803e401a539be0e2 [term 0 FOLLOWER]: Calling mark dirty synchronously for reason code CONSENSUS_STARTED
I1009 23:16:56.906420 51523584 leader_election.cc:214] T a818e973b4b04213a257872ca0183570 P 23d881032c1249bd803e401a539be0e2 [CANDIDATE]: Term 1 pre-election: Requesting vote from peer 6b460ba950654300b6c50d93f25aea31
I1009 23:16:56.906476 43474944 consensus_meta.cc:361] T 30fedb9fed834e6d975c43711c3f6fd9 P 23d881032c1249bd803e401a539be0e2: Updating active role from FOLLOWER to FOLLOWER. Consensus state: current_term: 0 leader_uuid: "" config { opid_index: -1 peers { permanent_uuid: "23d881032c1249bd803e401a539be0e2" member_type: VOTER last_known_private_addr { host: "127.0.0.3" port: 9100 } cloud_info { placement_cloud: "cloud1" placement_region: "datacenter1" placement_zone: "rack1" } } peers { permanent_uuid: "6b460ba950654300b6c50d93f25aea31" member_type: VOTER last_known_private_addr { host: "127.0.0.2" port: 9100 } cloud_info { placement_cloud: "cloud1" placement_region: "datacenter1" placement_zone: "rack1" } } peers { permanent_uuid: "d5c37cb1777946179e6692ee5e504715" member_type: VOTER last_known_private_addr { host: "127.0.0.1" port: 9100 } cloud_info { placement_cloud: "cloud1" placement_region: "datacenter1" placement_zone: "rack1" } } }, has_pending_config = 0
I1009 23:16:56.906626 44011520 tablet_bootstrap_if.cc:96] T 8078024ab93e4400a14d8399046d9f99 P 23d881032c1249bd803e401a539be0e2: Bootstrap starting.
I1009 23:16:56.906687 10743808 raft_consensus.cc:3466] T 1b3f2a4877404ba898e6ff9448cf4740 P 23d881032c1249bd803e401a539be0e2 [term 0 FOLLOWER]: Leader pre-election won for term 1
I1009 23:16:56.906795 52060160 raft_consensus.cc:3123] T f5bd6014d733492eac6dd2cfba061381 P 23d881032c1249bd803e401a539be0e2 [term 1 FOLLOWER]:  Leader election vote request: Granting yes vote for candidate d5c37cb1777946179e6692ee5e504715 in term 1.
I1009 23:16:56.906877 45621248 tablet_peer.cc:1643] T 769c8b8690e648df93f41c693d55ebc3 P 23d881032c1249bd803e401a539be0e2 [state=RUNNING]: Changed state from BOOTSTRAPPING to RUNNING
I1009 23:16:56.906989 42938368 raft_consensus.cc:498] T 7c7b0e8f396b4659b1f29a4dd140c822 P 23d881032c1249bd803e401a539be0e2 [term 0 FOLLOWER]: Replica starting. Triggering 0 pending operations. Active config: opid_index: -1 peers { permanent_uuid: "23d881032c1249bd803e401a539be0e2" member_type: VOTER last_known_private_addr { host: "127.0.0.3" port: 9100 } cloud_info { placement_cloud: "cloud1" placement_region: "datacenter1" placement_zone: "rack1" } } peers { permanent_uuid: "6b460ba950654300b6c50d93f25aea31" member_type: VOTER last_known_private_addr { host: "127.0.0.2" port: 9100 } cloud_info { placement_cloud: "cloud1" placement_region: "datacenter1" placement_zone: "rack1" } } peers { permanent_uuid: "d5c37cb1777946179e6692ee5e504715" member_type: VOTER last_known_private_addr { host: "127.0.0.1" port: 9100 } cloud_info { placement_cloud: "cloud1" placement_region: "datacenter1" placement_zone: "rack1" } }
I1009 23:16:56.907086 45084672 raft_consensus.cc:1135] T 54eeee0960454077a8ed85a75d38bc29 P 23d881032c1249bd803e401a539be0e2 [term 0 FOLLOWER]: Becoming Follower/Learner. State: Replica: 23d881032c1249bd803e401a539be0e2, State: 1, Role: FOLLOWER, Watermarks: {Received: 0.0 Committed: 0.0} Leader: 0.0, new leader: , initial_fd_wait: <uninitialized>
I1009 23:16:56.907332 44548096 consensus_meta.cc:361] T 4c1e255cf37d4de58ed9d6a6f32e7473 P 23d881032c1249bd803e401a539be0e2: Updating active role from FOLLOWER to FOLLOWER. Consensus state: current_term: 0 leader_uuid: "" config { opid_index: -1 peers { permanent_uuid: "23d881032c1249bd803e401a539be0e2" member_type: VOTER last_known_private_addr { host: "127.0.0.3" port: 9100 } cloud_info { placement_cloud: "cloud1" placement_region: "datacenter1" placement_zone: "rack1" } } peers { permanent_uuid: "6b460ba950654300b6c50d93f25aea31" member_type: VOTER last_known_private_addr { host: "127.0.0.2" port: 9100 } cloud_info { placement_cloud: "cloud1" placement_region: "datacenter1" placement_zone: "rack1" } } peers { permanent_uuid: "d5c37cb1777946179e6692ee5e504715" member_type: VOTER last_known_private_addr { host: "127.0.0.1" port: 9100 } cloud_info { placement_cloud: "cloud1" placement_region: "datacenter1" placement_zone: "rack1" } } }, has_pending_config = 0
I1009 23:16:56.907503 46157824 tablet_peer.cc:1643] T 60dd6403c44b41109fa083272368d0d0 P 23d881032c1249bd803e401a539be0e2 [state=RUNNING]: Changed state from BOOTSTRAPPING to RUNNING
I1009 23:16:56.907583 51523584 leader_election.cc:214] T a818e973b4b04213a257872ca0183570 P 23d881032c1249bd803e401a539be0e2 [CANDIDATE]: Term 1 pre-election: Requesting vote from peer d5c37cb1777946179e6692ee5e504715
I1009 23:16:56.907613 55816192 raft_consensus.cc:3573] T 9b45d3f9024e43b58a591ec35594430e P 23d881032c1249bd803e401a539be0e2 [term 0 FOLLOWER]: Snoozing leader timeout detection for 3.212s
I1009 23:16:56.907773 43474944 raft_consensus.cc:498] T 30fedb9fed834e6d975c43711c3f6fd9 P 23d881032c1249bd803e401a539be0e2 [term 0 FOLLOWER]: Replica starting. Triggering 0 pending operations. Active config: opid_index: -1 peers { permanent_uuid: "23d881032c1249bd803e401a539be0e2" member_type: VOTER last_known_private_addr { host: "127.0.0.3" port: 9100 } cloud_info { placement_cloud: "cloud1" placement_region: "datacenter1" placement_zone: "rack1" } } peers { permanent_uuid: "6b460ba950654300b6c50d93f25aea31" member_type: VOTER last_known_private_addr { host: "127.0.0.2" port: 9100 } cloud_info { placement_cloud: "cloud1" placement_region: "datacenter1" placement_zone: "rack1" } } peers { permanent_uuid: "d5c37cb1777946179e6692ee5e504715" member_type: VOTER last_known_private_addr { host: "127.0.0.1" port: 9100 } cloud_info { placement_cloud: "cloud1" placement_region: "datacenter1" placement_zone: "rack1" } }
I1009 23:16:56.908077 44011520 tablet.cc:637] T 8078024ab93e4400a14d8399046d9f99 P 23d881032c1249bd803e401a539be0e2: Schema version for transactions is 0
I1009 23:16:56.908118 10743808 raft_consensus.cc:644] T 1b3f2a4877404ba898e6ff9448cf4740 P 23d881032c1249bd803e401a539be0e2 [term 0 FOLLOWER]: Triggering leader election, mode=ELECT_EVEN_IF_LEADER_IS_ALIVE
I1009 23:16:56.908464 45621248 tablet_peer.cc:1516] T 769c8b8690e648df93f41c693d55ebc3 P 23d881032c1249bd803e401a539be0e2 [state=RUNNING]: Registered log gc
I1009 23:16:56.908561 42938368 raft_consensus.cc:527] T 7c7b0e8f396b4659b1f29a4dd140c822 P 23d881032c1249bd803e401a539be0e2 [term 0 FOLLOWER]: Consensus starting up: Expiring fail detector timer to make a prompt election more likely
I1009 23:16:56.908663 45084672 consensus_meta.cc:361] T 54eeee0960454077a8ed85a75d38bc29 P 23d881032c1249bd803e401a539be0e2: Updating active role from FOLLOWER to FOLLOWER. Consensus state: current_term: 0 leader_uuid: "" config { opid_index: -1 peers { permanent_uuid: "23d881032c1249bd803e401a539be0e2" member_type: VOTER last_known_private_addr { host: "127.0.0.3" port: 9100 } cloud_info { placement_cloud: "cloud1" placement_region: "datacenter1" placement_zone: "rack1" } } peers { permanent_uuid: "6b460ba950654300b6c50d93f25aea31" member_type: VOTER last_known_private_addr { host: "127.0.0.2" port: 9100 } cloud_info { placement_cloud: "cloud1" placement_region: "datacenter1" placement_zone: "rack1" } } peers { permanent_uuid: "d5c37cb1777946179e6692ee5e504715" member_type: VOTER last_known_private_addr { host: "127.0.0.1" port: 9100 } cloud_info { placement_cloud: "cloud1" placement_region: "datacenter1" placement_zone: "rack1" } } }, has_pending_config = 0
W1009 23:16:56.908779 52596736 leader_election.cc:281] T a818e973b4b04213a257872ca0183570 P 23d881032c1249bd803e401a539be0e2 [CANDIDATE]: Term 1 pre-election: Tablet error from VoteRequest() call to peer 6b460ba950654300b6c50d93f25aea31: Illegal state (yb/tserver/service_util.cc:271): Tablet a818e973b4b04213a257872ca0183570 not RUNNING: BOOTSTRAPPING (tablet server error 12) (raft group state error 0)
I1009 23:16:56.908872 44548096 consensus_queue.cc:270] T 4c1e255cf37d4de58ed9d6a6f32e7473 P 23d881032c1249bd803e401a539be0e2 [NON_LEADER]: Queue going to NON_LEADER mode. State: All replicated op: 0.0, Majority replicated op: 0.0, Committed index: 0.0, Last applied: 0.0, Last appended: 0.0, Current term: 0, Majority size: -1, State: QUEUE_OPEN, Mode: NON_LEADER
I1009 23:16:56.908974 46157824 tablet_peer.cc:1516] T 60dd6403c44b41109fa083272368d0d0 P 23d881032c1249bd803e401a539be0e2 [state=RUNNING]: Registered log gc
I1009 23:16:56.909225 55816192 raft_consensus.cc:3466] T 9b45d3f9024e43b58a591ec35594430e P 23d881032c1249bd803e401a539be0e2 [term 0 FOLLOWER]: Leader pre-election won for term 1
I1009 23:16:56.909437 43474944 raft_consensus.cc:527] T 30fedb9fed834e6d975c43711c3f6fd9 P 23d881032c1249bd803e401a539be0e2 [term 0 FOLLOWER]: Consensus starting up: Expiring fail detector timer to make a prompt election more likely
I1009 23:16:56.909752 10743808 raft_consensus.cc:3573] T 1b3f2a4877404ba898e6ff9448cf4740 P 23d881032c1249bd803e401a539be0e2 [term 0 FOLLOWER]: Snoozing leader timeout detection for 3.028s
I1009 23:16:56.909922 44011520 tablet_bootstrap.cc:644] T 8078024ab93e4400a14d8399046d9f99 P 23d881032c1249bd803e401a539be0e2: Time spent opening tablet: real 0.000s	user 0.000s	sys 0.000s
I1009 23:16:56.910092 45621248 ts_tablet_manager.cc:2063] T 769c8b8690e648df93f41c693d55ebc3 P 23d881032c1249bd803e401a539be0e2: Time spent starting tablet: real 0.012s	user 0.001s	sys 0.001s
I1009 23:16:56.910154 42938368 raft_consensus.cc:1135] T 7c7b0e8f396b4659b1f29a4dd140c822 P 23d881032c1249bd803e401a539be0e2 [term 0 FOLLOWER]: Becoming Follower/Learner. State: Replica: 23d881032c1249bd803e401a539be0e2, State: 1, Role: FOLLOWER, Watermarks: {Received: 0.0 Committed: 0.0} Leader: 0.0, new leader: , initial_fd_wait: <uninitialized>
I1009 23:16:56.910480 45084672 consensus_queue.cc:270] T 54eeee0960454077a8ed85a75d38bc29 P 23d881032c1249bd803e401a539be0e2 [NON_LEADER]: Queue going to NON_LEADER mode. State: All replicated op: 0.0, Majority replicated op: 0.0, Committed index: 0.0, Last applied: 0.0, Last appended: 0.0, Current term: 0, Majority size: -1, State: QUEUE_OPEN, Mode: NON_LEADER
I1009 23:16:56.910784 44548096 raft_consensus.cc:3519] T 4c1e255cf37d4de58ed9d6a6f32e7473 P 23d881032c1249bd803e401a539be0e2 [term 0 FOLLOWER]: Calling mark dirty synchronously for reason code CONSENSUS_STARTED
I1009 23:16:56.911115 46157824 ts_tablet_manager.cc:2063] T 60dd6403c44b41109fa083272368d0d0 P 23d881032c1249bd803e401a539be0e2: Time spent starting tablet: real 0.014s	user 0.001s	sys 0.001s
I1009 23:16:56.911317 55816192 raft_consensus.cc:644] T 9b45d3f9024e43b58a591ec35594430e P 23d881032c1249bd803e401a539be0e2 [term 0 FOLLOWER]: Triggering leader election, mode=ELECT_EVEN_IF_LEADER_IS_ALIVE
I1009 23:16:56.911600 43474944 raft_consensus.cc:1135] T 30fedb9fed834e6d975c43711c3f6fd9 P 23d881032c1249bd803e401a539be0e2 [term 0 FOLLOWER]: Becoming Follower/Learner. State: Replica: 23d881032c1249bd803e401a539be0e2, State: 1, Role: FOLLOWER, Watermarks: {Received: 0.0 Committed: 0.0} Leader: 0.0, new leader: , initial_fd_wait: <uninitialized>
I1009 23:16:56.911620 54206464 replica_state.cc:1356] T 1e9c042ca80e4c66a6117c85d04f6168 P 23d881032c1249bd803e401a539be0e2 [term 0 FOLLOWER]: Reset our lease: 161871.333s
I1009 23:16:56.911643 55279616 raft_consensus.cc:3634] T f27eef4b471b4c3c800523a8cd4a34f7 P 23d881032c1249bd803e401a539be0e2 [term 0 FOLLOWER]: Advancing to term 1
I1009 23:16:56.911803 10743808 raft_consensus.cc:3634] T 1b3f2a4877404ba898e6ff9448cf4740 P 23d881032c1249bd803e401a539be0e2 [term 0 FOLLOWER]: Advancing to term 1
I1009 23:16:56.911954 54743040 raft_consensus.cc:644] T db3b3178db1849c4b3ebbe53840c6b02 P 23d881032c1249bd803e401a539be0e2 [term 0 FOLLOWER]: Triggering leader pre-election, mode=ELECT_EVEN_IF_LEADER_IS_ALIVE
I1009 23:16:56.912143 45621248 ts_tablet_manager.cc:3478] Deleted transition in progress creating tablet for tablet 769c8b8690e648df93f41c693d55ebc3
I1009 23:16:56.912194 44011520 tablet_bootstrap.cc:551] T 8078024ab93e4400a14d8399046d9f99 P 23d881032c1249bd803e401a539be0e2: No blocks or log segments found. Creating new log.
I1009 23:16:56.912241 42938368 consensus_meta.cc:361] T 7c7b0e8f396b4659b1f29a4dd140c822 P 23d881032c1249bd803e401a539be0e2: Updating active role from FOLLOWER to FOLLOWER. Consensus state: current_term: 0 leader_uuid: "" config { opid_index: -1 peers { permanent_uuid: "23d881032c1249bd803e401a539be0e2" member_type: VOTER last_known_private_addr { host: "127.0.0.3" port: 9100 } cloud_info { placement_cloud: "cloud1" placement_region: "datacenter1" placement_zone: "rack1" } } peers { permanent_uuid: "6b460ba950654300b6c50d93f25aea31" member_type: VOTER last_known_private_addr { host: "127.0.0.2" port: 9100 } cloud_info { placement_cloud: "cloud1" placement_region: "datacenter1" placement_zone: "rack1" } } peers { permanent_uuid: "d5c37cb1777946179e6692ee5e504715" member_type: VOTER last_known_private_addr { host: "127.0.0.1" port: 9100 } cloud_info { placement_cloud: "cloud1" placement_region: "datacenter1" placement_zone: "rack1" } } }, has_pending_config = 0
I1009 23:16:56.912379 45084672 raft_consensus.cc:3519] T 54eeee0960454077a8ed85a75d38bc29 P 23d881032c1249bd803e401a539be0e2 [term 0 FOLLOWER]: Calling mark dirty synchronously for reason code CONSENSUS_STARTED
I1009 23:16:56.912462 51523584 raft_consensus.cc:3519] T 7584006b2fba41cd828ac06782afeb03 P 23d881032c1249bd803e401a539be0e2 [term 1 FOLLOWER]: Calling mark dirty synchronously for reason code FOLLOWER_NO_OP_COMPLETE
I1009 23:16:56.912525 44548096 tablet_peer.cc:1643] T 4c1e255cf37d4de58ed9d6a6f32e7473 P 23d881032c1249bd803e401a539be0e2 [state=RUNNING]: Changed state from BOOTSTRAPPING to RUNNING
I1009 23:16:56.912618 46157824 ts_tablet_manager.cc:3478] Deleted transition in progress creating tablet for tablet 60dd6403c44b41109fa083272368d0d0
I1009 23:16:56.912685 55816192 raft_consensus.cc:3573] T 9b45d3f9024e43b58a591ec35594430e P 23d881032c1249bd803e401a539be0e2 [term 0 FOLLOWER]: Snoozing leader timeout detection for 3.181s
I1009 23:16:56.912811 43474944 consensus_meta.cc:361] T 30fedb9fed834e6d975c43711c3f6fd9 P 23d881032c1249bd803e401a539be0e2: Updating active role from FOLLOWER to FOLLOWER. Consensus state: current_term: 0 leader_uuid: "" config { opid_index: -1 peers { permanent_uuid: "23d881032c1249bd803e401a539be0e2" member_type: VOTER last_known_private_addr { host: "127.0.0.3" port: 9100 } cloud_info { placement_cloud: "cloud1" placement_region: "datacenter1" placement_zone: "rack1" } } peers { permanent_uuid: "6b460ba950654300b6c50d93f25aea31" member_type: VOTER last_known_private_addr { host: "127.0.0.2" port: 9100 } cloud_info { placement_cloud: "cloud1" placement_region: "datacenter1" placement_zone: "rack1" } } peers { permanent_uuid: "d5c37cb1777946179e6692ee5e504715" member_type: VOTER last_known_private_addr { host: "127.0.0.1" port: 9100 } cloud_info { placement_cloud: "cloud1" placement_region: "datacenter1" placement_zone: "rack1" } } }, has_pending_config = 0
I1009 23:16:56.912921 52596736 replica_state.cc:1356] T 46569f1a6c8746acb9da222b34f086b5 P 23d881032c1249bd803e401a539be0e2 [term 0 FOLLOWER]: Reset our lease: 161871.335s
I1009 23:16:56.913141 54206464 raft_consensus.cc:2421] T 1e9c042ca80e4c66a6117c85d04f6168 P 23d881032c1249bd803e401a539be0e2 [term 0 FOLLOWER]: Pre-election. Granting vote for candidate 6b460ba950654300b6c50d93f25aea31 in term 1
I1009 23:16:56.913195 55279616 consensus_meta.cc:361] T f27eef4b471b4c3c800523a8cd4a34f7 P 23d881032c1249bd803e401a539be0e2: Updating active role from FOLLOWER to FOLLOWER. Consensus state: current_term: 1 leader_uuid: "" config { opid_index: -1 peers { permanent_uuid: "23d881032c1249bd803e401a539be0e2" member_type: VOTER last_known_private_addr { host: "127.0.0.3" port: 9100 } cloud_info { placement_cloud: "cloud1" placement_region: "datacenter1" placement_zone: "rack1" } } peers { permanent_uuid: "6b460ba950654300b6c50d93f25aea31" member_type: VOTER last_known_private_addr { host: "127.0.0.2" port: 9100 } cloud_info { placement_cloud: "cloud1" placement_region: "datacenter1" placement_zone: "rack1" } } peers { permanent_uuid: "d5c37cb1777946179e6692ee5e504715" member_type: VOTER last_known_private_addr { host: "127.0.0.1" port: 9100 } cloud_info { placement_cloud: "cloud1" placement_region: "datacenter1" placement_zone: "rack1" } } }, has_pending_config = 0
I1009 23:16:56.913327 54743040 raft_consensus.cc:3573] T db3b3178db1849c4b3ebbe53840c6b02 P 23d881032c1249bd803e401a539be0e2 [term 0 FOLLOWER]: Snoozing leader timeout detection for 3.020s
I1009 23:16:56.913341 52060160 leader_election.cc:365] T a818e973b4b04213a257872ca0183570 P 23d881032c1249bd803e401a539be0e2 [CANDIDATE]: Term 1 pre-election: Vote granted by peer d5c37cb1777946179e6692ee5e504715
I1009 23:16:56.913300 10743808 consensus_meta.cc:361] T 1b3f2a4877404ba898e6ff9448cf4740 P 23d881032c1249bd803e401a539be0e2: Updating active role from FOLLOWER to FOLLOWER. Consensus state: current_term: 1 leader_uuid: "" config { opid_index: -1 peers { permanent_uuid: "23d881032c1249bd803e401a539be0e2" member_type: VOTER last_known_private_addr { host: "127.0.0.3" port: 9100 } cloud_info { placement_cloud: "cloud1" placement_region: "datacenter1" placement_zone: "rack1" } } peers { permanent_uuid: "6b460ba950654300b6c50d93f25aea31" member_type: VOTER last_known_private_addr { host: "127.0.0.2" port: 9100 } cloud_info { placement_cloud: "cloud1" placement_region: "datacenter1" placement_zone: "rack1" } } peers { permanent_uuid: "d5c37cb1777946179e6692ee5e504715" member_type: VOTER last_known_private_addr { host: "127.0.0.1" port: 9100 } cloud_info { placement_cloud: "cloud1" placement_region: "datacenter1" placement_zone: "rack1" } } }, has_pending_config = 0
I1009 23:16:56.913398 45621248 ts_tablet_manager.cc:1936] T a46de9d55d6845f1baaa95baceeadfe7 P 23d881032c1249bd803e401a539be0e2: Bootstrapping tablet
I1009 23:16:56.913460 44011520 log.cc:1461] T 8078024ab93e4400a14d8399046d9f99 P 23d881032c1249bd803e401a539be0e2: Setting log wal retention time to 0 seconds
I1009 23:16:56.913563 42938368 consensus_queue.cc:270] T 7c7b0e8f396b4659b1f29a4dd140c822 P 23d881032c1249bd803e401a539be0e2 [NON_LEADER]: Queue going to NON_LEADER mode. State: All replicated op: 0.0, Majority replicated op: 0.0, Committed index: 0.0, Last applied: 0.0, Last appended: 0.0, Current term: 0, Majority size: -1, State: QUEUE_OPEN, Mode: NON_LEADER
I1009 23:16:56.913669 45084672 tablet_peer.cc:1643] T 54eeee0960454077a8ed85a75d38bc29 P 23d881032c1249bd803e401a539be0e2 [state=RUNNING]: Changed state from BOOTSTRAPPING to RUNNING
I1009 23:16:56.914157 44548096 tablet_peer.cc:1516] T 4c1e255cf37d4de58ed9d6a6f32e7473 P 23d881032c1249bd803e401a539be0e2 [state=RUNNING]: Registered log gc
I1009 23:16:56.914299 46157824 ts_tablet_manager.cc:1936] T bf1529417d2a441c9c33fa183a226bd3 P 23d881032c1249bd803e401a539be0e2: Bootstrapping tablet
I1009 23:16:56.914417 55816192 raft_consensus.cc:3634] T 9b45d3f9024e43b58a591ec35594430e P 23d881032c1249bd803e401a539be0e2 [term 0 FOLLOWER]: Advancing to term 1
I1009 23:16:56.914603 43474944 consensus_queue.cc:270] T 30fedb9fed834e6d975c43711c3f6fd9 P 23d881032c1249bd803e401a539be0e2 [NON_LEADER]: Queue going to NON_LEADER mode. State: All replicated op: 0.0, Majority replicated op: 0.0, Committed index: 0.0, Last applied: 0.0, Last appended: 0.0, Current term: 0, Majority size: -1, State: QUEUE_OPEN, Mode: NON_LEADER
I1009 23:16:56.914820 52596736 raft_consensus.cc:2421] T 46569f1a6c8746acb9da222b34f086b5 P 23d881032c1249bd803e401a539be0e2 [term 0 FOLLOWER]: Pre-election. Granting vote for candidate 6b460ba950654300b6c50d93f25aea31 in term 1
I1009 23:16:56.915349 54743040 raft_consensus.cc:684] T db3b3178db1849c4b3ebbe53840c6b02 P 23d881032c1249bd803e401a539be0e2 [term 0 FOLLOWER]: Starting pre-election with config: opid_index: -1 peers { permanent_uuid: "23d881032c1249bd803e401a539be0e2" member_type: VOTER last_known_private_addr { host: "127.0.0.3" port: 9100 } cloud_info { placement_cloud: "cloud1" placement_region: "datacenter1" placement_zone: "rack1" } } peers { permanent_uuid: "6b460ba950654300b6c50d93f25aea31" member_type: VOTER last_known_private_addr { host: "127.0.0.2" port: 9100 } cloud_info { placement_cloud: "cloud1" placement_region: "datacenter1" placement_zone: "rack1" } } peers { permanent_uuid: "d5c37cb1777946179e6692ee5e504715" member_type: VOTER last_known_private_addr { host: "127.0.0.1" port: 9100 } cloud_info { placement_cloud: "cloud1" placement_region: "datacenter1" placement_zone: "rack1" } }
I1009 23:16:56.915732 52060160 leader_election.cc:240] T a818e973b4b04213a257872ca0183570 P 23d881032c1249bd803e401a539be0e2 [CANDIDATE]: Term 1 pre-election: Election decided. Result: candidate won.
I1009 23:16:56.915961 55279616 raft_consensus.cc:3573] T f27eef4b471b4c3c800523a8cd4a34f7 P 23d881032c1249bd803e401a539be0e2 [term 1 FOLLOWER]: Snoozing leader timeout detection for 3.163s
I1009 23:16:56.916169 45621248 consensus_meta.cc:361] T a46de9d55d6845f1baaa95baceeadfe7 P 23d881032c1249bd803e401a539be0e2: Updating active role from UNKNOWN_ROLE to FOLLOWER. Consensus state: current_term: 0 leader_uuid: "" config { opid_index: -1 peers { permanent_uuid: "23d881032c1249bd803e401a539be0e2" member_type: VOTER last_known_private_addr { host: "127.0.0.3" port: 9100 } cloud_info { placement_cloud: "cloud1" placement_region: "datacenter1" placement_zone: "rack1" } } peers { permanent_uuid: "6b460ba950654300b6c50d93f25aea31" member_type: VOTER last_known_private_addr { host: "127.0.0.2" port: 9100 } cloud_info { placement_cloud: "cloud1" placement_region: "datacenter1" placement_zone: "rack1" } } peers { permanent_uuid: "d5c37cb1777946179e6692ee5e504715" member_type: VOTER last_known_private_addr { host: "127.0.0.1" port: 9100 } cloud_info { placement_cloud: "cloud1" placement_region: "datacenter1" placement_zone: "rack1" } } }, has_pending_config = 0
I1009 23:16:56.916316 42938368 raft_consensus.cc:3519] T 7c7b0e8f396b4659b1f29a4dd140c822 P 23d881032c1249bd803e401a539be0e2 [term 0 FOLLOWER]: Calling mark dirty synchronously for reason code CONSENSUS_STARTED
I1009 23:16:56.916462 45084672 tablet_peer.cc:1516] T 54eeee0960454077a8ed85a75d38bc29 P 23d881032c1249bd803e401a539be0e2 [state=RUNNING]: Registered log gc
I1009 23:16:56.916865 44548096 ts_tablet_manager.cc:2063] T 4c1e255cf37d4de58ed9d6a6f32e7473 P 23d881032c1249bd803e401a539be0e2: Time spent starting tablet: real 0.016s	user 0.001s	sys 0.001s
I1009 23:16:56.916980 10743808 raft_consensus.cc:684] T 1b3f2a4877404ba898e6ff9448cf4740 P 23d881032c1249bd803e401a539be0e2 [term 1 FOLLOWER]: Starting election with config: opid_index: -1 peers { permanent_uuid: "23d881032c1249bd803e401a539be0e2" member_type: VOTER last_known_private_addr { host: "127.0.0.3" port: 9100 } cloud_info { placement_cloud: "cloud1" placement_region: "datacenter1" placement_zone: "rack1" } } peers { permanent_uuid: "6b460ba950654300b6c50d93f25aea31" member_type: VOTER last_known_private_addr { host: "127.0.0.2" port: 9100 } cloud_info { placement_cloud: "cloud1" placement_region: "datacenter1" placement_zone: "rack1" } } peers { permanent_uuid: "d5c37cb1777946179e6692ee5e504715" member_type: VOTER last_known_private_addr { host: "127.0.0.1" port: 9100 } cloud_info { placement_cloud: "cloud1" placement_region: "datacenter1" placement_zone: "rack1" } }
I1009 23:16:56.917114 46157824 consensus_meta.cc:361] T bf1529417d2a441c9c33fa183a226bd3 P 23d881032c1249bd803e401a539be0e2: Updating active role from UNKNOWN_ROLE to FOLLOWER. Consensus state: current_term: 0 leader_uuid: "" config { opid_index: -1 peers { permanent_uuid: "23d881032c1249bd803e401a539be0e2" member_type: VOTER last_known_private_addr { host: "127.0.0.3" port: 9100 } cloud_info { placement_cloud: "cloud1" placement_region: "datacenter1" placement_zone: "rack1" } } peers { permanent_uuid: "6b460ba950654300b6c50d93f25aea31" member_type: VOTER last_known_private_addr { host: "127.0.0.2" port: 9100 } cloud_info { placement_cloud: "cloud1" placement_region: "datacenter1" placement_zone: "rack1" } } peers { permanent_uuid: "d5c37cb1777946179e6692ee5e504715" member_type: VOTER last_known_private_addr { host: "127.0.0.1" port: 9100 } cloud_info { placement_cloud: "cloud1" placement_region: "datacenter1" placement_zone: "rack1" } } }, has_pending_config = 0
