I1009 23:16:56.812649 46157824 consensus_meta.cc:361] T 825df89ca459463f921e4a6d8e68a90d P 23d881032c1249bd803e401a539be0e2: Updating active role from UNKNOWN_ROLE to FOLLOWER. Consensus state: current_term: 0 leader_uuid: "" config { opid_index: -1 peers { permanent_uuid: "23d881032c1249bd803e401a539be0e2" member_type: VOTER last_known_private_addr { host: "127.0.0.3" port: 9100 } cloud_info { placement_cloud: "cloud1" placement_region: "datacenter1" placement_zone: "rack1" } } peers { permanent_uuid: "6b460ba950654300b6c50d93f25aea31" member_type: VOTER last_known_private_addr { host: "127.0.0.2" port: 9100 } cloud_info { placement_cloud: "cloud1" placement_region: "datacenter1" placement_zone: "rack1" } } peers { permanent_uuid: "d5c37cb1777946179e6692ee5e504715" member_type: VOTER last_known_private_addr { host: "127.0.0.1" port: 9100 } cloud_info { placement_cloud: "cloud1" placement_region: "datacenter1" placement_zone: "rack1" } } }, has_pending_config = 0
I1009 23:16:56.812747 31670272 fs_manager.cc:759] SetTabletPathByDataPath: Tablet 5aab7c3da55c4174a9735369225d0c54 metadata path being set to /Users/nag/yb/yugabyte-data/node3/yb-data/tserver
I1009 23:16:56.813000 32206848 ts_tablet_manager.cc:2853] Get and update data/wal directory assignment map for table: f80c17935cc9489ab3c6c05dceb25976 and tablet 46569f1a6c8746acb9da222b34f086b5
I1009 23:16:56.813134 45621248 tablet_bootstrap_state_manager.cc:61] Wal dir is not created, skip initializing TabletBootstrapStateManager for 541698385c044c6ab901cf03bad66398
I1009 23:16:56.813179 44548096 tablet_peer.cc:1643] T a818e973b4b04213a257872ca0183570 P 23d881032c1249bd803e401a539be0e2 [state=BOOTSTRAPPING]: Changed state from NOT_STARTED to BOOTSTRAPPING
I1009 23:16:56.813201 32743424 ts_tablet_manager.cc:2853] Get and update data/wal directory assignment map for table: f80c17935cc9489ab3c6c05dceb25976 and tablet 2a30e7b2effb4ab888e1f5a8af3fb03b
I1009 23:16:56.813241 33280000 tablet_service.cc:1599] Processing CreateTablet for T 60dd6403c44b41109fa083272368d0d0 P 23d881032c1249bd803e401a539be0e2 (table=transactions [id=f80c17935cc9489ab3c6c05dceb25976]), partition=hash_split: [0x3555, 0x3FFF]
I1009 23:16:56.813391 45084672 tablet_peer.cc:1643] T 9cd834df5c9f41b091ffb845bd6122ec P 23d881032c1249bd803e401a539be0e2 [state=BOOTSTRAPPING]: Changed state from NOT_STARTED to BOOTSTRAPPING
I1009 23:16:56.813457 33816576 tablet_service.cc:1599] Processing CreateTablet for T 769c8b8690e648df93f41c693d55ebc3 P 23d881032c1249bd803e401a539be0e2 (table=transactions [id=f80c17935cc9489ab3c6c05dceb25976]), partition=hash_split: [0xB555, 0xBFFF]
I1009 23:16:56.813493 46157824 tablet_bootstrap_state_manager.cc:61] Wal dir is not created, skip initializing TabletBootstrapStateManager for 825df89ca459463f921e4a6d8e68a90d
I1009 23:16:56.813643 30060544 ts_tablet_manager.cc:948] T 1e9c042ca80e4c66a6117c85d04f6168 P 23d881032c1249bd803e401a539be0e2: Created tablet metadata for table: f80c17935cc9489ab3c6c05dceb25976
I1009 23:16:56.813673 32206848 fs_manager.cc:759] SetTabletPathByDataPath: Tablet 46569f1a6c8746acb9da222b34f086b5 metadata path being set to /Users/nag/yb/yugabyte-data/node3/yb-data/tserver
I1009 23:16:56.813695 34353152 tablet_service.cc:1599] Processing CreateTablet for T 4c1e255cf37d4de58ed9d6a6f32e7473 P 23d881032c1249bd803e401a539be0e2 (table=transactions [id=f80c17935cc9489ab3c6c05dceb25976]), partition=hash_split: [0x2AAA, 0x3554]
I1009 23:16:56.813771 45621248 tablet_peer.cc:1643] T 541698385c044c6ab901cf03bad66398 P 23d881032c1249bd803e401a539be0e2 [state=BOOTSTRAPPING]: Changed state from NOT_STARTED to BOOTSTRAPPING
I1009 23:16:56.813817 34889728 tablet_service.cc:1599] Processing CreateTablet for T 54eeee0960454077a8ed85a75d38bc29 P 23d881032c1249bd803e401a539be0e2 (table=transactions [id=f80c17935cc9489ab3c6c05dceb25976]), partition=hash_split: [0x2000, 0x2AA9]
I1009 23:16:56.813824 44548096 tablet_bootstrap_if.cc:96] T a818e973b4b04213a257872ca0183570 P 23d881032c1249bd803e401a539be0e2: Bootstrap starting.
I1009 23:16:56.813882 32743424 fs_manager.cc:759] SetTabletPathByDataPath: Tablet 2a30e7b2effb4ab888e1f5a8af3fb03b metadata path being set to /Users/nag/yb/yugabyte-data/node3/yb-data/tserver
I1009 23:16:56.813997 33280000 ts_tablet_manager.cc:2853] Get and update data/wal directory assignment map for table: f80c17935cc9489ab3c6c05dceb25976 and tablet 60dd6403c44b41109fa083272368d0d0
I1009 23:16:56.814092 44011520 tablet_bootstrap.cc:644] T f5bd6014d733492eac6dd2cfba061381 P 23d881032c1249bd803e401a539be0e2: Time spent opening tablet: real 0.000s	user 0.000s	sys 0.000s
I1009 23:16:56.814128 35426304 tablet_service.cc:1599] Processing CreateTablet for T 7c7b0e8f396b4659b1f29a4dd140c822 P 23d881032c1249bd803e401a539be0e2 (table=transactions [id=f80c17935cc9489ab3c6c05dceb25976]), partition=hash_split: [0xA000, 0xAAA9]
I1009 23:16:56.814110 45084672 tablet_bootstrap_if.cc:96] T 9cd834df5c9f41b091ffb845bd6122ec P 23d881032c1249bd803e401a539be0e2: Bootstrap starting.
I1009 23:16:56.814160 33816576 ts_tablet_manager.cc:2853] Get and update data/wal directory assignment map for table: f80c17935cc9489ab3c6c05dceb25976 and tablet 769c8b8690e648df93f41c693d55ebc3
I1009 23:16:56.814198 46157824 tablet_peer.cc:1643] T 825df89ca459463f921e4a6d8e68a90d P 23d881032c1249bd803e401a539be0e2 [state=BOOTSTRAPPING]: Changed state from NOT_STARTED to BOOTSTRAPPING
I1009 23:16:56.814242 30060544 consensus_meta.cc:361] T 1e9c042ca80e4c66a6117c85d04f6168 P 23d881032c1249bd803e401a539be0e2: Updating active role from UNKNOWN_ROLE to FOLLOWER. Consensus state: current_term: 0 leader_uuid: "" config { opid_index: -1 peers { permanent_uuid: "23d881032c1249bd803e401a539be0e2" member_type: VOTER last_known_private_addr { host: "127.0.0.3" port: 9100 } cloud_info { placement_cloud: "cloud1" placement_region: "datacenter1" placement_zone: "rack1" } } peers { permanent_uuid: "6b460ba950654300b6c50d93f25aea31" member_type: VOTER last_known_private_addr { host: "127.0.0.2" port: 9100 } cloud_info { placement_cloud: "cloud1" placement_region: "datacenter1" placement_zone: "rack1" } } peers { permanent_uuid: "d5c37cb1777946179e6692ee5e504715" member_type: VOTER last_known_private_addr { host: "127.0.0.1" port: 9100 } cloud_info { placement_cloud: "cloud1" placement_region: "datacenter1" placement_zone: "rack1" } } }, has_pending_config = 0
I1009 23:16:56.814373 34353152 ts_tablet_manager.cc:2853] Get and update data/wal directory assignment map for table: f80c17935cc9489ab3c6c05dceb25976 and tablet 4c1e255cf37d4de58ed9d6a6f32e7473
I1009 23:16:56.814545 45621248 tablet_bootstrap_if.cc:96] T 541698385c044c6ab901cf03bad66398 P 23d881032c1249bd803e401a539be0e2: Bootstrap starting.
I1009 23:16:56.814610 34889728 ts_tablet_manager.cc:2853] Get and update data/wal directory assignment map for table: f80c17935cc9489ab3c6c05dceb25976 and tablet 54eeee0960454077a8ed85a75d38bc29
I1009 23:16:56.814703 31670272 ts_tablet_manager.cc:948] T 5aab7c3da55c4174a9735369225d0c54 P 23d881032c1249bd803e401a539be0e2: Created tablet metadata for table: f80c17935cc9489ab3c6c05dceb25976
I1009 23:16:56.814797 44548096 tablet.cc:637] T a818e973b4b04213a257872ca0183570 P 23d881032c1249bd803e401a539be0e2: Schema version for transactions is 0
I1009 23:16:56.815135 33280000 fs_manager.cc:759] SetTabletPathByDataPath: Tablet 60dd6403c44b41109fa083272368d0d0 metadata path being set to /Users/nag/yb/yugabyte-data/node3/yb-data/tserver
I1009 23:16:56.815683 44011520 tablet_bootstrap.cc:551] T f5bd6014d733492eac6dd2cfba061381 P 23d881032c1249bd803e401a539be0e2: No blocks or log segments found. Creating new log.
I1009 23:16:56.815778 35426304 ts_tablet_manager.cc:2853] Get and update data/wal directory assignment map for table: f80c17935cc9489ab3c6c05dceb25976 and tablet 7c7b0e8f396b4659b1f29a4dd140c822
I1009 23:16:56.815821 46157824 tablet_bootstrap_if.cc:96] T 825df89ca459463f921e4a6d8e68a90d P 23d881032c1249bd803e401a539be0e2: Bootstrap starting.
I1009 23:16:56.815814 45084672 tablet.cc:637] T 9cd834df5c9f41b091ffb845bd6122ec P 23d881032c1249bd803e401a539be0e2: Schema version for transactions is 0
I1009 23:16:56.815835 33816576 fs_manager.cc:759] SetTabletPathByDataPath: Tablet 769c8b8690e648df93f41c693d55ebc3 metadata path being set to /Users/nag/yb/yugabyte-data/node3/yb-data/tserver
I1009 23:16:56.815846 32206848 ts_tablet_manager.cc:948] T 46569f1a6c8746acb9da222b34f086b5 P 23d881032c1249bd803e401a539be0e2: Created tablet metadata for table: f80c17935cc9489ab3c6c05dceb25976
I1009 23:16:56.815922 34353152 fs_manager.cc:759] SetTabletPathByDataPath: Tablet 4c1e255cf37d4de58ed9d6a6f32e7473 metadata path being set to /Users/nag/yb/yugabyte-data/node3/yb-data/tserver
I1009 23:16:56.815953 45621248 tablet.cc:637] T 541698385c044c6ab901cf03bad66398 P 23d881032c1249bd803e401a539be0e2: Schema version for transactions is 0
I1009 23:16:56.815997 34889728 fs_manager.cc:759] SetTabletPathByDataPath: Tablet 54eeee0960454077a8ed85a75d38bc29 metadata path being set to /Users/nag/yb/yugabyte-data/node3/yb-data/tserver
I1009 23:16:56.816051 31670272 consensus_meta.cc:361] T 5aab7c3da55c4174a9735369225d0c54 P 23d881032c1249bd803e401a539be0e2: Updating active role from UNKNOWN_ROLE to FOLLOWER. Consensus state: current_term: 0 leader_uuid: "" config { opid_index: -1 peers { permanent_uuid: "23d881032c1249bd803e401a539be0e2" member_type: VOTER last_known_private_addr { host: "127.0.0.3" port: 9100 } cloud_info { placement_cloud: "cloud1" placement_region: "datacenter1" placement_zone: "rack1" } } peers { permanent_uuid: "6b460ba950654300b6c50d93f25aea31" member_type: VOTER last_known_private_addr { host: "127.0.0.2" port: 9100 } cloud_info { placement_cloud: "cloud1" placement_region: "datacenter1" placement_zone: "rack1" } } peers { permanent_uuid: "d5c37cb1777946179e6692ee5e504715" member_type: VOTER last_known_private_addr { host: "127.0.0.1" port: 9100 } cloud_info { placement_cloud: "cloud1" placement_region: "datacenter1" placement_zone: "rack1" } } }, has_pending_config = 0
I1009 23:16:56.816551 32743424 ts_tablet_manager.cc:948] T 2a30e7b2effb4ab888e1f5a8af3fb03b P 23d881032c1249bd803e401a539be0e2: Created tablet metadata for table: f80c17935cc9489ab3c6c05dceb25976
I1009 23:16:56.816646 30060544 ts_tablet_manager.cc:2324] P 23d881032c1249bd803e401a539be0e2: Registered tablet 1e9c042ca80e4c66a6117c85d04f6168
I1009 23:16:56.816722 44011520 log.cc:1461] T f5bd6014d733492eac6dd2cfba061381 P 23d881032c1249bd803e401a539be0e2: Setting log wal retention time to 0 seconds
I1009 23:16:56.816915 35426304 fs_manager.cc:759] SetTabletPathByDataPath: Tablet 7c7b0e8f396b4659b1f29a4dd140c822 metadata path being set to /Users/nag/yb/yugabyte-data/node3/yb-data/tserver
I1009 23:16:56.817207 46157824 tablet.cc:637] T 825df89ca459463f921e4a6d8e68a90d P 23d881032c1249bd803e401a539be0e2: Schema version for transactions is 0
I1009 23:16:56.817811 44548096 tablet_bootstrap.cc:644] T a818e973b4b04213a257872ca0183570 P 23d881032c1249bd803e401a539be0e2: Time spent opening tablet: real 0.000s	user 0.000s	sys 0.000s
I1009 23:16:56.817898 22548480 ts_tablet_manager.cc:948] T 1b3f2a4877404ba898e6ff9448cf4740 P 23d881032c1249bd803e401a539be0e2: Created tablet metadata for table: f80c17935cc9489ab3c6c05dceb25976
I1009 23:16:56.817927 37572608 ts_tablet_manager.cc:948] T 9b45d3f9024e43b58a591ec35594430e P 23d881032c1249bd803e401a539be0e2: Created tablet metadata for table: f80c17935cc9489ab3c6c05dceb25976
I1009 23:16:56.818089 33280000 ts_tablet_manager.cc:948] T 60dd6403c44b41109fa083272368d0d0 P 23d881032c1249bd803e401a539be0e2: Created tablet metadata for table: f80c17935cc9489ab3c6c05dceb25976
I1009 23:16:56.818888 39182336 ts_tablet_manager.cc:948] T db3b3178db1849c4b3ebbe53840c6b02 P 23d881032c1249bd803e401a539be0e2: Created tablet metadata for table: f80c17935cc9489ab3c6c05dceb25976
I1009 23:16:56.819082 45084672 tablet_bootstrap.cc:644] T 9cd834df5c9f41b091ffb845bd6122ec P 23d881032c1249bd803e401a539be0e2: Time spent opening tablet: real 0.000s	user 0.000s	sys 0.000s
I1009 23:16:56.819146 32206848 consensus_meta.cc:361] T 46569f1a6c8746acb9da222b34f086b5 P 23d881032c1249bd803e401a539be0e2: Updating active role from UNKNOWN_ROLE to FOLLOWER. Consensus state: current_term: 0 leader_uuid: "" config { opid_index: -1 peers { permanent_uuid: "23d881032c1249bd803e401a539be0e2" member_type: VOTER last_known_private_addr { host: "127.0.0.3" port: 9100 } cloud_info { placement_cloud: "cloud1" placement_region: "datacenter1" placement_zone: "rack1" } } peers { permanent_uuid: "6b460ba950654300b6c50d93f25aea31" member_type: VOTER last_known_private_addr { host: "127.0.0.2" port: 9100 } cloud_info { placement_cloud: "cloud1" placement_region: "datacenter1" placement_zone: "rack1" } } peers { permanent_uuid: "d5c37cb1777946179e6692ee5e504715" member_type: VOTER last_known_private_addr { host: "127.0.0.1" port: 9100 } cloud_info { placement_cloud: "cloud1" placement_region: "datacenter1" placement_zone: "rack1" } } }, has_pending_config = 0
I1009 23:16:56.820526 33816576 ts_tablet_manager.cc:948] T 769c8b8690e648df93f41c693d55ebc3 P 23d881032c1249bd803e401a539be0e2: Created tablet metadata for table: f80c17935cc9489ab3c6c05dceb25976
I1009 23:16:56.821125 34353152 ts_tablet_manager.cc:948] T 4c1e255cf37d4de58ed9d6a6f32e7473 P 23d881032c1249bd803e401a539be0e2: Created tablet metadata for table: f80c17935cc9489ab3c6c05dceb25976
I1009 23:16:56.821177 32743424 consensus_meta.cc:361] T 2a30e7b2effb4ab888e1f5a8af3fb03b P 23d881032c1249bd803e401a539be0e2: Updating active role from UNKNOWN_ROLE to FOLLOWER. Consensus state: current_term: 0 leader_uuid: "" config { opid_index: -1 peers { permanent_uuid: "23d881032c1249bd803e401a539be0e2" member_type: VOTER last_known_private_addr { host: "127.0.0.3" port: 9100 } cloud_info { placement_cloud: "cloud1" placement_region: "datacenter1" placement_zone: "rack1" } } peers { permanent_uuid: "6b460ba950654300b6c50d93f25aea31" member_type: VOTER last_known_private_addr { host: "127.0.0.2" port: 9100 } cloud_info { placement_cloud: "cloud1" placement_region: "datacenter1" placement_zone: "rack1" } } peers { permanent_uuid: "d5c37cb1777946179e6692ee5e504715" member_type: VOTER last_known_private_addr { host: "127.0.0.1" port: 9100 } cloud_info { placement_cloud: "cloud1" placement_region: "datacenter1" placement_zone: "rack1" } } }, has_pending_config = 0
I1009 23:16:56.821588 43474944 tablet_peer.cc:1643] T 7584006b2fba41cd828ac06782afeb03 P 23d881032c1249bd803e401a539be0e2 [state=BOOTSTRAPPING]: Changed state from NOT_STARTED to BOOTSTRAPPING
I1009 23:16:56.821774 31670272 ts_tablet_manager.cc:2324] P 23d881032c1249bd803e401a539be0e2: Registered tablet 5aab7c3da55c4174a9735369225d0c54
I1009 23:16:56.822013 44011520 log.cc:737] interval_durable_wal_write_ms is turned on to sync every 1000 ms.
I1009 23:16:56.822024 45621248 tablet_bootstrap.cc:644] T 541698385c044c6ab901cf03bad66398 P 23d881032c1249bd803e401a539be0e2: Time spent opening tablet: real 0.000s	user 0.000s	sys 0.000s
I1009 23:16:56.822499 34889728 ts_tablet_manager.cc:948] T 54eeee0960454077a8ed85a75d38bc29 P 23d881032c1249bd803e401a539be0e2: Created tablet metadata for table: f80c17935cc9489ab3c6c05dceb25976
I1009 23:16:56.823024 22548480 consensus_meta.cc:361] T 1b3f2a4877404ba898e6ff9448cf4740 P 23d881032c1249bd803e401a539be0e2: Updating active role from UNKNOWN_ROLE to FOLLOWER. Consensus state: current_term: 0 leader_uuid: "" config { opid_index: -1 peers { permanent_uuid: "23d881032c1249bd803e401a539be0e2" member_type: VOTER last_known_private_addr { host: "127.0.0.3" port: 9100 } cloud_info { placement_cloud: "cloud1" placement_region: "datacenter1" placement_zone: "rack1" } } peers { permanent_uuid: "6b460ba950654300b6c50d93f25aea31" member_type: VOTER last_known_private_addr { host: "127.0.0.2" port: 9100 } cloud_info { placement_cloud: "cloud1" placement_region: "datacenter1" placement_zone: "rack1" } } peers { permanent_uuid: "d5c37cb1777946179e6692ee5e504715" member_type: VOTER last_known_private_addr { host: "127.0.0.1" port: 9100 } cloud_info { placement_cloud: "cloud1" placement_region: "datacenter1" placement_zone: "rack1" } } }, has_pending_config = 0
I1009 23:16:56.823107 44548096 tablet_bootstrap.cc:551] T a818e973b4b04213a257872ca0183570 P 23d881032c1249bd803e401a539be0e2: No blocks or log segments found. Creating new log.
I1009 23:16:56.823769 37572608 consensus_meta.cc:361] T 9b45d3f9024e43b58a591ec35594430e P 23d881032c1249bd803e401a539be0e2: Updating active role from UNKNOWN_ROLE to FOLLOWER. Consensus state: current_term: 0 leader_uuid: "" config { opid_index: -1 peers { permanent_uuid: "23d881032c1249bd803e401a539be0e2" member_type: VOTER last_known_private_addr { host: "127.0.0.3" port: 9100 } cloud_info { placement_cloud: "cloud1" placement_region: "datacenter1" placement_zone: "rack1" } } peers { permanent_uuid: "6b460ba950654300b6c50d93f25aea31" member_type: VOTER last_known_private_addr { host: "127.0.0.2" port: 9100 } cloud_info { placement_cloud: "cloud1" placement_region: "datacenter1" placement_zone: "rack1" } } peers { permanent_uuid: "d5c37cb1777946179e6692ee5e504715" member_type: VOTER last_known_private_addr { host: "127.0.0.1" port: 9100 } cloud_info { placement_cloud: "cloud1" placement_region: "datacenter1" placement_zone: "rack1" } } }, has_pending_config = 0
I1009 23:16:56.823815 35426304 ts_tablet_manager.cc:948] T 7c7b0e8f396b4659b1f29a4dd140c822 P 23d881032c1249bd803e401a539be0e2: Created tablet metadata for table: f80c17935cc9489ab3c6c05dceb25976
I1009 23:16:56.823987 46157824 tablet_bootstrap.cc:644] T 825df89ca459463f921e4a6d8e68a90d P 23d881032c1249bd803e401a539be0e2: Time spent opening tablet: real 0.000s	user 0.000s	sys 0.000s
I1009 23:16:56.824445 42938368 tablet_bootstrap.cc:644] T c09c8a2af076408b8083ae6bfc2a671e P 23d881032c1249bd803e401a539be0e2: Time spent opening tablet: real 0.000s	user 0.000s	sys 0.000s
I1009 23:16:56.824721 33280000 consensus_meta.cc:361] T 60dd6403c44b41109fa083272368d0d0 P 23d881032c1249bd803e401a539be0e2: Updating active role from UNKNOWN_ROLE to FOLLOWER. Consensus state: current_term: 0 leader_uuid: "" config { opid_index: -1 peers { permanent_uuid: "23d881032c1249bd803e401a539be0e2" member_type: VOTER last_known_private_addr { host: "127.0.0.3" port: 9100 } cloud_info { placement_cloud: "cloud1" placement_region: "datacenter1" placement_zone: "rack1" } } peers { permanent_uuid: "6b460ba950654300b6c50d93f25aea31" member_type: VOTER last_known_private_addr { host: "127.0.0.2" port: 9100 } cloud_info { placement_cloud: "cloud1" placement_region: "datacenter1" placement_zone: "rack1" } } peers { permanent_uuid: "d5c37cb1777946179e6692ee5e504715" member_type: VOTER last_known_private_addr { host: "127.0.0.1" port: 9100 } cloud_info { placement_cloud: "cloud1" placement_region: "datacenter1" placement_zone: "rack1" } } }, has_pending_config = 0
I1009 23:16:56.825232 39182336 consensus_meta.cc:361] T db3b3178db1849c4b3ebbe53840c6b02 P 23d881032c1249bd803e401a539be0e2: Updating active role from UNKNOWN_ROLE to FOLLOWER. Consensus state: current_term: 0 leader_uuid: "" config { opid_index: -1 peers { permanent_uuid: "23d881032c1249bd803e401a539be0e2" member_type: VOTER last_known_private_addr { host: "127.0.0.3" port: 9100 } cloud_info { placement_cloud: "cloud1" placement_region: "datacenter1" placement_zone: "rack1" } } peers { permanent_uuid: "6b460ba950654300b6c50d93f25aea31" member_type: VOTER last_known_private_addr { host: "127.0.0.2" port: 9100 } cloud_info { placement_cloud: "cloud1" placement_region: "datacenter1" placement_zone: "rack1" } } peers { permanent_uuid: "d5c37cb1777946179e6692ee5e504715" member_type: VOTER last_known_private_addr { host: "127.0.0.1" port: 9100 } cloud_info { placement_cloud: "cloud1" placement_region: "datacenter1" placement_zone: "rack1" } } }, has_pending_config = 0
I1009 23:16:56.826187 45084672 tablet_bootstrap.cc:551] T 9cd834df5c9f41b091ffb845bd6122ec P 23d881032c1249bd803e401a539be0e2: No blocks or log segments found. Creating new log.
I1009 23:16:56.826280 22011904 ts_tablet_manager.cc:948] T 30fedb9fed834e6d975c43711c3f6fd9 P 23d881032c1249bd803e401a539be0e2: Created tablet metadata for table: f80c17935cc9489ab3c6c05dceb25976
I1009 23:16:56.828192 33816576 consensus_meta.cc:361] T 769c8b8690e648df93f41c693d55ebc3 P 23d881032c1249bd803e401a539be0e2: Updating active role from UNKNOWN_ROLE to FOLLOWER. Consensus state: current_term: 0 leader_uuid: "" config { opid_index: -1 peers { permanent_uuid: "23d881032c1249bd803e401a539be0e2" member_type: VOTER last_known_private_addr { host: "127.0.0.3" port: 9100 } cloud_info { placement_cloud: "cloud1" placement_region: "datacenter1" placement_zone: "rack1" } } peers { permanent_uuid: "6b460ba950654300b6c50d93f25aea31" member_type: VOTER last_known_private_addr { host: "127.0.0.2" port: 9100 } cloud_info { placement_cloud: "cloud1" placement_region: "datacenter1" placement_zone: "rack1" } } peers { permanent_uuid: "d5c37cb1777946179e6692ee5e504715" member_type: VOTER last_known_private_addr { host: "127.0.0.1" port: 9100 } cloud_info { placement_cloud: "cloud1" placement_region: "datacenter1" placement_zone: "rack1" } } }, has_pending_config = 0
I1009 23:16:56.828645 37036032 ts_tablet_manager.cc:948] T 8078024ab93e4400a14d8399046d9f99 P 23d881032c1249bd803e401a539be0e2: Created tablet metadata for table: f80c17935cc9489ab3c6c05dceb25976
I1009 23:16:56.828687 34353152 consensus_meta.cc:361] T 4c1e255cf37d4de58ed9d6a6f32e7473 P 23d881032c1249bd803e401a539be0e2: Updating active role from UNKNOWN_ROLE to FOLLOWER. Consensus state: current_term: 0 leader_uuid: "" config { opid_index: -1 peers { permanent_uuid: "23d881032c1249bd803e401a539be0e2" member_type: VOTER last_known_private_addr { host: "127.0.0.3" port: 9100 } cloud_info { placement_cloud: "cloud1" placement_region: "datacenter1" placement_zone: "rack1" } } peers { permanent_uuid: "6b460ba950654300b6c50d93f25aea31" member_type: VOTER last_known_private_addr { host: "127.0.0.2" port: 9100 } cloud_info { placement_cloud: "cloud1" placement_region: "datacenter1" placement_zone: "rack1" } } peers { permanent_uuid: "d5c37cb1777946179e6692ee5e504715" member_type: VOTER last_known_private_addr { host: "127.0.0.1" port: 9100 } cloud_info { placement_cloud: "cloud1" placement_region: "datacenter1" placement_zone: "rack1" } } }, has_pending_config = 0
I1009 23:16:56.829223 36499456 ts_tablet_manager.cc:948] T a46de9d55d6845f1baaa95baceeadfe7 P 23d881032c1249bd803e401a539be0e2: Created tablet metadata for table: f80c17935cc9489ab3c6c05dceb25976
I1009 23:16:56.829314 43474944 tablet_bootstrap_if.cc:96] T 7584006b2fba41cd828ac06782afeb03 P 23d881032c1249bd803e401a539be0e2: Bootstrap starting.
I1009 23:16:56.829595 32206848 ts_tablet_manager.cc:2324] P 23d881032c1249bd803e401a539be0e2: Registered tablet 46569f1a6c8746acb9da222b34f086b5
I1009 23:16:56.829838 34889728 consensus_meta.cc:361] T 54eeee0960454077a8ed85a75d38bc29 P 23d881032c1249bd803e401a539be0e2: Updating active role from UNKNOWN_ROLE to FOLLOWER. Consensus state: current_term: 0 leader_uuid: "" config { opid_index: -1 peers { permanent_uuid: "23d881032c1249bd803e401a539be0e2" member_type: VOTER last_known_private_addr { host: "127.0.0.3" port: 9100 } cloud_info { placement_cloud: "cloud1" placement_region: "datacenter1" placement_zone: "rack1" } } peers { permanent_uuid: "6b460ba950654300b6c50d93f25aea31" member_type: VOTER last_known_private_addr { host: "127.0.0.2" port: 9100 } cloud_info { placement_cloud: "cloud1" placement_region: "datacenter1" placement_zone: "rack1" } } peers { permanent_uuid: "d5c37cb1777946179e6692ee5e504715" member_type: VOTER last_known_private_addr { host: "127.0.0.1" port: 9100 } cloud_info { placement_cloud: "cloud1" placement_region: "datacenter1" placement_zone: "rack1" } } }, has_pending_config = 0
I1009 23:16:56.830060 45621248 tablet_bootstrap.cc:551] T 541698385c044c6ab901cf03bad66398 P 23d881032c1249bd803e401a539be0e2: No blocks or log segments found. Creating new log.
I1009 23:16:56.830106 44548096 log.cc:1461] T a818e973b4b04213a257872ca0183570 P 23d881032c1249bd803e401a539be0e2: Setting log wal retention time to 0 seconds
I1009 23:16:56.830368 35426304 consensus_meta.cc:361] T 7c7b0e8f396b4659b1f29a4dd140c822 P 23d881032c1249bd803e401a539be0e2: Updating active role from UNKNOWN_ROLE to FOLLOWER. Consensus state: current_term: 0 leader_uuid: "" config { opid_index: -1 peers { permanent_uuid: "23d881032c1249bd803e401a539be0e2" member_type: VOTER last_known_private_addr { host: "127.0.0.3" port: 9100 } cloud_info { placement_cloud: "cloud1" placement_region: "datacenter1" placement_zone: "rack1" } } peers { permanent_uuid: "6b460ba950654300b6c50d93f25aea31" member_type: VOTER last_known_private_addr { host: "127.0.0.2" port: 9100 } cloud_info { placement_cloud: "cloud1" placement_region: "datacenter1" placement_zone: "rack1" } } peers { permanent_uuid: "d5c37cb1777946179e6692ee5e504715" member_type: VOTER last_known_private_addr { host: "127.0.0.1" port: 9100 } cloud_info { placement_cloud: "cloud1" placement_region: "datacenter1" placement_zone: "rack1" } } }, has_pending_config = 0
I1009 23:16:56.830830 46157824 tablet_bootstrap.cc:551] T 825df89ca459463f921e4a6d8e68a90d P 23d881032c1249bd803e401a539be0e2: No blocks or log segments found. Creating new log.
I1009 23:16:56.830996 42938368 tablet_bootstrap.cc:551] T c09c8a2af076408b8083ae6bfc2a671e P 23d881032c1249bd803e401a539be0e2: No blocks or log segments found. Creating new log.
I1009 23:16:56.831068 44011520 tablet_bootstrap_if.cc:96] T f5bd6014d733492eac6dd2cfba061381 P 23d881032c1249bd803e401a539be0e2: No bootstrap required, opened a new log
I1009 23:16:56.831449 45084672 log.cc:1461] T 9cd834df5c9f41b091ffb845bd6122ec P 23d881032c1249bd803e401a539be0e2: Setting log wal retention time to 0 seconds
I1009 23:16:56.831568 22011904 consensus_meta.cc:361] T 30fedb9fed834e6d975c43711c3f6fd9 P 23d881032c1249bd803e401a539be0e2: Updating active role from UNKNOWN_ROLE to FOLLOWER. Consensus state: current_term: 0 leader_uuid: "" config { opid_index: -1 peers { permanent_uuid: "23d881032c1249bd803e401a539be0e2" member_type: VOTER last_known_private_addr { host: "127.0.0.3" port: 9100 } cloud_info { placement_cloud: "cloud1" placement_region: "datacenter1" placement_zone: "rack1" } } peers { permanent_uuid: "6b460ba950654300b6c50d93f25aea31" member_type: VOTER last_known_private_addr { host: "127.0.0.2" port: 9100 } cloud_info { placement_cloud: "cloud1" placement_region: "datacenter1" placement_zone: "rack1" } } peers { permanent_uuid: "d5c37cb1777946179e6692ee5e504715" member_type: VOTER last_known_private_addr { host: "127.0.0.1" port: 9100 } cloud_info { placement_cloud: "cloud1" placement_region: "datacenter1" placement_zone: "rack1" } } }, has_pending_config = 0
I1009 23:16:56.832063 37036032 consensus_meta.cc:361] T 8078024ab93e4400a14d8399046d9f99 P 23d881032c1249bd803e401a539be0e2: Updating active role from UNKNOWN_ROLE to FOLLOWER. Consensus state: current_term: 0 leader_uuid: "" config { opid_index: -1 peers { permanent_uuid: "23d881032c1249bd803e401a539be0e2" member_type: VOTER last_known_private_addr { host: "127.0.0.3" port: 9100 } cloud_info { placement_cloud: "cloud1" placement_region: "datacenter1" placement_zone: "rack1" } } peers { permanent_uuid: "6b460ba950654300b6c50d93f25aea31" member_type: VOTER last_known_private_addr { host: "127.0.0.2" port: 9100 } cloud_info { placement_cloud: "cloud1" placement_region: "datacenter1" placement_zone: "rack1" } } peers { permanent_uuid: "d5c37cb1777946179e6692ee5e504715" member_type: VOTER last_known_private_addr { host: "127.0.0.1" port: 9100 } cloud_info { placement_cloud: "cloud1" placement_region: "datacenter1" placement_zone: "rack1" } } }, has_pending_config = 0
I1009 23:16:56.832580 36499456 consensus_meta.cc:361] T a46de9d55d6845f1baaa95baceeadfe7 P 23d881032c1249bd803e401a539be0e2: Updating active role from UNKNOWN_ROLE to FOLLOWER. Consensus state: current_term: 0 leader_uuid: "" config { opid_index: -1 peers { permanent_uuid: "23d881032c1249bd803e401a539be0e2" member_type: VOTER last_known_private_addr { host: "127.0.0.3" port: 9100 } cloud_info { placement_cloud: "cloud1" placement_region: "datacenter1" placement_zone: "rack1" } } peers { permanent_uuid: "6b460ba950654300b6c50d93f25aea31" member_type: VOTER last_known_private_addr { host: "127.0.0.2" port: 9100 } cloud_info { placement_cloud: "cloud1" placement_region: "datacenter1" placement_zone: "rack1" } } peers { permanent_uuid: "d5c37cb1777946179e6692ee5e504715" member_type: VOTER last_known_private_addr { host: "127.0.0.1" port: 9100 } cloud_info { placement_cloud: "cloud1" placement_region: "datacenter1" placement_zone: "rack1" } } }, has_pending_config = 0
I1009 23:16:56.832882 43474944 tablet.cc:637] T 7584006b2fba41cd828ac06782afeb03 P 23d881032c1249bd803e401a539be0e2: Schema version for transactions is 0
I1009 23:16:56.833268 32743424 ts_tablet_manager.cc:2324] P 23d881032c1249bd803e401a539be0e2: Registered tablet 2a30e7b2effb4ab888e1f5a8af3fb03b
I1009 23:16:56.833986 45621248 log.cc:1461] T 541698385c044c6ab901cf03bad66398 P 23d881032c1249bd803e401a539be0e2: Setting log wal retention time to 0 seconds
I1009 23:16:56.834857 46157824 log.cc:1461] T 825df89ca459463f921e4a6d8e68a90d P 23d881032c1249bd803e401a539be0e2: Setting log wal retention time to 0 seconds
I1009 23:16:56.835255 42938368 log.cc:1461] T c09c8a2af076408b8083ae6bfc2a671e P 23d881032c1249bd803e401a539be0e2: Setting log wal retention time to 0 seconds
I1009 23:16:56.835541 44011520 log.cc:1461] T f5bd6014d733492eac6dd2cfba061381 P 23d881032c1249bd803e401a539be0e2: Setting log wal retention time to 0 seconds
I1009 23:16:56.836390 44548096 tablet_bootstrap_if.cc:96] T a818e973b4b04213a257872ca0183570 P 23d881032c1249bd803e401a539be0e2: No bootstrap required, opened a new log
I1009 23:16:56.837839 35962880 ts_tablet_manager.cc:948] T bf1529417d2a441c9c33fa183a226bd3 P 23d881032c1249bd803e401a539be0e2: Created tablet metadata for table: f80c17935cc9489ab3c6c05dceb25976
I1009 23:16:56.837885 22548480 ts_tablet_manager.cc:2324] P 23d881032c1249bd803e401a539be0e2: Registered tablet 1b3f2a4877404ba898e6ff9448cf4740
I1009 23:16:56.837913 45084672 tablet_bootstrap_if.cc:96] T 9cd834df5c9f41b091ffb845bd6122ec P 23d881032c1249bd803e401a539be0e2: No bootstrap required, opened a new log
I1009 23:16:56.838660 43474944 tablet_bootstrap.cc:644] T 7584006b2fba41cd828ac06782afeb03 P 23d881032c1249bd803e401a539be0e2: Time spent opening tablet: real 0.000s	user 0.000s	sys 0.000s
I1009 23:16:56.838796 44011520 ts_tablet_manager.cc:1982] T f5bd6014d733492eac6dd2cfba061381 P 23d881032c1249bd803e401a539be0e2: Time spent bootstrapping tablet: real 0.027s	user 0.001s	sys 0.002s
I1009 23:16:56.839054 44548096 log.cc:1461] T a818e973b4b04213a257872ca0183570 P 23d881032c1249bd803e401a539be0e2: Setting log wal retention time to 0 seconds
I1009 23:16:56.839738 35962880 consensus_meta.cc:361] T bf1529417d2a441c9c33fa183a226bd3 P 23d881032c1249bd803e401a539be0e2: Updating active role from UNKNOWN_ROLE to FOLLOWER. Consensus state: current_term: 0 leader_uuid: "" config { opid_index: -1 peers { permanent_uuid: "23d881032c1249bd803e401a539be0e2" member_type: VOTER last_known_private_addr { host: "127.0.0.3" port: 9100 } cloud_info { placement_cloud: "cloud1" placement_region: "datacenter1" placement_zone: "rack1" } } peers { permanent_uuid: "6b460ba950654300b6c50d93f25aea31" member_type: VOTER last_known_private_addr { host: "127.0.0.2" port: 9100 } cloud_info { placement_cloud: "cloud1" placement_region: "datacenter1" placement_zone: "rack1" } } peers { permanent_uuid: "d5c37cb1777946179e6692ee5e504715" member_type: VOTER last_known_private_addr { host: "127.0.0.1" port: 9100 } cloud_info { placement_cloud: "cloud1" placement_region: "datacenter1" placement_zone: "rack1" } } }, has_pending_config = 0
I1009 23:16:56.840219 45621248 tablet_bootstrap_if.cc:96] T 541698385c044c6ab901cf03bad66398 P 23d881032c1249bd803e401a539be0e2: No bootstrap required, opened a new log
I1009 23:16:56.840670 46157824 tablet_bootstrap_if.cc:96] T 825df89ca459463f921e4a6d8e68a90d P 23d881032c1249bd803e401a539be0e2: No bootstrap required, opened a new log
I1009 23:16:56.840689 37572608 ts_tablet_manager.cc:2324] P 23d881032c1249bd803e401a539be0e2: Registered tablet 9b45d3f9024e43b58a591ec35594430e
I1009 23:16:56.840721 45084672 log.cc:1461] T 9cd834df5c9f41b091ffb845bd6122ec P 23d881032c1249bd803e401a539be0e2: Setting log wal retention time to 0 seconds
I1009 23:16:56.840942 42938368 tablet_bootstrap_if.cc:96] T c09c8a2af076408b8083ae6bfc2a671e P 23d881032c1249bd803e401a539be0e2: No bootstrap required, opened a new log
I1009 23:16:56.841749 43474944 tablet_bootstrap.cc:551] T 7584006b2fba41cd828ac06782afeb03 P 23d881032c1249bd803e401a539be0e2: No blocks or log segments found. Creating new log.
I1009 23:16:56.841965 44548096 ts_tablet_manager.cc:1982] T a818e973b4b04213a257872ca0183570 P 23d881032c1249bd803e401a539be0e2: Time spent bootstrapping tablet: real 0.029s	user 0.001s	sys 0.002s
I1009 23:16:56.842527 45621248 log.cc:1461] T 541698385c044c6ab901cf03bad66398 P 23d881032c1249bd803e401a539be0e2: Setting log wal retention time to 0 seconds
I1009 23:16:56.842662 46157824 log.cc:1461] T 825df89ca459463f921e4a6d8e68a90d P 23d881032c1249bd803e401a539be0e2: Setting log wal retention time to 0 seconds
I1009 23:16:56.843044 39182336 ts_tablet_manager.cc:2324] P 23d881032c1249bd803e401a539be0e2: Registered tablet db3b3178db1849c4b3ebbe53840c6b02
I1009 23:16:56.843089 45084672 ts_tablet_manager.cc:1982] T 9cd834df5c9f41b091ffb845bd6122ec P 23d881032c1249bd803e401a539be0e2: Time spent bootstrapping tablet: real 0.030s	user 0.001s	sys 0.002s
I1009 23:16:56.843358 42938368 log.cc:1461] T c09c8a2af076408b8083ae6bfc2a671e P 23d881032c1249bd803e401a539be0e2: Setting log wal retention time to 0 seconds
I1009 23:16:56.843595 43474944 log.cc:1461] T 7584006b2fba41cd828ac06782afeb03 P 23d881032c1249bd803e401a539be0e2: Setting log wal retention time to 0 seconds
I1009 23:16:56.844180 44011520 consensus_meta.cc:361] T f5bd6014d733492eac6dd2cfba061381 P 23d881032c1249bd803e401a539be0e2: Updating active role from FOLLOWER to FOLLOWER. Consensus state: current_term: 0 leader_uuid: "" config { opid_index: -1 peers { permanent_uuid: "23d881032c1249bd803e401a539be0e2" member_type: VOTER last_known_private_addr { host: "127.0.0.3" port: 9100 } cloud_info { placement_cloud: "cloud1" placement_region: "datacenter1" placement_zone: "rack1" } } peers { permanent_uuid: "6b460ba950654300b6c50d93f25aea31" member_type: VOTER last_known_private_addr { host: "127.0.0.2" port: 9100 } cloud_info { placement_cloud: "cloud1" placement_region: "datacenter1" placement_zone: "rack1" } } peers { permanent_uuid: "d5c37cb1777946179e6692ee5e504715" member_type: VOTER last_known_private_addr { host: "127.0.0.1" port: 9100 } cloud_info { placement_cloud: "cloud1" placement_region: "datacenter1" placement_zone: "rack1" } } }, has_pending_config = 0
I1009 23:16:56.844918 45621248 ts_tablet_manager.cc:1982] T 541698385c044c6ab901cf03bad66398 P 23d881032c1249bd803e401a539be0e2: Time spent bootstrapping tablet: real 0.031s	user 0.001s	sys 0.002s
I1009 23:16:56.845213 46157824 ts_tablet_manager.cc:1982] T 825df89ca459463f921e4a6d8e68a90d P 23d881032c1249bd803e401a539be0e2: Time spent bootstrapping tablet: real 0.031s	user 0.001s	sys 0.002s
I1009 23:16:56.845185 44548096 consensus_meta.cc:361] T a818e973b4b04213a257872ca0183570 P 23d881032c1249bd803e401a539be0e2: Updating active role from FOLLOWER to FOLLOWER. Consensus state: current_term: 0 leader_uuid: "" config { opid_index: -1 peers { permanent_uuid: "23d881032c1249bd803e401a539be0e2" member_type: VOTER last_known_private_addr { host: "127.0.0.3" port: 9100 } cloud_info { placement_cloud: "cloud1" placement_region: "datacenter1" placement_zone: "rack1" } } peers { permanent_uuid: "6b460ba950654300b6c50d93f25aea31" member_type: VOTER last_known_private_addr { host: "127.0.0.2" port: 9100 } cloud_info { placement_cloud: "cloud1" placement_region: "datacenter1" placement_zone: "rack1" } } peers { permanent_uuid: "d5c37cb1777946179e6692ee5e504715" member_type: VOTER last_known_private_addr { host: "127.0.0.1" port: 9100 } cloud_info { placement_cloud: "cloud1" placement_region: "datacenter1" placement_zone: "rack1" } } }, has_pending_config = 0
I1009 23:16:56.845386 33280000 ts_tablet_manager.cc:2324] P 23d881032c1249bd803e401a539be0e2: Registered tablet 60dd6403c44b41109fa083272368d0d0
I1009 23:16:56.845556 42938368 ts_tablet_manager.cc:1982] T c09c8a2af076408b8083ae6bfc2a671e P 23d881032c1249bd803e401a539be0e2: Time spent bootstrapping tablet: real 0.034s	user 0.001s	sys 0.002s
I1009 23:16:56.847102 44011520 raft_consensus.cc:498] T f5bd6014d733492eac6dd2cfba061381 P 23d881032c1249bd803e401a539be0e2 [term 0 FOLLOWER]: Replica starting. Triggering 0 pending operations. Active config: opid_index: -1 peers { permanent_uuid: "23d881032c1249bd803e401a539be0e2" member_type: VOTER last_known_private_addr { host: "127.0.0.3" port: 9100 } cloud_info { placement_cloud: "cloud1" placement_region: "datacenter1" placement_zone: "rack1" } } peers { permanent_uuid: "6b460ba950654300b6c50d93f25aea31" member_type: VOTER last_known_private_addr { host: "127.0.0.2" port: 9100 } cloud_info { placement_cloud: "cloud1" placement_region: "datacenter1" placement_zone: "rack1" } } peers { permanent_uuid: "d5c37cb1777946179e6692ee5e504715" member_type: VOTER last_known_private_addr { host: "127.0.0.1" port: 9100 } cloud_info { placement_cloud: "cloud1" placement_region: "datacenter1" placement_zone: "rack1" } }
I1009 23:16:56.847189 45084672 consensus_meta.cc:361] T 9cd834df5c9f41b091ffb845bd6122ec P 23d881032c1249bd803e401a539be0e2: Updating active role from FOLLOWER to FOLLOWER. Consensus state: current_term: 0 leader_uuid: "" config { opid_index: -1 peers { permanent_uuid: "23d881032c1249bd803e401a539be0e2" member_type: VOTER last_known_private_addr { host: "127.0.0.3" port: 9100 } cloud_info { placement_cloud: "cloud1" placement_region: "datacenter1" placement_zone: "rack1" } } peers { permanent_uuid: "6b460ba950654300b6c50d93f25aea31" member_type: VOTER last_known_private_addr { host: "127.0.0.2" port: 9100 } cloud_info { placement_cloud: "cloud1" placement_region: "datacenter1" placement_zone: "rack1" } } peers { permanent_uuid: "d5c37cb1777946179e6692ee5e504715" member_type: VOTER last_known_private_addr { host: "127.0.0.1" port: 9100 } cloud_info { placement_cloud: "cloud1" placement_region: "datacenter1" placement_zone: "rack1" } } }, has_pending_config = 0
I1009 23:16:56.847927 44548096 raft_consensus.cc:498] T a818e973b4b04213a257872ca0183570 P 23d881032c1249bd803e401a539be0e2 [term 0 FOLLOWER]: Replica starting. Triggering 0 pending operations. Active config: opid_index: -1 peers { permanent_uuid: "23d881032c1249bd803e401a539be0e2" member_type: VOTER last_known_private_addr { host: "127.0.0.3" port: 9100 } cloud_info { placement_cloud: "cloud1" placement_region: "datacenter1" placement_zone: "rack1" } } peers { permanent_uuid: "6b460ba950654300b6c50d93f25aea31" member_type: VOTER last_known_private_addr { host: "127.0.0.2" port: 9100 } cloud_info { placement_cloud: "cloud1" placement_region: "datacenter1" placement_zone: "rack1" } } peers { permanent_uuid: "d5c37cb1777946179e6692ee5e504715" member_type: VOTER last_known_private_addr { host: "127.0.0.1" port: 9100 } cloud_info { placement_cloud: "cloud1" placement_region: "datacenter1" placement_zone: "rack1" } }
I1009 23:16:56.848249 43474944 tablet_bootstrap_if.cc:96] T 7584006b2fba41cd828ac06782afeb03 P 23d881032c1249bd803e401a539be0e2: No bootstrap required, opened a new log
I1009 23:16:56.848451 33816576 ts_tablet_manager.cc:2324] P 23d881032c1249bd803e401a539be0e2: Registered tablet 769c8b8690e648df93f41c693d55ebc3
I1009 23:16:56.849298 44011520 raft_consensus.cc:527] T f5bd6014d733492eac6dd2cfba061381 P 23d881032c1249bd803e401a539be0e2 [term 0 FOLLOWER]: Consensus starting up: Expiring fail detector timer to make a prompt election more likely
I1009 23:16:56.849612 45084672 raft_consensus.cc:498] T 9cd834df5c9f41b091ffb845bd6122ec P 23d881032c1249bd803e401a539be0e2 [term 0 FOLLOWER]: Replica starting. Triggering 0 pending operations. Active config: opid_index: -1 peers { permanent_uuid: "23d881032c1249bd803e401a539be0e2" member_type: VOTER last_known_private_addr { host: "127.0.0.3" port: 9100 } cloud_info { placement_cloud: "cloud1" placement_region: "datacenter1" placement_zone: "rack1" } } peers { permanent_uuid: "6b460ba950654300b6c50d93f25aea31" member_type: VOTER last_known_private_addr { host: "127.0.0.2" port: 9100 } cloud_info { placement_cloud: "cloud1" placement_region: "datacenter1" placement_zone: "rack1" } } peers { permanent_uuid: "d5c37cb1777946179e6692ee5e504715" member_type: VOTER last_known_private_addr { host: "127.0.0.1" port: 9100 } cloud_info { placement_cloud: "cloud1" placement_region: "datacenter1" placement_zone: "rack1" } }
I1009 23:16:56.849776 46157824 consensus_meta.cc:361] T 825df89ca459463f921e4a6d8e68a90d P 23d881032c1249bd803e401a539be0e2: Updating active role from FOLLOWER to FOLLOWER. Consensus state: current_term: 0 leader_uuid: "" config { opid_index: -1 peers { permanent_uuid: "23d881032c1249bd803e401a539be0e2" member_type: VOTER last_known_private_addr { host: "127.0.0.3" port: 9100 } cloud_info { placement_cloud: "cloud1" placement_region: "datacenter1" placement_zone: "rack1" } } peers { permanent_uuid: "6b460ba950654300b6c50d93f25aea31" member_type: VOTER last_known_private_addr { host: "127.0.0.2" port: 9100 } cloud_info { placement_cloud: "cloud1" placement_region: "datacenter1" placement_zone: "rack1" } } peers { permanent_uuid: "d5c37cb1777946179e6692ee5e504715" member_type: VOTER last_known_private_addr { host: "127.0.0.1" port: 9100 } cloud_info { placement_cloud: "cloud1" placement_region: "datacenter1" placement_zone: "rack1" } } }, has_pending_config = 0
I1009 23:16:56.849849 44548096 raft_consensus.cc:527] T a818e973b4b04213a257872ca0183570 P 23d881032c1249bd803e401a539be0e2 [term 0 FOLLOWER]: Consensus starting up: Expiring fail detector timer to make a prompt election more likely
I1009 23:16:56.849846 45621248 consensus_meta.cc:361] T 541698385c044c6ab901cf03bad66398 P 23d881032c1249bd803e401a539be0e2: Updating active role from FOLLOWER to FOLLOWER. Consensus state: current_term: 0 leader_uuid: "" config { opid_index: -1 peers { permanent_uuid: "23d881032c1249bd803e401a539be0e2" member_type: VOTER last_known_private_addr { host: "127.0.0.3" port: 9100 } cloud_info { placement_cloud: "cloud1" placement_region: "datacenter1" placement_zone: "rack1" } } peers { permanent_uuid: "6b460ba950654300b6c50d93f25aea31" member_type: VOTER last_known_private_addr { host: "127.0.0.2" port: 9100 } cloud_info { placement_cloud: "cloud1" placement_region: "datacenter1" placement_zone: "rack1" } } peers { permanent_uuid: "d5c37cb1777946179e6692ee5e504715" member_type: VOTER last_known_private_addr { host: "127.0.0.1" port: 9100 } cloud_info { placement_cloud: "cloud1" placement_region: "datacenter1" placement_zone: "rack1" } } }, has_pending_config = 0
I1009 23:16:56.850569 42938368 consensus_meta.cc:361] T c09c8a2af076408b8083ae6bfc2a671e P 23d881032c1249bd803e401a539be0e2: Updating active role from FOLLOWER to FOLLOWER. Consensus state: current_term: 0 leader_uuid: "" config { opid_index: -1 peers { permanent_uuid: "23d881032c1249bd803e401a539be0e2" member_type: VOTER last_known_private_addr { host: "127.0.0.3" port: 9100 } cloud_info { placement_cloud: "cloud1" placement_region: "datacenter1" placement_zone: "rack1" } } peers { permanent_uuid: "6b460ba950654300b6c50d93f25aea31" member_type: VOTER last_known_private_addr { host: "127.0.0.2" port: 9100 } cloud_info { placement_cloud: "cloud1" placement_region: "datacenter1" placement_zone: "rack1" } } peers { permanent_uuid: "d5c37cb1777946179e6692ee5e504715" member_type: VOTER last_known_private_addr { host: "127.0.0.1" port: 9100 } cloud_info { placement_cloud: "cloud1" placement_region: "datacenter1" placement_zone: "rack1" } } }, has_pending_config = 0
I1009 23:16:56.850610 43474944 log.cc:1461] T 7584006b2fba41cd828ac06782afeb03 P 23d881032c1249bd803e401a539be0e2: Setting log wal retention time to 0 seconds
I1009 23:16:56.851115 44011520 raft_consensus.cc:1135] T f5bd6014d733492eac6dd2cfba061381 P 23d881032c1249bd803e401a539be0e2 [term 0 FOLLOWER]: Becoming Follower/Learner. State: Replica: 23d881032c1249bd803e401a539be0e2, State: 1, Role: FOLLOWER, Watermarks: {Received: 0.0 Committed: 0.0} Leader: 0.0, new leader: , initial_fd_wait: <uninitialized>
I1009 23:16:56.851212 34353152 ts_tablet_manager.cc:2324] P 23d881032c1249bd803e401a539be0e2: Registered tablet 4c1e255cf37d4de58ed9d6a6f32e7473
I1009 23:16:56.851475 45084672 raft_consensus.cc:527] T 9cd834df5c9f41b091ffb845bd6122ec P 23d881032c1249bd803e401a539be0e2 [term 0 FOLLOWER]: Consensus starting up: Expiring fail detector timer to make a prompt election more likely
I1009 23:16:56.851928 46157824 raft_consensus.cc:498] T 825df89ca459463f921e4a6d8e68a90d P 23d881032c1249bd803e401a539be0e2 [term 0 FOLLOWER]: Replica starting. Triggering 0 pending operations. Active config: opid_index: -1 peers { permanent_uuid: "23d881032c1249bd803e401a539be0e2" member_type: VOTER last_known_private_addr { host: "127.0.0.3" port: 9100 } cloud_info { placement_cloud: "cloud1" placement_region: "datacenter1" placement_zone: "rack1" } } peers { permanent_uuid: "6b460ba950654300b6c50d93f25aea31" member_type: VOTER last_known_private_addr { host: "127.0.0.2" port: 9100 } cloud_info { placement_cloud: "cloud1" placement_region: "datacenter1" placement_zone: "rack1" } } peers { permanent_uuid: "d5c37cb1777946179e6692ee5e504715" member_type: VOTER last_known_private_addr { host: "127.0.0.1" port: 9100 } cloud_info { placement_cloud: "cloud1" placement_region: "datacenter1" placement_zone: "rack1" } }
I1009 23:16:56.852370 44548096 raft_consensus.cc:1135] T a818e973b4b04213a257872ca0183570 P 23d881032c1249bd803e401a539be0e2 [term 0 FOLLOWER]: Becoming Follower/Learner. State: Replica: 23d881032c1249bd803e401a539be0e2, State: 1, Role: FOLLOWER, Watermarks: {Received: 0.0 Committed: 0.0} Leader: 0.0, new leader: , initial_fd_wait: <uninitialized>
I1009 23:16:56.852612 45621248 raft_consensus.cc:498] T 541698385c044c6ab901cf03bad66398 P 23d881032c1249bd803e401a539be0e2 [term 0 FOLLOWER]: Replica starting. Triggering 0 pending operations. Active config: opid_index: -1 peers { permanent_uuid: "23d881032c1249bd803e401a539be0e2" member_type: VOTER last_known_private_addr { host: "127.0.0.3" port: 9100 } cloud_info { placement_cloud: "cloud1" placement_region: "datacenter1" placement_zone: "rack1" } } peers { permanent_uuid: "6b460ba950654300b6c50d93f25aea31" member_type: VOTER last_known_private_addr { host: "127.0.0.2" port: 9100 } cloud_info { placement_cloud: "cloud1" placement_region: "datacenter1" placement_zone: "rack1" } } peers { permanent_uuid: "d5c37cb1777946179e6692ee5e504715" member_type: VOTER last_known_private_addr { host: "127.0.0.1" port: 9100 } cloud_info { placement_cloud: "cloud1" placement_region: "datacenter1" placement_zone: "rack1" } }
I1009 23:16:56.852734 42938368 raft_consensus.cc:498] T c09c8a2af076408b8083ae6bfc2a671e P 23d881032c1249bd803e401a539be0e2 [term 0 FOLLOWER]: Replica starting. Triggering 0 pending operations. Active config: opid_index: -1 peers { permanent_uuid: "23d881032c1249bd803e401a539be0e2" member_type: VOTER last_known_private_addr { host: "127.0.0.3" port: 9100 } cloud_info { placement_cloud: "cloud1" placement_region: "datacenter1" placement_zone: "rack1" } } peers { permanent_uuid: "6b460ba950654300b6c50d93f25aea31" member_type: VOTER last_known_private_addr { host: "127.0.0.2" port: 9100 } cloud_info { placement_cloud: "cloud1" placement_region: "datacenter1" placement_zone: "rack1" } } peers { permanent_uuid: "d5c37cb1777946179e6692ee5e504715" member_type: VOTER last_known_private_addr { host: "127.0.0.1" port: 9100 } cloud_info { placement_cloud: "cloud1" placement_region: "datacenter1" placement_zone: "rack1" } }
I1009 23:16:56.852928 43474944 ts_tablet_manager.cc:1982] T 7584006b2fba41cd828ac06782afeb03 P 23d881032c1249bd803e401a539be0e2: Time spent bootstrapping tablet: real 0.031s	user 0.001s	sys 0.002s
I1009 23:16:56.853080 44011520 consensus_meta.cc:361] T f5bd6014d733492eac6dd2cfba061381 P 23d881032c1249bd803e401a539be0e2: Updating active role from FOLLOWER to FOLLOWER. Consensus state: current_term: 0 leader_uuid: "" config { opid_index: -1 peers { permanent_uuid: "23d881032c1249bd803e401a539be0e2" member_type: VOTER last_known_private_addr { host: "127.0.0.3" port: 9100 } cloud_info { placement_cloud: "cloud1" placement_region: "datacenter1" placement_zone: "rack1" } } peers { permanent_uuid: "6b460ba950654300b6c50d93f25aea31" member_type: VOTER last_known_private_addr { host: "127.0.0.2" port: 9100 } cloud_info { placement_cloud: "cloud1" placement_region: "datacenter1" placement_zone: "rack1" } } peers { permanent_uuid: "d5c37cb1777946179e6692ee5e504715" member_type: VOTER last_known_private_addr { host: "127.0.0.1" port: 9100 } cloud_info { placement_cloud: "cloud1" placement_region: "datacenter1" placement_zone: "rack1" } } }, has_pending_config = 0
I1009 23:16:56.853214 34889728 ts_tablet_manager.cc:2324] P 23d881032c1249bd803e401a539be0e2: Registered tablet 54eeee0960454077a8ed85a75d38bc29
I1009 23:16:56.853206 45084672 raft_consensus.cc:1135] T 9cd834df5c9f41b091ffb845bd6122ec P 23d881032c1249bd803e401a539be0e2 [term 0 FOLLOWER]: Becoming Follower/Learner. State: Replica: 23d881032c1249bd803e401a539be0e2, State: 1, Role: FOLLOWER, Watermarks: {Received: 0.0 Committed: 0.0} Leader: 0.0, new leader: , initial_fd_wait: <uninitialized>
