I1010 10:36:06.265280 345916928 webserver.cc:362] Document root: /Users/nag/yb/yb-admin/yugabyte-2.23.0.0/www
I1010 10:36:06.265321 345916928 webserver.cc:348] Webserver listen spec is 127.0.0.3:11000
I1010 10:36:06.265471 345916928 webserver.cc:468] Webserver started. Bound to: http://127.0.0.3:11000/
I1010 10:36:06.265491 86421504 tablet_bootstrap_if.cc:96] T 9b45d3f9024e43b58a591ec35594430e P 23d881032c1249bd803e401a539be0e2: Bootstrap replayed 1/1 log segments. Read operations: 4, overwritten operations: 0. Pending: 1 replicates. Last read committed op id: 1.4, last entry metadata: { entry_time: 187121.740s offset: 1292 active_segment_sequence_number: 1 }, last read entry op id: 1.4
I1010 10:36:06.265497 85884928 log_util.cc:841] Found no log entry headers
I1010 10:36:06.265532 86421504 tablet_bootstrap.cc:1654] T 9b45d3f9024e43b58a591ec35594430e P 23d881032c1249bd803e401a539be0e2: Dumping replay state to log at the end of PlaySegments
I1010 10:36:06.265563 345916928 service_pool.cc:149] yb.server.GenericService: yb::rpc::ServicePoolImpl created at 0x1112286c0
I1010 10:36:06.265563 85884928 log_util.cc:702] Ignoring partially flushed segment in write ahead log /Users/nag/yb/yugabyte-data/node3/yb-data/tserver/wals/table-f80c17935cc9489ab3c6c05dceb25976/tablet-7584006b2fba41cd828ac06782afeb03/wal-000000001 because there are no log entries following this one. The server probably crashed in the middle of writing an entry to the write-ahead log or downloaded an active log via remote bootstrap. Error detail: Corruption (yb/consensus/log_util.cc:912): Invalid checksum in log entry head header: found=0, computed=2351477386: Failed trying to read batch #10 at offset 1982 for log segment /Users/nag/yb/yugabyte-data/node3/yb-data/tserver/wals/table-f80c17935cc9489ab3c6c05dceb25976/tablet-7584006b2fba41cd828ac06782afeb03/wal-000000001: Prior batch offsets: 1324 1350 1956 1982; Last log entries read: [REPLICATE (1.2)] [REPLICATE (3.3)] [REPLICATE (3.4)] [REPLICATE (3.5)]
I1010 10:36:06.265590 86421504 tablet_bootstrap.cc:1212] T 9b45d3f9024e43b58a591ec35594430e P 23d881032c1249bd803e401a539be0e2: ReplayState: Previous OpId: 1.4, Committed OpId: 1.4, Pending Replicates: 0, Flushed Regular: -1.-1, Flushed Intents: -1.-1
I1010 10:36:06.265774 86421504 tablet_bootstrap.cc:1212] T 9b45d3f9024e43b58a591ec35594430e P 23d881032c1249bd803e401a539be0e2: Log entries applied to RocksDB: 4
I1010 10:36:06.265798 86421504 tablet_bootstrap.cc:1666] T 9b45d3f9024e43b58a591ec35594430e P 23d881032c1249bd803e401a539be0e2: Number of orphaned replicates: 0, last id: 1.4, committed id: 1.4
I1010 10:36:06.265810 85884928 log.cc:1112] Successfully restored footer_builder_ and log_index_ for segment: /Users/nag/yb/yugabyte-data/node3/yb-data/tserver/wals/table-f80c17935cc9489ab3c6c05dceb25976/tablet-7584006b2fba41cd828ac06782afeb03/wal-000000001. Reopen the file for write with starting offset: 1982
I1010 10:36:06.265825 345916928 rpc_server.cc:167] RPC server started. Bound to: 127.0.0.3:6379
I1010 10:36:06.265875 85884928 log.cc:1461] T 7584006b2fba41cd828ac06782afeb03 P 23d881032c1249bd803e401a539be0e2: Setting log wal retention time to 0 seconds
I1010 10:36:06.265894 345916928 tablet_server_main_impl.cc:342] Redis server successfully started.
I1010 10:36:06.265972 85884928 ts_tablet_manager.cc:1982] T 7584006b2fba41cd828ac06782afeb03 P 23d881032c1249bd803e401a539be0e2: Time spent bootstrapping tablet: real 0.012s	user 0.002s	sys 0.004s
I1010 10:36:06.265980 345916928 server_base_options.cc:165] Updating master addrs to {127.0.0.1:7100},{127.0.0.2:7100},{127.0.0.3:7100}
I1010 10:36:06.266072 345916928 server_base_options.cc:165] Updating master addrs to {127.0.0.1:7100},{127.0.0.2:7100},{127.0.0.3:7100}
I1010 10:36:06.266171 345916928 server_base_options.cc:165] Updating master addrs to {127.0.0.1:7100},{127.0.0.2:7100},{127.0.0.3:7100}
I1010 10:36:06.266249 345916928 rpc_server.cc:84] yb::server::RpcServer created at 0x111e69ae0
I1010 10:36:06.266288 345916928 tablet_server_main_impl.cc:362] Starting CQL server...
I1010 10:36:06.266544 87494656 consensus_meta.cc:361] T c09c8a2af076408b8083ae6bfc2a671e P 23d881032c1249bd803e401a539be0e2: Updating active role from FOLLOWER to FOLLOWER. Consensus state: current_term: 5 leader_uuid: "" config { opid_index: 6 peers { permanent_uuid: "23d881032c1249bd803e401a539be0e2" member_type: VOTER last_known_private_addr { host: "127.0.0.3" port: 9100 } cloud_info { placement_cloud: "cloud1" placement_region: "datacenter1" placement_zone: "rack1" } } peers { permanent_uuid: "6b460ba950654300b6c50d93f25aea31" member_type: VOTER last_known_private_addr { host: "127.0.0.2" port: 9100 } cloud_info { placement_cloud: "cloud1" placement_region: "datacenter1" placement_zone: "rack1" } } peers { permanent_uuid: "d5c37cb1777946179e6692ee5e504715" member_type: VOTER last_known_private_addr { host: "127.0.0.1" port: 9100 } cloud_info { placement_cloud: "cloud1" placement_region: "datacenter1" placement_zone: "rack1" } } }, has_pending_config = 0
I1010 10:36:06.266634 87494656 raft_consensus.cc:498] T c09c8a2af076408b8083ae6bfc2a671e P 23d881032c1249bd803e401a539be0e2 [term 5 FOLLOWER]: Replica starting. Triggering 0 pending operations. Active config: opid_index: 6 peers { permanent_uuid: "23d881032c1249bd803e401a539be0e2" member_type: VOTER last_known_private_addr { host: "127.0.0.3" port: 9100 } cloud_info { placement_cloud: "cloud1" placement_region: "datacenter1" placement_zone: "rack1" } } peers { permanent_uuid: "6b460ba950654300b6c50d93f25aea31" member_type: VOTER last_known_private_addr { host: "127.0.0.2" port: 9100 } cloud_info { placement_cloud: "cloud1" placement_region: "datacenter1" placement_zone: "rack1" } } peers { permanent_uuid: "d5c37cb1777946179e6692ee5e504715" member_type: VOTER last_known_private_addr { host: "127.0.0.1" port: 9100 } cloud_info { placement_cloud: "cloud1" placement_region: "datacenter1" placement_zone: "rack1" } }
I1010 10:36:06.266690 86421504 tablet_bootstrap_if.cc:96] T 9b45d3f9024e43b58a591ec35594430e P 23d881032c1249bd803e401a539be0e2: Bootstrap complete.
I1010 10:36:06.266688 87494656 raft_consensus.cc:1135] T c09c8a2af076408b8083ae6bfc2a671e P 23d881032c1249bd803e401a539be0e2 [term 5 FOLLOWER]: Becoming Follower/Learner. State: Replica: 23d881032c1249bd803e401a539be0e2, State: 1, Role: FOLLOWER, Watermarks: {Received: 5.6 Committed: 5.6} Leader: 0.0, new leader: , initial_fd_wait: <uninitialized>
I1010 10:36:06.266785 87494656 consensus_meta.cc:361] T c09c8a2af076408b8083ae6bfc2a671e P 23d881032c1249bd803e401a539be0e2: Updating active role from FOLLOWER to FOLLOWER. Consensus state: current_term: 5 leader_uuid: "" config { opid_index: 6 peers { permanent_uuid: "23d881032c1249bd803e401a539be0e2" member_type: VOTER last_known_private_addr { host: "127.0.0.3" port: 9100 } cloud_info { placement_cloud: "cloud1" placement_region: "datacenter1" placement_zone: "rack1" } } peers { permanent_uuid: "6b460ba950654300b6c50d93f25aea31" member_type: VOTER last_known_private_addr { host: "127.0.0.2" port: 9100 } cloud_info { placement_cloud: "cloud1" placement_region: "datacenter1" placement_zone: "rack1" } } peers { permanent_uuid: "d5c37cb1777946179e6692ee5e504715" member_type: VOTER last_known_private_addr { host: "127.0.0.1" port: 9100 } cloud_info { placement_cloud: "cloud1" placement_region: "datacenter1" placement_zone: "rack1" } } }, has_pending_config = 0
I1010 10:36:06.266860 86958080 tablet_bootstrap.cc:740] T 541698385c044c6ab901cf03bad66398 P 23d881032c1249bd803e401a539be0e2: Will attempt to recover log segment /Users/nag/yb/yugabyte-data/node3/yb-data/tserver/wals/table-f80c17935cc9489ab3c6c05dceb25976/tablet-541698385c044c6ab901cf03bad66398/wal-000000001
I1010 10:36:06.266875 86421504 log_util.cc:797] Scanning /Users/nag/yb/yugabyte-data/node3/yb-data/tserver/wals/table-f80c17935cc9489ab3c6c05dceb25976/tablet-9b45d3f9024e43b58a591ec35594430e/wal-000000001 for valid entry headers following offset 1924...
I1010 10:36:06.266903 86958080 tablet_bootstrap.cc:1238] T 541698385c044c6ab901cf03bad66398 P 23d881032c1249bd803e401a539be0e2: Flushed DocDB OpIds: { regular: -1.-1 intents: -1.-1 }
I1010 10:36:06.266882 87494656 consensus_queue.cc:270] T c09c8a2af076408b8083ae6bfc2a671e P 23d881032c1249bd803e401a539be0e2 [NON_LEADER]: Queue going to NON_LEADER mode. State: All replicated op: 0.0, Majority replicated op: 0.0, Committed index: 0.0, Last applied: 0.0, Last appended: 5.6, Current term: 0, Majority size: -1, State: QUEUE_OPEN, Mode: NON_LEADER
I1010 10:36:06.266965 345916928 fs_manager.cc:415] Opened local filesystem: /Users/nag/yb/yugabyte-data/node3
uuid: "23d881032c1249bd803e401a539be0e2"
format_stamp: "Formatted at 2024-10-09 17:46:56 on NAG-MAC.local"
initdb_done_set_after_sys_catalog_restore: true
tserver_instance_metadata {
  universe_uuid: "21b2e3d0-495a-4149-9f2a-913ddeb95eff"
}
I1010 10:36:06.267179 86958080 tablet_bootstrap.cc:1514] T 541698385c044c6ab901cf03bad66398 P 23d881032c1249bd803e401a539be0e2: Max persistent index in RocksDB's SSTables before bootstrap: regular RocksDB: -1.-1; intents RocksDB: -1.-1
I1010 10:36:06.267239 88567808 consensus_meta.cc:361] T a818e973b4b04213a257872ca0183570 P 23d881032c1249bd803e401a539be0e2: Updating active role from FOLLOWER to FOLLOWER. Consensus state: current_term: 1 leader_uuid: "" config { opid_index: 4 peers { permanent_uuid: "23d881032c1249bd803e401a539be0e2" member_type: VOTER last_known_private_addr { host: "127.0.0.3" port: 9100 } cloud_info { placement_cloud: "cloud1" placement_region: "datacenter1" placement_zone: "rack1" } } peers { permanent_uuid: "d5c37cb1777946179e6692ee5e504715" member_type: VOTER last_known_private_addr { host: "127.0.0.1" port: 9100 } cloud_info { placement_cloud: "cloud1" placement_region: "datacenter1" placement_zone: "rack1" } } peers { permanent_uuid: "6b460ba950654300b6c50d93f25aea31" member_type: VOTER last_known_private_addr { host: "127.0.0.2" port: 9100 } cloud_info { placement_cloud: "cloud1" placement_region: "datacenter1" placement_zone: "rack1" } } }, has_pending_config = 0
I1010 10:36:06.267289 87494656 raft_consensus.cc:3519] T c09c8a2af076408b8083ae6bfc2a671e P 23d881032c1249bd803e401a539be0e2 [term 5 FOLLOWER]: Calling mark dirty synchronously for reason code CONSENSUS_STARTED
I1010 10:36:06.267343 345916928 secure.cc:138] SetupSecureContext: kExternal, 0
I1010 10:36:06.267419 86958080 log.cc:1461] T 541698385c044c6ab901cf03bad66398 P 23d881032c1249bd803e401a539be0e2: Setting log wal retention time to 0 seconds
I1010 10:36:06.267488 88567808 raft_consensus.cc:498] T a818e973b4b04213a257872ca0183570 P 23d881032c1249bd803e401a539be0e2 [term 1 FOLLOWER]: Replica starting. Triggering 0 pending operations. Active config: opid_index: 4 peers { permanent_uuid: "23d881032c1249bd803e401a539be0e2" member_type: VOTER last_known_private_addr { host: "127.0.0.3" port: 9100 } cloud_info { placement_cloud: "cloud1" placement_region: "datacenter1" placement_zone: "rack1" } } peers { permanent_uuid: "d5c37cb1777946179e6692ee5e504715" member_type: VOTER last_known_private_addr { host: "127.0.0.1" port: 9100 } cloud_info { placement_cloud: "cloud1" placement_region: "datacenter1" placement_zone: "rack1" } } peers { permanent_uuid: "6b460ba950654300b6c50d93f25aea31" member_type: VOTER last_known_private_addr { host: "127.0.0.2" port: 9100 } cloud_info { placement_cloud: "cloud1" placement_region: "datacenter1" placement_zone: "rack1" } }
I1010 10:36:06.267515 87494656 tablet_peer.cc:1643] T c09c8a2af076408b8083ae6bfc2a671e P 23d881032c1249bd803e401a539be0e2 [state=RUNNING]: Changed state from BOOTSTRAPPING to RUNNING
I1010 10:36:06.267562 91250688 heartbeater.cc:379] P 23d881032c1249bd803e401a539be0e2: Registering TS with master...
I1010 10:36:06.267604 88567808 raft_consensus.cc:1135] T a818e973b4b04213a257872ca0183570 P 23d881032c1249bd803e401a539be0e2 [term 1 FOLLOWER]: Becoming Follower/Learner. State: Replica: 23d881032c1249bd803e401a539be0e2, State: 1, Role: FOLLOWER, Watermarks: {Received: 1.4 Committed: 1.4} Leader: 0.0, new leader: , initial_fd_wait: <uninitialized>
I1010 10:36:06.267673 91250688 server_base.cc:598] Using private rpc address 127.0.0.3
I1010 10:36:06.267661 87494656 tablet_peer.cc:1516] T c09c8a2af076408b8083ae6bfc2a671e P 23d881032c1249bd803e401a539be0e2 [state=RUNNING]: Registered log gc
I1010 10:36:06.267673 85884928 consensus_meta.cc:361] T 7584006b2fba41cd828ac06782afeb03 P 23d881032c1249bd803e401a539be0e2: Updating active role from FOLLOWER to FOLLOWER. Consensus state: current_term: 3 leader_uuid: "" config { opid_index: 5 peers { permanent_uuid: "23d881032c1249bd803e401a539be0e2" member_type: VOTER last_known_private_addr { host: "127.0.0.3" port: 9100 } cloud_info { placement_cloud: "cloud1" placement_region: "datacenter1" placement_zone: "rack1" } } peers { permanent_uuid: "6b460ba950654300b6c50d93f25aea31" member_type: VOTER last_known_private_addr { host: "127.0.0.2" port: 9100 } cloud_info { placement_cloud: "cloud1" placement_region: "datacenter1" placement_zone: "rack1" } } peers { permanent_uuid: "d5c37cb1777946179e6692ee5e504715" member_type: VOTER last_known_private_addr { host: "127.0.0.1" port: 9100 } cloud_info { placement_cloud: "cloud1" placement_region: "datacenter1" placement_zone: "rack1" } } }, has_pending_config = 0
I1010 10:36:06.267730 88567808 consensus_meta.cc:361] T a818e973b4b04213a257872ca0183570 P 23d881032c1249bd803e401a539be0e2: Updating active role from FOLLOWER to FOLLOWER. Consensus state: current_term: 1 leader_uuid: "" config { opid_index: 4 peers { permanent_uuid: "23d881032c1249bd803e401a539be0e2" member_type: VOTER last_known_private_addr { host: "127.0.0.3" port: 9100 } cloud_info { placement_cloud: "cloud1" placement_region: "datacenter1" placement_zone: "rack1" } } peers { permanent_uuid: "d5c37cb1777946179e6692ee5e504715" member_type: VOTER last_known_private_addr { host: "127.0.0.1" port: 9100 } cloud_info { placement_cloud: "cloud1" placement_region: "datacenter1" placement_zone: "rack1" } } peers { permanent_uuid: "6b460ba950654300b6c50d93f25aea31" member_type: VOTER last_known_private_addr { host: "127.0.0.2" port: 9100 } cloud_info { placement_cloud: "cloud1" placement_region: "datacenter1" placement_zone: "rack1" } } }, has_pending_config = 0
I1010 10:36:06.267764 91250688 server_base.cc:620] Using http address 127.0.0.3
I1010 10:36:06.267809 87494656 ts_tablet_manager.cc:2063] T c09c8a2af076408b8083ae6bfc2a671e P 23d881032c1249bd803e401a539be0e2: Time spent starting tablet: real 0.004s	user 0.001s	sys 0.001s
I1010 10:36:06.267858 85884928 raft_consensus.cc:498] T 7584006b2fba41cd828ac06782afeb03 P 23d881032c1249bd803e401a539be0e2 [term 3 FOLLOWER]: Replica starting. Triggering 0 pending operations. Active config: opid_index: 5 peers { permanent_uuid: "23d881032c1249bd803e401a539be0e2" member_type: VOTER last_known_private_addr { host: "127.0.0.3" port: 9100 } cloud_info { placement_cloud: "cloud1" placement_region: "datacenter1" placement_zone: "rack1" } } peers { permanent_uuid: "6b460ba950654300b6c50d93f25aea31" member_type: VOTER last_known_private_addr { host: "127.0.0.2" port: 9100 } cloud_info { placement_cloud: "cloud1" placement_region: "datacenter1" placement_zone: "rack1" } } peers { permanent_uuid: "d5c37cb1777946179e6692ee5e504715" member_type: VOTER last_known_private_addr { host: "127.0.0.1" port: 9100 } cloud_info { placement_cloud: "cloud1" placement_region: "datacenter1" placement_zone: "rack1" } }
I1010 10:36:06.267894 88567808 consensus_queue.cc:270] T a818e973b4b04213a257872ca0183570 P 23d881032c1249bd803e401a539be0e2 [NON_LEADER]: Queue going to NON_LEADER mode. State: All replicated op: 0.0, Majority replicated op: 0.0, Committed index: 0.0, Last applied: 0.0, Last appended: 1.4, Current term: 0, Majority size: -1, State: QUEUE_OPEN, Mode: NON_LEADER
I1010 10:36:06.267933 87494656 ts_tablet_manager.cc:3478] Deleted transition in progress opening tablet for tablet c09c8a2af076408b8083ae6bfc2a671e
I1010 10:36:06.267958 86421504 log_util.cc:841] Found no log entry headers
I1010 10:36:06.267956 85884928 raft_consensus.cc:1135] T 7584006b2fba41cd828ac06782afeb03 P 23d881032c1249bd803e401a539be0e2 [term 3 FOLLOWER]: Becoming Follower/Learner. State: Replica: 23d881032c1249bd803e401a539be0e2, State: 1, Role: FOLLOWER, Watermarks: {Received: 3.5 Committed: 3.5} Leader: 0.0, new leader: , initial_fd_wait: <uninitialized>
I1010 10:36:06.267984 88567808 raft_consensus.cc:3519] T a818e973b4b04213a257872ca0183570 P 23d881032c1249bd803e401a539be0e2 [term 1 FOLLOWER]: Calling mark dirty synchronously for reason code CONSENSUS_STARTED
I1010 10:36:06.268009 87494656 ts_tablet_manager.cc:1936] T 30fedb9fed834e6d975c43711c3f6fd9 P 23d881032c1249bd803e401a539be0e2: Bootstrapping tablet
I1010 10:36:06.268020 86421504 log_util.cc:702] Ignoring partially flushed segment in write ahead log /Users/nag/yb/yugabyte-data/node3/yb-data/tserver/wals/table-f80c17935cc9489ab3c6c05dceb25976/tablet-9b45d3f9024e43b58a591ec35594430e/wal-000000001 because there are no log entries following this one. The server probably crashed in the middle of writing an entry to the write-ahead log or downloaded an active log via remote bootstrap. Error detail: Corruption (yb/consensus/log_util.cc:912): Invalid checksum in log entry head header: found=0, computed=2351477386: Failed trying to read batch #9 at offset 1924 for log segment /Users/nag/yb/yugabyte-data/node3/yb-data/tserver/wals/table-f80c17935cc9489ab3c6c05dceb25976/tablet-9b45d3f9024e43b58a591ec35594430e/wal-000000001: Prior batch offsets: 1266 1292 1898 1924; Last log entries read: [REPLICATE (1.1)] [REPLICATE (1.2)] [REPLICATE (1.3)] [REPLICATE (1.4)]
I1010 10:36:06.268049 85884928 consensus_meta.cc:361] T 7584006b2fba41cd828ac06782afeb03 P 23d881032c1249bd803e401a539be0e2: Updating active role from FOLLOWER to FOLLOWER. Consensus state: current_term: 3 leader_uuid: "" config { opid_index: 5 peers { permanent_uuid: "23d881032c1249bd803e401a539be0e2" member_type: VOTER last_known_private_addr { host: "127.0.0.3" port: 9100 } cloud_info { placement_cloud: "cloud1" placement_region: "datacenter1" placement_zone: "rack1" } } peers { permanent_uuid: "6b460ba950654300b6c50d93f25aea31" member_type: VOTER last_known_private_addr { host: "127.0.0.2" port: 9100 } cloud_info { placement_cloud: "cloud1" placement_region: "datacenter1" placement_zone: "rack1" } } peers { permanent_uuid: "d5c37cb1777946179e6692ee5e504715" member_type: VOTER last_known_private_addr { host: "127.0.0.1" port: 9100 } cloud_info { placement_cloud: "cloud1" placement_region: "datacenter1" placement_zone: "rack1" } } }, has_pending_config = 0
I1010 10:36:06.268092 88567808 tablet_peer.cc:1643] T a818e973b4b04213a257872ca0183570 P 23d881032c1249bd803e401a539be0e2 [state=RUNNING]: Changed state from BOOTSTRAPPING to RUNNING
I1010 10:36:06.268113 345916928 thread_pool.cc:178] Starting thread pool { name: CQLServer max_workers: 1024 }
I1010 10:36:06.268229 85884928 consensus_queue.cc:270] T 7584006b2fba41cd828ac06782afeb03 P 23d881032c1249bd803e401a539be0e2 [NON_LEADER]: Queue going to NON_LEADER mode. State: All replicated op: 0.0, Majority replicated op: 0.0, Committed index: 0.0, Last applied: 0.0, Last appended: 3.5, Current term: 0, Majority size: -1, State: QUEUE_OPEN, Mode: NON_LEADER
I1010 10:36:06.268240 86421504 log.cc:1112] Successfully restored footer_builder_ and log_index_ for segment: /Users/nag/yb/yugabyte-data/node3/yb-data/tserver/wals/table-f80c17935cc9489ab3c6c05dceb25976/tablet-9b45d3f9024e43b58a591ec35594430e/wal-000000001. Reopen the file for write with starting offset: 1924
W1010 10:36:06.268255 86958080 log_util.cc:241] Could not read footer for segment: /Users/nag/yb/yugabyte-data/node3/yb-data/tserver/wals/table-f80c17935cc9489ab3c6c05dceb25976/tablet-541698385c044c6ab901cf03bad66398/wal-000000001: Not found (yb/consensus/log_util.cc:581): Footer not found. Footer magic doesn't match
I1010 10:36:06.268289 88567808 tablet_peer.cc:1516] T a818e973b4b04213a257872ca0183570 P 23d881032c1249bd803e401a539be0e2 [state=RUNNING]: Registered log gc
I1010 10:36:06.268338 85884928 raft_consensus.cc:3519] T 7584006b2fba41cd828ac06782afeb03 P 23d881032c1249bd803e401a539be0e2 [term 3 FOLLOWER]: Calling mark dirty synchronously for reason code CONSENSUS_STARTED
I1010 10:36:06.268366 86421504 log.cc:1461] T 9b45d3f9024e43b58a591ec35594430e P 23d881032c1249bd803e401a539be0e2: Setting log wal retention time to 0 seconds
W1010 10:36:06.268404 86958080 log_reader.cc:217] T 541698385c044c6ab901cf03bad66398 P 23d881032c1249bd803e401a539be0e2: Log segment /Users/nag/yb/yugabyte-data/node3/yb-data/tserver/wals/table-f80c17935cc9489ab3c6c05dceb25976/tablet-541698385c044c6ab901cf03bad66398/wal-000000001 was likely left in-progressafter a previous crash. Will try to reuse this segment as writable active segment
I1010 10:36:06.268450 88567808 ts_tablet_manager.cc:2063] T a818e973b4b04213a257872ca0183570 P 23d881032c1249bd803e401a539be0e2: Time spent starting tablet: real 0.004s	user 0.001s	sys 0.001s
I1010 10:36:06.268430 87494656 consensus_meta.cc:361] T 30fedb9fed834e6d975c43711c3f6fd9 P 23d881032c1249bd803e401a539be0e2: Updating active role from UNKNOWN_ROLE to FOLLOWER. Consensus state: current_term: 4 leader_uuid: "" config { opid_index: 5 peers { permanent_uuid: "23d881032c1249bd803e401a539be0e2" member_type: VOTER last_known_private_addr { host: "127.0.0.3" port: 9100 } cloud_info { placement_cloud: "cloud1" placement_region: "datacenter1" placement_zone: "rack1" } } peers { permanent_uuid: "d5c37cb1777946179e6692ee5e504715" member_type: VOTER last_known_private_addr { host: "127.0.0.1" port: 9100 } cloud_info { placement_cloud: "cloud1" placement_region: "datacenter1" placement_zone: "rack1" } } peers { permanent_uuid: "6b460ba950654300b6c50d93f25aea31" member_type: VOTER last_known_private_addr { host: "127.0.0.2" port: 9100 } cloud_info { placement_cloud: "cloud1" placement_region: "datacenter1" placement_zone: "rack1" } } }, has_pending_config = 0
I1010 10:36:06.268477 85884928 tablet_peer.cc:1643] T 7584006b2fba41cd828ac06782afeb03 P 23d881032c1249bd803e401a539be0e2 [state=RUNNING]: Changed state from BOOTSTRAPPING to RUNNING
I1010 10:36:06.268498 86421504 ts_tablet_manager.cc:1982] T 9b45d3f9024e43b58a591ec35594430e P 23d881032c1249bd803e401a539be0e2: Time spent bootstrapping tablet: real 0.014s	user 0.002s	sys 0.005s
I1010 10:36:06.268535 86958080 log.cc:722] T 541698385c044c6ab901cf03bad66398 P 23d881032c1249bd803e401a539be0e2: Opened existing logs. Last segment is /Users/nag/yb/yugabyte-data/node3/yb-data/tserver/wals/table-f80c17935cc9489ab3c6c05dceb25976/tablet-541698385c044c6ab901cf03bad66398/wal-000000001
I1010 10:36:06.268570 88567808 ts_tablet_manager.cc:3478] Deleted transition in progress opening tablet for tablet a818e973b4b04213a257872ca0183570
I1010 10:36:06.268662 87494656 tablet_bootstrap_state_manager.cc:68] Initialized TabletBootstrapStateManager, found a file ? no, wal dir=/Users/nag/yb/yugabyte-data/node3/yb-data/tserver/wals/table-f80c17935cc9489ab3c6c05dceb25976/tablet-30fedb9fed834e6d975c43711c3f6fd9
I1010 10:36:06.268723 86958080 tablet_bootstrap.cc:396] T 541698385c044c6ab901cf03bad66398 P 23d881032c1249bd803e401a539be0e2: Bootstrap optimizer (skip_flushed_entries): op_id_replay_lowest=-1.-1 (regular_op_id=-1.-1, intents_op_id=-1.-1, has_intents_db=0)
I1010 10:36:06.268803 87494656 tablet_peer.cc:1643] T 30fedb9fed834e6d975c43711c3f6fd9 P 23d881032c1249bd803e401a539be0e2 [state=BOOTSTRAPPING]: Changed state from NOT_STARTED to BOOTSTRAPPING
I1010 10:36:06.268810 85884928 tablet_peer.cc:1516] T 7584006b2fba41cd828ac06782afeb03 P 23d881032c1249bd803e401a539be0e2 [state=RUNNING]: Registered log gc
I1010 10:36:06.268822 86958080 tablet_bootstrap.cc:1461] T 541698385c044c6ab901cf03bad66398 P 23d881032c1249bd803e401a539be0e2: Segment /Users/nag/yb/yugabyte-data/node3/yb-data/tserver/wals/table-f80c17935cc9489ab3c6c05dceb25976/tablet-541698385c044c6ab901cf03bad66398/wal-000000001 cannot be used as the first segment to start replay with according to our OpId and retention criteria. However, this is already the earliest segment so we have to start replay here. We should probably investigate how we got into this situation. op_id=1.1, op_id_replay_lowest=-1.-1, last_op_id_in_retryable_requests=0.0, first_op_time=161871.377s, retryable_requests_retain_interval=60.000s, *retryable_requests_replay_from_this_or_earlier_time=161811.377s, is_first_op_id_low_enough_for_retryable_requests=0, is_first_op_time_early_enough_for_retryable_requests=0, is_first_op_id_low_enough=0
I1010 10:36:06.268846 87494656 tablet_bootstrap_if.cc:96] T 30fedb9fed834e6d975c43711c3f6fd9 P 23d881032c1249bd803e401a539be0e2: Bootstrap starting.
I1010 10:36:06.268882 85884928 ts_tablet_manager.cc:2063] T 7584006b2fba41cd828ac06782afeb03 P 23d881032c1249bd803e401a539be0e2: Time spent starting tablet: real 0.003s	user 0.001s	sys 0.001s
I1010 10:36:06.268893 86958080 tablet_bootstrap.cc:1476] T 541698385c044c6ab901cf03bad66398 P 23d881032c1249bd803e401a539be0e2: Bootstrap optimizer (skip_flushed_entries): will replay all segments starting from the very first one.
I1010 10:36:06.268960 85884928 ts_tablet_manager.cc:3478] Deleted transition in progress opening tablet for tablet 7584006b2fba41cd828ac06782afeb03
I1010 10:36:06.268967 87494656 tablet.cc:637] T 30fedb9fed834e6d975c43711c3f6fd9 P 23d881032c1249bd803e401a539be0e2: Schema version for transactions is 0
I1010 10:36:06.269076 86958080 log_util.cc:797] Scanning /Users/nag/yb/yugabyte-data/node3/yb-data/tserver/wals/table-f80c17935cc9489ab3c6c05dceb25976/tablet-541698385c044c6ab901cf03bad66398/wal-000000001 for valid entry headers following offset 2008...
I1010 10:36:06.269341 87494656 tablet_bootstrap.cc:644] T 30fedb9fed834e6d975c43711c3f6fd9 P 23d881032c1249bd803e401a539be0e2: Time spent opening tablet: real 0.000s	user 0.000s	sys 0.000s
I1010 10:36:06.269475 87494656 tablet_bootstrap.cc:740] T 30fedb9fed834e6d975c43711c3f6fd9 P 23d881032c1249bd803e401a539be0e2: Will attempt to recover log segment /Users/nag/yb/yugabyte-data/node3/yb-data/tserver/wals/table-f80c17935cc9489ab3c6c05dceb25976/tablet-30fedb9fed834e6d975c43711c3f6fd9/wal-000000001
I1010 10:36:06.269508 87494656 tablet_bootstrap.cc:1238] T 30fedb9fed834e6d975c43711c3f6fd9 P 23d881032c1249bd803e401a539be0e2: Flushed DocDB OpIds: { regular: -1.-1 intents: -1.-1 }
I1010 10:36:06.269560 87494656 tablet_bootstrap.cc:1514] T 30fedb9fed834e6d975c43711c3f6fd9 P 23d881032c1249bd803e401a539be0e2: Max persistent index in RocksDB's SSTables before bootstrap: regular RocksDB: -1.-1; intents RocksDB: -1.-1
I1010 10:36:06.269606 87494656 log.cc:1461] T 30fedb9fed834e6d975c43711c3f6fd9 P 23d881032c1249bd803e401a539be0e2: Setting log wal retention time to 0 seconds
I1010 10:36:06.269766 345916928 cql_service.cc:141] CQL processors limit: 54399
I1010 10:36:06.269860 345916928 service_pool.cc:149] yb.cqlserver.CQLServerService: yb::rpc::ServicePoolImpl created at 0x111dc86c0
I1010 10:36:06.269973 345916928 webserver.cc:353] Starting webserver on 127.0.0.3:12000
I1010 10:36:06.270000 345916928 webserver.cc:362] Document root: /Users/nag/yb/yb-admin/yugabyte-2.23.0.0/www
I1010 10:36:06.270040 345916928 webserver.cc:348] Webserver listen spec is 127.0.0.3:12000
I1010 10:36:06.270191 345916928 webserver.cc:468] Webserver started. Bound to: http://127.0.0.3:12000/
I1010 10:36:06.270274 86421504 consensus_meta.cc:361] T 9b45d3f9024e43b58a591ec35594430e P 23d881032c1249bd803e401a539be0e2: Updating active role from FOLLOWER to FOLLOWER. Consensus state: current_term: 1 leader_uuid: "" config { opid_index: 4 peers { permanent_uuid: "23d881032c1249bd803e401a539be0e2" member_type: VOTER last_known_private_addr { host: "127.0.0.3" port: 9100 } cloud_info { placement_cloud: "cloud1" placement_region: "datacenter1" placement_zone: "rack1" } } peers { permanent_uuid: "6b460ba950654300b6c50d93f25aea31" member_type: VOTER last_known_private_addr { host: "127.0.0.2" port: 9100 } cloud_info { placement_cloud: "cloud1" placement_region: "datacenter1" placement_zone: "rack1" } } peers { permanent_uuid: "d5c37cb1777946179e6692ee5e504715" member_type: VOTER last_known_private_addr { host: "127.0.0.1" port: 9100 } cloud_info { placement_cloud: "cloud1" placement_region: "datacenter1" placement_zone: "rack1" } } }, has_pending_config = 0
W1010 10:36:06.270390 87494656 log_util.cc:241] Could not read footer for segment: /Users/nag/yb/yugabyte-data/node3/yb-data/tserver/wals/table-f80c17935cc9489ab3c6c05dceb25976/tablet-30fedb9fed834e6d975c43711c3f6fd9/wal-000000001: Not found (yb/consensus/log_util.cc:581): Footer not found. Footer magic doesn't match
I1010 10:36:06.270365 86421504 raft_consensus.cc:498] T 9b45d3f9024e43b58a591ec35594430e P 23d881032c1249bd803e401a539be0e2 [term 1 FOLLOWER]: Replica starting. Triggering 0 pending operations. Active config: opid_index: 4 peers { permanent_uuid: "23d881032c1249bd803e401a539be0e2" member_type: VOTER last_known_private_addr { host: "127.0.0.3" port: 9100 } cloud_info { placement_cloud: "cloud1" placement_region: "datacenter1" placement_zone: "rack1" } } peers { permanent_uuid: "6b460ba950654300b6c50d93f25aea31" member_type: VOTER last_known_private_addr { host: "127.0.0.2" port: 9100 } cloud_info { placement_cloud: "cloud1" placement_region: "datacenter1" placement_zone: "rack1" } } peers { permanent_uuid: "d5c37cb1777946179e6692ee5e504715" member_type: VOTER last_known_private_addr { host: "127.0.0.1" port: 9100 } cloud_info { placement_cloud: "cloud1" placement_region: "datacenter1" placement_zone: "rack1" } }
I1010 10:36:06.270408 345916928 service_pool.cc:149] yb.server.GenericService: yb::rpc::ServicePoolImpl created at 0x111dc8900
W1010 10:36:06.270442 87494656 log_reader.cc:217] T 30fedb9fed834e6d975c43711c3f6fd9 P 23d881032c1249bd803e401a539be0e2: Log segment /Users/nag/yb/yugabyte-data/node3/yb-data/tserver/wals/table-f80c17935cc9489ab3c6c05dceb25976/tablet-30fedb9fed834e6d975c43711c3f6fd9/wal-000000001 was likely left in-progressafter a previous crash. Will try to reuse this segment as writable active segment
I1010 10:36:06.270474 86421504 raft_consensus.cc:1135] T 9b45d3f9024e43b58a591ec35594430e P 23d881032c1249bd803e401a539be0e2 [term 1 FOLLOWER]: Becoming Follower/Learner. State: Replica: 23d881032c1249bd803e401a539be0e2, State: 1, Role: FOLLOWER, Watermarks: {Received: 1.4 Committed: 1.4} Leader: 0.0, new leader: , initial_fd_wait: <uninitialized>
I1010 10:36:06.270539 87494656 log.cc:722] T 30fedb9fed834e6d975c43711c3f6fd9 P 23d881032c1249bd803e401a539be0e2: Opened existing logs. Last segment is /Users/nag/yb/yugabyte-data/node3/yb-data/tserver/wals/table-f80c17935cc9489ab3c6c05dceb25976/tablet-30fedb9fed834e6d975c43711c3f6fd9/wal-000000001
I1010 10:36:06.270625 87494656 tablet_bootstrap.cc:396] T 30fedb9fed834e6d975c43711c3f6fd9 P 23d881032c1249bd803e401a539be0e2: Bootstrap optimizer (skip_flushed_entries): op_id_replay_lowest=-1.-1 (regular_op_id=-1.-1, intents_op_id=-1.-1, has_intents_db=0)
I1010 10:36:06.270602 86421504 consensus_meta.cc:361] T 9b45d3f9024e43b58a591ec35594430e P 23d881032c1249bd803e401a539be0e2: Updating active role from FOLLOWER to FOLLOWER. Consensus state: current_term: 1 leader_uuid: "" config { opid_index: 4 peers { permanent_uuid: "23d881032c1249bd803e401a539be0e2" member_type: VOTER last_known_private_addr { host: "127.0.0.3" port: 9100 } cloud_info { placement_cloud: "cloud1" placement_region: "datacenter1" placement_zone: "rack1" } } peers { permanent_uuid: "6b460ba950654300b6c50d93f25aea31" member_type: VOTER last_known_private_addr { host: "127.0.0.2" port: 9100 } cloud_info { placement_cloud: "cloud1" placement_region: "datacenter1" placement_zone: "rack1" } } peers { permanent_uuid: "d5c37cb1777946179e6692ee5e504715" member_type: VOTER last_known_private_addr { host: "127.0.0.1" port: 9100 } cloud_info { placement_cloud: "cloud1" placement_region: "datacenter1" placement_zone: "rack1" } } }, has_pending_config = 0
I1010 10:36:06.270666 87494656 tablet_bootstrap.cc:1461] T 30fedb9fed834e6d975c43711c3f6fd9 P 23d881032c1249bd803e401a539be0e2: Segment /Users/nag/yb/yugabyte-data/node3/yb-data/tserver/wals/table-f80c17935cc9489ab3c6c05dceb25976/tablet-30fedb9fed834e6d975c43711c3f6fd9/wal-000000001 cannot be used as the first segment to start replay with according to our OpId and retention criteria. However, this is already the earliest segment so we have to start replay here. We should probably investigate how we got into this situation. op_id=1.1, op_id_replay_lowest=-1.-1, last_op_id_in_retryable_requests=0.0, first_op_time=161871.366s, retryable_requests_retain_interval=60.000s, *retryable_requests_replay_from_this_or_earlier_time=161811.366s, is_first_op_id_low_enough_for_retryable_requests=0, is_first_op_time_early_enough_for_retryable_requests=0, is_first_op_id_low_enough=0
I1010 10:36:06.270702 345916928 rpc_server.cc:167] RPC server started. Bound to: 127.0.0.3:9042
I1010 10:36:06.270711 86421504 consensus_queue.cc:270] T 9b45d3f9024e43b58a591ec35594430e P 23d881032c1249bd803e401a539be0e2 [NON_LEADER]: Queue going to NON_LEADER mode. State: All replicated op: 0.0, Majority replicated op: 0.0, Committed index: 0.0, Last applied: 0.0, Last appended: 1.4, Current term: 0, Majority size: -1, State: QUEUE_OPEN, Mode: NON_LEADER
I1010 10:36:06.270722 87494656 tablet_bootstrap.cc:1476] T 30fedb9fed834e6d975c43711c3f6fd9 P 23d881032c1249bd803e401a539be0e2: Bootstrap optimizer (skip_flushed_entries): will replay all segments starting from the very first one.
I1010 10:36:06.270761 345916928 tablet_server_main_impl.cc:364] CQL server successfully started.
I1010 10:36:06.270792 86421504 raft_consensus.cc:3519] T 9b45d3f9024e43b58a591ec35594430e P 23d881032c1249bd803e401a539be0e2 [term 1 FOLLOWER]: Calling mark dirty synchronously for reason code CONSENSUS_STARTED
I1010 10:36:06.270867 86958080 log_util.cc:841] Found no log entry headers
I1010 10:36:06.270900 87494656 log_util.cc:797] Scanning /Users/nag/yb/yugabyte-data/node3/yb-data/tserver/wals/table-f80c17935cc9489ab3c6c05dceb25976/tablet-30fedb9fed834e6d975c43711c3f6fd9/wal-000000001 for valid entry headers following offset 2092...
I1010 10:36:06.270901 86958080 log_util.cc:702] Ignoring partially flushed segment in write ahead log /Users/nag/yb/yugabyte-data/node3/yb-data/tserver/wals/table-f80c17935cc9489ab3c6c05dceb25976/tablet-541698385c044c6ab901cf03bad66398/wal-000000001 because there are no log entries following this one. The server probably crashed in the middle of writing an entry to the write-ahead log or downloaded an active log via remote bootstrap. Error detail: Corruption (yb/consensus/log_util.cc:912): Invalid checksum in log entry head header: found=0, computed=2351477386: Failed trying to read batch #11 at offset 2008 for log segment /Users/nag/yb/yugabyte-data/node3/yb-data/tserver/wals/table-f80c17935cc9489ab3c6c05dceb25976/tablet-541698385c044c6ab901cf03bad66398/wal-000000001: Prior batch offsets: 1350 1376 1982 2008; Last log entries read: [REPLICATE (1.2)] [REPLICATE (2.3)] [REPLICATE (2.4)] [REPLICATE (2.5)]
I1010 10:36:06.271062 86421504 tablet_peer.cc:1643] T 9b45d3f9024e43b58a591ec35594430e P 23d881032c1249bd803e401a539be0e2 [state=RUNNING]: Changed state from BOOTSTRAPPING to RUNNING
I1010 10:36:06.271241 86421504 tablet_peer.cc:1516] T 9b45d3f9024e43b58a591ec35594430e P 23d881032c1249bd803e401a539be0e2 [state=RUNNING]: Registered log gc
I1010 10:36:06.271289 86421504 ts_tablet_manager.cc:2063] T 9b45d3f9024e43b58a591ec35594430e P 23d881032c1249bd803e401a539be0e2: Time spent starting tablet: real 0.003s	user 0.001s	sys 0.001s
I1010 10:36:06.271308 86958080 tablet_bootstrap_if.cc:96] T 541698385c044c6ab901cf03bad66398 P 23d881032c1249bd803e401a539be0e2: Bootstrap replayed 1/1 log segments. Read operations: 5, overwritten operations: 0. Pending: 1 replicates. Last read committed op id: 2.5, last entry metadata: { entry_time: 187108.116s offset: 1376 active_segment_sequence_number: 1 }, last read entry op id: 2.5
I1010 10:36:06.271330 86421504 ts_tablet_manager.cc:3478] Deleted transition in progress opening tablet for tablet 9b45d3f9024e43b58a591ec35594430e
I1010 10:36:06.271353 86958080 tablet_bootstrap.cc:1654] T 541698385c044c6ab901cf03bad66398 P 23d881032c1249bd803e401a539be0e2: Dumping replay state to log at the end of PlaySegments
I1010 10:36:06.271405 86958080 tablet_bootstrap.cc:1212] T 541698385c044c6ab901cf03bad66398 P 23d881032c1249bd803e401a539be0e2: ReplayState: Previous OpId: 2.5, Committed OpId: 2.5, Pending Replicates: 0, Flushed Regular: -1.-1, Flushed Intents: -1.-1
I1010 10:36:06.271427 86958080 tablet_bootstrap.cc:1212] T 541698385c044c6ab901cf03bad66398 P 23d881032c1249bd803e401a539be0e2: Log entries applied to RocksDB: 5
I1010 10:36:06.271449 86958080 tablet_bootstrap.cc:1666] T 541698385c044c6ab901cf03bad66398 P 23d881032c1249bd803e401a539be0e2: Number of orphaned replicates: 0, last id: 2.5, committed id: 2.5
I1010 10:36:06.272223 87494656 log_util.cc:841] Found no log entry headers
I1010 10:36:06.272258 87494656 log_util.cc:702] Ignoring partially flushed segment in write ahead log /Users/nag/yb/yugabyte-data/node3/yb-data/tserver/wals/table-f80c17935cc9489ab3c6c05dceb25976/tablet-30fedb9fed834e6d975c43711c3f6fd9/wal-000000001 because there are no log entries following this one. The server probably crashed in the middle of writing an entry to the write-ahead log or downloaded an active log via remote bootstrap. Error detail: Corruption (yb/consensus/log_util.cc:912): Invalid checksum in log entry head header: found=0, computed=2351477386: Failed trying to read batch #13 at offset 2092 for log segment /Users/nag/yb/yugabyte-data/node3/yb-data/tserver/wals/table-f80c17935cc9489ab3c6c05dceb25976/tablet-30fedb9fed834e6d975c43711c3f6fd9/wal-000000001: Prior batch offsets: 1982 2008 2066 2092; Last log entries read: [REPLICATE (3.3)] [REPLICATE (3.4)] [REPLICATE (3.5)] [REPLICATE (4.6)]
I1010 10:36:06.272363 86958080 tablet_bootstrap_if.cc:96] T 541698385c044c6ab901cf03bad66398 P 23d881032c1249bd803e401a539be0e2: Bootstrap complete.
I1010 10:36:06.272468 86958080 log_util.cc:797] Scanning /Users/nag/yb/yugabyte-data/node3/yb-data/tserver/wals/table-f80c17935cc9489ab3c6c05dceb25976/tablet-541698385c044c6ab901cf03bad66398/wal-000000001 for valid entry headers following offset 2008...
I1010 10:36:06.272537 87494656 tablet_bootstrap_if.cc:96] T 30fedb9fed834e6d975c43711c3f6fd9 P 23d881032c1249bd803e401a539be0e2: Bootstrap replayed 1/1 log segments. Read operations: 6, overwritten operations: 0. Pending: 1 replicates. Last read committed op id: 4.6, last entry metadata: { entry_time: 191536.550s offset: 2008 active_segment_sequence_number: 1 }, last read entry op id: 4.6
I1010 10:36:06.272590 87494656 tablet_bootstrap.cc:1654] T 30fedb9fed834e6d975c43711c3f6fd9 P 23d881032c1249bd803e401a539be0e2: Dumping replay state to log at the end of PlaySegments
I1010 10:36:06.272617 87494656 tablet_bootstrap.cc:1212] T 30fedb9fed834e6d975c43711c3f6fd9 P 23d881032c1249bd803e401a539be0e2: ReplayState: Previous OpId: 4.6, Committed OpId: 4.6, Pending Replicates: 0, Flushed Regular: -1.-1, Flushed Intents: -1.-1
I1010 10:36:06.272639 87494656 tablet_bootstrap.cc:1212] T 30fedb9fed834e6d975c43711c3f6fd9 P 23d881032c1249bd803e401a539be0e2: Log entries applied to RocksDB: 6
I1010 10:36:06.272657 87494656 tablet_bootstrap.cc:1666] T 30fedb9fed834e6d975c43711c3f6fd9 P 23d881032c1249bd803e401a539be0e2: Number of orphaned replicates: 0, last id: 4.6, committed id: 4.6
I1010 10:36:06.272842 86958080 log_util.cc:841] Found no log entry headers
I1010 10:36:06.272877 86958080 log_util.cc:702] Ignoring partially flushed segment in write ahead log /Users/nag/yb/yugabyte-data/node3/yb-data/tserver/wals/table-f80c17935cc9489ab3c6c05dceb25976/tablet-541698385c044c6ab901cf03bad66398/wal-000000001 because there are no log entries following this one. The server probably crashed in the middle of writing an entry to the write-ahead log or downloaded an active log via remote bootstrap. Error detail: Corruption (yb/consensus/log_util.cc:912): Invalid checksum in log entry head header: found=0, computed=2351477386: Failed trying to read batch #11 at offset 2008 for log segment /Users/nag/yb/yugabyte-data/node3/yb-data/tserver/wals/table-f80c17935cc9489ab3c6c05dceb25976/tablet-541698385c044c6ab901cf03bad66398/wal-000000001: Prior batch offsets: 1350 1376 1982 2008; Last log entries read: [REPLICATE (1.2)] [REPLICATE (2.3)] [REPLICATE (2.4)] [REPLICATE (2.5)]
I1010 10:36:06.272984 86958080 log.cc:1112] Successfully restored footer_builder_ and log_index_ for segment: /Users/nag/yb/yugabyte-data/node3/yb-data/tserver/wals/table-f80c17935cc9489ab3c6c05dceb25976/tablet-541698385c044c6ab901cf03bad66398/wal-000000001. Reopen the file for write with starting offset: 2008
I1010 10:36:06.273025 86958080 log.cc:1461] T 541698385c044c6ab901cf03bad66398 P 23d881032c1249bd803e401a539be0e2: Setting log wal retention time to 0 seconds
I1010 10:36:06.273080 86958080 ts_tablet_manager.cc:1982] T 541698385c044c6ab901cf03bad66398 P 23d881032c1249bd803e401a539be0e2: Time spent bootstrapping tablet: real 0.019s	user 0.002s	sys 0.004s
I1010 10:36:06.273422 87494656 tablet_bootstrap_if.cc:96] T 30fedb9fed834e6d975c43711c3f6fd9 P 23d881032c1249bd803e401a539be0e2: Bootstrap complete.
I1010 10:36:06.273547 87494656 log_util.cc:797] Scanning /Users/nag/yb/yugabyte-data/node3/yb-data/tserver/wals/table-f80c17935cc9489ab3c6c05dceb25976/tablet-30fedb9fed834e6d975c43711c3f6fd9/wal-000000001 for valid entry headers following offset 2092...
I1010 10:36:06.274130 87494656 log_util.cc:841] Found no log entry headers
I1010 10:36:06.274163 87494656 log_util.cc:702] Ignoring partially flushed segment in write ahead log /Users/nag/yb/yugabyte-data/node3/yb-data/tserver/wals/table-f80c17935cc9489ab3c6c05dceb25976/tablet-30fedb9fed834e6d975c43711c3f6fd9/wal-000000001 because there are no log entries following this one. The server probably crashed in the middle of writing an entry to the write-ahead log or downloaded an active log via remote bootstrap. Error detail: Corruption (yb/consensus/log_util.cc:912): Invalid checksum in log entry head header: found=0, computed=2351477386: Failed trying to read batch #13 at offset 2092 for log segment /Users/nag/yb/yugabyte-data/node3/yb-data/tserver/wals/table-f80c17935cc9489ab3c6c05dceb25976/tablet-30fedb9fed834e6d975c43711c3f6fd9/wal-000000001: Prior batch offsets: 1982 2008 2066 2092; Last log entries read: [REPLICATE (3.3)] [REPLICATE (3.4)] [REPLICATE (3.5)] [REPLICATE (4.6)]
I1010 10:36:06.274260 87494656 log.cc:1112] Successfully restored footer_builder_ and log_index_ for segment: /Users/nag/yb/yugabyte-data/node3/yb-data/tserver/wals/table-f80c17935cc9489ab3c6c05dceb25976/tablet-30fedb9fed834e6d975c43711c3f6fd9/wal-000000001. Reopen the file for write with starting offset: 2092
I1010 10:36:06.274312 87494656 log.cc:1461] T 30fedb9fed834e6d975c43711c3f6fd9 P 23d881032c1249bd803e401a539be0e2: Setting log wal retention time to 0 seconds
I1010 10:36:06.274358 87494656 ts_tablet_manager.cc:1982] T 30fedb9fed834e6d975c43711c3f6fd9 P 23d881032c1249bd803e401a539be0e2: Time spent bootstrapping tablet: real 0.006s	user 0.001s	sys 0.003s
I1010 10:36:06.274607 88031232 tablet_bootstrap_if.cc:96] T 4c1e255cf37d4de58ed9d6a6f32e7473 P 23d881032c1249bd803e401a539be0e2: Bootstrap replayed 2/3 log segments. Read operations: 22, overwritten operations: 0. Pending: 1 replicates. Last read committed op id: 1.21, last entry metadata: { entry_time: 190807.792s offset: 2446 active_segment_sequence_number: 2 }, last read entry op id: 1.22
I1010 10:36:06.274690 88031232 log_util.cc:797] Scanning /Users/nag/yb/yugabyte-data/node3/yb-data/tserver/wals/table-f80c17935cc9489ab3c6c05dceb25976/tablet-4c1e255cf37d4de58ed9d6a6f32e7473/wal-000000003 for valid entry headers following offset 608...
I1010 10:36:06.274734 88031232 log_util.cc:841] Found no log entry headers
I1010 10:36:06.274752 88031232 log_util.cc:702] Ignoring partially flushed segment in write ahead log /Users/nag/yb/yugabyte-data/node3/yb-data/tserver/wals/table-f80c17935cc9489ab3c6c05dceb25976/tablet-4c1e255cf37d4de58ed9d6a6f32e7473/wal-000000003 because there are no log entries following this one. The server probably crashed in the middle of writing an entry to the write-ahead log or downloaded an active log via remote bootstrap. Error detail: Corruption (yb/consensus/log_util.cc:912): Invalid checksum in log entry head header: found=0, computed=2351477386: Failed trying to read batch #10 at offset 608 for log segment /Users/nag/yb/yugabyte-data/node3/yb-data/tserver/wals/table-f80c17935cc9489ab3c6c05dceb25976/tablet-4c1e255cf37d4de58ed9d6a6f32e7473/wal-000000003: Prior batch offsets: 498 524 582 608; Last log entries read: [REPLICATE (1.23)] [REPLICATE (1.24)] [REPLICATE (1.25)] [REPLICATE (2.26)]
I1010 10:36:06.274739 86958080 consensus_meta.cc:361] T 541698385c044c6ab901cf03bad66398 P 23d881032c1249bd803e401a539be0e2: Updating active role from FOLLOWER to FOLLOWER. Consensus state: current_term: 2 leader_uuid: "" config { opid_index: 5 peers { permanent_uuid: "23d881032c1249bd803e401a539be0e2" member_type: VOTER last_known_private_addr { host: "127.0.0.3" port: 9100 } cloud_info { placement_cloud: "cloud1" placement_region: "datacenter1" placement_zone: "rack1" } } peers { permanent_uuid: "6b460ba950654300b6c50d93f25aea31" member_type: VOTER last_known_private_addr { host: "127.0.0.2" port: 9100 } cloud_info { placement_cloud: "cloud1" placement_region: "datacenter1" placement_zone: "rack1" } } peers { permanent_uuid: "d5c37cb1777946179e6692ee5e504715" member_type: VOTER last_known_private_addr { host: "127.0.0.1" port: 9100 } cloud_info { placement_cloud: "cloud1" placement_region: "datacenter1" placement_zone: "rack1" } } }, has_pending_config = 0
I1010 10:36:06.274801 88031232 tablet_bootstrap_if.cc:96] T 4c1e255cf37d4de58ed9d6a6f32e7473 P 23d881032c1249bd803e401a539be0e2: Bootstrap replayed 3/3 log segments. Read operations: 26, overwritten operations: 0. Pending: 1 replicates. Last read committed op id: 2.26, last entry metadata: { entry_time: 191536.376s offset: 524 active_segment_sequence_number: 3 }, last read entry op id: 2.26
I1010 10:36:06.274825 88031232 tablet_bootstrap.cc:1654] T 4c1e255cf37d4de58ed9d6a6f32e7473 P 23d881032c1249bd803e401a539be0e2: Dumping replay state to log at the end of PlaySegments
I1010 10:36:06.274849 88031232 tablet_bootstrap.cc:1212] T 4c1e255cf37d4de58ed9d6a6f32e7473 P 23d881032c1249bd803e401a539be0e2: ReplayState: Previous OpId: 2.26, Committed OpId: 2.26, Pending Replicates: 0, Flushed Regular: -1.-1, Flushed Intents: -1.-1
I1010 10:36:06.274832 86958080 raft_consensus.cc:498] T 541698385c044c6ab901cf03bad66398 P 23d881032c1249bd803e401a539be0e2 [term 2 FOLLOWER]: Replica starting. Triggering 0 pending operations. Active config: opid_index: 5 peers { permanent_uuid: "23d881032c1249bd803e401a539be0e2" member_type: VOTER last_known_private_addr { host: "127.0.0.3" port: 9100 } cloud_info { placement_cloud: "cloud1" placement_region: "datacenter1" placement_zone: "rack1" } } peers { permanent_uuid: "6b460ba950654300b6c50d93f25aea31" member_type: VOTER last_known_private_addr { host: "127.0.0.2" port: 9100 } cloud_info { placement_cloud: "cloud1" placement_region: "datacenter1" placement_zone: "rack1" } } peers { permanent_uuid: "d5c37cb1777946179e6692ee5e504715" member_type: VOTER last_known_private_addr { host: "127.0.0.1" port: 9100 } cloud_info { placement_cloud: "cloud1" placement_region: "datacenter1" placement_zone: "rack1" } }
I1010 10:36:06.274873 88031232 tablet_bootstrap.cc:1212] T 4c1e255cf37d4de58ed9d6a6f32e7473 P 23d881032c1249bd803e401a539be0e2: Log entries applied to RocksDB: 26
I1010 10:36:06.274930 86958080 raft_consensus.cc:1135] T 541698385c044c6ab901cf03bad66398 P 23d881032c1249bd803e401a539be0e2 [term 2 FOLLOWER]: Becoming Follower/Learner. State: Replica: 23d881032c1249bd803e401a539be0e2, State: 1, Role: FOLLOWER, Watermarks: {Received: 2.5 Committed: 2.5} Leader: 0.0, new leader: , initial_fd_wait: <uninitialized>
I1010 10:36:06.274960 88031232 tablet_bootstrap.cc:1666] T 4c1e255cf37d4de58ed9d6a6f32e7473 P 23d881032c1249bd803e401a539be0e2: Number of orphaned replicates: 0, last id: 2.26, committed id: 2.26
I1010 10:36:06.274989 86958080 consensus_meta.cc:361] T 541698385c044c6ab901cf03bad66398 P 23d881032c1249bd803e401a539be0e2: Updating active role from FOLLOWER to FOLLOWER. Consensus state: current_term: 2 leader_uuid: "" config { opid_index: 5 peers { permanent_uuid: "23d881032c1249bd803e401a539be0e2" member_type: VOTER last_known_private_addr { host: "127.0.0.3" port: 9100 } cloud_info { placement_cloud: "cloud1" placement_region: "datacenter1" placement_zone: "rack1" } } peers { permanent_uuid: "6b460ba950654300b6c50d93f25aea31" member_type: VOTER last_known_private_addr { host: "127.0.0.2" port: 9100 } cloud_info { placement_cloud: "cloud1" placement_region: "datacenter1" placement_zone: "rack1" } } peers { permanent_uuid: "d5c37cb1777946179e6692ee5e504715" member_type: VOTER last_known_private_addr { host: "127.0.0.1" port: 9100 } cloud_info { placement_cloud: "cloud1" placement_region: "datacenter1" placement_zone: "rack1" } } }, has_pending_config = 0
I1010 10:36:06.275060 86958080 consensus_queue.cc:270] T 541698385c044c6ab901cf03bad66398 P 23d881032c1249bd803e401a539be0e2 [NON_LEADER]: Queue going to NON_LEADER mode. State: All replicated op: 0.0, Majority replicated op: 0.0, Committed index: 0.0, Last applied: 0.0, Last appended: 2.5, Current term: 0, Majority size: -1, State: QUEUE_OPEN, Mode: NON_LEADER
I1010 10:36:06.275105 86958080 raft_consensus.cc:3519] T 541698385c044c6ab901cf03bad66398 P 23d881032c1249bd803e401a539be0e2 [term 2 FOLLOWER]: Calling mark dirty synchronously for reason code CONSENSUS_STARTED
