I1010 10:36:06.246665 86421504 log_util.cc:702] Ignoring partially flushed segment in write ahead log /Users/nag/yb/yugabyte-data/node3/yb-data/tserver/wals/table-f80c17935cc9489ab3c6c05dceb25976/tablet-db3b3178db1849c4b3ebbe53840c6b02/wal-000000001 because there are no log entries following this one. The server probably crashed in the middle of writing an entry to the write-ahead log or downloaded an active log via remote bootstrap. Error detail: Corruption (yb/consensus/log_util.cc:912): Invalid checksum in log entry head header: found=0, computed=2351477386: Failed trying to read batch #11 at offset 2008 for log segment /Users/nag/yb/yugabyte-data/node3/yb-data/tserver/wals/table-f80c17935cc9489ab3c6c05dceb25976/tablet-db3b3178db1849c4b3ebbe53840c6b02/wal-000000001: Prior batch offsets: 1898 1924 1982 2008; Last log entries read: [REPLICATE (1.2)] [REPLICATE (1.3)] [REPLICATE (1.4)] [REPLICATE (3.5)]
I1010 10:36:06.246769 86421504 log.cc:1112] Successfully restored footer_builder_ and log_index_ for segment: /Users/nag/yb/yugabyte-data/node3/yb-data/tserver/wals/table-f80c17935cc9489ab3c6c05dceb25976/tablet-db3b3178db1849c4b3ebbe53840c6b02/wal-000000001. Reopen the file for write with starting offset: 2008
I1010 10:36:06.246803 86421504 log.cc:1461] T db3b3178db1849c4b3ebbe53840c6b02 P 23d881032c1249bd803e401a539be0e2: Setting log wal retention time to 0 seconds
I1010 10:36:06.246863 86421504 ts_tablet_manager.cc:1982] T db3b3178db1849c4b3ebbe53840c6b02 P 23d881032c1249bd803e401a539be0e2: Time spent bootstrapping tablet: real 0.010s	user 0.002s	sys 0.005s
I1010 10:36:06.246909 86958080 tablet_bootstrap_if.cc:96] T 769c8b8690e648df93f41c693d55ebc3 P 23d881032c1249bd803e401a539be0e2: Bootstrap complete.
I1010 10:36:06.247182 88031232 log_util.cc:841] Found no log entry headers
I1010 10:36:06.247220 88031232 log_util.cc:702] Ignoring partially flushed segment in write ahead log /Users/nag/yb/yugabyte-data/node3/yb-data/tserver/wals/table-f80c17935cc9489ab3c6c05dceb25976/tablet-54eeee0960454077a8ed85a75d38bc29/wal-000000001 because there are no log entries following this one. The server probably crashed in the middle of writing an entry to the write-ahead log or downloaded an active log via remote bootstrap. Error detail: Corruption (yb/consensus/log_util.cc:912): Invalid checksum in log entry head header: found=0, computed=2351477386: Failed trying to read batch #11 at offset 2046 for log segment /Users/nag/yb/yugabyte-data/node3/yb-data/tserver/wals/table-f80c17935cc9489ab3c6c05dceb25976/tablet-54eeee0960454077a8ed85a75d38bc29/wal-000000001: Prior batch offsets: 1388 1414 2020 2046; Last log entries read: [REPLICATE (3.3)] [REPLICATE (4.4)] [REPLICATE (4.5)] [REPLICATE (4.6)]
I1010 10:36:06.247222 86958080 log_util.cc:797] Scanning /Users/nag/yb/yugabyte-data/node3/yb-data/tserver/wals/table-f80c17935cc9489ab3c6c05dceb25976/tablet-769c8b8690e648df93f41c693d55ebc3/wal-000000001 for valid entry headers following offset 4465...
I1010 10:36:06.247504 85884928 tablet_bootstrap_if.cc:96] T 60dd6403c44b41109fa083272368d0d0 P 23d881032c1249bd803e401a539be0e2: Bootstrap complete.
I1010 10:36:06.247563 88031232 tablet_bootstrap_if.cc:96] T 54eeee0960454077a8ed85a75d38bc29 P 23d881032c1249bd803e401a539be0e2: Bootstrap replayed 1/1 log segments. Read operations: 6, overwritten operations: 0. Pending: 1 replicates. Last read committed op id: 4.6, last entry metadata: { entry_time: 187109.123s offset: 1414 active_segment_sequence_number: 1 }, last read entry op id: 4.6
I1010 10:36:06.247619 85884928 log_util.cc:797] Scanning /Users/nag/yb/yugabyte-data/node3/yb-data/tserver/wals/table-f80c17935cc9489ab3c6c05dceb25976/tablet-60dd6403c44b41109fa083272368d0d0/wal-000000001 for valid entry headers following offset 2008...
I1010 10:36:06.247627 88031232 tablet_bootstrap.cc:1654] T 54eeee0960454077a8ed85a75d38bc29 P 23d881032c1249bd803e401a539be0e2: Dumping replay state to log at the end of PlaySegments
I1010 10:36:06.247637 86958080 log_util.cc:841] Found no log entry headers
I1010 10:36:06.247685 88031232 tablet_bootstrap.cc:1212] T 54eeee0960454077a8ed85a75d38bc29 P 23d881032c1249bd803e401a539be0e2: ReplayState: Previous OpId: 4.6, Committed OpId: 4.6, Pending Replicates: 0, Flushed Regular: -1.-1, Flushed Intents: -1.-1
I1010 10:36:06.247721 86958080 log_util.cc:702] Ignoring partially flushed segment in write ahead log /Users/nag/yb/yugabyte-data/node3/yb-data/tserver/wals/table-f80c17935cc9489ab3c6c05dceb25976/tablet-769c8b8690e648df93f41c693d55ebc3/wal-000000001 because there are no log entries following this one. The server probably crashed in the middle of writing an entry to the write-ahead log or downloaded an active log via remote bootstrap. Error detail: Corruption (yb/consensus/log_util.cc:912): Invalid checksum in log entry head header: found=0, computed=2351477386: Failed trying to read batch #47 at offset 4465 for log segment /Users/nag/yb/yugabyte-data/node3/yb-data/tserver/wals/table-f80c17935cc9489ab3c6c05dceb25976/tablet-769c8b8690e648df93f41c693d55ebc3/wal-000000001: Prior batch offsets: 4355 4381 4439 4465; Last log entries read: [REPLICATE (4.21)] [REPLICATE (4.22)] [REPLICATE (4.23)] [REPLICATE (5.24)]
I1010 10:36:06.247771 88031232 tablet_bootstrap.cc:1212] T 54eeee0960454077a8ed85a75d38bc29 P 23d881032c1249bd803e401a539be0e2: Log entries applied to RocksDB: 6
I1010 10:36:06.247824 88031232 tablet_bootstrap.cc:1666] T 54eeee0960454077a8ed85a75d38bc29 P 23d881032c1249bd803e401a539be0e2: Number of orphaned replicates: 0, last id: 4.6, committed id: 4.6
I1010 10:36:06.247903 86958080 log.cc:1112] Successfully restored footer_builder_ and log_index_ for segment: /Users/nag/yb/yugabyte-data/node3/yb-data/tserver/wals/table-f80c17935cc9489ab3c6c05dceb25976/tablet-769c8b8690e648df93f41c693d55ebc3/wal-000000001. Reopen the file for write with starting offset: 4465
I1010 10:36:06.247956 86958080 log.cc:1461] T 769c8b8690e648df93f41c693d55ebc3 P 23d881032c1249bd803e401a539be0e2: Setting log wal retention time to 0 seconds
I1010 10:36:06.248009 86958080 ts_tablet_manager.cc:1982] T 769c8b8690e648df93f41c693d55ebc3 P 23d881032c1249bd803e401a539be0e2: Time spent bootstrapping tablet: real 0.011s	user 0.002s	sys 0.005s
I1010 10:36:06.248037 85884928 log_util.cc:841] Found no log entry headers
I1010 10:36:06.248090 85884928 log_util.cc:702] Ignoring partially flushed segment in write ahead log /Users/nag/yb/yugabyte-data/node3/yb-data/tserver/wals/table-f80c17935cc9489ab3c6c05dceb25976/tablet-60dd6403c44b41109fa083272368d0d0/wal-000000001 because there are no log entries following this one. The server probably crashed in the middle of writing an entry to the write-ahead log or downloaded an active log via remote bootstrap. Error detail: Corruption (yb/consensus/log_util.cc:912): Invalid checksum in log entry head header: found=0, computed=2351477386: Failed trying to read batch #11 at offset 2008 for log segment /Users/nag/yb/yugabyte-data/node3/yb-data/tserver/wals/table-f80c17935cc9489ab3c6c05dceb25976/tablet-60dd6403c44b41109fa083272368d0d0/wal-000000001: Prior batch offsets: 1898 1924 1982 2008; Last log entries read: [REPLICATE (1.2)] [REPLICATE (1.3)] [REPLICATE (1.4)] [REPLICATE (3.5)]
I1010 10:36:06.248193 85884928 log.cc:1112] Successfully restored footer_builder_ and log_index_ for segment: /Users/nag/yb/yugabyte-data/node3/yb-data/tserver/wals/table-f80c17935cc9489ab3c6c05dceb25976/tablet-60dd6403c44b41109fa083272368d0d0/wal-000000001. Reopen the file for write with starting offset: 2008
I1010 10:36:06.248245 85884928 log.cc:1461] T 60dd6403c44b41109fa083272368d0d0 P 23d881032c1249bd803e401a539be0e2: Setting log wal retention time to 0 seconds
I1010 10:36:06.248286 85884928 ts_tablet_manager.cc:1982] T 60dd6403c44b41109fa083272368d0d0 P 23d881032c1249bd803e401a539be0e2: Time spent bootstrapping tablet: real 0.011s	user 0.002s	sys 0.005s
I1010 10:36:06.248914 88031232 tablet_bootstrap_if.cc:96] T 54eeee0960454077a8ed85a75d38bc29 P 23d881032c1249bd803e401a539be0e2: Bootstrap complete.
I1010 10:36:06.249066 88031232 log_util.cc:797] Scanning /Users/nag/yb/yugabyte-data/node3/yb-data/tserver/wals/table-f80c17935cc9489ab3c6c05dceb25976/tablet-54eeee0960454077a8ed85a75d38bc29/wal-000000001 for valid entry headers following offset 2046...
I1010 10:36:06.249624 88031232 log_util.cc:841] Found no log entry headers
I1010 10:36:06.249658 88031232 log_util.cc:702] Ignoring partially flushed segment in write ahead log /Users/nag/yb/yugabyte-data/node3/yb-data/tserver/wals/table-f80c17935cc9489ab3c6c05dceb25976/tablet-54eeee0960454077a8ed85a75d38bc29/wal-000000001 because there are no log entries following this one. The server probably crashed in the middle of writing an entry to the write-ahead log or downloaded an active log via remote bootstrap. Error detail: Corruption (yb/consensus/log_util.cc:912): Invalid checksum in log entry head header: found=0, computed=2351477386: Failed trying to read batch #11 at offset 2046 for log segment /Users/nag/yb/yugabyte-data/node3/yb-data/tserver/wals/table-f80c17935cc9489ab3c6c05dceb25976/tablet-54eeee0960454077a8ed85a75d38bc29/wal-000000001: Prior batch offsets: 1388 1414 2020 2046; Last log entries read: [REPLICATE (3.3)] [REPLICATE (4.4)] [REPLICATE (4.5)] [REPLICATE (4.6)]
I1010 10:36:06.249765 88031232 log.cc:1112] Successfully restored footer_builder_ and log_index_ for segment: /Users/nag/yb/yugabyte-data/node3/yb-data/tserver/wals/table-f80c17935cc9489ab3c6c05dceb25976/tablet-54eeee0960454077a8ed85a75d38bc29/wal-000000001. Reopen the file for write with starting offset: 2046
I1010 10:36:06.249804 88031232 log.cc:1461] T 54eeee0960454077a8ed85a75d38bc29 P 23d881032c1249bd803e401a539be0e2: Setting log wal retention time to 0 seconds
I1010 10:36:06.249948 84811776 consensus_meta.cc:361] T a46de9d55d6845f1baaa95baceeadfe7 P 23d881032c1249bd803e401a539be0e2: Updating active role from FOLLOWER to FOLLOWER. Consensus state: current_term: 3 leader_uuid: "" config { opid_index: 5 peers { permanent_uuid: "6b460ba950654300b6c50d93f25aea31" member_type: VOTER last_known_private_addr { host: "127.0.0.2" port: 9100 } cloud_info { placement_cloud: "cloud1" placement_region: "datacenter1" placement_zone: "rack1" } } peers { permanent_uuid: "d5c37cb1777946179e6692ee5e504715" member_type: VOTER last_known_private_addr { host: "127.0.0.1" port: 9100 } cloud_info { placement_cloud: "cloud1" placement_region: "datacenter1" placement_zone: "rack1" } } peers { permanent_uuid: "23d881032c1249bd803e401a539be0e2" member_type: VOTER last_known_private_addr { host: "127.0.0.3" port: 9100 } cloud_info { placement_cloud: "cloud1" placement_region: "datacenter1" placement_zone: "rack1" } } }, has_pending_config = 0
I1010 10:36:06.250001 88031232 ts_tablet_manager.cc:1982] T 54eeee0960454077a8ed85a75d38bc29 P 23d881032c1249bd803e401a539be0e2: Time spent bootstrapping tablet: real 0.011s	user 0.002s	sys 0.004s
I1010 10:36:06.250037 87494656 consensus_meta.cc:361] T 825df89ca459463f921e4a6d8e68a90d P 23d881032c1249bd803e401a539be0e2: Updating active role from FOLLOWER to FOLLOWER. Consensus state: current_term: 2 leader_uuid: "" config { opid_index: 4 peers { permanent_uuid: "6b460ba950654300b6c50d93f25aea31" member_type: VOTER last_known_private_addr { host: "127.0.0.2" port: 9100 } cloud_info { placement_cloud: "cloud1" placement_region: "datacenter1" placement_zone: "rack1" } } peers { permanent_uuid: "d5c37cb1777946179e6692ee5e504715" member_type: VOTER last_known_private_addr { host: "127.0.0.1" port: 9100 } cloud_info { placement_cloud: "cloud1" placement_region: "datacenter1" placement_zone: "rack1" } } peers { permanent_uuid: "23d881032c1249bd803e401a539be0e2" member_type: VOTER last_known_private_addr { host: "127.0.0.3" port: 9100 } cloud_info { placement_cloud: "cloud1" placement_region: "datacenter1" placement_zone: "rack1" } } }, has_pending_config = 0
I1010 10:36:06.250135 84811776 raft_consensus.cc:498] T a46de9d55d6845f1baaa95baceeadfe7 P 23d881032c1249bd803e401a539be0e2 [term 3 FOLLOWER]: Replica starting. Triggering 0 pending operations. Active config: opid_index: 5 peers { permanent_uuid: "6b460ba950654300b6c50d93f25aea31" member_type: VOTER last_known_private_addr { host: "127.0.0.2" port: 9100 } cloud_info { placement_cloud: "cloud1" placement_region: "datacenter1" placement_zone: "rack1" } } peers { permanent_uuid: "d5c37cb1777946179e6692ee5e504715" member_type: VOTER last_known_private_addr { host: "127.0.0.1" port: 9100 } cloud_info { placement_cloud: "cloud1" placement_region: "datacenter1" placement_zone: "rack1" } } peers { permanent_uuid: "23d881032c1249bd803e401a539be0e2" member_type: VOTER last_known_private_addr { host: "127.0.0.3" port: 9100 } cloud_info { placement_cloud: "cloud1" placement_region: "datacenter1" placement_zone: "rack1" } }
I1010 10:36:06.250191 87494656 raft_consensus.cc:498] T 825df89ca459463f921e4a6d8e68a90d P 23d881032c1249bd803e401a539be0e2 [term 2 FOLLOWER]: Replica starting. Triggering 0 pending operations. Active config: opid_index: 4 peers { permanent_uuid: "6b460ba950654300b6c50d93f25aea31" member_type: VOTER last_known_private_addr { host: "127.0.0.2" port: 9100 } cloud_info { placement_cloud: "cloud1" placement_region: "datacenter1" placement_zone: "rack1" } } peers { permanent_uuid: "d5c37cb1777946179e6692ee5e504715" member_type: VOTER last_known_private_addr { host: "127.0.0.1" port: 9100 } cloud_info { placement_cloud: "cloud1" placement_region: "datacenter1" placement_zone: "rack1" } } peers { permanent_uuid: "23d881032c1249bd803e401a539be0e2" member_type: VOTER last_known_private_addr { host: "127.0.0.3" port: 9100 } cloud_info { placement_cloud: "cloud1" placement_region: "datacenter1" placement_zone: "rack1" } }
I1010 10:36:06.250255 84811776 raft_consensus.cc:1135] T a46de9d55d6845f1baaa95baceeadfe7 P 23d881032c1249bd803e401a539be0e2 [term 3 FOLLOWER]: Becoming Follower/Learner. State: Replica: 23d881032c1249bd803e401a539be0e2, State: 1, Role: FOLLOWER, Watermarks: {Received: 3.5 Committed: 3.5} Leader: 0.0, new leader: , initial_fd_wait: <uninitialized>
I1010 10:36:06.250309 87494656 raft_consensus.cc:1135] T 825df89ca459463f921e4a6d8e68a90d P 23d881032c1249bd803e401a539be0e2 [term 2 FOLLOWER]: Becoming Follower/Learner. State: Replica: 23d881032c1249bd803e401a539be0e2, State: 1, Role: FOLLOWER, Watermarks: {Received: 2.29 Committed: 2.29} Leader: 0.0, new leader: , initial_fd_wait: <uninitialized>
I1010 10:36:06.250434 84811776 consensus_meta.cc:361] T a46de9d55d6845f1baaa95baceeadfe7 P 23d881032c1249bd803e401a539be0e2: Updating active role from FOLLOWER to FOLLOWER. Consensus state: current_term: 3 leader_uuid: "" config { opid_index: 5 peers { permanent_uuid: "6b460ba950654300b6c50d93f25aea31" member_type: VOTER last_known_private_addr { host: "127.0.0.2" port: 9100 } cloud_info { placement_cloud: "cloud1" placement_region: "datacenter1" placement_zone: "rack1" } } peers { permanent_uuid: "d5c37cb1777946179e6692ee5e504715" member_type: VOTER last_known_private_addr { host: "127.0.0.1" port: 9100 } cloud_info { placement_cloud: "cloud1" placement_region: "datacenter1" placement_zone: "rack1" } } peers { permanent_uuid: "23d881032c1249bd803e401a539be0e2" member_type: VOTER last_known_private_addr { host: "127.0.0.3" port: 9100 } cloud_info { placement_cloud: "cloud1" placement_region: "datacenter1" placement_zone: "rack1" } } }, has_pending_config = 0
I1010 10:36:06.250463 87494656 consensus_meta.cc:361] T 825df89ca459463f921e4a6d8e68a90d P 23d881032c1249bd803e401a539be0e2: Updating active role from FOLLOWER to FOLLOWER. Consensus state: current_term: 2 leader_uuid: "" config { opid_index: 4 peers { permanent_uuid: "6b460ba950654300b6c50d93f25aea31" member_type: VOTER last_known_private_addr { host: "127.0.0.2" port: 9100 } cloud_info { placement_cloud: "cloud1" placement_region: "datacenter1" placement_zone: "rack1" } } peers { permanent_uuid: "d5c37cb1777946179e6692ee5e504715" member_type: VOTER last_known_private_addr { host: "127.0.0.1" port: 9100 } cloud_info { placement_cloud: "cloud1" placement_region: "datacenter1" placement_zone: "rack1" } } peers { permanent_uuid: "23d881032c1249bd803e401a539be0e2" member_type: VOTER last_known_private_addr { host: "127.0.0.3" port: 9100 } cloud_info { placement_cloud: "cloud1" placement_region: "datacenter1" placement_zone: "rack1" } } }, has_pending_config = 0
I1010 10:36:06.250514 84811776 consensus_queue.cc:270] T a46de9d55d6845f1baaa95baceeadfe7 P 23d881032c1249bd803e401a539be0e2 [NON_LEADER]: Queue going to NON_LEADER mode. State: All replicated op: 0.0, Majority replicated op: 0.0, Committed index: 0.0, Last applied: 0.0, Last appended: 3.5, Current term: 0, Majority size: -1, State: QUEUE_OPEN, Mode: NON_LEADER
W1010 10:36:06.250546 345916928 pg_wrapper.cc:590] No hba configuration lines found, defaulting to trust all configuration.
I1010 10:36:06.250524 88567808 consensus_meta.cc:361] T 8078024ab93e4400a14d8399046d9f99 P 23d881032c1249bd803e401a539be0e2: Updating active role from FOLLOWER to FOLLOWER. Consensus state: current_term: 4 leader_uuid: "" config { opid_index: 5 peers { permanent_uuid: "6b460ba950654300b6c50d93f25aea31" member_type: VOTER last_known_private_addr { host: "127.0.0.2" port: 9100 } cloud_info { placement_cloud: "cloud1" placement_region: "datacenter1" placement_zone: "rack1" } } peers { permanent_uuid: "d5c37cb1777946179e6692ee5e504715" member_type: VOTER last_known_private_addr { host: "127.0.0.1" port: 9100 } cloud_info { placement_cloud: "cloud1" placement_region: "datacenter1" placement_zone: "rack1" } } peers { permanent_uuid: "23d881032c1249bd803e401a539be0e2" member_type: VOTER last_known_private_addr { host: "127.0.0.3" port: 9100 } cloud_info { placement_cloud: "cloud1" placement_region: "datacenter1" placement_zone: "rack1" } } }, has_pending_config = 0
I1010 10:36:06.250576 87494656 consensus_queue.cc:270] T 825df89ca459463f921e4a6d8e68a90d P 23d881032c1249bd803e401a539be0e2 [NON_LEADER]: Queue going to NON_LEADER mode. State: All replicated op: 0.0, Majority replicated op: 0.0, Committed index: 0.0, Last applied: 0.0, Last appended: 2.29, Current term: 0, Majority size: -1, State: QUEUE_OPEN, Mode: NON_LEADER
I1010 10:36:06.250615 84811776 raft_consensus.cc:3519] T a46de9d55d6845f1baaa95baceeadfe7 P 23d881032c1249bd803e401a539be0e2 [term 3 FOLLOWER]: Calling mark dirty synchronously for reason code CONSENSUS_STARTED
I1010 10:36:06.250618 85884928 consensus_meta.cc:361] T 60dd6403c44b41109fa083272368d0d0 P 23d881032c1249bd803e401a539be0e2: Updating active role from FOLLOWER to FOLLOWER. Consensus state: current_term: 3 leader_uuid: "" config { opid_index: 4 peers { permanent_uuid: "23d881032c1249bd803e401a539be0e2" member_type: VOTER last_known_private_addr { host: "127.0.0.3" port: 9100 } cloud_info { placement_cloud: "cloud1" placement_region: "datacenter1" placement_zone: "rack1" } } peers { permanent_uuid: "6b460ba950654300b6c50d93f25aea31" member_type: VOTER last_known_private_addr { host: "127.0.0.2" port: 9100 } cloud_info { placement_cloud: "cloud1" placement_region: "datacenter1" placement_zone: "rack1" } } peers { permanent_uuid: "d5c37cb1777946179e6692ee5e504715" member_type: VOTER last_known_private_addr { host: "127.0.0.1" port: 9100 } cloud_info { placement_cloud: "cloud1" placement_region: "datacenter1" placement_zone: "rack1" } } }, has_pending_config = 0
I1010 10:36:06.250641 86958080 consensus_meta.cc:361] T 769c8b8690e648df93f41c693d55ebc3 P 23d881032c1249bd803e401a539be0e2: Updating active role from FOLLOWER to FOLLOWER. Consensus state: current_term: 5 leader_uuid: "" config { opid_index: 6 peers { permanent_uuid: "23d881032c1249bd803e401a539be0e2" member_type: VOTER last_known_private_addr { host: "127.0.0.3" port: 9100 } cloud_info { placement_cloud: "cloud1" placement_region: "datacenter1" placement_zone: "rack1" } } peers { permanent_uuid: "d5c37cb1777946179e6692ee5e504715" member_type: VOTER last_known_private_addr { host: "127.0.0.1" port: 9100 } cloud_info { placement_cloud: "cloud1" placement_region: "datacenter1" placement_zone: "rack1" } } peers { permanent_uuid: "6b460ba950654300b6c50d93f25aea31" member_type: VOTER last_known_private_addr { host: "127.0.0.2" port: 9100 } cloud_info { placement_cloud: "cloud1" placement_region: "datacenter1" placement_zone: "rack1" } } }, has_pending_config = 0
I1010 10:36:06.250669 88567808 raft_consensus.cc:498] T 8078024ab93e4400a14d8399046d9f99 P 23d881032c1249bd803e401a539be0e2 [term 4 FOLLOWER]: Replica starting. Triggering 0 pending operations. Active config: opid_index: 5 peers { permanent_uuid: "6b460ba950654300b6c50d93f25aea31" member_type: VOTER last_known_private_addr { host: "127.0.0.2" port: 9100 } cloud_info { placement_cloud: "cloud1" placement_region: "datacenter1" placement_zone: "rack1" } } peers { permanent_uuid: "d5c37cb1777946179e6692ee5e504715" member_type: VOTER last_known_private_addr { host: "127.0.0.1" port: 9100 } cloud_info { placement_cloud: "cloud1" placement_region: "datacenter1" placement_zone: "rack1" } } peers { permanent_uuid: "23d881032c1249bd803e401a539be0e2" member_type: VOTER last_known_private_addr { host: "127.0.0.3" port: 9100 } cloud_info { placement_cloud: "cloud1" placement_region: "datacenter1" placement_zone: "rack1" } }
I1010 10:36:06.250696 87494656 raft_consensus.cc:3519] T 825df89ca459463f921e4a6d8e68a90d P 23d881032c1249bd803e401a539be0e2 [term 2 FOLLOWER]: Calling mark dirty synchronously for reason code CONSENSUS_STARTED
I1010 10:36:06.250749 85884928 raft_consensus.cc:498] T 60dd6403c44b41109fa083272368d0d0 P 23d881032c1249bd803e401a539be0e2 [term 3 FOLLOWER]: Replica starting. Triggering 0 pending operations. Active config: opid_index: 4 peers { permanent_uuid: "23d881032c1249bd803e401a539be0e2" member_type: VOTER last_known_private_addr { host: "127.0.0.3" port: 9100 } cloud_info { placement_cloud: "cloud1" placement_region: "datacenter1" placement_zone: "rack1" } } peers { permanent_uuid: "6b460ba950654300b6c50d93f25aea31" member_type: VOTER last_known_private_addr { host: "127.0.0.2" port: 9100 } cloud_info { placement_cloud: "cloud1" placement_region: "datacenter1" placement_zone: "rack1" } } peers { permanent_uuid: "d5c37cb1777946179e6692ee5e504715" member_type: VOTER last_known_private_addr { host: "127.0.0.1" port: 9100 } cloud_info { placement_cloud: "cloud1" placement_region: "datacenter1" placement_zone: "rack1" } }
I1010 10:36:06.250808 86958080 raft_consensus.cc:498] T 769c8b8690e648df93f41c693d55ebc3 P 23d881032c1249bd803e401a539be0e2 [term 5 FOLLOWER]: Replica starting. Triggering 0 pending operations. Active config: opid_index: 6 peers { permanent_uuid: "23d881032c1249bd803e401a539be0e2" member_type: VOTER last_known_private_addr { host: "127.0.0.3" port: 9100 } cloud_info { placement_cloud: "cloud1" placement_region: "datacenter1" placement_zone: "rack1" } } peers { permanent_uuid: "d5c37cb1777946179e6692ee5e504715" member_type: VOTER last_known_private_addr { host: "127.0.0.1" port: 9100 } cloud_info { placement_cloud: "cloud1" placement_region: "datacenter1" placement_zone: "rack1" } } peers { permanent_uuid: "6b460ba950654300b6c50d93f25aea31" member_type: VOTER last_known_private_addr { host: "127.0.0.2" port: 9100 } cloud_info { placement_cloud: "cloud1" placement_region: "datacenter1" placement_zone: "rack1" } }
I1010 10:36:06.250839 88567808 raft_consensus.cc:1135] T 8078024ab93e4400a14d8399046d9f99 P 23d881032c1249bd803e401a539be0e2 [term 4 FOLLOWER]: Becoming Follower/Learner. State: Replica: 23d881032c1249bd803e401a539be0e2, State: 1, Role: FOLLOWER, Watermarks: {Received: 4.6 Committed: 4.6} Leader: 0.0, new leader: , initial_fd_wait: <uninitialized>
I1010 10:36:06.250886 84811776 tablet_peer.cc:1643] T a46de9d55d6845f1baaa95baceeadfe7 P 23d881032c1249bd803e401a539be0e2 [state=RUNNING]: Changed state from BOOTSTRAPPING to RUNNING
I1010 10:36:06.250913 85884928 raft_consensus.cc:1135] T 60dd6403c44b41109fa083272368d0d0 P 23d881032c1249bd803e401a539be0e2 [term 3 FOLLOWER]: Becoming Follower/Learner. State: Replica: 23d881032c1249bd803e401a539be0e2, State: 1, Role: FOLLOWER, Watermarks: {Received: 3.5 Committed: 3.5} Leader: 0.0, new leader: , initial_fd_wait: <uninitialized>
I1010 10:36:06.250927 91250688 heartbeater.cc:379] P 23d881032c1249bd803e401a539be0e2: Registering TS with master...
I1010 10:36:06.250945 345916928 pg_wrapper.cc:614] No user name mapping configuration lines found.
I1010 10:36:06.250944 86958080 raft_consensus.cc:1135] T 769c8b8690e648df93f41c693d55ebc3 P 23d881032c1249bd803e401a539be0e2 [term 5 FOLLOWER]: Becoming Follower/Learner. State: Replica: 23d881032c1249bd803e401a539be0e2, State: 1, Role: FOLLOWER, Watermarks: {Received: 5.24 Committed: 5.24} Leader: 0.0, new leader: , initial_fd_wait: <uninitialized>
I1010 10:36:06.250999 88567808 consensus_meta.cc:361] T 8078024ab93e4400a14d8399046d9f99 P 23d881032c1249bd803e401a539be0e2: Updating active role from FOLLOWER to FOLLOWER. Consensus state: current_term: 4 leader_uuid: "" config { opid_index: 5 peers { permanent_uuid: "6b460ba950654300b6c50d93f25aea31" member_type: VOTER last_known_private_addr { host: "127.0.0.2" port: 9100 } cloud_info { placement_cloud: "cloud1" placement_region: "datacenter1" placement_zone: "rack1" } } peers { permanent_uuid: "d5c37cb1777946179e6692ee5e504715" member_type: VOTER last_known_private_addr { host: "127.0.0.1" port: 9100 } cloud_info { placement_cloud: "cloud1" placement_region: "datacenter1" placement_zone: "rack1" } } peers { permanent_uuid: "23d881032c1249bd803e401a539be0e2" member_type: VOTER last_known_private_addr { host: "127.0.0.3" port: 9100 } cloud_info { placement_cloud: "cloud1" placement_region: "datacenter1" placement_zone: "rack1" } } }, has_pending_config = 0
I1010 10:36:06.251044 87494656 tablet_peer.cc:1643] T 825df89ca459463f921e4a6d8e68a90d P 23d881032c1249bd803e401a539be0e2 [state=RUNNING]: Changed state from BOOTSTRAPPING to RUNNING
I1010 10:36:06.251060 85884928 consensus_meta.cc:361] T 60dd6403c44b41109fa083272368d0d0 P 23d881032c1249bd803e401a539be0e2: Updating active role from FOLLOWER to FOLLOWER. Consensus state: current_term: 3 leader_uuid: "" config { opid_index: 4 peers { permanent_uuid: "23d881032c1249bd803e401a539be0e2" member_type: VOTER last_known_private_addr { host: "127.0.0.3" port: 9100 } cloud_info { placement_cloud: "cloud1" placement_region: "datacenter1" placement_zone: "rack1" } } peers { permanent_uuid: "6b460ba950654300b6c50d93f25aea31" member_type: VOTER last_known_private_addr { host: "127.0.0.2" port: 9100 } cloud_info { placement_cloud: "cloud1" placement_region: "datacenter1" placement_zone: "rack1" } } peers { permanent_uuid: "d5c37cb1777946179e6692ee5e504715" member_type: VOTER last_known_private_addr { host: "127.0.0.1" port: 9100 } cloud_info { placement_cloud: "cloud1" placement_region: "datacenter1" placement_zone: "rack1" } } }, has_pending_config = 0
I1010 10:36:06.251098 91250688 server_base.cc:598] Using private rpc address 127.0.0.3
I1010 10:36:06.251166 86958080 consensus_meta.cc:361] T 769c8b8690e648df93f41c693d55ebc3 P 23d881032c1249bd803e401a539be0e2: Updating active role from FOLLOWER to FOLLOWER. Consensus state: current_term: 5 leader_uuid: "" config { opid_index: 6 peers { permanent_uuid: "23d881032c1249bd803e401a539be0e2" member_type: VOTER last_known_private_addr { host: "127.0.0.3" port: 9100 } cloud_info { placement_cloud: "cloud1" placement_region: "datacenter1" placement_zone: "rack1" } } peers { permanent_uuid: "d5c37cb1777946179e6692ee5e504715" member_type: VOTER last_known_private_addr { host: "127.0.0.1" port: 9100 } cloud_info { placement_cloud: "cloud1" placement_region: "datacenter1" placement_zone: "rack1" } } peers { permanent_uuid: "6b460ba950654300b6c50d93f25aea31" member_type: VOTER last_known_private_addr { host: "127.0.0.2" port: 9100 } cloud_info { placement_cloud: "cloud1" placement_region: "datacenter1" placement_zone: "rack1" } } }, has_pending_config = 0
I1010 10:36:06.251235 88567808 consensus_queue.cc:270] T 8078024ab93e4400a14d8399046d9f99 P 23d881032c1249bd803e401a539be0e2 [NON_LEADER]: Queue going to NON_LEADER mode. State: All replicated op: 0.0, Majority replicated op: 0.0, Committed index: 0.0, Last applied: 0.0, Last appended: 4.6, Current term: 0, Majority size: -1, State: QUEUE_OPEN, Mode: NON_LEADER
I1010 10:36:06.251303 85884928 consensus_queue.cc:270] T 60dd6403c44b41109fa083272368d0d0 P 23d881032c1249bd803e401a539be0e2 [NON_LEADER]: Queue going to NON_LEADER mode. State: All replicated op: 0.0, Majority replicated op: 0.0, Committed index: 0.0, Last applied: 0.0, Last appended: 3.5, Current term: 0, Majority size: -1, State: QUEUE_OPEN, Mode: NON_LEADER
I1010 10:36:06.251315 84811776 tablet_peer.cc:1516] T a46de9d55d6845f1baaa95baceeadfe7 P 23d881032c1249bd803e401a539be0e2 [state=RUNNING]: Registered log gc
I1010 10:36:06.251325 87494656 tablet_peer.cc:1516] T 825df89ca459463f921e4a6d8e68a90d P 23d881032c1249bd803e401a539be0e2 [state=RUNNING]: Registered log gc
I1010 10:36:06.251314 86421504 consensus_meta.cc:361] T db3b3178db1849c4b3ebbe53840c6b02 P 23d881032c1249bd803e401a539be0e2: Updating active role from FOLLOWER to FOLLOWER. Consensus state: current_term: 3 leader_uuid: "" config { opid_index: 4 peers { permanent_uuid: "23d881032c1249bd803e401a539be0e2" member_type: VOTER last_known_private_addr { host: "127.0.0.3" port: 9100 } cloud_info { placement_cloud: "cloud1" placement_region: "datacenter1" placement_zone: "rack1" } } peers { permanent_uuid: "d5c37cb1777946179e6692ee5e504715" member_type: VOTER last_known_private_addr { host: "127.0.0.1" port: 9100 } cloud_info { placement_cloud: "cloud1" placement_region: "datacenter1" placement_zone: "rack1" } } peers { permanent_uuid: "6b460ba950654300b6c50d93f25aea31" member_type: VOTER last_known_private_addr { host: "127.0.0.2" port: 9100 } cloud_info { placement_cloud: "cloud1" placement_region: "datacenter1" placement_zone: "rack1" } } }, has_pending_config = 0
I1010 10:36:06.251348 91250688 server_base.cc:620] Using http address 127.0.0.3
I1010 10:36:06.251386 86958080 consensus_queue.cc:270] T 769c8b8690e648df93f41c693d55ebc3 P 23d881032c1249bd803e401a539be0e2 [NON_LEADER]: Queue going to NON_LEADER mode. State: All replicated op: 0.0, Majority replicated op: 0.0, Committed index: 0.0, Last applied: 0.0, Last appended: 5.24, Current term: 0, Majority size: -1, State: QUEUE_OPEN, Mode: NON_LEADER
I1010 10:36:06.251410 88567808 raft_consensus.cc:3519] T 8078024ab93e4400a14d8399046d9f99 P 23d881032c1249bd803e401a539be0e2 [term 4 FOLLOWER]: Calling mark dirty synchronously for reason code CONSENSUS_STARTED
I1010 10:36:06.251441 85884928 raft_consensus.cc:3519] T 60dd6403c44b41109fa083272368d0d0 P 23d881032c1249bd803e401a539be0e2 [term 3 FOLLOWER]: Calling mark dirty synchronously for reason code CONSENSUS_STARTED
I1010 10:36:06.251473 84811776 ts_tablet_manager.cc:2063] T a46de9d55d6845f1baaa95baceeadfe7 P 23d881032c1249bd803e401a539be0e2: Time spent starting tablet: real 0.006s	user 0.004s	sys 0.002s
I1010 10:36:06.251497 87494656 ts_tablet_manager.cc:2063] T 825df89ca459463f921e4a6d8e68a90d P 23d881032c1249bd803e401a539be0e2: Time spent starting tablet: real 0.005s	user 0.001s	sys 0.001s
I1010 10:36:06.251538 86421504 raft_consensus.cc:498] T db3b3178db1849c4b3ebbe53840c6b02 P 23d881032c1249bd803e401a539be0e2 [term 3 FOLLOWER]: Replica starting. Triggering 0 pending operations. Active config: opid_index: 4 peers { permanent_uuid: "23d881032c1249bd803e401a539be0e2" member_type: VOTER last_known_private_addr { host: "127.0.0.3" port: 9100 } cloud_info { placement_cloud: "cloud1" placement_region: "datacenter1" placement_zone: "rack1" } } peers { permanent_uuid: "d5c37cb1777946179e6692ee5e504715" member_type: VOTER last_known_private_addr { host: "127.0.0.1" port: 9100 } cloud_info { placement_cloud: "cloud1" placement_region: "datacenter1" placement_zone: "rack1" } } peers { permanent_uuid: "6b460ba950654300b6c50d93f25aea31" member_type: VOTER last_known_private_addr { host: "127.0.0.2" port: 9100 } cloud_info { placement_cloud: "cloud1" placement_region: "datacenter1" placement_zone: "rack1" } }
I1010 10:36:06.251595 86958080 raft_consensus.cc:3519] T 769c8b8690e648df93f41c693d55ebc3 P 23d881032c1249bd803e401a539be0e2 [term 5 FOLLOWER]: Calling mark dirty synchronously for reason code CONSENSUS_STARTED
I1010 10:36:06.251616 88567808 tablet_peer.cc:1643] T 8078024ab93e4400a14d8399046d9f99 P 23d881032c1249bd803e401a539be0e2 [state=RUNNING]: Changed state from BOOTSTRAPPING to RUNNING
I1010 10:36:06.251648 85884928 tablet_peer.cc:1643] T 60dd6403c44b41109fa083272368d0d0 P 23d881032c1249bd803e401a539be0e2 [state=RUNNING]: Changed state from BOOTSTRAPPING to RUNNING
I1010 10:36:06.251744 84811776 ts_tablet_manager.cc:3478] Deleted transition in progress opening tablet for tablet a46de9d55d6845f1baaa95baceeadfe7
I1010 10:36:06.251754 87494656 ts_tablet_manager.cc:3478] Deleted transition in progress opening tablet for tablet 825df89ca459463f921e4a6d8e68a90d
I1010 10:36:06.251811 86421504 raft_consensus.cc:1135] T db3b3178db1849c4b3ebbe53840c6b02 P 23d881032c1249bd803e401a539be0e2 [term 3 FOLLOWER]: Becoming Follower/Learner. State: Replica: 23d881032c1249bd803e401a539be0e2, State: 1, Role: FOLLOWER, Watermarks: {Received: 3.5 Committed: 3.5} Leader: 0.0, new leader: , initial_fd_wait: <uninitialized>
I1010 10:36:06.251863 86958080 tablet_peer.cc:1643] T 769c8b8690e648df93f41c693d55ebc3 P 23d881032c1249bd803e401a539be0e2 [state=RUNNING]: Changed state from BOOTSTRAPPING to RUNNING
I1010 10:36:06.251940 88567808 tablet_peer.cc:1516] T 8078024ab93e4400a14d8399046d9f99 P 23d881032c1249bd803e401a539be0e2 [state=RUNNING]: Registered log gc
I1010 10:36:06.252027 85884928 tablet_peer.cc:1516] T 60dd6403c44b41109fa083272368d0d0 P 23d881032c1249bd803e401a539be0e2 [state=RUNNING]: Registered log gc
I1010 10:36:06.252035 84811776 ts_tablet_manager.cc:1936] T 46569f1a6c8746acb9da222b34f086b5 P 23d881032c1249bd803e401a539be0e2: Bootstrapping tablet
I1010 10:36:06.252071 87494656 ts_tablet_manager.cc:1936] T c09c8a2af076408b8083ae6bfc2a671e P 23d881032c1249bd803e401a539be0e2: Bootstrapping tablet
I1010 10:36:06.252084 86421504 consensus_meta.cc:361] T db3b3178db1849c4b3ebbe53840c6b02 P 23d881032c1249bd803e401a539be0e2: Updating active role from FOLLOWER to FOLLOWER. Consensus state: current_term: 3 leader_uuid: "" config { opid_index: 4 peers { permanent_uuid: "23d881032c1249bd803e401a539be0e2" member_type: VOTER last_known_private_addr { host: "127.0.0.3" port: 9100 } cloud_info { placement_cloud: "cloud1" placement_region: "datacenter1" placement_zone: "rack1" } } peers { permanent_uuid: "d5c37cb1777946179e6692ee5e504715" member_type: VOTER last_known_private_addr { host: "127.0.0.1" port: 9100 } cloud_info { placement_cloud: "cloud1" placement_region: "datacenter1" placement_zone: "rack1" } } peers { permanent_uuid: "6b460ba950654300b6c50d93f25aea31" member_type: VOTER last_known_private_addr { host: "127.0.0.2" port: 9100 } cloud_info { placement_cloud: "cloud1" placement_region: "datacenter1" placement_zone: "rack1" } } }, has_pending_config = 0
I1010 10:36:06.252128 86958080 tablet_peer.cc:1516] T 769c8b8690e648df93f41c693d55ebc3 P 23d881032c1249bd803e401a539be0e2 [state=RUNNING]: Registered log gc
I1010 10:36:06.252174 88567808 ts_tablet_manager.cc:2063] T 8078024ab93e4400a14d8399046d9f99 P 23d881032c1249bd803e401a539be0e2: Time spent starting tablet: real 0.006s	user 0.001s	sys 0.001s
I1010 10:36:06.252207 85884928 ts_tablet_manager.cc:2063] T 60dd6403c44b41109fa083272368d0d0 P 23d881032c1249bd803e401a539be0e2: Time spent starting tablet: real 0.004s	user 0.001s	sys 0.001s
I1010 10:36:06.252336 86421504 consensus_queue.cc:270] T db3b3178db1849c4b3ebbe53840c6b02 P 23d881032c1249bd803e401a539be0e2 [NON_LEADER]: Queue going to NON_LEADER mode. State: All replicated op: 0.0, Majority replicated op: 0.0, Committed index: 0.0, Last applied: 0.0, Last appended: 3.5, Current term: 0, Majority size: -1, State: QUEUE_OPEN, Mode: NON_LEADER
W1010 10:36:06.252359 91250688 heartbeater.cc:671] P 23d881032c1249bd803e401a539be0e2: Failed to heartbeat to 127.0.0.3:7100: Remote error (yb/rpc/outbound_call.cc:561): Failed to send heartbeat: Invalid argument (yb/master/master_heartbeat_service.cc:251): Received wrong universe_uuid 21b2e3d0-495a-4149-9f2a-913ddeb95eff, expected 7252bc1a-cf22-48a4-9dd6-459a6f24aa4e (rpc error 1) tries=4, num=3, masters=0x000000010f42a8b8 -> [[127.0.0.1:7100], [127.0.0.2:7100], [127.0.0.3:7100]], code=Remote error
I1010 10:36:06.252343 88031232 consensus_meta.cc:361] T 54eeee0960454077a8ed85a75d38bc29 P 23d881032c1249bd803e401a539be0e2: Updating active role from FOLLOWER to FOLLOWER. Consensus state: current_term: 4 leader_uuid: "" config { opid_index: 6 peers { permanent_uuid: "23d881032c1249bd803e401a539be0e2" member_type: VOTER last_known_private_addr { host: "127.0.0.3" port: 9100 } cloud_info { placement_cloud: "cloud1" placement_region: "datacenter1" placement_zone: "rack1" } } peers { permanent_uuid: "6b460ba950654300b6c50d93f25aea31" member_type: VOTER last_known_private_addr { host: "127.0.0.2" port: 9100 } cloud_info { placement_cloud: "cloud1" placement_region: "datacenter1" placement_zone: "rack1" } } peers { permanent_uuid: "d5c37cb1777946179e6692ee5e504715" member_type: VOTER last_known_private_addr { host: "127.0.0.1" port: 9100 } cloud_info { placement_cloud: "cloud1" placement_region: "datacenter1" placement_zone: "rack1" } } }, has_pending_config = 0
I1010 10:36:06.252384 86958080 ts_tablet_manager.cc:2063] T 769c8b8690e648df93f41c693d55ebc3 P 23d881032c1249bd803e401a539be0e2: Time spent starting tablet: real 0.004s	user 0.001s	sys 0.001s
I1010 10:36:06.252394 88567808 ts_tablet_manager.cc:3478] Deleted transition in progress opening tablet for tablet 8078024ab93e4400a14d8399046d9f99
I1010 10:36:06.252425 85884928 ts_tablet_manager.cc:3478] Deleted transition in progress opening tablet for tablet 60dd6403c44b41109fa083272368d0d0
I1010 10:36:06.252487 86421504 raft_consensus.cc:3519] T db3b3178db1849c4b3ebbe53840c6b02 P 23d881032c1249bd803e401a539be0e2 [term 3 FOLLOWER]: Calling mark dirty synchronously for reason code CONSENSUS_STARTED
I1010 10:36:06.252553 91250688 heartbeater.cc:379] P 23d881032c1249bd803e401a539be0e2: Registering TS with master...
I1010 10:36:06.252564 84811776 consensus_meta.cc:361] T 46569f1a6c8746acb9da222b34f086b5 P 23d881032c1249bd803e401a539be0e2: Updating active role from UNKNOWN_ROLE to FOLLOWER. Consensus state: current_term: 3 leader_uuid: "" config { opid_index: 4 peers { permanent_uuid: "23d881032c1249bd803e401a539be0e2" member_type: VOTER last_known_private_addr { host: "127.0.0.3" port: 9100 } cloud_info { placement_cloud: "cloud1" placement_region: "datacenter1" placement_zone: "rack1" } } peers { permanent_uuid: "6b460ba950654300b6c50d93f25aea31" member_type: VOTER last_known_private_addr { host: "127.0.0.2" port: 9100 } cloud_info { placement_cloud: "cloud1" placement_region: "datacenter1" placement_zone: "rack1" } } peers { permanent_uuid: "d5c37cb1777946179e6692ee5e504715" member_type: VOTER last_known_private_addr { host: "127.0.0.1" port: 9100 } cloud_info { placement_cloud: "cloud1" placement_region: "datacenter1" placement_zone: "rack1" } } }, has_pending_config = 0
I1010 10:36:06.252578 87494656 consensus_meta.cc:361] T c09c8a2af076408b8083ae6bfc2a671e P 23d881032c1249bd803e401a539be0e2: Updating active role from UNKNOWN_ROLE to FOLLOWER. Consensus state: current_term: 5 leader_uuid: "" config { opid_index: 6 peers { permanent_uuid: "23d881032c1249bd803e401a539be0e2" member_type: VOTER last_known_private_addr { host: "127.0.0.3" port: 9100 } cloud_info { placement_cloud: "cloud1" placement_region: "datacenter1" placement_zone: "rack1" } } peers { permanent_uuid: "6b460ba950654300b6c50d93f25aea31" member_type: VOTER last_known_private_addr { host: "127.0.0.2" port: 9100 } cloud_info { placement_cloud: "cloud1" placement_region: "datacenter1" placement_zone: "rack1" } } peers { permanent_uuid: "d5c37cb1777946179e6692ee5e504715" member_type: VOTER last_known_private_addr { host: "127.0.0.1" port: 9100 } cloud_info { placement_cloud: "cloud1" placement_region: "datacenter1" placement_zone: "rack1" } } }, has_pending_config = 0
I1010 10:36:06.252612 86958080 ts_tablet_manager.cc:3478] Deleted transition in progress opening tablet for tablet 769c8b8690e648df93f41c693d55ebc3
I1010 10:36:06.252605 88031232 raft_consensus.cc:498] T 54eeee0960454077a8ed85a75d38bc29 P 23d881032c1249bd803e401a539be0e2 [term 4 FOLLOWER]: Replica starting. Triggering 0 pending operations. Active config: opid_index: 6 peers { permanent_uuid: "23d881032c1249bd803e401a539be0e2" member_type: VOTER last_known_private_addr { host: "127.0.0.3" port: 9100 } cloud_info { placement_cloud: "cloud1" placement_region: "datacenter1" placement_zone: "rack1" } } peers { permanent_uuid: "6b460ba950654300b6c50d93f25aea31" member_type: VOTER last_known_private_addr { host: "127.0.0.2" port: 9100 } cloud_info { placement_cloud: "cloud1" placement_region: "datacenter1" placement_zone: "rack1" } } peers { permanent_uuid: "d5c37cb1777946179e6692ee5e504715" member_type: VOTER last_known_private_addr { host: "127.0.0.1" port: 9100 } cloud_info { placement_cloud: "cloud1" placement_region: "datacenter1" placement_zone: "rack1" } }
I1010 10:36:06.252643 88567808 ts_tablet_manager.cc:1936] T a818e973b4b04213a257872ca0183570 P 23d881032c1249bd803e401a539be0e2: Bootstrapping tablet
I1010 10:36:06.252666 85884928 ts_tablet_manager.cc:1936] T 7584006b2fba41cd828ac06782afeb03 P 23d881032c1249bd803e401a539be0e2: Bootstrapping tablet
I1010 10:36:06.252697 86421504 tablet_peer.cc:1643] T db3b3178db1849c4b3ebbe53840c6b02 P 23d881032c1249bd803e401a539be0e2 [state=RUNNING]: Changed state from BOOTSTRAPPING to RUNNING
I1010 10:36:06.252736 91250688 server_base.cc:598] Using private rpc address 127.0.0.3
I1010 10:36:06.252842 84811776 tablet_bootstrap_state_manager.cc:68] Initialized TabletBootstrapStateManager, found a file ? no, wal dir=/Users/nag/yb/yugabyte-data/node3/yb-data/tserver/wals/table-f80c17935cc9489ab3c6c05dceb25976/tablet-46569f1a6c8746acb9da222b34f086b5
I1010 10:36:06.252848 86958080 ts_tablet_manager.cc:1936] T 541698385c044c6ab901cf03bad66398 P 23d881032c1249bd803e401a539be0e2: Bootstrapping tablet
I1010 10:36:06.252894 87494656 tablet_bootstrap_state_manager.cc:68] Initialized TabletBootstrapStateManager, found a file ? no, wal dir=/Users/nag/yb/yugabyte-data/node3/yb-data/tserver/wals/table-f80c17935cc9489ab3c6c05dceb25976/tablet-c09c8a2af076408b8083ae6bfc2a671e
I1010 10:36:06.252897 88031232 raft_consensus.cc:1135] T 54eeee0960454077a8ed85a75d38bc29 P 23d881032c1249bd803e401a539be0e2 [term 4 FOLLOWER]: Becoming Follower/Learner. State: Replica: 23d881032c1249bd803e401a539be0e2, State: 1, Role: FOLLOWER, Watermarks: {Received: 4.6 Committed: 4.6} Leader: 0.0, new leader: , initial_fd_wait: <uninitialized>
I1010 10:36:06.252990 86421504 tablet_peer.cc:1516] T db3b3178db1849c4b3ebbe53840c6b02 P 23d881032c1249bd803e401a539be0e2 [state=RUNNING]: Registered log gc
I1010 10:36:06.253010 91250688 server_base.cc:620] Using http address 127.0.0.3
I1010 10:36:06.253049 84811776 tablet_peer.cc:1643] T 46569f1a6c8746acb9da222b34f086b5 P 23d881032c1249bd803e401a539be0e2 [state=BOOTSTRAPPING]: Changed state from NOT_STARTED to BOOTSTRAPPING
I1010 10:36:06.253113 88031232 consensus_meta.cc:361] T 54eeee0960454077a8ed85a75d38bc29 P 23d881032c1249bd803e401a539be0e2: Updating active role from FOLLOWER to FOLLOWER. Consensus state: current_term: 4 leader_uuid: "" config { opid_index: 6 peers { permanent_uuid: "23d881032c1249bd803e401a539be0e2" member_type: VOTER last_known_private_addr { host: "127.0.0.3" port: 9100 } cloud_info { placement_cloud: "cloud1" placement_region: "datacenter1" placement_zone: "rack1" } } peers { permanent_uuid: "6b460ba950654300b6c50d93f25aea31" member_type: VOTER last_known_private_addr { host: "127.0.0.2" port: 9100 } cloud_info { placement_cloud: "cloud1" placement_region: "datacenter1" placement_zone: "rack1" } } peers { permanent_uuid: "d5c37cb1777946179e6692ee5e504715" member_type: VOTER last_known_private_addr { host: "127.0.0.1" port: 9100 } cloud_info { placement_cloud: "cloud1" placement_region: "datacenter1" placement_zone: "rack1" } } }, has_pending_config = 0
I1010 10:36:06.253145 87494656 tablet_peer.cc:1643] T c09c8a2af076408b8083ae6bfc2a671e P 23d881032c1249bd803e401a539be0e2 [state=BOOTSTRAPPING]: Changed state from NOT_STARTED to BOOTSTRAPPING
I1010 10:36:06.253167 86421504 ts_tablet_manager.cc:2063] T db3b3178db1849c4b3ebbe53840c6b02 P 23d881032c1249bd803e401a539be0e2: Time spent starting tablet: real 0.006s	user 0.001s	sys 0.002s
I1010 10:36:06.253206 84811776 tablet_bootstrap_if.cc:96] T 46569f1a6c8746acb9da222b34f086b5 P 23d881032c1249bd803e401a539be0e2: Bootstrap starting.
I1010 10:36:06.253216 88567808 consensus_meta.cc:361] T a818e973b4b04213a257872ca0183570 P 23d881032c1249bd803e401a539be0e2: Updating active role from UNKNOWN_ROLE to FOLLOWER. Consensus state: current_term: 1 leader_uuid: "" config { opid_index: 4 peers { permanent_uuid: "23d881032c1249bd803e401a539be0e2" member_type: VOTER last_known_private_addr { host: "127.0.0.3" port: 9100 } cloud_info { placement_cloud: "cloud1" placement_region: "datacenter1" placement_zone: "rack1" } } peers { permanent_uuid: "d5c37cb1777946179e6692ee5e504715" member_type: VOTER last_known_private_addr { host: "127.0.0.1" port: 9100 } cloud_info { placement_cloud: "cloud1" placement_region: "datacenter1" placement_zone: "rack1" } } peers { permanent_uuid: "6b460ba950654300b6c50d93f25aea31" member_type: VOTER last_known_private_addr { host: "127.0.0.2" port: 9100 } cloud_info { placement_cloud: "cloud1" placement_region: "datacenter1" placement_zone: "rack1" } } }, has_pending_config = 0
I1010 10:36:06.253226 85884928 consensus_meta.cc:361] T 7584006b2fba41cd828ac06782afeb03 P 23d881032c1249bd803e401a539be0e2: Updating active role from UNKNOWN_ROLE to FOLLOWER. Consensus state: current_term: 3 leader_uuid: "" config { opid_index: 5 peers { permanent_uuid: "23d881032c1249bd803e401a539be0e2" member_type: VOTER last_known_private_addr { host: "127.0.0.3" port: 9100 } cloud_info { placement_cloud: "cloud1" placement_region: "datacenter1" placement_zone: "rack1" } } peers { permanent_uuid: "6b460ba950654300b6c50d93f25aea31" member_type: VOTER last_known_private_addr { host: "127.0.0.2" port: 9100 } cloud_info { placement_cloud: "cloud1" placement_region: "datacenter1" placement_zone: "rack1" } } peers { permanent_uuid: "d5c37cb1777946179e6692ee5e504715" member_type: VOTER last_known_private_addr { host: "127.0.0.1" port: 9100 } cloud_info { placement_cloud: "cloud1" placement_region: "datacenter1" placement_zone: "rack1" } } }, has_pending_config = 0
I1010 10:36:06.253273 87494656 tablet_bootstrap_if.cc:96] T c09c8a2af076408b8083ae6bfc2a671e P 23d881032c1249bd803e401a539be0e2: Bootstrap starting.
I1010 10:36:06.253274 88031232 consensus_queue.cc:270] T 54eeee0960454077a8ed85a75d38bc29 P 23d881032c1249bd803e401a539be0e2 [NON_LEADER]: Queue going to NON_LEADER mode. State: All replicated op: 0.0, Majority replicated op: 0.0, Committed index: 0.0, Last applied: 0.0, Last appended: 4.6, Current term: 0, Majority size: -1, State: QUEUE_OPEN, Mode: NON_LEADER
I1010 10:36:06.253302 86421504 ts_tablet_manager.cc:3478] Deleted transition in progress opening tablet for tablet db3b3178db1849c4b3ebbe53840c6b02
I1010 10:36:06.253345 86958080 consensus_meta.cc:361] T 541698385c044c6ab901cf03bad66398 P 23d881032c1249bd803e401a539be0e2: Updating active role from UNKNOWN_ROLE to FOLLOWER. Consensus state: current_term: 2 leader_uuid: "" config { opid_index: 5 peers { permanent_uuid: "23d881032c1249bd803e401a539be0e2" member_type: VOTER last_known_private_addr { host: "127.0.0.3" port: 9100 } cloud_info { placement_cloud: "cloud1" placement_region: "datacenter1" placement_zone: "rack1" } } peers { permanent_uuid: "6b460ba950654300b6c50d93f25aea31" member_type: VOTER last_known_private_addr { host: "127.0.0.2" port: 9100 } cloud_info { placement_cloud: "cloud1" placement_region: "datacenter1" placement_zone: "rack1" } } peers { permanent_uuid: "d5c37cb1777946179e6692ee5e504715" member_type: VOTER last_known_private_addr { host: "127.0.0.1" port: 9100 } cloud_info { placement_cloud: "cloud1" placement_region: "datacenter1" placement_zone: "rack1" } } }, has_pending_config = 0
I1010 10:36:06.253365 84811776 tablet.cc:637] T 46569f1a6c8746acb9da222b34f086b5 P 23d881032c1249bd803e401a539be0e2: Schema version for transactions is 0
I1010 10:36:06.253410 88567808 tablet_bootstrap_state_manager.cc:68] Initialized TabletBootstrapStateManager, found a file ? no, wal dir=/Users/nag/yb/yugabyte-data/node3/yb-data/tserver/wals/table-f80c17935cc9489ab3c6c05dceb25976/tablet-a818e973b4b04213a257872ca0183570
I1010 10:36:06.253454 85884928 tablet_bootstrap_state_manager.cc:68] Initialized TabletBootstrapStateManager, found a file ? no, wal dir=/Users/nag/yb/yugabyte-data/node3/yb-data/tserver/wals/table-f80c17935cc9489ab3c6c05dceb25976/tablet-7584006b2fba41cd828ac06782afeb03
I1010 10:36:06.253458 87494656 tablet.cc:637] T c09c8a2af076408b8083ae6bfc2a671e P 23d881032c1249bd803e401a539be0e2: Schema version for transactions is 0
I1010 10:36:06.253463 88031232 raft_consensus.cc:3519] T 54eeee0960454077a8ed85a75d38bc29 P 23d881032c1249bd803e401a539be0e2 [term 4 FOLLOWER]: Calling mark dirty synchronously for reason code CONSENSUS_STARTED
I1010 10:36:06.253481 86421504 ts_tablet_manager.cc:1936] T 9b45d3f9024e43b58a591ec35594430e P 23d881032c1249bd803e401a539be0e2: Bootstrapping tablet
