I1010 10:36:06.308691 88031232 log_util.cc:702] Ignoring partially flushed segment in write ahead log /Users/nag/yb/yugabyte-data/node3/yb-data/tserver/wals/table-0000400000003000800000000000400e/tablet-8b3b2a6029b04e9caafd3d0ecee41251/wal-000000001 because there are no log entries following this one. The server probably crashed in the middle of writing an entry to the write-ahead log or downloaded an active log via remote bootstrap. Error detail: Corruption (yb/consensus/log_util.cc:912): Invalid checksum in log entry head header: found=0, computed=2351477386: Failed trying to read batch #5 at offset 392 for log segment /Users/nag/yb/yugabyte-data/node3/yb-data/tserver/wals/table-0000400000003000800000000000400e/tablet-8b3b2a6029b04e9caafd3d0ecee41251/wal-000000001: Prior batch offsets: 276 304 364 392; Last log entries read: [REPLICATE (1.1)] [REPLICATE (2.2)]
I1010 10:36:06.308743 84811776 version_set.cc:2407] T 47b939d4eeae41109c7abd422a1cc910 P 23d881032c1249bd803e401a539be0e2 [R]: Creating manifest 5
W1010 10:36:06.308792 88567808 log_reader.cc:217] T 8e0f68212e424483898ada80f57d111e P 23d881032c1249bd803e401a539be0e2: Log segment /Users/nag/yb/yugabyte-data/node3/yb-data/tserver/wals/table-b9a0b9d79c3a45f4842ed441df7c3e59/tablet-8e0f68212e424483898ada80f57d111e/wal-000000001 was likely left in-progressafter a previous crash. Will try to reuse this segment as writable active segment
I1010 10:36:06.308912 88567808 log.cc:722] T 8e0f68212e424483898ada80f57d111e P 23d881032c1249bd803e401a539be0e2: Opened existing logs. Last segment is /Users/nag/yb/yugabyte-data/node3/yb-data/tserver/wals/table-b9a0b9d79c3a45f4842ed441df7c3e59/tablet-8e0f68212e424483898ada80f57d111e/wal-000000001
I1010 10:36:06.308938 88567808 tablet_bootstrap.cc:396] T 8e0f68212e424483898ada80f57d111e P 23d881032c1249bd803e401a539be0e2: Bootstrap optimizer (skip_flushed_entries): op_id_replay_lowest=0.0 (regular_op_id=0.0, intents_op_id=-1.-1, has_intents_db=0)
I1010 10:36:06.308977 88567808 tablet_bootstrap.cc:1461] T 8e0f68212e424483898ada80f57d111e P 23d881032c1249bd803e401a539be0e2: Segment /Users/nag/yb/yugabyte-data/node3/yb-data/tserver/wals/table-b9a0b9d79c3a45f4842ed441df7c3e59/tablet-8e0f68212e424483898ada80f57d111e/wal-000000001 cannot be used as the first segment to start replay with according to our OpId and retention criteria. However, this is already the earliest segment so we have to start replay here. We should probably investigate how we got into this situation. op_id=1.1, op_id_replay_lowest=0.0, last_op_id_in_retryable_requests=0.0, first_op_time=191074.133s, retryable_requests_retain_interval=60.000s, *retryable_requests_replay_from_this_or_earlier_time=191014.133s, is_first_op_id_low_enough_for_retryable_requests=0, is_first_op_time_early_enough_for_retryable_requests=0, is_first_op_id_low_enough=0
I1010 10:36:06.309011 88567808 tablet_bootstrap.cc:1476] T 8e0f68212e424483898ada80f57d111e P 23d881032c1249bd803e401a539be0e2: Bootstrap optimizer (skip_flushed_entries): will replay all segments starting from the very first one.
I1010 10:36:06.309126 88031232 tablet_bootstrap_if.cc:96] T 8b3b2a6029b04e9caafd3d0ecee41251 P 23d881032c1249bd803e401a539be0e2: Bootstrap replayed 1/1 log segments. Read operations: 2, overwritten operations: 0. Pending: 1 replicates. Last read committed op id: 2.2, last entry metadata: { entry_time: 3991332078.952s offset: 304 active_segment_sequence_number: 1 }, last read entry op id: 2.2
I1010 10:36:06.309154 88031232 tablet_bootstrap.cc:1654] T 8b3b2a6029b04e9caafd3d0ecee41251 P 23d881032c1249bd803e401a539be0e2: Dumping replay state to log at the end of PlaySegments
I1010 10:36:06.309168 88567808 log_util.cc:797] Scanning /Users/nag/yb/yugabyte-data/node3/yb-data/tserver/wals/table-b9a0b9d79c3a45f4842ed441df7c3e59/tablet-8e0f68212e424483898ada80f57d111e/wal-000000001 for valid entry headers following offset 1851...
I1010 10:36:06.309178 88031232 tablet_bootstrap.cc:1212] T 8b3b2a6029b04e9caafd3d0ecee41251 P 23d881032c1249bd803e401a539be0e2: ReplayState: Previous OpId: 2.2, Committed OpId: 2.2, Pending Replicates: 0, Flushed Regular: 0.0, Flushed Intents: 0.0
I1010 10:36:06.309304 86421504 version_set.cc:2966] T 1b590108fd474e13a02c154dfedc3952 P 23d881032c1249bd803e401a539be0e2 [I]: Recovered from manifest file:/Users/nag/yb/yugabyte-data/node3/yb-data/tserver/data/rocksdb/table-0000400000003000800000000000400e/tablet-1b590108fd474e13a02c154dfedc3952.intents/MANIFEST-000001 succeeded,manifest_file_number is 1, next_file_number is 3, last_sequence is 1125899906842624, log_number is 0,prev_log_number is 0,max_column_family is 0, flushed_values is <NULL>
I1010 10:36:06.309340 88031232 tablet_bootstrap.cc:1212] T 8b3b2a6029b04e9caafd3d0ecee41251 P 23d881032c1249bd803e401a539be0e2: Log entries applied to RocksDB: 2
I1010 10:36:06.309374 86421504 version_set.cc:2974] T 1b590108fd474e13a02c154dfedc3952 P 23d881032c1249bd803e401a539be0e2 [I]: Column family [default] (ID 0), log number is 0
I1010 10:36:06.309397 88031232 tablet_bootstrap.cc:1666] T 8b3b2a6029b04e9caafd3d0ecee41251 P 23d881032c1249bd803e401a539be0e2: Number of orphaned replicates: 0, last id: 2.2, committed id: 2.2
I1010 10:36:06.309504 86958080 tablet_bootstrap_if.cc:96] T 58e6490841794dbeb8a8ffeaeaa9d87d P 23d881032c1249bd803e401a539be0e2: Bootstrap complete.
I1010 10:36:06.309556 86421504 event_logger.cc:66] T 1b590108fd474e13a02c154dfedc3952 P 23d881032c1249bd803e401a539be0e2 [I]: EVENT_LOG_v1 {"time_micros": 1728536766309549, "job": 1, "event": "recovery_started", "log_files": [3]}
I1010 10:36:06.309609 86958080 log_util.cc:797] Scanning /Users/nag/yb/yugabyte-data/node3/yb-data/tserver/wals/table-00004000000030008000000000004007/tablet-58e6490841794dbeb8a8ffeaeaa9d87d/wal-000000001 for valid entry headers following offset 1239...
I1010 10:36:06.309752 86421504 db_impl.cc:1622] T 1b590108fd474e13a02c154dfedc3952 P 23d881032c1249bd803e401a539be0e2 [I]: Recovering log #3 mode 0 skip-recovery 0
I1010 10:36:06.309803 86421504 version_set.cc:2407] T 1b590108fd474e13a02c154dfedc3952 P 23d881032c1249bd803e401a539be0e2 [I]: Creating manifest 5
I1010 10:36:06.309849 87494656 tablet.cc:995] T e1f4e53199844455a5eebccf2866688d P 23d881032c1249bd803e401a539be0e2: Opening intents DB at: /Users/nag/yb/yugabyte-data/node3/yb-data/tserver/data/rocksdb/table-00004000000030008000000000004007/tablet-e1f4e53199844455a5eebccf2866688d.intents
I1010 10:36:06.309926 86958080 log_util.cc:841] Found no log entry headers
I1010 10:36:06.309991 86958080 log_util.cc:702] Ignoring partially flushed segment in write ahead log /Users/nag/yb/yugabyte-data/node3/yb-data/tserver/wals/table-00004000000030008000000000004007/tablet-58e6490841794dbeb8a8ffeaeaa9d87d/wal-000000001 because there are no log entries following this one. The server probably crashed in the middle of writing an entry to the write-ahead log or downloaded an active log via remote bootstrap. Error detail: Corruption (yb/consensus/log_util.cc:912): Invalid checksum in log entry head header: found=0, computed=2351477386: Failed trying to read batch #7 at offset 1239 for log segment /Users/nag/yb/yugabyte-data/node3/yb-data/tserver/wals/table-00004000000030008000000000004007/tablet-58e6490841794dbeb8a8ffeaeaa9d87d/wal-000000001: Prior batch offsets: 722 748 1213 1239; Last log entries read: [REPLICATE (1.1)] [REPLICATE (1.2)] [REPLICATE (1.3)]
I1010 10:36:06.310045 84811776 event_logger.cc:66] T 47b939d4eeae41109c7abd422a1cc910 P 23d881032c1249bd803e401a539be0e2 [R]: EVENT_LOG_v1 {"time_micros": 1728536766310040, "job": 1, "event": "recovery_finished"}
I1010 10:36:06.310184 85884928 tablet.cc:1051] T dc9df9c5ad3649a4b4a0ef5b914a4f22 P 23d881032c1249bd803e401a539be0e2: Successfully opened a RocksDB database at /Users/nag/yb/yugabyte-data/node3/yb-data/tserver/data/rocksdb/table-b9a0b9d79c3a45f4842ed441df7c3e59/tablet-dc9df9c5ad3649a4b4a0ef5b914a4f22, obj: 0x1146fe800
I1010 10:36:06.310283 86958080 log.cc:1112] Successfully restored footer_builder_ and log_index_ for segment: /Users/nag/yb/yugabyte-data/node3/yb-data/tserver/wals/table-00004000000030008000000000004007/tablet-58e6490841794dbeb8a8ffeaeaa9d87d/wal-000000001. Reopen the file for write with starting offset: 1239
I1010 10:36:06.310331 85884928 tablet_bootstrap.cc:644] T dc9df9c5ad3649a4b4a0ef5b914a4f22 P 23d881032c1249bd803e401a539be0e2: Time spent opening tablet: real 0.008s	user 0.001s	sys 0.003s
I1010 10:36:06.310369 86958080 log.cc:1461] T 58e6490841794dbeb8a8ffeaeaa9d87d P 23d881032c1249bd803e401a539be0e2: Setting log wal retention time to 14400 seconds
I1010 10:36:06.310372 88031232 tablet_bootstrap_if.cc:96] T 8b3b2a6029b04e9caafd3d0ecee41251 P 23d881032c1249bd803e401a539be0e2: Bootstrap complete.
I1010 10:36:06.310456 86958080 ts_tablet_manager.cc:1982] T 58e6490841794dbeb8a8ffeaeaa9d87d P 23d881032c1249bd803e401a539be0e2: Time spent bootstrapping tablet: real 0.022s	user 0.004s	sys 0.011s
I1010 10:36:06.310499 88031232 log_util.cc:797] Scanning /Users/nag/yb/yugabyte-data/node3/yb-data/tserver/wals/table-0000400000003000800000000000400e/tablet-8b3b2a6029b04e9caafd3d0ecee41251/wal-000000001 for valid entry headers following offset 392...
I1010 10:36:06.310500 85884928 tablet_bootstrap.cc:740] T dc9df9c5ad3649a4b4a0ef5b914a4f22 P 23d881032c1249bd803e401a539be0e2: Will attempt to recover log segment /Users/nag/yb/yugabyte-data/node3/yb-data/tserver/wals/table-b9a0b9d79c3a45f4842ed441df7c3e59/tablet-dc9df9c5ad3649a4b4a0ef5b914a4f22/wal-000000001
I1010 10:36:06.310532 88567808 log_util.cc:841] Found no log entry headers
I1010 10:36:06.310596 85884928 tablet_bootstrap.cc:1238] T dc9df9c5ad3649a4b4a0ef5b914a4f22 P 23d881032c1249bd803e401a539be0e2: Flushed DocDB OpIds: { regular: 0.0 intents: -1.-1 }
I1010 10:36:06.310662 87494656 version_set.cc:2966] T e1f4e53199844455a5eebccf2866688d P 23d881032c1249bd803e401a539be0e2 [I]: Recovered from manifest file:/Users/nag/yb/yugabyte-data/node3/yb-data/tserver/data/rocksdb/table-00004000000030008000000000004007/tablet-e1f4e53199844455a5eebccf2866688d.intents/MANIFEST-000001 succeeded,manifest_file_number is 1, next_file_number is 3, last_sequence is 1125899906842624, log_number is 0,prev_log_number is 0,max_column_family is 0, flushed_values is <NULL>
I1010 10:36:06.310665 85884928 tablet_bootstrap.cc:1514] T dc9df9c5ad3649a4b4a0ef5b914a4f22 P 23d881032c1249bd803e401a539be0e2: Max persistent index in RocksDB's SSTables before bootstrap: regular RocksDB: 0.0; intents RocksDB: -1.-1
I1010 10:36:06.310685 88567808 log_util.cc:702] Ignoring partially flushed segment in write ahead log /Users/nag/yb/yugabyte-data/node3/yb-data/tserver/wals/table-b9a0b9d79c3a45f4842ed441df7c3e59/tablet-8e0f68212e424483898ada80f57d111e/wal-000000001 because there are no log entries following this one. The server probably crashed in the middle of writing an entry to the write-ahead log or downloaded an active log via remote bootstrap. Error detail: Corruption (yb/consensus/log_util.cc:912): Invalid checksum in log entry head header: found=0, computed=2351477386: Failed trying to read batch #7 at offset 1851 for log segment /Users/nag/yb/yugabyte-data/node3/yb-data/tserver/wals/table-b9a0b9d79c3a45f4842ed441df7c3e59/tablet-8e0f68212e424483898ada80f57d111e/wal-000000001: Prior batch offsets: 1354 1380 1825 1851; Last log entries read: [REPLICATE (1.1)] [REPLICATE (1.2)] [REPLICATE (1.3)] [REPLICATE (1.4)]
I1010 10:36:06.310691 87494656 version_set.cc:2974] T e1f4e53199844455a5eebccf2866688d P 23d881032c1249bd803e401a539be0e2 [I]: Column family [default] (ID 0), log number is 0
I1010 10:36:06.310690 84811776 db_impl.cc:1277] T 47b939d4eeae41109c7abd422a1cc910 P 23d881032c1249bd803e401a539be0e2 [R]: [JOB 2] Delete /Users/nag/yb/yugabyte-data/node3/yb-data/tserver/data/rocksdb/table-b9a0b9d79c3a45f4842ed441df7c3e59/tablet-47b939d4eeae41109c7abd422a1cc910//MANIFEST-000001 type=4 #1 -- OK
I1010 10:36:06.310755 85884928 log.cc:1461] T dc9df9c5ad3649a4b4a0ef5b914a4f22 P 23d881032c1249bd803e401a539be0e2: Setting log wal retention time to 0 seconds
I1010 10:36:06.310832 86421504 event_logger.cc:66] T 1b590108fd474e13a02c154dfedc3952 P 23d881032c1249bd803e401a539be0e2 [I]: EVENT_LOG_v1 {"time_micros": 1728536766310828, "job": 1, "event": "recovery_finished"}
I1010 10:36:06.310878 88031232 log_util.cc:841] Found no log entry headers
I1010 10:36:06.310915 87494656 event_logger.cc:66] T e1f4e53199844455a5eebccf2866688d P 23d881032c1249bd803e401a539be0e2 [I]: EVENT_LOG_v1 {"time_micros": 1728536766310908, "job": 1, "event": "recovery_started", "log_files": [3]}
I1010 10:36:06.311014 84811776 db_impl.cc:1277] T 47b939d4eeae41109c7abd422a1cc910 P 23d881032c1249bd803e401a539be0e2 [R]: [JOB 2] Delete /Users/nag/yb/yugabyte-data/node3/yb-data/tserver/data/rocksdb/table-b9a0b9d79c3a45f4842ed441df7c3e59/tablet-47b939d4eeae41109c7abd422a1cc910//000003.log type=0 #3 -- OK
I1010 10:36:06.311147 88031232 log_util.cc:702] Ignoring partially flushed segment in write ahead log /Users/nag/yb/yugabyte-data/node3/yb-data/tserver/wals/table-0000400000003000800000000000400e/tablet-8b3b2a6029b04e9caafd3d0ecee41251/wal-000000001 because there are no log entries following this one. The server probably crashed in the middle of writing an entry to the write-ahead log or downloaded an active log via remote bootstrap. Error detail: Corruption (yb/consensus/log_util.cc:912): Invalid checksum in log entry head header: found=0, computed=2351477386: Failed trying to read batch #5 at offset 392 for log segment /Users/nag/yb/yugabyte-data/node3/yb-data/tserver/wals/table-0000400000003000800000000000400e/tablet-8b3b2a6029b04e9caafd3d0ecee41251/wal-000000001: Prior batch offsets: 276 304 364 392; Last log entries read: [REPLICATE (1.1)] [REPLICATE (2.2)]
I1010 10:36:06.311216 88567808 tablet_bootstrap_if.cc:96] T 8e0f68212e424483898ada80f57d111e P 23d881032c1249bd803e401a539be0e2: Bootstrap replayed 1/1 log segments. Read operations: 4, overwritten operations: 0. Pending: 1 replicates. Last read committed op id: 1.4, last entry metadata: { entry_time: 191074.288s offset: 1380 active_segment_sequence_number: 1 }, last read entry op id: 1.4
I1010 10:36:06.311275 87494656 db_impl.cc:1622] T e1f4e53199844455a5eebccf2866688d P 23d881032c1249bd803e401a539be0e2 [I]: Recovering log #3 mode 0 skip-recovery 0
I1010 10:36:06.311340 86421504 db_impl.cc:1277] T 1b590108fd474e13a02c154dfedc3952 P 23d881032c1249bd803e401a539be0e2 [I]: [JOB 2] Delete /Users/nag/yb/yugabyte-data/node3/yb-data/tserver/data/rocksdb/table-0000400000003000800000000000400e/tablet-1b590108fd474e13a02c154dfedc3952.intents//MANIFEST-000001 type=4 #1 -- OK
I1010 10:36:06.311381 88567808 tablet_bootstrap.cc:1654] T 8e0f68212e424483898ada80f57d111e P 23d881032c1249bd803e401a539be0e2: Dumping replay state to log at the end of PlaySegments
I1010 10:36:06.311399 88031232 log.cc:1112] Successfully restored footer_builder_ and log_index_ for segment: /Users/nag/yb/yugabyte-data/node3/yb-data/tserver/wals/table-0000400000003000800000000000400e/tablet-8b3b2a6029b04e9caafd3d0ecee41251/wal-000000001. Reopen the file for write with starting offset: 392
I1010 10:36:06.311460 87494656 version_set.cc:2407] T e1f4e53199844455a5eebccf2866688d P 23d881032c1249bd803e401a539be0e2 [I]: Creating manifest 5
I1010 10:36:06.311522 88567808 tablet_bootstrap.cc:1212] T 8e0f68212e424483898ada80f57d111e P 23d881032c1249bd803e401a539be0e2: ReplayState: Previous OpId: 1.4, Committed OpId: 1.4, Pending Replicates: 0, Flushed Regular: 0.0, Flushed Intents: -1.-1
I1010 10:36:06.311568 88031232 log.cc:1461] T 8b3b2a6029b04e9caafd3d0ecee41251 P 23d881032c1249bd803e401a539be0e2: Setting log wal retention time to 0 seconds
I1010 10:36:06.311620 86421504 db_impl.cc:1277] T 1b590108fd474e13a02c154dfedc3952 P 23d881032c1249bd803e401a539be0e2 [I]: [JOB 2] Delete /Users/nag/yb/yugabyte-data/node3/yb-data/tserver/data/rocksdb/table-0000400000003000800000000000400e/tablet-1b590108fd474e13a02c154dfedc3952.intents//000003.log type=0 #3 -- OK
I1010 10:36:06.311653 88567808 tablet_bootstrap.cc:1212] T 8e0f68212e424483898ada80f57d111e P 23d881032c1249bd803e401a539be0e2: Log entries applied to RocksDB: 4
I1010 10:36:06.311793 88567808 tablet_bootstrap.cc:1666] T 8e0f68212e424483898ada80f57d111e P 23d881032c1249bd803e401a539be0e2: Number of orphaned replicates: 0, last id: 1.4, committed id: 1.4
I1010 10:36:06.311800 88031232 ts_tablet_manager.cc:1982] T 8b3b2a6029b04e9caafd3d0ecee41251 P 23d881032c1249bd803e401a539be0e2: Time spent bootstrapping tablet: real 0.023s	user 0.003s	sys 0.010s
W1010 10:36:06.311866 85884928 log_util.cc:241] Could not read footer for segment: /Users/nag/yb/yugabyte-data/node3/yb-data/tserver/wals/table-b9a0b9d79c3a45f4842ed441df7c3e59/tablet-dc9df9c5ad3649a4b4a0ef5b914a4f22/wal-000000001: Not found (yb/consensus/log_util.cc:581): Footer not found. Footer magic doesn't match
W1010 10:36:06.312093 85884928 log_reader.cc:217] T dc9df9c5ad3649a4b4a0ef5b914a4f22 P 23d881032c1249bd803e401a539be0e2: Log segment /Users/nag/yb/yugabyte-data/node3/yb-data/tserver/wals/table-b9a0b9d79c3a45f4842ed441df7c3e59/tablet-dc9df9c5ad3649a4b4a0ef5b914a4f22/wal-000000001 was likely left in-progressafter a previous crash. Will try to reuse this segment as writable active segment
I1010 10:36:06.312129 85884928 log.cc:722] T dc9df9c5ad3649a4b4a0ef5b914a4f22 P 23d881032c1249bd803e401a539be0e2: Opened existing logs. Last segment is /Users/nag/yb/yugabyte-data/node3/yb-data/tserver/wals/table-b9a0b9d79c3a45f4842ed441df7c3e59/tablet-dc9df9c5ad3649a4b4a0ef5b914a4f22/wal-000000001
I1010 10:36:06.312152 85884928 tablet_bootstrap.cc:396] T dc9df9c5ad3649a4b4a0ef5b914a4f22 P 23d881032c1249bd803e401a539be0e2: Bootstrap optimizer (skip_flushed_entries): op_id_replay_lowest=0.0 (regular_op_id=0.0, intents_op_id=-1.-1, has_intents_db=0)
I1010 10:36:06.312191 85884928 tablet_bootstrap.cc:1461] T dc9df9c5ad3649a4b4a0ef5b914a4f22 P 23d881032c1249bd803e401a539be0e2: Segment /Users/nag/yb/yugabyte-data/node3/yb-data/tserver/wals/table-b9a0b9d79c3a45f4842ed441df7c3e59/tablet-dc9df9c5ad3649a4b4a0ef5b914a4f22/wal-000000001 cannot be used as the first segment to start replay with according to our OpId and retention criteria. However, this is already the earliest segment so we have to start replay here. We should probably investigate how we got into this situation. op_id=1.1, op_id_replay_lowest=0.0, last_op_id_in_retryable_requests=0.0, first_op_time=191078.726s, retryable_requests_retain_interval=60.000s, *retryable_requests_replay_from_this_or_earlier_time=191018.726s, is_first_op_id_low_enough_for_retryable_requests=0, is_first_op_time_early_enough_for_retryable_requests=0, is_first_op_id_low_enough=0
I1010 10:36:06.312224 85884928 tablet_bootstrap.cc:1476] T dc9df9c5ad3649a4b4a0ef5b914a4f22 P 23d881032c1249bd803e401a539be0e2: Bootstrap optimizer (skip_flushed_entries): will replay all segments starting from the very first one.
I1010 10:36:06.312304 85884928 log_util.cc:797] Scanning /Users/nag/yb/yugabyte-data/node3/yb-data/tserver/wals/table-b9a0b9d79c3a45f4842ed441df7c3e59/tablet-dc9df9c5ad3649a4b4a0ef5b914a4f22/wal-000000001 for valid entry headers following offset 1961...
I1010 10:36:06.312532 86958080 consensus_meta.cc:361] T 58e6490841794dbeb8a8ffeaeaa9d87d P 23d881032c1249bd803e401a539be0e2: Updating active role from FOLLOWER to FOLLOWER. Consensus state: current_term: 1 leader_uuid: "" config { opid_index: -1 peers { permanent_uuid: "23d881032c1249bd803e401a539be0e2" member_type: VOTER last_known_private_addr { host: "127.0.0.3" port: 9100 } cloud_info { placement_cloud: "cloud1" placement_region: "datacenter1" placement_zone: "rack1" } } peers { permanent_uuid: "6b460ba950654300b6c50d93f25aea31" member_type: VOTER last_known_private_addr { host: "127.0.0.2" port: 9100 } cloud_info { placement_cloud: "cloud1" placement_region: "datacenter1" placement_zone: "rack1" } } peers { permanent_uuid: "d5c37cb1777946179e6692ee5e504715" member_type: VOTER last_known_private_addr { host: "127.0.0.1" port: 9100 } cloud_info { placement_cloud: "cloud1" placement_region: "datacenter1" placement_zone: "rack1" } } }, has_pending_config = 0
I1010 10:36:06.312659 86958080 raft_consensus.cc:498] T 58e6490841794dbeb8a8ffeaeaa9d87d P 23d881032c1249bd803e401a539be0e2 [term 1 FOLLOWER]: Replica starting. Triggering 0 pending operations. Active config: opid_index: -1 peers { permanent_uuid: "23d881032c1249bd803e401a539be0e2" member_type: VOTER last_known_private_addr { host: "127.0.0.3" port: 9100 } cloud_info { placement_cloud: "cloud1" placement_region: "datacenter1" placement_zone: "rack1" } } peers { permanent_uuid: "6b460ba950654300b6c50d93f25aea31" member_type: VOTER last_known_private_addr { host: "127.0.0.2" port: 9100 } cloud_info { placement_cloud: "cloud1" placement_region: "datacenter1" placement_zone: "rack1" } } peers { permanent_uuid: "d5c37cb1777946179e6692ee5e504715" member_type: VOTER last_known_private_addr { host: "127.0.0.1" port: 9100 } cloud_info { placement_cloud: "cloud1" placement_region: "datacenter1" placement_zone: "rack1" } }
I1010 10:36:06.312696 88567808 tablet_bootstrap_if.cc:96] T 8e0f68212e424483898ada80f57d111e P 23d881032c1249bd803e401a539be0e2: Bootstrap complete.
I1010 10:36:06.312711 86958080 raft_consensus.cc:1135] T 58e6490841794dbeb8a8ffeaeaa9d87d P 23d881032c1249bd803e401a539be0e2 [term 1 FOLLOWER]: Becoming Follower/Learner. State: Replica: 23d881032c1249bd803e401a539be0e2, State: 1, Role: FOLLOWER, Watermarks: {Received: 1.3 Committed: 1.3} Leader: 0.0, new leader: , initial_fd_wait: <uninitialized>
I1010 10:36:06.312845 88567808 log_util.cc:797] Scanning /Users/nag/yb/yugabyte-data/node3/yb-data/tserver/wals/table-b9a0b9d79c3a45f4842ed441df7c3e59/tablet-8e0f68212e424483898ada80f57d111e/wal-000000001 for valid entry headers following offset 1851...
I1010 10:36:06.312929 86958080 consensus_meta.cc:361] T 58e6490841794dbeb8a8ffeaeaa9d87d P 23d881032c1249bd803e401a539be0e2: Updating active role from FOLLOWER to FOLLOWER. Consensus state: current_term: 1 leader_uuid: "" config { opid_index: -1 peers { permanent_uuid: "23d881032c1249bd803e401a539be0e2" member_type: VOTER last_known_private_addr { host: "127.0.0.3" port: 9100 } cloud_info { placement_cloud: "cloud1" placement_region: "datacenter1" placement_zone: "rack1" } } peers { permanent_uuid: "6b460ba950654300b6c50d93f25aea31" member_type: VOTER last_known_private_addr { host: "127.0.0.2" port: 9100 } cloud_info { placement_cloud: "cloud1" placement_region: "datacenter1" placement_zone: "rack1" } } peers { permanent_uuid: "d5c37cb1777946179e6692ee5e504715" member_type: VOTER last_known_private_addr { host: "127.0.0.1" port: 9100 } cloud_info { placement_cloud: "cloud1" placement_region: "datacenter1" placement_zone: "rack1" } } }, has_pending_config = 0
I1010 10:36:06.313058 84811776 tablet.cc:1051] T 47b939d4eeae41109c7abd422a1cc910 P 23d881032c1249bd803e401a539be0e2: Successfully opened a RocksDB database at /Users/nag/yb/yugabyte-data/node3/yb-data/tserver/data/rocksdb/table-b9a0b9d79c3a45f4842ed441df7c3e59/tablet-47b939d4eeae41109c7abd422a1cc910, obj: 0x114a82000
I1010 10:36:06.313486 85884928 log_util.cc:841] Found no log entry headers
I1010 10:36:06.313488 87494656 event_logger.cc:66] T e1f4e53199844455a5eebccf2866688d P 23d881032c1249bd803e401a539be0e2 [I]: EVENT_LOG_v1 {"time_micros": 1728536766313482, "job": 1, "event": "recovery_finished"}
I1010 10:36:06.313509 88567808 log_util.cc:841] Found no log entry headers
I1010 10:36:06.313560 86958080 consensus_queue.cc:270] T 58e6490841794dbeb8a8ffeaeaa9d87d P 23d881032c1249bd803e401a539be0e2 [NON_LEADER]: Queue going to NON_LEADER mode. State: All replicated op: 0.0, Majority replicated op: 0.0, Committed index: 0.0, Last applied: 0.0, Last appended: 1.3, Current term: 0, Majority size: -1, State: QUEUE_OPEN, Mode: NON_LEADER
I1010 10:36:06.313604 84811776 tablet_bootstrap.cc:644] T 47b939d4eeae41109c7abd422a1cc910 P 23d881032c1249bd803e401a539be0e2: Time spent opening tablet: real 0.009s	user 0.001s	sys 0.003s
I1010 10:36:06.313652 85884928 log_util.cc:702] Ignoring partially flushed segment in write ahead log /Users/nag/yb/yugabyte-data/node3/yb-data/tserver/wals/table-b9a0b9d79c3a45f4842ed441df7c3e59/tablet-dc9df9c5ad3649a4b4a0ef5b914a4f22/wal-000000001 because there are no log entries following this one. The server probably crashed in the middle of writing an entry to the write-ahead log or downloaded an active log via remote bootstrap. Error detail: Corruption (yb/consensus/log_util.cc:912): Invalid checksum in log entry head header: found=0, computed=2351477386: Failed trying to read batch #10 at offset 1961 for log segment /Users/nag/yb/yugabyte-data/node3/yb-data/tserver/wals/table-b9a0b9d79c3a45f4842ed441df7c3e59/tablet-dc9df9c5ad3649a4b4a0ef5b914a4f22/wal-000000001: Prior batch offsets: 1851 1877 1935 1961; Last log entries read: [REPLICATE (1.2)] [REPLICATE (1.3)] [REPLICATE (1.4)] [REPLICATE (2.5)]
I1010 10:36:06.313727 88567808 log_util.cc:702] Ignoring partially flushed segment in write ahead log /Users/nag/yb/yugabyte-data/node3/yb-data/tserver/wals/table-b9a0b9d79c3a45f4842ed441df7c3e59/tablet-8e0f68212e424483898ada80f57d111e/wal-000000001 because there are no log entries following this one. The server probably crashed in the middle of writing an entry to the write-ahead log or downloaded an active log via remote bootstrap. Error detail: Corruption (yb/consensus/log_util.cc:912): Invalid checksum in log entry head header: found=0, computed=2351477386: Failed trying to read batch #7 at offset 1851 for log segment /Users/nag/yb/yugabyte-data/node3/yb-data/tserver/wals/table-b9a0b9d79c3a45f4842ed441df7c3e59/tablet-8e0f68212e424483898ada80f57d111e/wal-000000001: Prior batch offsets: 1354 1380 1825 1851; Last log entries read: [REPLICATE (1.1)] [REPLICATE (1.2)] [REPLICATE (1.3)] [REPLICATE (1.4)]
I1010 10:36:06.313897 119152640 transaction_loader.cc:104] T 1b590108fd474e13a02c154dfedc3952 P 23d881032c1249bd803e401a539be0e2: Load transactions start
I1010 10:36:06.314038 86958080 raft_consensus.cc:3519] T 58e6490841794dbeb8a8ffeaeaa9d87d P 23d881032c1249bd803e401a539be0e2 [term 1 FOLLOWER]: Calling mark dirty synchronously for reason code CONSENSUS_STARTED
I1010 10:36:06.314062 86421504 tablet.cc:1051] T 1b590108fd474e13a02c154dfedc3952 P 23d881032c1249bd803e401a539be0e2: Successfully opened a RocksDB database at /Users/nag/yb/yugabyte-data/node3/yb-data/tserver/data/rocksdb/table-0000400000003000800000000000400e/tablet-1b590108fd474e13a02c154dfedc3952, obj: 0x1146fca00
I1010 10:36:06.314227 84811776 tablet_bootstrap.cc:740] T 47b939d4eeae41109c7abd422a1cc910 P 23d881032c1249bd803e401a539be0e2: Will attempt to recover log segment /Users/nag/yb/yugabyte-data/node3/yb-data/tserver/wals/table-b9a0b9d79c3a45f4842ed441df7c3e59/tablet-47b939d4eeae41109c7abd422a1cc910/wal-000000001
I1010 10:36:06.314239 88031232 consensus_meta.cc:361] T 8b3b2a6029b04e9caafd3d0ecee41251 P 23d881032c1249bd803e401a539be0e2: Updating active role from FOLLOWER to FOLLOWER. Consensus state: current_term: 2 leader_uuid: "" config { opid_index: -1 peers { permanent_uuid: "23d881032c1249bd803e401a539be0e2" member_type: VOTER last_known_private_addr { host: "127.0.0.3" port: 9100 } cloud_info { placement_cloud: "cloud1" placement_region: "datacenter1" placement_zone: "rack1" } } peers { permanent_uuid: "6b460ba950654300b6c50d93f25aea31" member_type: VOTER last_known_private_addr { host: "127.0.0.2" port: 9100 } cloud_info { placement_cloud: "cloud1" placement_region: "datacenter1" placement_zone: "rack1" } } peers { permanent_uuid: "d5c37cb1777946179e6692ee5e504715" member_type: VOTER last_known_private_addr { host: "127.0.0.1" port: 9100 } cloud_info { placement_cloud: "cloud1" placement_region: "datacenter1" placement_zone: "rack1" } } }, has_pending_config = 0
I1010 10:36:06.314281 87494656 db_impl.cc:1277] T e1f4e53199844455a5eebccf2866688d P 23d881032c1249bd803e401a539be0e2 [I]: [JOB 2] Delete /Users/nag/yb/yugabyte-data/node3/yb-data/tserver/data/rocksdb/table-00004000000030008000000000004007/tablet-e1f4e53199844455a5eebccf2866688d.intents//MANIFEST-000001 type=4 #1 -- OK
I1010 10:36:06.314349 88567808 log.cc:1112] Successfully restored footer_builder_ and log_index_ for segment: /Users/nag/yb/yugabyte-data/node3/yb-data/tserver/wals/table-b9a0b9d79c3a45f4842ed441df7c3e59/tablet-8e0f68212e424483898ada80f57d111e/wal-000000001. Reopen the file for write with starting offset: 1851
I1010 10:36:06.314350 119152640 transaction_loader.cc:177] T 1b590108fd474e13a02c154dfedc3952 P 23d881032c1249bd803e401a539be0e2: LoadTransactions done: loaded 0 transactions
I1010 10:36:06.314381 86958080 tablet_peer.cc:1643] T 58e6490841794dbeb8a8ffeaeaa9d87d P 23d881032c1249bd803e401a539be0e2 [state=RUNNING]: Changed state from BOOTSTRAPPING to RUNNING
I1010 10:36:06.314429 86421504 tablet_bootstrap.cc:644] T 1b590108fd474e13a02c154dfedc3952 P 23d881032c1249bd803e401a539be0e2: Time spent opening tablet: real 0.013s	user 0.002s	sys 0.007s
I1010 10:36:06.314437 84811776 tablet_bootstrap.cc:1238] T 47b939d4eeae41109c7abd422a1cc910 P 23d881032c1249bd803e401a539be0e2: Flushed DocDB OpIds: { regular: 0.0 intents: -1.-1 }
I1010 10:36:06.314451 91250688 heartbeater.cc:379] P 23d881032c1249bd803e401a539be0e2: Registering TS with master...
I1010 10:36:06.314496 85884928 tablet_bootstrap_if.cc:96] T dc9df9c5ad3649a4b4a0ef5b914a4f22 P 23d881032c1249bd803e401a539be0e2: Bootstrap replayed 1/1 log segments. Read operations: 5, overwritten operations: 0. Pending: 1 replicates. Last read committed op id: 2.5, last entry metadata: { entry_time: 191540.893s offset: 1877 active_segment_sequence_number: 1 }, last read entry op id: 2.5
I1010 10:36:06.314522 88031232 raft_consensus.cc:498] T 8b3b2a6029b04e9caafd3d0ecee41251 P 23d881032c1249bd803e401a539be0e2 [term 2 FOLLOWER]: Replica starting. Triggering 0 pending operations. Active config: opid_index: -1 peers { permanent_uuid: "23d881032c1249bd803e401a539be0e2" member_type: VOTER last_known_private_addr { host: "127.0.0.3" port: 9100 } cloud_info { placement_cloud: "cloud1" placement_region: "datacenter1" placement_zone: "rack1" } } peers { permanent_uuid: "6b460ba950654300b6c50d93f25aea31" member_type: VOTER last_known_private_addr { host: "127.0.0.2" port: 9100 } cloud_info { placement_cloud: "cloud1" placement_region: "datacenter1" placement_zone: "rack1" } } peers { permanent_uuid: "d5c37cb1777946179e6692ee5e504715" member_type: VOTER last_known_private_addr { host: "127.0.0.1" port: 9100 } cloud_info { placement_cloud: "cloud1" placement_region: "datacenter1" placement_zone: "rack1" } }
I1010 10:36:06.314571 88567808 log.cc:1461] T 8e0f68212e424483898ada80f57d111e P 23d881032c1249bd803e401a539be0e2: Setting log wal retention time to 0 seconds
I1010 10:36:06.314607 87494656 db_impl.cc:1277] T e1f4e53199844455a5eebccf2866688d P 23d881032c1249bd803e401a539be0e2 [I]: [JOB 2] Delete /Users/nag/yb/yugabyte-data/node3/yb-data/tserver/data/rocksdb/table-00004000000030008000000000004007/tablet-e1f4e53199844455a5eebccf2866688d.intents//000003.log type=0 #3 -- OK
I1010 10:36:06.314625 86958080 transaction_participant.cc:296] T 58e6490841794dbeb8a8ffeaeaa9d87d P 23d881032c1249bd803e401a539be0e2: Start
I1010 10:36:06.314680 84811776 tablet_bootstrap.cc:1514] T 47b939d4eeae41109c7abd422a1cc910 P 23d881032c1249bd803e401a539be0e2: Max persistent index in RocksDB's SSTables before bootstrap: regular RocksDB: 0.0; intents RocksDB: -1.-1
I1010 10:36:06.314716 91250688 server_base.cc:598] Using private rpc address 127.0.0.3
I1010 10:36:06.314739 85884928 tablet_bootstrap.cc:1654] T dc9df9c5ad3649a4b4a0ef5b914a4f22 P 23d881032c1249bd803e401a539be0e2: Dumping replay state to log at the end of PlaySegments
I1010 10:36:06.314751 86421504 tablet_bootstrap.cc:740] T 1b590108fd474e13a02c154dfedc3952 P 23d881032c1249bd803e401a539be0e2: Will attempt to recover log segment /Users/nag/yb/yugabyte-data/node3/yb-data/tserver/wals/table-0000400000003000800000000000400e/tablet-1b590108fd474e13a02c154dfedc3952/wal-000000001
I1010 10:36:06.314766 88031232 raft_consensus.cc:1135] T 8b3b2a6029b04e9caafd3d0ecee41251 P 23d881032c1249bd803e401a539be0e2 [term 2 FOLLOWER]: Becoming Follower/Learner. State: Replica: 23d881032c1249bd803e401a539be0e2, State: 1, Role: FOLLOWER, Watermarks: {Received: 2.2 Committed: 2.2} Leader: 0.0, new leader: , initial_fd_wait: <uninitialized>
I1010 10:36:06.314812 88567808 ts_tablet_manager.cc:1982] T 8e0f68212e424483898ada80f57d111e P 23d881032c1249bd803e401a539be0e2: Time spent bootstrapping tablet: real 0.026s	user 0.003s	sys 0.007s
I1010 10:36:06.314872 118079488 transaction_participant.cc:1492] T 58e6490841794dbeb8a8ffeaeaa9d87d P 23d881032c1249bd803e401a539be0e2: LoadFinished: starting transaction status resolution
I1010 10:36:06.314908 84811776 log.cc:1461] T 47b939d4eeae41109c7abd422a1cc910 P 23d881032c1249bd803e401a539be0e2: Setting log wal retention time to 0 seconds
I1010 10:36:06.314926 91250688 server_base.cc:620] Using http address 127.0.0.3
I1010 10:36:06.314973 85884928 tablet_bootstrap.cc:1212] T dc9df9c5ad3649a4b4a0ef5b914a4f22 P 23d881032c1249bd803e401a539be0e2: ReplayState: Previous OpId: 2.5, Committed OpId: 2.5, Pending Replicates: 0, Flushed Regular: 0.0, Flushed Intents: -1.-1
I1010 10:36:06.315001 86421504 tablet_bootstrap.cc:1238] T 1b590108fd474e13a02c154dfedc3952 P 23d881032c1249bd803e401a539be0e2: Flushed DocDB OpIds: { regular: 0.0 intents: 0.0 }
I1010 10:36:06.315023 88031232 consensus_meta.cc:361] T 8b3b2a6029b04e9caafd3d0ecee41251 P 23d881032c1249bd803e401a539be0e2: Updating active role from FOLLOWER to FOLLOWER. Consensus state: current_term: 2 leader_uuid: "" config { opid_index: -1 peers { permanent_uuid: "23d881032c1249bd803e401a539be0e2" member_type: VOTER last_known_private_addr { host: "127.0.0.3" port: 9100 } cloud_info { placement_cloud: "cloud1" placement_region: "datacenter1" placement_zone: "rack1" } } peers { permanent_uuid: "6b460ba950654300b6c50d93f25aea31" member_type: VOTER last_known_private_addr { host: "127.0.0.2" port: 9100 } cloud_info { placement_cloud: "cloud1" placement_region: "datacenter1" placement_zone: "rack1" } } peers { permanent_uuid: "d5c37cb1777946179e6692ee5e504715" member_type: VOTER last_known_private_addr { host: "127.0.0.1" port: 9100 } cloud_info { placement_cloud: "cloud1" placement_region: "datacenter1" placement_zone: "rack1" } } }, has_pending_config = 0
I1010 10:36:06.315332 85884928 tablet_bootstrap.cc:1212] T dc9df9c5ad3649a4b4a0ef5b914a4f22 P 23d881032c1249bd803e401a539be0e2: Log entries applied to RocksDB: 5
I1010 10:36:06.315503 86421504 tablet_bootstrap.cc:1514] T 1b590108fd474e13a02c154dfedc3952 P 23d881032c1249bd803e401a539be0e2: Max persistent index in RocksDB's SSTables before bootstrap: regular RocksDB: 0.0; intents RocksDB: 0.0
I1010 10:36:06.315551 85884928 tablet_bootstrap.cc:1666] T dc9df9c5ad3649a4b4a0ef5b914a4f22 P 23d881032c1249bd803e401a539be0e2: Number of orphaned replicates: 0, last id: 2.5, committed id: 2.5
I1010 10:36:06.315559 88031232 consensus_queue.cc:270] T 8b3b2a6029b04e9caafd3d0ecee41251 P 23d881032c1249bd803e401a539be0e2 [NON_LEADER]: Queue going to NON_LEADER mode. State: All replicated op: 0.0, Majority replicated op: 0.0, Committed index: 0.0, Last applied: 0.0, Last appended: 2.2, Current term: 0, Majority size: -1, State: QUEUE_OPEN, Mode: NON_LEADER
I1010 10:36:06.315613 86421504 log.cc:1461] T 1b590108fd474e13a02c154dfedc3952 P 23d881032c1249bd803e401a539be0e2: Setting log wal retention time to 0 seconds
I1010 10:36:06.315661 88031232 raft_consensus.cc:3519] T 8b3b2a6029b04e9caafd3d0ecee41251 P 23d881032c1249bd803e401a539be0e2 [term 2 FOLLOWER]: Calling mark dirty synchronously for reason code CONSENSUS_STARTED
I1010 10:36:06.315764 88031232 tablet_peer.cc:1643] T 8b3b2a6029b04e9caafd3d0ecee41251 P 23d881032c1249bd803e401a539be0e2 [state=RUNNING]: Changed state from BOOTSTRAPPING to RUNNING
I1010 10:36:06.315811 88031232 transaction_participant.cc:296] T 8b3b2a6029b04e9caafd3d0ecee41251 P 23d881032c1249bd803e401a539be0e2: Start
W1010 10:36:06.315830 84811776 log_util.cc:241] Could not read footer for segment: /Users/nag/yb/yugabyte-data/node3/yb-data/tserver/wals/table-b9a0b9d79c3a45f4842ed441df7c3e59/tablet-47b939d4eeae41109c7abd422a1cc910/wal-000000001: Not found (yb/consensus/log_util.cc:581): Footer not found. Footer magic doesn't match
W1010 10:36:06.315871 84811776 log_reader.cc:217] T 47b939d4eeae41109c7abd422a1cc910 P 23d881032c1249bd803e401a539be0e2: Log segment /Users/nag/yb/yugabyte-data/node3/yb-data/tserver/wals/table-b9a0b9d79c3a45f4842ed441df7c3e59/tablet-47b939d4eeae41109c7abd422a1cc910/wal-000000001 was likely left in-progressafter a previous crash. Will try to reuse this segment as writable active segment
I1010 10:36:06.315919 84811776 log.cc:722] T 47b939d4eeae41109c7abd422a1cc910 P 23d881032c1249bd803e401a539be0e2: Opened existing logs. Last segment is /Users/nag/yb/yugabyte-data/node3/yb-data/tserver/wals/table-b9a0b9d79c3a45f4842ed441df7c3e59/tablet-47b939d4eeae41109c7abd422a1cc910/wal-000000001
I1010 10:36:06.315954 84811776 tablet_bootstrap.cc:396] T 47b939d4eeae41109c7abd422a1cc910 P 23d881032c1249bd803e401a539be0e2: Bootstrap optimizer (skip_flushed_entries): op_id_replay_lowest=0.0 (regular_op_id=0.0, intents_op_id=-1.-1, has_intents_db=0)
I1010 10:36:06.315994 84811776 tablet_bootstrap.cc:1461] T 47b939d4eeae41109c7abd422a1cc910 P 23d881032c1249bd803e401a539be0e2: Segment /Users/nag/yb/yugabyte-data/node3/yb-data/tserver/wals/table-b9a0b9d79c3a45f4842ed441df7c3e59/tablet-47b939d4eeae41109c7abd422a1cc910/wal-000000001 cannot be used as the first segment to start replay with according to our OpId and retention criteria. However, this is already the earliest segment so we have to start replay here. We should probably investigate how we got into this situation. op_id=1.1, op_id_replay_lowest=0.0, last_op_id_in_retryable_requests=0.0, first_op_time=3977826546.298s, retryable_requests_retain_interval=60.000s, *retryable_requests_replay_from_this_or_earlier_time=3977826486.298s, is_first_op_id_low_enough_for_retryable_requests=0, is_first_op_time_early_enough_for_retryable_requests=0, is_first_op_id_low_enough=0
I1010 10:36:06.316027 84811776 tablet_bootstrap.cc:1476] T 47b939d4eeae41109c7abd422a1cc910 P 23d881032c1249bd803e401a539be0e2: Bootstrap optimizer (skip_flushed_entries): will replay all segments starting from the very first one.
I1010 10:36:06.316100 84811776 log_util.cc:797] Scanning /Users/nag/yb/yugabyte-data/node3/yb-data/tserver/wals/table-b9a0b9d79c3a45f4842ed441df7c3e59/tablet-47b939d4eeae41109c7abd422a1cc910/wal-000000001 for valid entry headers following offset 1913...
I1010 10:36:06.316144 118616064 transaction_participant.cc:1492] T 8b3b2a6029b04e9caafd3d0ecee41251 P 23d881032c1249bd803e401a539be0e2: LoadFinished: starting transaction status resolution
I1010 10:36:06.316495 86958080 db_impl.cc:2614] T 58e6490841794dbeb8a8ffeaeaa9d87d P 23d881032c1249bd803e401a539be0e2 [R]: SetOptions() on column family [default], inputs: [{level0_stop_writes_trigger, 2147483647}, {level0_slowdown_writes_trigger, 2147483647}]
I1010 10:36:06.316527 86958080 db_impl.cc:2618] T 58e6490841794dbeb8a8ffeaeaa9d87d P 23d881032c1249bd803e401a539be0e2 [R]: [default] SetOptions succeeded
I1010 10:36:06.316727 119689216 transaction_loader.cc:104] T e1f4e53199844455a5eebccf2866688d P 23d881032c1249bd803e401a539be0e2: Load transactions start
I1010 10:36:06.316767 85884928 tablet_bootstrap_if.cc:96] T dc9df9c5ad3649a4b4a0ef5b914a4f22 P 23d881032c1249bd803e401a539be0e2: Bootstrap complete.
W1010 10:36:06.316761 91250688 heartbeater.cc:671] P 23d881032c1249bd803e401a539be0e2: Failed to heartbeat to 127.0.0.3:7100: Remote error (yb/rpc/outbound_call.cc:561): Failed to send heartbeat: Invalid argument (yb/master/master_heartbeat_service.cc:251): Received wrong universe_uuid 21b2e3d0-495a-4149-9f2a-913ddeb95eff, expected 7252bc1a-cf22-48a4-9dd6-459a6f24aa4e (rpc error 1) tries=18, num=3, masters=0x000000010f42a8b8 -> [[127.0.0.1:7100], [127.0.0.2:7100], [127.0.0.3:7100]], code=Remote error
I1010 10:36:06.316774 119689216 transaction_loader.cc:177] T e1f4e53199844455a5eebccf2866688d P 23d881032c1249bd803e401a539be0e2: LoadTransactions done: loaded 0 transactions
I1010 10:36:06.316793 87494656 tablet.cc:1051] T e1f4e53199844455a5eebccf2866688d P 23d881032c1249bd803e401a539be0e2: Successfully opened a RocksDB database at /Users/nag/yb/yugabyte-data/node3/yb-data/tserver/data/rocksdb/table-00004000000030008000000000004007/tablet-e1f4e53199844455a5eebccf2866688d, obj: 0x1146fde00
I1010 10:36:06.316906 85884928 log_util.cc:797] Scanning /Users/nag/yb/yugabyte-data/node3/yb-data/tserver/wals/table-b9a0b9d79c3a45f4842ed441df7c3e59/tablet-dc9df9c5ad3649a4b4a0ef5b914a4f22/wal-000000001 for valid entry headers following offset 1961...
I1010 10:36:06.316928 91250688 heartbeater.cc:379] P 23d881032c1249bd803e401a539be0e2: Registering TS with master...
I1010 10:36:06.316970 88567808 consensus_meta.cc:361] T 8e0f68212e424483898ada80f57d111e P 23d881032c1249bd803e401a539be0e2: Updating active role from FOLLOWER to FOLLOWER. Consensus state: current_term: 1 leader_uuid: "" config { opid_index: -1 peers { permanent_uuid: "23d881032c1249bd803e401a539be0e2" member_type: VOTER last_known_private_addr { host: "127.0.0.3" port: 9100 } cloud_info { placement_cloud: "cloud1" placement_region: "datacenter1" placement_zone: "rack1" } } peers { permanent_uuid: "6b460ba950654300b6c50d93f25aea31" member_type: VOTER last_known_private_addr { host: "127.0.0.2" port: 9100 } cloud_info { placement_cloud: "cloud1" placement_region: "datacenter1" placement_zone: "rack1" } } peers { permanent_uuid: "d5c37cb1777946179e6692ee5e504715" member_type: VOTER last_known_private_addr { host: "127.0.0.1" port: 9100 } cloud_info { placement_cloud: "cloud1" placement_region: "datacenter1" placement_zone: "rack1" } } }, has_pending_config = 0
I1010 10:36:06.317003 87494656 tablet_bootstrap.cc:644] T e1f4e53199844455a5eebccf2866688d P 23d881032c1249bd803e401a539be0e2: Time spent opening tablet: real 0.014s	user 0.002s	sys 0.006s
I1010 10:36:06.317055 91250688 server_base.cc:598] Using private rpc address 127.0.0.3
I1010 10:36:06.317113 88567808 raft_consensus.cc:498] T 8e0f68212e424483898ada80f57d111e P 23d881032c1249bd803e401a539be0e2 [term 1 FOLLOWER]: Replica starting. Triggering 0 pending operations. Active config: opid_index: -1 peers { permanent_uuid: "23d881032c1249bd803e401a539be0e2" member_type: VOTER last_known_private_addr { host: "127.0.0.3" port: 9100 } cloud_info { placement_cloud: "cloud1" placement_region: "datacenter1" placement_zone: "rack1" } } peers { permanent_uuid: "6b460ba950654300b6c50d93f25aea31" member_type: VOTER last_known_private_addr { host: "127.0.0.2" port: 9100 } cloud_info { placement_cloud: "cloud1" placement_region: "datacenter1" placement_zone: "rack1" } } peers { permanent_uuid: "d5c37cb1777946179e6692ee5e504715" member_type: VOTER last_known_private_addr { host: "127.0.0.1" port: 9100 } cloud_info { placement_cloud: "cloud1" placement_region: "datacenter1" placement_zone: "rack1" } }
I1010 10:36:06.317195 91250688 server_base.cc:620] Using http address 127.0.0.3
I1010 10:36:06.317235 88567808 raft_consensus.cc:1135] T 8e0f68212e424483898ada80f57d111e P 23d881032c1249bd803e401a539be0e2 [term 1 FOLLOWER]: Becoming Follower/Learner. State: Replica: 23d881032c1249bd803e401a539be0e2, State: 1, Role: FOLLOWER, Watermarks: {Received: 1.4 Committed: 1.4} Leader: 0.0, new leader: , initial_fd_wait: <uninitialized>
I1010 10:36:06.317340 87494656 tablet_bootstrap.cc:740] T e1f4e53199844455a5eebccf2866688d P 23d881032c1249bd803e401a539be0e2: Will attempt to recover log segment /Users/nag/yb/yugabyte-data/node3/yb-data/tserver/wals/table-00004000000030008000000000004007/tablet-e1f4e53199844455a5eebccf2866688d/wal-000000001
I1010 10:36:06.317346 85884928 log_util.cc:841] Found no log entry headers
I1010 10:36:06.317322 88567808 consensus_meta.cc:361] T 8e0f68212e424483898ada80f57d111e P 23d881032c1249bd803e401a539be0e2: Updating active role from FOLLOWER to FOLLOWER. Consensus state: current_term: 1 leader_uuid: "" config { opid_index: -1 peers { permanent_uuid: "23d881032c1249bd803e401a539be0e2" member_type: VOTER last_known_private_addr { host: "127.0.0.3" port: 9100 } cloud_info { placement_cloud: "cloud1" placement_region: "datacenter1" placement_zone: "rack1" } } peers { permanent_uuid: "6b460ba950654300b6c50d93f25aea31" member_type: VOTER last_known_private_addr { host: "127.0.0.2" port: 9100 } cloud_info { placement_cloud: "cloud1" placement_region: "datacenter1" placement_zone: "rack1" } } peers { permanent_uuid: "d5c37cb1777946179e6692ee5e504715" member_type: VOTER last_known_private_addr { host: "127.0.0.1" port: 9100 } cloud_info { placement_cloud: "cloud1" placement_region: "datacenter1" placement_zone: "rack1" } } }, has_pending_config = 0
I1010 10:36:06.317376 87494656 tablet_bootstrap.cc:1238] T e1f4e53199844455a5eebccf2866688d P 23d881032c1249bd803e401a539be0e2: Flushed DocDB OpIds: { regular: 0.0 intents: 0.0 }
W1010 10:36:06.317370 86421504 log_util.cc:241] Could not read footer for segment: /Users/nag/yb/yugabyte-data/node3/yb-data/tserver/wals/table-0000400000003000800000000000400e/tablet-1b590108fd474e13a02c154dfedc3952/wal-000000001: Not found (yb/consensus/log_util.cc:581): Footer not found. Footer magic doesn't match
I1010 10:36:06.317524 88567808 consensus_queue.cc:270] T 8e0f68212e424483898ada80f57d111e P 23d881032c1249bd803e401a539be0e2 [NON_LEADER]: Queue going to NON_LEADER mode. State: All replicated op: 0.0, Majority replicated op: 0.0, Committed index: 0.0, Last applied: 0.0, Last appended: 1.4, Current term: 0, Majority size: -1, State: QUEUE_OPEN, Mode: NON_LEADER
I1010 10:36:06.317574 87494656 tablet_bootstrap.cc:1514] T e1f4e53199844455a5eebccf2866688d P 23d881032c1249bd803e401a539be0e2: Max persistent index in RocksDB's SSTables before bootstrap: regular RocksDB: 0.0; intents RocksDB: 0.0
W1010 10:36:06.317629 86421504 log_reader.cc:217] T 1b590108fd474e13a02c154dfedc3952 P 23d881032c1249bd803e401a539be0e2: Log segment /Users/nag/yb/yugabyte-data/node3/yb-data/tserver/wals/table-0000400000003000800000000000400e/tablet-1b590108fd474e13a02c154dfedc3952/wal-000000001 was likely left in-progressafter a previous crash. Will try to reuse this segment as writable active segment
I1010 10:36:06.317674 88567808 raft_consensus.cc:3519] T 8e0f68212e424483898ada80f57d111e P 23d881032c1249bd803e401a539be0e2 [term 1 FOLLOWER]: Calling mark dirty synchronously for reason code CONSENSUS_STARTED
I1010 10:36:06.317690 84811776 log_util.cc:841] Found no log entry headers
I1010 10:36:06.317734 87494656 log.cc:1461] T e1f4e53199844455a5eebccf2866688d P 23d881032c1249bd803e401a539be0e2: Setting log wal retention time to 14400 seconds
I1010 10:36:06.317754 88031232 db_impl.cc:2614] T 8b3b2a6029b04e9caafd3d0ecee41251 P 23d881032c1249bd803e401a539be0e2 [R]: SetOptions() on column family [default], inputs: [{level0_stop_writes_trigger, 2147483647}, {level0_slowdown_writes_trigger, 2147483647}]
I1010 10:36:06.317767 86421504 log.cc:722] T 1b590108fd474e13a02c154dfedc3952 P 23d881032c1249bd803e401a539be0e2: Opened existing logs. Last segment is /Users/nag/yb/yugabyte-data/node3/yb-data/tserver/wals/table-0000400000003000800000000000400e/tablet-1b590108fd474e13a02c154dfedc3952/wal-000000001
I1010 10:36:06.317826 88567808 tablet_peer.cc:1643] T 8e0f68212e424483898ada80f57d111e P 23d881032c1249bd803e401a539be0e2 [state=RUNNING]: Changed state from BOOTSTRAPPING to RUNNING
I1010 10:36:06.317842 84811776 log_util.cc:702] Ignoring partially flushed segment in write ahead log /Users/nag/yb/yugabyte-data/node3/yb-data/tserver/wals/table-b9a0b9d79c3a45f4842ed441df7c3e59/tablet-47b939d4eeae41109c7abd422a1cc910/wal-000000001 because there are no log entries following this one. The server probably crashed in the middle of writing an entry to the write-ahead log or downloaded an active log via remote bootstrap. Error detail: Corruption (yb/consensus/log_util.cc:912): Invalid checksum in log entry head header: found=0, computed=2351477386: Failed trying to read batch #9 at offset 1913 for log segment /Users/nag/yb/yugabyte-data/node3/yb-data/tserver/wals/table-b9a0b9d79c3a45f4842ed441df7c3e59/tablet-47b939d4eeae41109c7abd422a1cc910/wal-000000001: Prior batch offsets: 1410 1438 1885 1913; Last log entries read: [REPLICATE (1.1)] [REPLICATE (1.2)] [REPLICATE (1.3)] [REPLICATE (1.4)]
I1010 10:36:06.317893 88031232 db_impl.cc:2618] T 8b3b2a6029b04e9caafd3d0ecee41251 P 23d881032c1249bd803e401a539be0e2 [R]: [default] SetOptions succeeded
I1010 10:36:06.317929 86421504 tablet_bootstrap.cc:396] T 1b590108fd474e13a02c154dfedc3952 P 23d881032c1249bd803e401a539be0e2: Bootstrap optimizer (skip_flushed_entries): op_id_replay_lowest=0.0 (regular_op_id=0.0, intents_op_id=0.0, has_intents_db=1)
I1010 10:36:06.318248 86421504 tablet_bootstrap.cc:1461] T 1b590108fd474e13a02c154dfedc3952 P 23d881032c1249bd803e401a539be0e2: Segment /Users/nag/yb/yugabyte-data/node3/yb-data/tserver/wals/table-0000400000003000800000000000400e/tablet-1b590108fd474e13a02c154dfedc3952/wal-000000001 cannot be used as the first segment to start replay with according to our OpId and retention criteria. However, this is already the earliest segment so we have to start replay here. We should probably investigate how we got into this situation. op_id=1.1, op_id_replay_lowest=0.0, last_op_id_in_retryable_requests=0.0, first_op_time=7293828865.603s, retryable_requests_retain_interval=600.000s, *retryable_requests_replay_from_this_or_earlier_time=7293828265.603s, is_first_op_id_low_enough_for_retryable_requests=0, is_first_op_time_early_enough_for_retryable_requests=0, is_first_op_id_low_enough=0
