W1010 01:22:11.168860 20938752 yb_rpc.cc:532] Connection (0x0000000112d5ab58) client 127.0.0.3:51824 => 127.0.0.3:7100: Network error (yb/rpc/yb_rpc.cc:531): Rpc timeout, passed: 2343.140s, timeout: 15.000s, now: 169384.589s, last_read_time_: 167041.448s
W1010 01:22:11.169405 17182720 yb_rpc.cc:532] Connection (0x0000000112d4c158) client 127.0.0.3:51832 => 127.0.0.2:7100: Network error (yb/rpc/yb_rpc.cc:531): Rpc timeout, passed: 2339.348s, timeout: 15.000s, now: 169384.588s, last_read_time_: 167045.240s
W1010 01:22:11.174193 18792448 yb_rpc.cc:532] Connection (0x00000001159f8b58) client 127.0.0.3:51786 => 127.0.0.1:9100: Network error (yb/rpc/yb_rpc.cc:531): Rpc timeout, passed: 2338.341s, timeout: 15.000s, now: 169384.588s, last_read_time_: 167046.247s
W1010 01:22:11.179621 19865600 yb_rpc.cc:532] Connection (0x00000001170b2798) client 127.0.0.3:51873 => 127.0.0.2:7100: Network error (yb/rpc/yb_rpc.cc:531): Rpc timeout, passed: 2339.234s, timeout: 15.000s, now: 169384.588s, last_read_time_: 167045.354s
W1010 01:22:11.181438 19329024 yb_rpc.cc:532] Connection (0x000000011557add8) client 127.0.0.3:51807 => 127.0.0.1:9100: Network error (yb/rpc/yb_rpc.cc:531): Rpc timeout, passed: 2339.127s, timeout: 15.000s, now: 169384.588s, last_read_time_: 167045.461s
W1010 01:22:11.181622 20402176 yb_rpc.cc:532] Connection (0x0000000112e63198) client 127.0.0.3:51837 => 127.0.0.1:7100: Network error (yb/rpc/yb_rpc.cc:531): Rpc timeout, passed: 2343.243s, timeout: 15.000s, now: 169384.589s, last_read_time_: 167041.345s
W1010 01:22:11.181869 20938752 yb_rpc.cc:532] Connection (0x0000000112d4c018) client 127.0.0.3:51846 => 127.0.0.1:7100: Network error (yb/rpc/yb_rpc.cc:531): Rpc timeout, passed: 2343.140s, timeout: 15.000s, now: 169384.589s, last_read_time_: 167041.448s
W1010 01:22:11.182170 17182720 yb_rpc.cc:532] Connection (0x0000000115b48f18) client 127.0.0.3:51762 => 127.0.0.1:9100: Network error (yb/rpc/yb_rpc.cc:531): Rpc timeout, passed: 2338.546s, timeout: 15.000s, now: 169384.588s, last_read_time_: 167046.041s
W1010 01:22:11.182318 18255872 yb_rpc.cc:532] Connection (0x0000000112d4cb58) client 127.0.0.3:51848 => 127.0.0.3:7100: Network error (yb/rpc/yb_rpc.cc:531): Rpc timeout, passed: 2343.140s, timeout: 15.000s, now: 169384.588s, last_read_time_: 167041.448s
W1010 01:22:11.182508 18792448 yb_rpc.cc:532] Connection (0x0000000112fe3cd8) client 127.0.0.3:51788 => 127.0.0.2:9100: Network error (yb/rpc/yb_rpc.cc:531): Rpc timeout, passed: 2338.940s, timeout: 15.000s, now: 169384.588s, last_read_time_: 167045.648s
W1010 01:22:11.182626 19865600 yb_rpc.cc:532] Connection (0x0000000115159e18) client 127.0.0.3:51800 => 127.0.0.1:9100: Network error (yb/rpc/yb_rpc.cc:531): Rpc timeout, passed: 2339.034s, timeout: 15.000s, now: 169384.588s, last_read_time_: 167045.554s
W1010 01:22:11.183377 19329024 yb_rpc.cc:532] Connection (0x00000001128b88d8) client 127.0.0.3:51808 => 127.0.0.2:9100: Network error (yb/rpc/yb_rpc.cc:531): Rpc timeout, passed: 2338.527s, timeout: 15.000s, now: 169384.588s, last_read_time_: 167046.061s
W1010 01:22:11.183509 20402176 yb_rpc.cc:532] Connection (0x000000011530e158) client 127.0.0.3:51881 => 127.0.0.3:7100: Network error (yb/rpc/yb_rpc.cc:531): Rpc timeout, passed: 2343.145s, timeout: 15.000s, now: 169384.589s, last_read_time_: 167041.443s
W1010 01:22:11.183696 20938752 yb_rpc.cc:532] Connection (0x0000000112d5aa18) client 127.0.0.3:51823 => 127.0.0.2:7100: Network error (yb/rpc/yb_rpc.cc:531): Rpc timeout, passed: 2340.240s, timeout: 15.000s, now: 169384.589s, last_read_time_: 167044.348s
W1010 01:22:11.183841 17182720 yb_rpc.cc:532] Connection (0x0000000112fe2298) client 127.0.0.3:51763 => 127.0.0.2:9100: Network error (yb/rpc/yb_rpc.cc:531): Rpc timeout, passed: 2338.446s, timeout: 15.000s, now: 169384.588s, last_read_time_: 167046.141s
W1010 01:22:11.184062 18255872 yb_rpc.cc:532] Connection (0x00000001170b3198) client 127.0.0.3:51874 => 127.0.0.1:7100: Network error (yb/rpc/yb_rpc.cc:531): Rpc timeout, passed: 2342.540s, timeout: 15.000s, now: 169384.588s, last_read_time_: 167042.048s
W1010 01:22:11.184432 19865600 yb_rpc.cc:532] Connection (0x00000001159f8518) client 127.0.0.3:51799 => 127.0.0.2:9100: Network error (yb/rpc/yb_rpc.cc:531): Rpc timeout, passed: 2338.435s, timeout: 15.000s, now: 169384.588s, last_read_time_: 167046.153s
W1010 01:22:11.185006 17719296 yb_rpc.cc:532] Connection (0x0000000112d5b7d8) client 127.0.0.3:51839 => 127.0.0.3:7100: Network error (yb/rpc/yb_rpc.cc:531): Rpc timeout, passed: 2343.140s, timeout: 15.000s, now: 169384.588s, last_read_time_: 167041.448s
W1010 01:22:11.185387 20402176 yb_rpc.cc:532] Connection (0x000000011530e018) client 127.0.0.3:51880 => 127.0.0.2:7100: Network error (yb/rpc/yb_rpc.cc:531): Rpc timeout, passed: 2341.343s, timeout: 15.000s, now: 169384.589s, last_read_time_: 167043.245s
W1010 01:22:11.185678 20938752 yb_rpc.cc:532] Connection (0x00000001159f8298) client 127.0.0.3:51792 => 127.0.0.1:9100: Network error (yb/rpc/yb_rpc.cc:531): Rpc timeout, passed: 2338.840s, timeout: 15.000s, now: 169384.589s, last_read_time_: 167045.748s
W1010 01:22:11.191377 18255872 yb_rpc.cc:532] Connection (0x0000000115b49198) client 127.0.0.3:51847 => 127.0.0.2:7100: Network error (yb/rpc/yb_rpc.cc:531): Rpc timeout, passed: 2342.239s, timeout: 15.000s, now: 169384.588s, last_read_time_: 167042.349s
W1010 01:22:11.193487 17719296 yb_rpc.cc:532] Connection (0x0000000112d5a8d8) client 127.0.0.3:51867 => 127.0.0.1:7100: Network error (yb/rpc/yb_rpc.cc:531): Rpc timeout, passed: 2343.042s, timeout: 15.000s, now: 169384.588s, last_read_time_: 167041.546s
W1010 01:22:11.193879 20402176 yb_rpc.cc:532] Connection (0x0000000110874158) client 127.0.0.3:51773 => 127.0.0.1:9100: Network error (yb/rpc/yb_rpc.cc:531): Rpc timeout, passed: 2338.944s, timeout: 15.000s, now: 169384.589s, last_read_time_: 167045.645s
W1010 01:22:11.194161 20938752 yb_rpc.cc:532] Connection (0x00000001159f83d8) client 127.0.0.3:51795 => 127.0.0.2:9100: Network error (yb/rpc/yb_rpc.cc:531): Rpc timeout, passed: 2338.439s, timeout: 15.000s, now: 169384.589s, last_read_time_: 167046.149s
W1010 01:22:11.194370 18255872 yb_rpc.cc:532] Connection (0x0000000115b49a58) client 127.0.0.3:51791 => 127.0.0.1:9100: Network error (yb/rpc/yb_rpc.cc:531): Rpc timeout, passed: 2338.341s, timeout: 15.000s, now: 169384.588s, last_read_time_: 167046.247s
W1010 01:22:11.194631 17719296 yb_rpc.cc:532] Connection (0x0000000112d5b698) client 127.0.0.3:51838 => 127.0.0.2:7100: Network error (yb/rpc/yb_rpc.cc:531): Rpc timeout, passed: 2338.341s, timeout: 15.000s, now: 169384.588s, last_read_time_: 167046.247s
W1010 01:22:11.194764 20402176 yb_rpc.cc:532] Connection (0x0000000115b48658) client 127.0.0.3:51771 => 127.0.0.2:9100: Network error (yb/rpc/yb_rpc.cc:531): Rpc timeout, passed: 2338.444s, timeout: 15.000s, now: 169384.589s, last_read_time_: 167046.144s
W1010 01:22:11.195102 18255872 yb_rpc.cc:532] Connection (0x000000011083f7d8) client 127.0.0.3:51790 => 127.0.0.2:9100: Network error (yb/rpc/yb_rpc.cc:531): Rpc timeout, passed: 2338.341s, timeout: 15.000s, now: 169384.588s, last_read_time_: 167046.247s
W1010 01:22:11.195245 17719296 yb_rpc.cc:532] Connection (0x0000000112fe3418) client 127.0.0.3:51783 => 127.0.0.1:9100: Network error (yb/rpc/yb_rpc.cc:531): Rpc timeout, passed: 2338.540s, timeout: 15.000s, now: 169384.588s, last_read_time_: 167046.048s
W1010 01:22:11.195887 17719296 yb_rpc.cc:532] Connection (0x0000000110874018) client 127.0.0.3:51785 => 127.0.0.2:9100: Network error (yb/rpc/yb_rpc.cc:531): Rpc timeout, passed: 2338.341s, timeout: 15.000s, now: 169384.588s, last_read_time_: 167046.247s
W1010 01:22:11.214450 86937600 leader_election.cc:338] T c09c8a2af076408b8083ae6bfc2a671e P 23d881032c1249bd803e401a539be0e2 [CANDIDATE]: Term 4 pre-election: Vote denied by peer d5c37cb1777946179e6692ee5e504715 with higher term. Message: Invalid argument (yb/consensus/raft_consensus.cc:3029): T c09c8a2af076408b8083ae6bfc2a671e P d5c37cb1777946179e6692ee5e504715 [term 4 FOLLOWER]:  Leader pre-election vote request: Denying vote to candidate 23d881032c1249bd803e401a539be0e2 in current term 4: Already voted for candidate d5c37cb1777946179e6692ee5e504715 in this term.
W1010 01:22:12.208370 28987392 heartbeater.cc:671] P 23d881032c1249bd803e401a539be0e2: Failed to heartbeat to 127.0.0.2:7100: Service unavailable (yb/tserver/heartbeater.cc:497): Master is no longer the leader: code: NOT_THE_LEADER status { code: ILLEGAL_STATE message: "Not the leader. Local UUID: 3e8eb6bafdb342549e324f48c3b5b69a, Consensus state: current_term: 5 config { opid_index: -1 peers { permanent_uuid: \"e8b222ca9c514c17b0c8c653014e9169\" member_type: VOTER last_known_private_addr { host: \"127.0.0.1\" port: 7100 } cloud_info { placement_cloud: \"cloud1\" placement_region: \"datacenter1\" placement_zone: \"rack1\" } } peers { permanent_uuid: \"3e8eb6bafdb342549e324f48c3b5b69a\" member_type: VOTER last_known_private_addr { host: \"127.0.0.2\" port: 7100 } cloud_info { placement_cloud: \"cloud1\" placement_region: \"datacenter1\" placement_zone: \"rack1\" } } peers { permanent_uuid: \"804ce06c9a15466ca3f003ffe7ec6df2\" member_type: VOTER last_known_private_addr { host: \"127.0.0.3\" port: 7100 } cloud_info { placement_cloud: \"cloud1\" placement_region: \"datacenter1\" placement_zone: \"rack1\" } } }" source_file: "../../src/yb/master/scoped_leader_shared_lock.cc" source_line: 117 errors: "\000" } tries=0, num=3, masters=0x00000001103c27c8 -> [[127.0.0.1:7100], [127.0.0.2:7100], [127.0.0.3:7100]], code=Service unavailable
W1010 01:22:13.722846 36499456 master_rpc.cc:281] More than 500 ms has passed, choosing to heartbeat to follower master e8b222ca9c514c17b0c8c653014e9169 after 28 iterations of all masters.
W1010 01:22:13.723865 28987392 heartbeater.cc:671] P 23d881032c1249bd803e401a539be0e2: Failed to heartbeat to 127.0.0.1:7100: Service unavailable (yb/tserver/heartbeater.cc:497): Master is no longer the leader: code: NOT_THE_LEADER status { code: ILLEGAL_STATE message: "Not the leader. Local UUID: e8b222ca9c514c17b0c8c653014e9169, Consensus state: current_term: 5 config { opid_index: -1 peers { permanent_uuid: \"e8b222ca9c514c17b0c8c653014e9169\" member_type: VOTER last_known_private_addr { host: \"127.0.0.1\" port: 7100 } cloud_info { placement_cloud: \"cloud1\" placement_region: \"datacenter1\" placement_zone: \"rack1\" } } peers { permanent_uuid: \"3e8eb6bafdb342549e324f48c3b5b69a\" member_type: VOTER last_known_private_addr { host: \"127.0.0.2\" port: 7100 } cloud_info { placement_cloud: \"cloud1\" placement_region: \"datacenter1\" placement_zone: \"rack1\" } } peers { permanent_uuid: \"804ce06c9a15466ca3f003ffe7ec6df2\" member_type: VOTER last_known_private_addr { host: \"127.0.0.3\" port: 7100 } cloud_info { placement_cloud: \"cloud1\" placement_region: \"datacenter1\" placement_zone: \"rack1\" } } }" source_file: "../../src/yb/master/scoped_leader_shared_lock.cc" source_line: 117 errors: "\000" } tries=1, num=3, masters=0x00000001103c27c8 -> [[127.0.0.1:7100], [127.0.0.2:7100], [127.0.0.3:7100]], code=Service unavailable
W1010 01:22:14.441547 67620864 raft_consensus.cc:1397] Leader lease expiration was not set: Illegal state (yb/consensus/replica_state.cc:1413): NoOp of current term is not committed (majority_replicated_lease_expiration_ = -inf, majority_replicated_ht_lease_expiration_ = 0)
W1010 01:22:14.441622 67620864 replica_state.cc:805] T c09c8a2af076408b8083ae6bfc2a671e P 23d881032c1249bd803e401a539be0e2 [term 5 LEADER]: Can't advance the committed index across term boundaries until operations from the current term are replicated. Last committed operation was: 3.2, New majority replicated is: 3.2, Current term is: 5
W1010 01:22:14.442819 101961728 raft_consensus.cc:1397] Leader lease expiration was not set: Illegal state (yb/consensus/replica_state.cc:1413): NoOp of current term is not committed (majority_replicated_lease_expiration_ = -inf, majority_replicated_ht_lease_expiration_ = 0)
W1010 06:15:25.593426 17182720 yb_rpc.cc:532] Connection (0x0000000112fe2298) client 127.0.0.3:51999 => 127.0.0.2:9100: Network error (yb/rpc/yb_rpc.cc:531): Rpc timeout, passed: 17590.490s, timeout: 15.000s, now: 186980.035s, last_read_time_: 169389.544s
W1010 06:15:25.833758 17719296 yb_rpc.cc:532] Connection (0x0000000110874018) client 127.0.0.3:52013 => 127.0.0.2:9100: Network error (yb/rpc/yb_rpc.cc:531): Rpc timeout, passed: 17590.801s, timeout: 15.000s, now: 186980.050s, last_read_time_: 169389.248s
W1010 06:15:25.843329 18255872 yb_rpc.cc:532] Connection (0x000000011083f7d8) client 127.0.0.3:52012 => 127.0.0.2:9100: Network error (yb/rpc/yb_rpc.cc:531): Rpc timeout, passed: 17590.660s, timeout: 15.000s, now: 186980.008s, last_read_time_: 169389.348s
W1010 06:15:26.058748 17182720 yb_rpc.cc:532] Connection (0x0000000112d4ca18) client 127.0.0.3:52004 => 127.0.0.1:9100: Network error (yb/rpc/yb_rpc.cc:531): Rpc timeout, passed: 17590.290s, timeout: 15.000s, now: 186980.035s, last_read_time_: 169389.744s
W1010 06:15:26.060663 20402176 yb_rpc.cc:532] Connection (0x0000000115b48658) client 127.0.0.3:52009 => 127.0.0.2:7100: Network error (yb/rpc/yb_rpc.cc:531): Rpc timeout, passed: 17592.015s, timeout: 15.000s, now: 186980.062s, last_read_time_: 169388.047s
W1010 06:15:26.060845 17719296 yb_rpc.cc:532] Connection (0x0000000112d5b418) client 127.0.0.3:52014 => 127.0.0.1:9100: Network error (yb/rpc/yb_rpc.cc:531): Rpc timeout, passed: 17591.300s, timeout: 15.000s, now: 186980.050s, last_read_time_: 169388.749s
W1010 06:15:26.061416 18255872 yb_rpc.cc:532] Connection (0x0000000112e63b98) client 127.0.0.3:52053 => 127.0.0.1:9100: Network error (yb/rpc/yb_rpc.cc:531): Rpc timeout, passed: 17591.161s, timeout: 15.000s, now: 186980.008s, last_read_time_: 169388.847s
W1010 06:15:26.061627 17182720 yb_rpc.cc:532] Connection (0x000000011557a658) client 127.0.0.3:52060 => 127.0.0.2:7100: Network error (yb/rpc/yb_rpc.cc:531): Rpc timeout, passed: 17591.891s, timeout: 15.000s, now: 186980.035s, last_read_time_: 169388.143s
W1010 06:15:26.061933 20402176 yb_rpc.cc:532] Connection (0x000000011557aa18) client 127.0.0.3:52010 => 127.0.0.2:9100: Network error (yb/rpc/yb_rpc.cc:531): Rpc timeout, passed: 17590.613s, timeout: 15.000s, now: 186980.062s, last_read_time_: 169389.449s
W1010 06:15:26.062023 17719296 yb_rpc.cc:532] Connection (0x00000001170b3918) client 127.0.0.3:52068 => 127.0.0.2:7100: Network error (yb/rpc/yb_rpc.cc:531): Rpc timeout, passed: 17591.902s, timeout: 15.000s, now: 186980.050s, last_read_time_: 169388.147s
W1010 06:15:26.062173 18792448 yb_rpc.cc:532] Connection (0x0000000112fe3cd8) client 127.0.0.3:51995 => 127.0.0.2:9100: Network error (yb/rpc/yb_rpc.cc:531): Rpc timeout, passed: 17590.733s, timeout: 15.000s, now: 186980.071s, last_read_time_: 169389.337s
W1010 06:15:26.062180 19329024 yb_rpc.cc:532] Connection (0x00000001128b88d8) client 127.0.0.3:51997 => 127.0.0.1:9100: Network error (yb/rpc/yb_rpc.cc:531): Rpc timeout, passed: 17590.750s, timeout: 15.000s, now: 186980.088s, last_read_time_: 169389.337s
W1010 06:15:26.062197 19865600 yb_rpc.cc:532] Connection (0x00000001159f8518) client 127.0.0.3:52000 => 127.0.0.1:9100: Network error (yb/rpc/yb_rpc.cc:531): Rpc timeout, passed: 17590.743s, timeout: 15.000s, now: 186980.088s, last_read_time_: 169389.345s
W1010 06:15:26.062260 18255872 yb_rpc.cc:532] Connection (0x0000000116c592d8) client 127.0.0.3:52073 => 127.0.0.2:7100: Network error (yb/rpc/yb_rpc.cc:531): Rpc timeout, passed: 17591.861s, timeout: 15.000s, now: 186980.008s, last_read_time_: 169388.147s
W1010 06:15:26.062331 20938752 yb_rpc.cc:532] Connection (0x00000001159f83d8) client 127.0.0.3:52007 => 127.0.0.1:9100: Network error (yb/rpc/yb_rpc.cc:531): Rpc timeout, passed: 17590.709s, timeout: 15.000s, now: 186980.057s, last_read_time_: 169389.348s
W1010 06:15:26.062362 17182720 yb_rpc.cc:532] Connection (0x0000000112d5b198) client 127.0.0.3:52084 => 127.0.0.3:7100: Network error (yb/rpc/yb_rpc.cc:531): Rpc timeout, passed: 17591.792s, timeout: 15.000s, now: 186980.035s, last_read_time_: 169388.243s
W1010 06:15:26.062523 17719296 yb_rpc.cc:532] Connection (0x0000000112d5b698) client 127.0.0.3:52089 => 127.0.0.3:7100: Network error (yb/rpc/yb_rpc.cc:531): Rpc timeout, passed: 17591.102s, timeout: 15.000s, now: 186980.050s, last_read_time_: 169388.947s
W1010 06:15:26.062561 20402176 yb_rpc.cc:532] Connection (0x0000000112d5bcd8) client 127.0.0.3:52011 => 127.0.0.1:9100: Network error (yb/rpc/yb_rpc.cc:531): Rpc timeout, passed: 17590.714s, timeout: 15.000s, now: 186980.062s, last_read_time_: 169389.348s
W1010 06:15:26.062618 18792448 yb_rpc.cc:532] Connection (0x000000011530e518) client 127.0.0.3:52054 => 127.0.0.1:9100: Network error (yb/rpc/yb_rpc.cc:531): Rpc timeout, passed: 17591.135s, timeout: 15.000s, now: 186980.071s, last_read_time_: 169388.936s
W1010 06:15:26.062714 19329024 yb_rpc.cc:532] Connection (0x000000011557add8) client 127.0.0.3:51998 => 127.0.0.2:9100: Network error (yb/rpc/yb_rpc.cc:531): Rpc timeout, passed: 17590.650s, timeout: 15.000s, now: 186980.088s, last_read_time_: 169389.437s
W1010 06:15:26.062758 19865600 yb_rpc.cc:532] Connection (0x0000000115159e18) client 127.0.0.3:52003 => 127.0.0.2:9100: Network error (yb/rpc/yb_rpc.cc:531): Rpc timeout, passed: 17590.645s, timeout: 15.000s, now: 186980.088s, last_read_time_: 169389.443s
W1010 06:15:26.062891 20938752 yb_rpc.cc:532] Connection (0x0000000112d5aa18) client 127.0.0.3:52008 => 127.0.0.2:9100: Network error (yb/rpc/yb_rpc.cc:531): Rpc timeout, passed: 17590.510s, timeout: 15.000s, now: 186980.057s, last_read_time_: 169389.547s
W1010 06:15:26.068399 18255872 yb_rpc.cc:532] Connection (0x0000000116c58658) client 127.0.0.3:52097 => 127.0.0.3:7100: Network error (yb/rpc/yb_rpc.cc:531): Rpc timeout, passed: 17591.960s, timeout: 15.000s, now: 186980.008s, last_read_time_: 169388.048s
W1010 06:15:26.073518 17719296 yb_rpc.cc:532] Connection (0x0000000112d5a8d8) client 127.0.0.3:52096 => 127.0.0.1:7100: Network error (yb/rpc/yb_rpc.cc:531): Rpc timeout, passed: 17591.801s, timeout: 15.000s, now: 186980.050s, last_read_time_: 169388.248s
W1010 06:15:26.073616 20402176 yb_rpc.cc:532] Connection (0x00000001162512d8) client 127.0.0.3:52075 => 127.0.0.3:7100: Network error (yb/rpc/yb_rpc.cc:531): Rpc timeout, passed: 17591.914s, timeout: 15.000s, now: 186980.062s, last_read_time_: 169388.147s
W1010 06:15:26.074352 18792448 yb_rpc.cc:532] Connection (0x0000000112e63058) client 127.0.0.3:52063 => 127.0.0.1:7100: Network error (yb/rpc/yb_rpc.cc:531): Rpc timeout, passed: 17591.135s, timeout: 15.000s, now: 186980.071s, last_read_time_: 169388.936s
W1010 06:15:26.073940 17182720 yb_rpc.cc:532] Connection (0x000000011530e798) client 127.0.0.3:52090 => 127.0.0.1:7100: Network error (yb/rpc/yb_rpc.cc:531): Rpc timeout, passed: 17591.792s, timeout: 15.000s, now: 186980.035s, last_read_time_: 169388.243s
W1010 06:15:26.074795 19329024 yb_rpc.cc:532] Connection (0x00000001128b8dd8) client 127.0.0.3:52058 => 127.0.0.3:7100: Network error (yb/rpc/yb_rpc.cc:531): Rpc timeout, passed: 17591.950s, timeout: 15.000s, now: 186980.088s, last_read_time_: 169388.137s
W1010 06:15:26.074838 19865600 yb_rpc.cc:532] Connection (0x0000000112e63418) client 127.0.0.3:52069 => 127.0.0.3:7100: Network error (yb/rpc/yb_rpc.cc:531): Rpc timeout, passed: 17591.944s, timeout: 15.000s, now: 186980.088s, last_read_time_: 169388.144s
W1010 06:15:26.074944 20938752 yb_rpc.cc:532] Connection (0x0000000112e63918) client 127.0.0.3:52056 => 127.0.0.2:7100: Network error (yb/rpc/yb_rpc.cc:531): Rpc timeout, passed: 17592.010s, timeout: 15.000s, now: 186980.057s, last_read_time_: 169388.046s
W1010 06:15:26.075893 20402176 yb_rpc.cc:532] Connection (0x0000000116251558) client 127.0.0.3:52080 => 127.0.0.1:7100: Network error (yb/rpc/yb_rpc.cc:531): Rpc timeout, passed: 17591.115s, timeout: 15.000s, now: 186980.062s, last_read_time_: 169388.947s
W1010 06:15:26.082442 18255872 yb_rpc.cc:532] Connection (0x0000000115f7d058) client 127.0.0.3:52100 => 127.0.0.1:7100: Network error (yb/rpc/yb_rpc.cc:531): Rpc timeout, passed: 17591.061s, timeout: 15.000s, now: 186980.008s, last_read_time_: 169388.947s
W1010 06:15:26.082693 20938752 yb_rpc.cc:532] Connection (0x0000000112e63558) client 127.0.0.3:52079 => 127.0.0.3:7100: Network error (yb/rpc/yb_rpc.cc:531): Rpc timeout, passed: 17591.910s, timeout: 15.000s, now: 186980.057s, last_read_time_: 169388.147s
W1010 06:15:26.082820 18792448 yb_rpc.cc:532] Connection (0x00000001162508d8) client 127.0.0.3:52081 => 127.0.0.2:7100: Network error (yb/rpc/yb_rpc.cc:531): Rpc timeout, passed: 17591.834s, timeout: 15.000s, now: 186980.071s, last_read_time_: 169388.237s
W1010 06:15:26.084510 19865600 yb_rpc.cc:532] Connection (0x0000000112e63198) client 127.0.0.3:52074 => 127.0.0.1:7100: Network error (yb/rpc/yb_rpc.cc:531): Rpc timeout, passed: 17591.144s, timeout: 15.000s, now: 186980.088s, last_read_time_: 169388.944s
W1010 06:15:26.086545 19329024 yb_rpc.cc:532] Connection (0x0000000112d4d058) client 127.0.0.3:52067 => 127.0.0.1:7100: Network error (yb/rpc/yb_rpc.cc:531): Rpc timeout, passed: 17591.151s, timeout: 15.000s, now: 186980.088s, last_read_time_: 169388.937s
W1010 06:15:26.102849 18792448 yb_rpc.cc:532] Connection (0x0000000112e63698) client 127.0.0.3:52101 => 127.0.0.3:7100: Network error (yb/rpc/yb_rpc.cc:531): Rpc timeout, passed: 17592.035s, timeout: 15.000s, now: 186980.071s, last_read_time_: 169388.036s
W1010 06:15:26.102874 19865600 yb_rpc.cc:532] Connection (0x0000000112e63e18) client 127.0.0.3:52088 => 127.0.0.2:7100: Network error (yb/rpc/yb_rpc.cc:531): Rpc timeout, passed: 17591.144s, timeout: 15.000s, now: 186980.088s, last_read_time_: 169388.944s
W1010 06:15:26.109381 20938752 yb_rpc.cc:532] Connection (0x0000000115b49198) client 127.0.0.3:52087 => 127.0.0.1:7100: Network error (yb/rpc/yb_rpc.cc:531): Rpc timeout, passed: 17591.810s, timeout: 15.000s, now: 186980.057s, last_read_time_: 169388.247s
W1010 06:15:26.111079 19329024 yb_rpc.cc:532] Connection (0x00000001132088d8) client 127.0.0.3:52085 => 127.0.0.2:7100: Network error (yb/rpc/yb_rpc.cc:531): Rpc timeout, passed: 17591.851s, timeout: 15.000s, now: 186980.088s, last_read_time_: 169388.237s
W1010 06:15:26.243041 28987392 heartbeater.cc:671] P 23d881032c1249bd803e401a539be0e2: Failed to heartbeat to 127.0.0.1:7100: Service unavailable (yb/tserver/heartbeater.cc:497): Master is no longer the leader: code: NOT_THE_LEADER status { code: LEADER_HAS_NO_LEASE message: "This leader has not yet acquired a lease." source_file: "../../src/yb/consensus/consensus.cc" source_line: 173 errors: "\000" } tries=0, num=3, masters=0x00000001103c27c8 -> [[127.0.0.1:7100], [127.0.0.2:7100], [127.0.0.3:7100]], code=Service unavailable
W1010 06:15:27.805037 30060544 master_rpc.cc:281] More than 500 ms has passed, choosing to heartbeat to follower master 3e8eb6bafdb342549e324f48c3b5b69a after 25 iterations of all masters.
W1010 06:15:27.807567 28987392 heartbeater.cc:671] P 23d881032c1249bd803e401a539be0e2: Failed to heartbeat to 127.0.0.2:7100: Service unavailable (yb/tserver/heartbeater.cc:497): Master is no longer the leader: code: NOT_THE_LEADER status { code: LEADER_NOT_READY_TO_SERVE message: "Leader not yet ready to serve requests: leader_ready_term_ = 4; cstate.current_term = 7" source_file: "../../src/yb/master/scoped_leader_shared_lock.cc" source_line: 134 errors: "\000" } tries=1, num=3, masters=0x00000001103c27c8 -> [[127.0.0.1:7100], [127.0.0.2:7100], [127.0.0.3:7100]], code=Service unavailable
E1010 06:15:31.606968 69767168 hybrid_clock.cc:181] Too big clock skew is detected: 0.542s, while max allowed is: 0.500s; clock_skew_force_crash_bound_usec=60000000
W1010 06:17:28.035296 39182336 remote_bootstrap_session.cc:278] Copy retryable requests failed: OK
W1010 06:17:28.042555 93913088 mvcc.cc:439] T 769c8b8690e648df93f41c693d55ebc3 P 23d881032c1249bd803e401a539be0e2: Received propagated safe time { physical: 1728501159234591 } less than the old value: { physical: 1728521247455453 }. This could happen on followers when a new leader is elected.
W1010 06:17:28.042652 22548480 remote_bootstrap_service.cc:126] Error handling RemoteBootstrapService RPC request from 127.0.0.2:52223: Not found (yb/tserver/remote_bootstrap_session.cc:613): Unable to get piece of log segment: Already sent active log segment, don't send 2
W1010 06:17:28.042938 54743040 mvcc.cc:439] T 54eeee0960454077a8ed85a75d38bc29 P 23d881032c1249bd803e401a539be0e2: Received propagated safe time { physical: 1728501159244833 } less than the old value: { physical: 1728521247477780 }. This could happen on followers when a new leader is elected.
W1010 06:17:28.043963 62791680 mvcc.cc:439] T 541698385c044c6ab901cf03bad66398 P 23d881032c1249bd803e401a539be0e2: Received propagated safe time <min> less than the old value: { physical: 1728521247815702 }. This could happen on followers when a new leader is elected.
W1010 06:17:28.048804 86937600 consensus_peers.cc:624] T 1b3f2a4877404ba898e6ff9448cf4740 P 23d881032c1249bd803e401a539be0e2 -> Peer 6b460ba950654300b6c50d93f25aea31 ([host: "127.0.0.2" port: 9100], []): Couldn't send request.  Status: Illegal state (yb/tserver/service_util.cc:271): Tablet 1b3f2a4877404ba898e6ff9448cf4740 not RUNNING: NOT_STARTED (tablet server error 12) (raft group state error 5). Retrying in the next heartbeat period. Already tried 1 times. State: 2
W1010 06:17:28.600391 33280000 env_posix.cc:1417] Unable to access file /Users/nag/yb/yugabyte-data/node3/yb-data/tserver/data/rocksdb/table-f80c17935cc9489ab3c6c05dceb25976/tablet-1b3f2a4877404ba898e6ff9448cf4740/checkpoints/3_187102.086s during walk (code 10)
W1010 06:17:29.011629 52060160 mvcc.cc:439] T 1b3f2a4877404ba898e6ff9448cf4740 P 23d881032c1249bd803e401a539be0e2: Received propagated safe time <min> less than the old value: { physical: 1728521248628606 }. This could happen on followers when a new leader is elected.
W1010 06:17:29.021327 86937600 log_util.cc:241] Could not read footer for segment: /Users/nag/yb/yugabyte-data/node3/yb-data/tserver/wals/table-f80c17935cc9489ab3c6c05dceb25976/tablet-1e9c042ca80e4c66a6117c85d04f6168/wal-000000001: Not found (yb/consensus/log_util.cc:581): Footer not found. Footer magic doesn't match
W1010 06:17:29.021392 86937600 log_reader.cc:217] T 1e9c042ca80e4c66a6117c85d04f6168 P 23d881032c1249bd803e401a539be0e2: Log segment /Users/nag/yb/yugabyte-data/node3/yb-data/tserver/wals/table-f80c17935cc9489ab3c6c05dceb25976/tablet-1e9c042ca80e4c66a6117c85d04f6168/wal-000000001 was likely left in-progressafter a previous crash. Will try to reuse this segment as writable active segment
W1010 06:17:30.024544 89083904 log_util.cc:241] Could not read footer for segment: /Users/nag/yb/yugabyte-data/node3/yb-data/tserver/wals/table-f80c17935cc9489ab3c6c05dceb25976/tablet-2a30e7b2effb4ab888e1f5a8af3fb03b/wal-000000001: Not found (yb/consensus/log_util.cc:581): Footer not found. Footer magic doesn't match
W1010 06:17:30.024660 89083904 log_reader.cc:217] T 2a30e7b2effb4ab888e1f5a8af3fb03b P 23d881032c1249bd803e401a539be0e2: Log segment /Users/nag/yb/yugabyte-data/node3/yb-data/tserver/wals/table-f80c17935cc9489ab3c6c05dceb25976/tablet-2a30e7b2effb4ab888e1f5a8af3fb03b/wal-000000001 was likely left in-progressafter a previous crash. Will try to reuse this segment as writable active segment
W1010 06:17:33.124804 104108032 log_util.cc:241] Could not read footer for segment: /Users/nag/yb/yugabyte-data/node3/yb-data/tserver/wals/table-f80c17935cc9489ab3c6c05dceb25976/tablet-4c1e255cf37d4de58ed9d6a6f32e7473/wal-000000001: Not found (yb/consensus/log_util.cc:581): Footer not found. Footer magic doesn't match
W1010 06:17:33.124861 104108032 log_reader.cc:217] T 4c1e255cf37d4de58ed9d6a6f32e7473 P 23d881032c1249bd803e401a539be0e2: Log segment /Users/nag/yb/yugabyte-data/node3/yb-data/tserver/wals/table-f80c17935cc9489ab3c6c05dceb25976/tablet-4c1e255cf37d4de58ed9d6a6f32e7473/wal-000000001 was likely left in-progressafter a previous crash. Will try to reuse this segment as writable active segment
W1010 06:17:35.034859 60108800 raft_consensus.cc:1397] Leader lease expiration was not set: Illegal state (yb/consensus/replica_state.cc:1413): NoOp of current term is not committed (majority_replicated_lease_expiration_ = -inf, majority_replicated_ht_lease_expiration_ = 0)
W1010 06:17:35.034929 60108800 replica_state.cc:805] T 46569f1a6c8746acb9da222b34f086b5 P 23d881032c1249bd803e401a539be0e2 [term 2 LEADER]: Can't advance the committed index across term boundaries until operations from the current term are replicated. Last committed operation was: 1.4, New majority replicated is: 1.4, Current term is: 2
W1010 06:17:35.035830 67620864 raft_consensus.cc:1397] Leader lease expiration was not set: Illegal state (yb/consensus/replica_state.cc:1413): NoOp of current term is not committed (majority_replicated_lease_expiration_ = -inf, majority_replicated_ht_lease_expiration_ = 0)
W1010 06:17:36.075642 87474176 log_util.cc:241] Could not read footer for segment: /Users/nag/yb/yugabyte-data/node3/yb-data/tserver/wals/table-f80c17935cc9489ab3c6c05dceb25976/tablet-5aab7c3da55c4174a9735369225d0c54/wal-000000001: Not found (yb/consensus/log_util.cc:581): Footer not found. Footer magic doesn't match
W1010 06:17:36.075678 87474176 log_reader.cc:217] T 5aab7c3da55c4174a9735369225d0c54 P 23d881032c1249bd803e401a539be0e2: Log segment /Users/nag/yb/yugabyte-data/node3/yb-data/tserver/wals/table-f80c17935cc9489ab3c6c05dceb25976/tablet-5aab7c3da55c4174a9735369225d0c54/wal-000000001 was likely left in-progressafter a previous crash. Will try to reuse this segment as writable active segment
W1010 06:17:37.069669 34889728 remote_bootstrap_session.cc:278] Copy retryable requests failed: OK
W1010 06:17:37.073287 22011904 remote_bootstrap_service.cc:126] Error handling RemoteBootstrapService RPC request from 127.0.0.1:52194: Not found (yb/tserver/remote_bootstrap_session.cc:613): Unable to get piece of log segment: Already sent active log segment, don't send 2
W1010 06:17:37.077786 57962496 consensus_peers.cc:624] T 60dd6403c44b41109fa083272368d0d0 P 23d881032c1249bd803e401a539be0e2 -> Peer d5c37cb1777946179e6692ee5e504715 ([host: "127.0.0.1" port: 9100], []): Couldn't send request.  Status: Illegal state (yb/tserver/service_util.cc:271): Tablet 60dd6403c44b41109fa083272368d0d0 not RUNNING: NOT_STARTED (tablet server error 12) (raft group state error 5). Retrying in the next heartbeat period. Already tried 1 times. State: 2
W1010 06:17:38.071166 36499456 remote_bootstrap_session.cc:278] Copy retryable requests failed: OK
W1010 06:17:38.074615 37036032 remote_bootstrap_service.cc:126] Error handling RemoteBootstrapService RPC request from 127.0.0.1:52303: Not found (yb/tserver/remote_bootstrap_session.cc:613): Unable to get piece of log segment: Already sent active log segment, don't send 2
W1010 06:17:38.608953 38109184 env_posix.cc:1417] Unable to access file /Users/nag/yb/yugabyte-data/node3/yb-data/tserver/data/rocksdb/table-f80c17935cc9489ab3c6c05dceb25976/tablet-7584006b2fba41cd828ac06782afeb03/checkpoints/4_187112.122s during walk (code 10)
W1010 06:17:40.159365 39718912 remote_bootstrap_session.cc:278] Copy retryable requests failed: OK
W1010 06:17:40.166823 42401792 remote_bootstrap_service.cc:126] Error handling RemoteBootstrapService RPC request from 127.0.0.1:52207: Not found (yb/tserver/remote_bootstrap_session.cc:613): Unable to get piece of log segment: Already sent active log segment, don't send 2
W1010 06:17:40.699956 32743424 env_posix.cc:1417] Unable to access file /Users/nag/yb/yugabyte-data/node3/yb-data/tserver/data/rocksdb/table-f80c17935cc9489ab3c6c05dceb25976/tablet-7c7b0e8f396b4659b1f29a4dd140c822/checkpoints/3_187114.185s during walk (code 10)
W1010 06:17:41.096170 90157056 log_util.cc:241] Could not read footer for segment: /Users/nag/yb/yugabyte-data/node3/yb-data/tserver/wals/table-f80c17935cc9489ab3c6c05dceb25976/tablet-8078024ab93e4400a14d8399046d9f99/wal-000000001: Not found (yb/consensus/log_util.cc:581): Footer not found. Footer magic doesn't match
W1010 06:17:41.096226 90157056 log_reader.cc:217] T 8078024ab93e4400a14d8399046d9f99 P 23d881032c1249bd803e401a539be0e2: Log segment /Users/nag/yb/yugabyte-data/node3/yb-data/tserver/wals/table-f80c17935cc9489ab3c6c05dceb25976/tablet-8078024ab93e4400a14d8399046d9f99/wal-000000001 was likely left in-progressafter a previous crash. Will try to reuse this segment as writable active segment
W1010 06:17:42.097949 89083904 log_util.cc:241] Could not read footer for segment: /Users/nag/yb/yugabyte-data/node3/yb-data/tserver/wals/table-f80c17935cc9489ab3c6c05dceb25976/tablet-825df89ca459463f921e4a6d8e68a90d/wal-000000001: Not found (yb/consensus/log_util.cc:581): Footer not found. Footer magic doesn't match
W1010 06:17:42.097998 89083904 log_reader.cc:217] T 825df89ca459463f921e4a6d8e68a90d P 23d881032c1249bd803e401a539be0e2: Log segment /Users/nag/yb/yugabyte-data/node3/yb-data/tserver/wals/table-f80c17935cc9489ab3c6c05dceb25976/tablet-825df89ca459463f921e4a6d8e68a90d/wal-000000001 was likely left in-progressafter a previous crash. Will try to reuse this segment as writable active segment
W1010 06:17:42.745618 62255104 raft_consensus.cc:1397] Leader lease expiration was not set: Illegal state (yb/consensus/replica_state.cc:1413): NoOp of current term is not committed (majority_replicated_lease_expiration_ = -inf, majority_replicated_ht_lease_expiration_ = 0)
W1010 06:17:42.745677 62255104 replica_state.cc:805] T 60dd6403c44b41109fa083272368d0d0 P 23d881032c1249bd803e401a539be0e2 [term 3 LEADER]: Can't advance the committed index across term boundaries until operations from the current term are replicated. Last committed operation was: 1.4, New majority replicated is: 1.4, Current term is: 3
W1010 06:17:42.746716 59035648 raft_consensus.cc:1397] Leader lease expiration was not set: Illegal state (yb/consensus/replica_state.cc:1413): NoOp of current term is not committed (majority_replicated_lease_expiration_ = -inf, majority_replicated_ht_lease_expiration_ = 0)
W1010 06:17:42.781270 31670272 env_posix.cc:1417] Unable to access file /Users/nag/yb/yugabyte-data/node3/yb-data/tserver/data/rocksdb/table-f80c17935cc9489ab3c6c05dceb25976/tablet-60dd6403c44b41109fa083272368d0d0/checkpoints/3_187111.120s during walk (code 10)
W1010 06:17:43.092571 39182336 remote_bootstrap_session.cc:278] Copy retryable requests failed: OK
W1010 06:17:43.096179 22548480 remote_bootstrap_service.cc:126] Error handling RemoteBootstrapService RPC request from 127.0.0.1:52207: Not found (yb/tserver/remote_bootstrap_session.cc:613): Unable to get piece of log segment: Already sent active log segment, don't send 2
W1010 06:17:43.100706 100352000 consensus_peers.cc:624] T 9b45d3f9024e43b58a591ec35594430e P 23d881032c1249bd803e401a539be0e2 -> Peer d5c37cb1777946179e6692ee5e504715 ([host: "127.0.0.1" port: 9100], []): Couldn't send request.  Status: Illegal state (yb/tserver/service_util.cc:271): Tablet 9b45d3f9024e43b58a591ec35594430e not RUNNING: NOT_STARTED (tablet server error 12) (raft group state error 5). Retrying in the next heartbeat period. Already tried 1 times. State: 2
W1010 06:17:43.895480 33280000 env_posix.cc:1417] Unable to access file /Users/nag/yb/yugabyte-data/node3/yb-data/tserver/data/rocksdb/table-f80c17935cc9489ab3c6c05dceb25976/tablet-9b45d3f9024e43b58a591ec35594430e/checkpoints/3_187117.143s during walk (code 10)
W1010 06:17:44.108531 98742272 log_util.cc:241] Could not read footer for segment: /Users/nag/yb/yugabyte-data/node3/yb-data/tserver/wals/table-f80c17935cc9489ab3c6c05dceb25976/tablet-9cd834df5c9f41b091ffb845bd6122ec/wal-000000001: Not found (yb/consensus/log_util.cc:581): Footer not found. Footer magic doesn't match
W1010 06:17:44.108588 98742272 log_reader.cc:217] T 9cd834df5c9f41b091ffb845bd6122ec P 23d881032c1249bd803e401a539be0e2: Log segment /Users/nag/yb/yugabyte-data/node3/yb-data/tserver/wals/table-f80c17935cc9489ab3c6c05dceb25976/tablet-9cd834df5c9f41b091ffb845bd6122ec/wal-000000001 was likely left in-progressafter a previous crash. Will try to reuse this segment as writable active segment
W1010 06:17:45.112828 93913088 log_util.cc:241] Could not read footer for segment: /Users/nag/yb/yugabyte-data/node3/yb-data/tserver/wals/table-f80c17935cc9489ab3c6c05dceb25976/tablet-a46de9d55d6845f1baaa95baceeadfe7/wal-000000001: Not found (yb/consensus/log_util.cc:581): Footer not found. Footer magic doesn't match
W1010 06:17:45.112886 93913088 log_reader.cc:217] T a46de9d55d6845f1baaa95baceeadfe7 P 23d881032c1249bd803e401a539be0e2: Log segment /Users/nag/yb/yugabyte-data/node3/yb-data/tserver/wals/table-f80c17935cc9489ab3c6c05dceb25976/tablet-a46de9d55d6845f1baaa95baceeadfe7/wal-000000001 was likely left in-progressafter a previous crash. Will try to reuse this segment as writable active segment
W1010 06:17:46.108752 34889728 remote_bootstrap_session.cc:278] Copy retryable requests failed: OK
W1010 06:17:46.112464 22011904 remote_bootstrap_service.cc:126] Error handling RemoteBootstrapService RPC request from 127.0.0.2:52223: Not found (yb/tserver/remote_bootstrap_session.cc:613): Unable to get piece of log segment: Already sent active log segment, don't send 2
W1010 06:17:46.646975 36499456 env_posix.cc:1417] Unable to access file /Users/nag/yb/yugabyte-data/node3/yb-data/tserver/data/rocksdb/table-f80c17935cc9489ab3c6c05dceb25976/tablet-a818e973b4b04213a257872ca0183570/checkpoints/3_187120.159s during walk (code 10)
W1010 06:17:47.114531 37036032 remote_bootstrap_session.cc:278] Copy retryable requests failed: OK
W1010 06:17:47.118191 38109184 remote_bootstrap_service.cc:126] Error handling RemoteBootstrapService RPC request from 127.0.0.1:52207: Not found (yb/tserver/remote_bootstrap_session.cc:613): Unable to get piece of log segment: Already sent active log segment, don't send 2
W1010 06:17:47.659826 40792064 env_posix.cc:1417] Unable to access file /Users/nag/yb/yugabyte-data/node3/yb-data/tserver/data/rocksdb/table-f80c17935cc9489ab3c6c05dceb25976/tablet-bf1529417d2a441c9c33fa183a226bd3/checkpoints/4_187121.165s during walk (code 10)
W1010 06:17:48.118520 30060544 remote_bootstrap_session.cc:278] Copy retryable requests failed: OK
W1010 06:17:48.121927 41865216 remote_bootstrap_service.cc:126] Error handling RemoteBootstrapService RPC request from 127.0.0.1:52351: Not found (yb/tserver/remote_bootstrap_session.cc:613): Unable to get piece of log segment: Already sent active log segment, don't send 2
W1010 06:17:48.124924 88547328 consensus_peers.cc:624] T c09c8a2af076408b8083ae6bfc2a671e P 23d881032c1249bd803e401a539be0e2 -> Peer d5c37cb1777946179e6692ee5e504715 ([host: "127.0.0.1" port: 9100], []): Couldn't send request.  Status: Illegal state (yb/tserver/service_util.cc:271): Tablet c09c8a2af076408b8083ae6bfc2a671e not RUNNING: NOT_STARTED (tablet server error 12) (raft group state error 5). Retrying in the next heartbeat period. Already tried 1 times. State: 2
W1010 06:17:48.919257 32206848 env_posix.cc:1417] Unable to access file /Users/nag/yb/yugabyte-data/node3/yb-data/tserver/data/rocksdb/table-f80c17935cc9489ab3c6c05dceb25976/tablet-c09c8a2af076408b8083ae6bfc2a671e/checkpoints/5_187122.169s during walk (code 10)
W1010 06:17:49.124256 39182336 remote_bootstrap_session.cc:278] Copy retryable requests failed: OK
W1010 06:17:49.127816 22548480 remote_bootstrap_service.cc:126] Error handling RemoteBootstrapService RPC request from 127.0.0.2:52223: Not found (yb/tserver/remote_bootstrap_session.cc:613): Unable to get piece of log segment: Already sent active log segment, don't send 2
W1010 06:17:50.137961 96059392 log_util.cc:241] Could not read footer for segment: /Users/nag/yb/yugabyte-data/node3/yb-data/tserver/wals/table-f80c17935cc9489ab3c6c05dceb25976/tablet-f27eef4b471b4c3c800523a8cd4a34f7/wal-000000001: Not found (yb/consensus/log_util.cc:581): Footer not found. Footer magic doesn't match
W1010 06:17:50.138021 96059392 log_reader.cc:217] T f27eef4b471b4c3c800523a8cd4a34f7 P 23d881032c1249bd803e401a539be0e2: Log segment /Users/nag/yb/yugabyte-data/node3/yb-data/tserver/wals/table-f80c17935cc9489ab3c6c05dceb25976/tablet-f27eef4b471b4c3c800523a8cd4a34f7/wal-000000001 was likely left in-progressafter a previous crash. Will try to reuse this segment as writable active segment
W1010 06:17:51.141208 94986240 log_util.cc:241] Could not read footer for segment: /Users/nag/yb/yugabyte-data/node3/yb-data/tserver/wals/table-f80c17935cc9489ab3c6c05dceb25976/tablet-f5bd6014d733492eac6dd2cfba061381/wal-000000001: Not found (yb/consensus/log_util.cc:581): Footer not found. Footer magic doesn't match
W1010 06:17:51.141248 94986240 log_reader.cc:217] T f5bd6014d733492eac6dd2cfba061381 P 23d881032c1249bd803e401a539be0e2: Log segment /Users/nag/yb/yugabyte-data/node3/yb-data/tserver/wals/table-f80c17935cc9489ab3c6c05dceb25976/tablet-f5bd6014d733492eac6dd2cfba061381/wal-000000001 was likely left in-progressafter a previous crash. Will try to reuse this segment as writable active segment
W1010 06:17:54.777593 94986240 yb_rpc.cc:362] Call yb.consensus.ConsensusService.StartRemoteBootstrap 127.0.0.1:52192 => 127.0.0.3:9100 (request call id 133487) took 3647ms (client timeout 3000ms).
W1010 06:17:55.093271 101961728 raft_consensus.cc:1397] Leader lease expiration was not set: Illegal state (yb/consensus/replica_state.cc:1413): NoOp of current term is not committed (majority_replicated_lease_expiration_ = -inf, majority_replicated_ht_lease_expiration_ = 0)
W1010 06:17:55.093331 101961728 replica_state.cc:805] T db3b3178db1849c4b3ebbe53840c6b02 P 23d881032c1249bd803e401a539be0e2 [term 3 LEADER]: Can't advance the committed index across term boundaries until operations from the current term are replicated. Last committed operation was: 1.4, New majority replicated is: 1.4, Current term is: 3
W1010 06:17:55.095327 61181952 raft_consensus.cc:1397] Leader lease expiration was not set: Illegal state (yb/consensus/replica_state.cc:1413): NoOp of current term is not committed (majority_replicated_lease_expiration_ = -inf, majority_replicated_ht_lease_expiration_ = 0)
W1010 06:17:55.095674 34353152 env_posix.cc:1417] Unable to access file /Users/nag/yb/yugabyte-data/node3/yb-data/tserver/data/rocksdb/table-f80c17935cc9489ab3c6c05dceb25976/tablet-db3b3178db1849c4b3ebbe53840c6b02/checkpoints/3_187123.175s during walk (code 10)
W1010 06:28:12.676823 98742272 outbound_call.cc:480] RPC callback for RPC call 0x0000000117156900: yb.consensus.ConsensusService.UpdateConsensus -> { remote: 127.0.0.2:9100 idx: 1 protocol: 0x000000010eac3728 -> tcpc }, id: 155650, state: FINISHED_SUCCESS, transfer_state: FINISHED took 0.130s
W1010 07:17:55.942106 62255104 raft_consensus.cc:1397] Leader lease expiration was not set: Illegal state (yb/consensus/replica_state.cc:1413): NoOp of current term is not committed (majority_replicated_lease_expiration_ = -inf, majority_replicated_ht_lease_expiration_ = 0)
W1010 07:17:55.942471 62255104 replica_state.cc:805] T 49d4f29ef84844e6998e98e04ce295c3 P 23d881032c1249bd803e401a539be0e2 [term 1 LEADER]: Can't advance the committed index across term boundaries until operations from the current term are replicated. Last committed operation was: 0.0, New majority replicated is: 0.0, Current term is: 1
W1010 07:17:55.944478 60108800 raft_consensus.cc:1397] Leader lease expiration was not set: Illegal state (yb/consensus/replica_state.cc:1413): NoOp of current term is not committed (majority_replicated_lease_expiration_ = -inf, majority_replicated_ht_lease_expiration_ = 0)
W1010 07:19:05.314882 59035648 raft_consensus.cc:1397] Leader lease expiration was not set: Illegal state (yb/consensus/replica_state.cc:1413): NoOp of current term is not committed (majority_replicated_lease_expiration_ = -inf, majority_replicated_ht_lease_expiration_ = 0)
W1010 07:19:05.314973 59035648 replica_state.cc:805] T 58e6490841794dbeb8a8ffeaeaa9d87d P 23d881032c1249bd803e401a539be0e2 [term 1 LEADER]: Can't advance the committed index across term boundaries until operations from the current term are replicated. Last committed operation was: 0.0, New majority replicated is: 0.0, Current term is: 1
W1010 07:19:05.320678 60645376 raft_consensus.cc:1397] Leader lease expiration was not set: Illegal state (yb/consensus/replica_state.cc:1413): NoOp of current term is not committed (majority_replicated_lease_expiration_ = -inf, majority_replicated_ht_lease_expiration_ = 0)
W1010 07:19:05.614967 61181952 raft_consensus.cc:1397] Leader lease expiration was not set: Illegal state (yb/consensus/replica_state.cc:1413): NoOp of current term is not committed (majority_replicated_lease_expiration_ = -inf, majority_replicated_ht_lease_expiration_ = 0)
W1010 07:19:05.619401 101961728 raft_consensus.cc:1397] Leader lease expiration was not set: Illegal state (yb/consensus/replica_state.cc:1413): NoOp of current term is not committed (majority_replicated_lease_expiration_ = -inf, majority_replicated_ht_lease_expiration_ = 0)
W1010 07:23:39.993603 61181952 raft_consensus.cc:1397] Leader lease expiration was not set: Illegal state (yb/consensus/replica_state.cc:1413): NoOp of current term is not committed (majority_replicated_lease_expiration_ = -inf, majority_replicated_ht_lease_expiration_ = 0)
W1010 07:23:39.993923 61181952 replica_state.cc:805] T 47b939d4eeae41109c7abd422a1cc910 P 23d881032c1249bd803e401a539be0e2 [term 1 LEADER]: Can't advance the committed index across term boundaries until operations from the current term are replicated. Last committed operation was: 0.0, New majority replicated is: 0.0, Current term is: 1
W1010 07:23:39.996894 59035648 raft_consensus.cc:1397] Leader lease expiration was not set: Illegal state (yb/consensus/replica_state.cc:1413): NoOp of current term is not committed (majority_replicated_lease_expiration_ = -inf, majority_replicated_ht_lease_expiration_ = 0)
W1010 07:23:40.027321 32743424 client_master_rpc.cc:92] IsCreateTableDone: Leader Master has changed (127.0.0.1:7100 is no longer the leader), re-trying...
W1010 07:31:14.122292 28987392 heartbeater.cc:671] P 23d881032c1249bd803e401a539be0e2: Failed to heartbeat to 127.0.0.2:7100: Network error (yb/util/net/socket.cc:540): Failed to send heartbeat: recvmsg error: Connection refused (system error 61) tries=0, num=3, masters=0x00000001103c27c8 -> [[127.0.0.1:7100], [127.0.0.2:7100], [127.0.0.3:7100]], code=Network error
W1010 07:31:15.654670 39718912 master_rpc.cc:281] More than 500 ms has passed, choosing to heartbeat to follower master 804ce06c9a15466ca3f003ffe7ec6df2 after 29 iterations of all masters.
W1010 07:31:15.655925 28987392 heartbeater.cc:671] P 23d881032c1249bd803e401a539be0e2: Failed to heartbeat to 127.0.0.3:7100: Service unavailable (yb/tserver/heartbeater.cc:497): Master is no longer the leader: code: NOT_THE_LEADER status { code: ILLEGAL_STATE message: "Not the leader. Local UUID: 804ce06c9a15466ca3f003ffe7ec6df2, Consensus state: current_term: 7 leader_uuid: \"3e8eb6bafdb342549e324f48c3b5b69a\" config { opid_index: -1 peers { permanent_uuid: \"e8b222ca9c514c17b0c8c653014e9169\" member_type: VOTER last_known_private_addr { host: \"127.0.0.1\" port: 7100 } cloud_info { placement_cloud: \"cloud1\" placement_region: \"datacenter1\" placement_zone: \"rack1\" } } peers { permanent_uuid: \"3e8eb6bafdb342549e324f48c3b5b69a\" member_type: VOTER last_known_private_addr { host: \"127.0.0.2\" port: 7100 } cloud_info { placement_cloud: \"cloud1\" placement_region: \"datacenter1\" placement_zone: \"rack1\" } } peers { permanent_uuid: \"804ce06c9a15466ca3f003ffe7ec6df2\" member_type: VOTER last_known_private_addr { host: \"127.0.0.3\" port: 7100 } cloud_info { placement_cloud: \"cloud1\" placement_region: \"datacenter1\" placement_zone: \"rack1\" } } }" source_file: "../../src/yb/master/scoped_leader_shared_lock.cc" source_line: 117 errors: "\000" } tries=1, num=3, masters=0x00000001103c27c8 -> [[127.0.0.1:7100], [127.0.0.2:7100], [127.0.0.3:7100]], code=Service unavailable
W1010 07:31:19.480012 100352000 consensus_peers.cc:624] T 60dd6403c44b41109fa083272368d0d0 P 23d881032c1249bd803e401a539be0e2 -> Peer d5c37cb1777946179e6692ee5e504715 ([host: "127.0.0.1" port: 9100], []): Couldn't send request.  Status: Network error (yb/util/net/socket.cc:540): recvmsg error: Connection refused (system error 61). Retrying in the next heartbeat period. Already tried 1 times. State: 2
W1010 07:31:21.969564 91230208 leader_election.cc:275] T 4c1e255cf37d4de58ed9d6a6f32e7473 P 23d881032c1249bd803e401a539be0e2 [CANDIDATE]: Term 2 pre-election: RPC error from VoteRequest() call to peer d5c37cb1777946179e6692ee5e504715: Network error (yb/util/net/socket.cc:540): recvmsg error: Connection refused (system error 61)
W1010 07:31:22.032980 89083904 leader_election.cc:275] T e1f4e53199844455a5eebccf2866688d P 23d881032c1249bd803e401a539be0e2 [CANDIDATE]: Term 2 pre-election: RPC error from VoteRequest() call to peer d5c37cb1777946179e6692ee5e504715: Network error (yb/util/net/socket.cc:540): recvmsg error: Connection refused (system error 61)
W1010 07:31:22.045030 52060160 leader_election.cc:275] T 30fedb9fed834e6d975c43711c3f6fd9 P 23d881032c1249bd803e401a539be0e2 [CANDIDATE]: Term 4 pre-election: RPC error from VoteRequest() call to peer d5c37cb1777946179e6692ee5e504715: Network error (yb/util/net/socket.cc:540): recvmsg error: Connection refused (system error 61)
W1010 07:31:22.070875 52596736 mvcc.cc:439] T e1f4e53199844455a5eebccf2866688d P 23d881032c1249bd803e401a539be0e2: Received propagated safe time <min> less than the old value: { physical: 1728525679031557 }. This could happen on followers when a new leader is elected.
